fatal: mmap failed: Operation timed out
Traceback (most recent call last):
  File "/Users/pangwei/Documents/ai/continual-personalized-semantic-world-model/output/instance-foreground-20260930/independent_result_check.py", line 842, in <module>
    main()
    ~~~~^^
  File "/Users/pangwei/Documents/ai/continual-personalized-semantic-world-model/output/instance-foreground-20260930/independent_result_check.py", line 829, in main
    result = review(args)
  File "/Users/pangwei/Documents/ai/continual-personalized-semantic-world-model/output/instance-foreground-20260930/independent_result_check.py", line 578, in review
    tracked = subprocess.check_output(
              ~~~~~~~~~~~~~~~~~~~~~~~^
        ["git", "ls-tree", "-r", "--name-only", args.source_sha], cwd=args.source, text=True
        ^^^^^^^^^^^^^^^^^^^^^^^^^^^^^^^^^^^^^^^^^^^^^^^^^^^^^^^^^^^^^^^^^^^^^^^^^^^^^^^^^^^^
    ).splitlines()
    ^
  File "/Users/pangwei/.local/share/uv/python/cpython-3.13.5-macos-aarch64-none/lib/python3.13/subprocess.py", line 472, in check_output
    return run(*popenargs, stdout=PIPE, timeout=timeout, check=True,
           ~~~^^^^^^^^^^^^^^^^^^^^^^^^^^^^^^^^^^^^^^^^^^^^^^^^^^^^^^
               **kwargs).stdout
               ^^^^^^^^^
  File "/Users/pangwei/.local/share/uv/python/cpython-3.13.5-macos-aarch64-none/lib/python3.13/subprocess.py", line 577, in run
    raise CalledProcessError(retcode, process.args,
                             output=stdout, stderr=stderr)
subprocess.CalledProcessError: Command '['git', 'ls-tree', '-r', '--name-only', '0a8a2384c321c3a2dc14cf218854754161af9ffd']' returned non-zero exit status 128.
