tests/test_structure_two_evidence_versions.py::test_all_archives_match_their_pinned_git_records
tests/test_structure_two_evidence_versions.py::test_historical_rehashed_numeric_forgery_is_not_git_evidence
tests/test_structure_two_evidence_versions.py::test_historical_artifact_cannot_impersonate_current[three_arm_death_test]
tests/test_structure_two_evidence_versions.py::test_historical_artifact_cannot_impersonate_current[readout_posthoc_diagnostic]
tests/test_structure_two_evidence_versions.py::test_historical_artifact_cannot_impersonate_current[debt_replay_confirmation]
tests/test_structure_two_evidence_versions.py::test_historical_artifact_cannot_impersonate_current[readout_prior_factorial]
tests/test_structure_two_evidence_versions.py::test_historical_artifact_cannot_impersonate_current[unseen_d0_holdout]
tests/test_structure_two_evidence_versions.py::test_rehashed_complete_numeric_forgery_reaches_and_fails_recomputation[three_arm_death_test]
tests/test_structure_two_evidence_versions.py::test_rehashed_complete_numeric_forgery_reaches_and_fails_recomputation[readout_posthoc_diagnostic]
tests/test_structure_two_evidence_versions.py::test_rehashed_complete_numeric_forgery_reaches_and_fails_recomputation[debt_replay_confirmation]
tests/test_structure_two_evidence_versions.py::test_rehashed_complete_numeric_forgery_reaches_and_fails_recomputation[readout_prior_factorial]
tests/test_structure_two_evidence_versions.py::test_rehashed_complete_numeric_forgery_reaches_and_fails_recomputation[unseen_d0_holdout]
tests/test_structure_two_evidence_versions.py::test_current_output_cannot_overwrite_legacy_or_first_open[three_arm_death_test]
tests/test_structure_two_evidence_versions.py::test_current_output_cannot_overwrite_legacy_or_first_open[readout_posthoc_diagnostic]
tests/test_structure_two_evidence_versions.py::test_current_output_cannot_overwrite_legacy_or_first_open[debt_replay_confirmation]
tests/test_structure_two_evidence_versions.py::test_current_output_cannot_overwrite_legacy_or_first_open[readout_prior_factorial]
tests/test_structure_two_evidence_versions.py::test_current_output_cannot_overwrite_legacy_or_first_open[unseen_d0_holdout]
tests/test_structure_two_evidence_versions.py::test_complete_transitive_binding_detects_source_inventory_changes[replace]
tests/test_structure_two_evidence_versions.py::test_complete_transitive_binding_detects_source_inventory_changes[add]
tests/test_structure_two_evidence_versions.py::test_complete_transitive_binding_detects_source_inventory_changes[delete]
tests/test_structure_two_evidence_versions.py::test_complete_transitive_binding_detects_source_inventory_changes[lock]
tests/test_structure_two_evidence_versions.py::test_complete_transitive_binding_detects_source_inventory_changes[symlink]
tests/test_structure_two_evidence_versions.py::test_imported_runtime_cannot_rebind_itself_to_replaced_source
tests/test_structure_two_evidence_versions.py::test_frozen_inputs_reject_joint_payload_and_expected_hash_rewrite[dataset]
tests/test_structure_two_evidence_versions.py::test_frozen_inputs_reject_joint_payload_and_expected_hash_rewrite[failure_and_expected_hash]
tests/test_structure_two_evidence_versions.py::test_historical_audit_cannot_promote_unrecoverable_source_or_skip_replay
tests/test_structure_two_evidence_supplement.py::test_execution_rejects_unbootstrapped_or_changed_loaded_source[ordinary]
tests/test_structure_two_evidence_supplement.py::test_execution_rejects_unbootstrapped_or_changed_loaded_source[late_import]
tests/test_structure_two_evidence_supplement.py::test_execution_rejects_unbootstrapped_or_changed_loaded_source[guard_then_change]
tests/test_structure_two_evidence_supplement.py::test_execution_rejects_unbootstrapped_or_changed_loaded_source[change_before_load]
tests/test_structure_two_evidence_supplement.py::test_formal_entry_uses_actual_frozen_semantics_despite_bytecode_cache[absent]
tests/test_structure_two_evidence_supplement.py::test_formal_entry_uses_actual_frozen_semantics_despite_bytecode_cache[valid]
tests/test_structure_two_evidence_supplement.py::test_formal_entry_uses_actual_frozen_semantics_despite_bytecode_cache[stale_same_size_mtime]
tests/test_structure_two_evidence_supplement.py::test_both_history_commands_reject_edited_complete_mapping_and_compatible_report[aggregate-empty]
tests/test_structure_two_evidence_supplement.py::test_both_history_commands_reject_edited_complete_mapping_and_compatible_report[aggregate-deleted]
tests/test_structure_two_evidence_supplement.py::test_both_history_commands_reject_edited_complete_mapping_and_compatible_report[aggregate-renamed]
tests/test_structure_two_evidence_supplement.py::test_both_history_commands_reject_edited_complete_mapping_and_compatible_report[aggregate-commit]
tests/test_structure_two_evidence_supplement.py::test_both_history_commands_reject_edited_complete_mapping_and_compatible_report[aggregate-git_path]
tests/test_structure_two_evidence_supplement.py::test_both_history_commands_reject_edited_complete_mapping_and_compatible_report[aggregate-path]
tests/test_structure_two_evidence_supplement.py::test_both_history_commands_reject_edited_complete_mapping_and_compatible_report[aggregate-lifecycle]
tests/test_structure_two_evidence_supplement.py::test_both_history_commands_reject_edited_complete_mapping_and_compatible_report[aggregate-duplicate]
tests/test_structure_two_evidence_supplement.py::test_both_history_commands_reject_edited_complete_mapping_and_compatible_report[aggregate-conflict]
tests/test_structure_two_evidence_supplement.py::test_both_history_commands_reject_edited_complete_mapping_and_compatible_report[audit-empty]
tests/test_structure_two_evidence_supplement.py::test_both_history_commands_reject_edited_complete_mapping_and_compatible_report[audit-deleted]
tests/test_structure_two_evidence_supplement.py::test_both_history_commands_reject_edited_complete_mapping_and_compatible_report[audit-renamed]
tests/test_structure_two_evidence_supplement.py::test_both_history_commands_reject_edited_complete_mapping_and_compatible_report[audit-commit]
tests/test_structure_two_evidence_supplement.py::test_both_history_commands_reject_edited_complete_mapping_and_compatible_report[audit-git_path]
tests/test_structure_two_evidence_supplement.py::test_both_history_commands_reject_edited_complete_mapping_and_compatible_report[audit-path]
tests/test_structure_two_evidence_supplement.py::test_both_history_commands_reject_edited_complete_mapping_and_compatible_report[audit-lifecycle]
tests/test_structure_two_evidence_supplement.py::test_both_history_commands_reject_edited_complete_mapping_and_compatible_report[audit-duplicate]
tests/test_structure_two_evidence_supplement.py::test_both_history_commands_reject_edited_complete_mapping_and_compatible_report[audit-conflict]
tests/test_structure_two_evidence_supplement.py::test_shared_publication_preserves_real_history_and_cleans_failure[new]
tests/test_structure_two_evidence_supplement.py::test_shared_publication_preserves_real_history_and_cleans_failure[existing]
tests/test_structure_two_evidence_supplement.py::test_shared_publication_preserves_real_history_and_cleans_failure[hardlink]
tests/test_structure_two_evidence_supplement.py::test_shared_publication_preserves_real_history_and_cleans_failure[file_symlink]
tests/test_structure_two_evidence_supplement.py::test_shared_publication_preserves_real_history_and_cleans_failure[directory_symlink]
tests/test_structure_two_evidence_supplement.py::test_shared_publication_preserves_real_history_and_cleans_failure[escape]
tests/test_structure_two_evidence_supplement.py::test_shared_publication_preserves_real_history_and_cleans_failure[verify_failure]
tests/test_structure_two_evidence_supplement.py::test_shared_publication_preserves_real_history_and_cleans_failure[publish_failure]
tests/test_structure_two_evidence_supplement.py::test_shared_publication_preserves_real_history_and_cleans_failure[interrupt]
tests/test_structure_two_evidence_supplement.py::test_shared_publication_preserves_real_history_and_cleans_failure[race_target]
tests/test_structure_two_evidence_supplement.py::test_shared_publication_preserves_real_history_and_cleans_failure[race_hardlink]
tests/test_structure_two_evidence_supplement.py::test_shared_publication_preserves_real_history_and_cleans_failure[caller_mutates_payload]
tests/test_structure_two_evidence_supplement.py::test_shared_publication_preserves_real_history_and_cleans_failure[race_directory]
tests/test_structure_two_evidence_supplement.py::test_shared_publication_preserves_real_history_and_cleans_failure[source_during_verify]
tests/test_structure_two_evidence_supplement.py::test_shared_publication_preserves_real_history_and_cleans_failure[source_after_link]
tests/test_structure_two_evidence_supplement.py::test_real_generation_entries_refuse_existing_hardlinked_outputs[three_arm_death_test]
tests/test_structure_two_evidence_supplement.py::test_real_generation_entries_refuse_existing_hardlinked_outputs[readout_posthoc_diagnostic]
tests/test_structure_two_evidence_supplement.py::test_real_generation_entries_refuse_existing_hardlinked_outputs[debt_replay_confirmation]
tests/test_structure_two_evidence_supplement.py::test_real_generation_entries_refuse_existing_hardlinked_outputs[readout_prior_factorial]
tests/test_structure_two_evidence_supplement.py::test_real_generation_entries_refuse_existing_hardlinked_outputs[unseen_d0_holdout]
tests/test_structure_two_evidence_supplement.py::test_real_generation_entries_refuse_existing_hardlinked_outputs[aggregate]
tests/test_structure_two_evidence_supplement.py::test_reviewed_v0_2_and_eleven_archives_remain_exact_git_bytes
tests/test_structure_two_evidence_supplement.py::test_sealed_v0_2_cannot_be_presented_as_current_v0_3[three_arm_death_test]
tests/test_structure_two_evidence_supplement.py::test_sealed_v0_2_cannot_be_presented_as_current_v0_3[readout_posthoc_diagnostic]
tests/test_structure_two_evidence_supplement.py::test_sealed_v0_2_cannot_be_presented_as_current_v0_3[debt_replay_confirmation]
tests/test_structure_two_evidence_supplement.py::test_sealed_v0_2_cannot_be_presented_as_current_v0_3[readout_prior_factorial]
tests/test_structure_two_evidence_supplement.py::test_sealed_v0_2_cannot_be_presented_as_current_v0_3[unseen_d0_holdout]
tests/test_structure_two_evidence_supplement.py::test_sources_only_history_report_honestly_records_no_recomputation
tests/test_structure_two_entry_portability.py::test_real_supported_entries_and_spawn_keep_loaded_semantics[absent-file]
tests/test_structure_two_entry_portability.py::test_real_supported_entries_and_spawn_keep_loaded_semantics[absent-module]
tests/test_structure_two_entry_portability.py::test_real_supported_entries_and_spawn_keep_loaded_semantics[absent-runpy]
tests/test_structure_two_entry_portability.py::test_real_supported_entries_and_spawn_keep_loaded_semantics[absent-spawn_file]
tests/test_structure_two_entry_portability.py::test_real_supported_entries_and_spawn_keep_loaded_semantics[absent-spawn_module]
tests/test_structure_two_entry_portability.py::test_real_supported_entries_and_spawn_keep_loaded_semantics[valid_timestamp-file]
tests/test_structure_two_entry_portability.py::test_real_supported_entries_and_spawn_keep_loaded_semantics[valid_timestamp-module]
tests/test_structure_two_entry_portability.py::test_real_supported_entries_and_spawn_keep_loaded_semantics[valid_timestamp-runpy]
tests/test_structure_two_entry_portability.py::test_real_supported_entries_and_spawn_keep_loaded_semantics[valid_timestamp-spawn_file]
tests/test_structure_two_entry_portability.py::test_real_supported_entries_and_spawn_keep_loaded_semantics[valid_timestamp-spawn_module]
tests/test_structure_two_entry_portability.py::test_real_supported_entries_and_spawn_keep_loaded_semantics[valid_unchecked-file]
tests/test_structure_two_entry_portability.py::test_real_supported_entries_and_spawn_keep_loaded_semantics[valid_unchecked-module]
tests/test_structure_two_entry_portability.py::test_real_supported_entries_and_spawn_keep_loaded_semantics[valid_unchecked-runpy]
tests/test_structure_two_entry_portability.py::test_real_supported_entries_and_spawn_keep_loaded_semantics[valid_unchecked-spawn_file]
tests/test_structure_two_entry_portability.py::test_real_supported_entries_and_spawn_keep_loaded_semantics[valid_unchecked-spawn_module]
tests/test_structure_two_entry_portability.py::test_module_entry_rejects_actual_old_or_foreign_code_before_source_claim[False-unchecked]
tests/test_structure_two_entry_portability.py::test_module_entry_rejects_actual_old_or_foreign_code_before_source_claim[False-same_size_mtime]
tests/test_structure_two_entry_portability.py::test_module_entry_rejects_actual_old_or_foreign_code_before_source_claim[False-foreign_filename]
tests/test_structure_two_entry_portability.py::test_module_entry_rejects_actual_old_or_foreign_code_before_source_claim[True-unchecked]
tests/test_structure_two_entry_portability.py::test_module_entry_rejects_actual_old_or_foreign_code_before_source_claim[True-same_size_mtime]
tests/test_structure_two_entry_portability.py::test_module_entry_rejects_actual_old_or_foreign_code_before_source_claim[True-foreign_filename]
tests/test_structure_two_entry_portability.py::test_unsupported_entry_and_execution_drift_cannot_claim_current_source[string]
tests/test_structure_two_entry_portability.py::test_unsupported_entry_and_execution_drift_cannot_claim_current_source[foreign_file]
tests/test_structure_two_entry_portability.py::test_unsupported_entry_and_execution_drift_cannot_claim_current_source[entry_changed_during_execution]
tests/test_structure_two_entry_portability.py::test_full_history_replay_and_report_verification_across_roots
tests/test_structure_two_entry_portability.py::test_reviewed_v0_3_outputs_remain_exact_and_cannot_be_current
tests/test_structure_two_entry_portability.py::test_every_formal_module_rejects_stale_entry_then_accepts_current_file[apps/evaluation_runner/probe_structure_two_execution_source.py]
tests/test_structure_two_entry_portability.py::test_every_formal_module_rejects_stale_entry_then_accepts_current_file[apps/evaluation_runner/audit_structure_two_evidence_history.py]
tests/test_structure_two_entry_portability.py::test_every_formal_module_rejects_stale_entry_then_accepts_current_file[apps/evaluation_runner/run_structure_two_evidence_repair.py]
tests/test_structure_two_entry_portability.py::test_every_formal_module_rejects_stale_entry_then_accepts_current_file[apps/evaluation_runner/generate_structure_two_engineering_trust_checkpoint.py]
tests/test_structure_two_entry_portability.py::test_every_formal_module_rejects_stale_entry_then_accepts_current_file[apps/evaluation_runner/run_structure_two_p5_three_arm_death_test.py]
tests/test_structure_two_entry_portability.py::test_every_formal_module_rejects_stale_entry_then_accepts_current_file[apps/evaluation_runner/run_structure_two_p5_readout_posthoc_diagnostic.py]
tests/test_structure_two_entry_portability.py::test_every_formal_module_rejects_stale_entry_then_accepts_current_file[apps/evaluation_runner/run_structure_two_p5_debt_replay_confirmation.py]
tests/test_structure_two_entry_portability.py::test_every_formal_module_rejects_stale_entry_then_accepts_current_file[apps/evaluation_runner/run_structure_two_p5_readout_prior_factorial.py]
tests/test_structure_two_entry_portability.py::test_every_formal_module_rejects_stale_entry_then_accepts_current_file[apps/evaluation_runner/run_structure_two_p5_unseen_d0_holdout.py]
tests/test_structure_two_entry_portability.py::test_bootstrap_changed_between_execution_and_source_freeze_is_rejected

115 tests collected in 3.47s
