tests/test_structure_two_runtime_cache_identity.py::test_real_old_local_cache_never_completes[project-PycInvalidationMode.TIMESTAMP-False]
tests/test_structure_two_runtime_cache_identity.py::test_real_old_local_cache_never_completes[project-PycInvalidationMode.TIMESTAMP-True]
tests/test_structure_two_runtime_cache_identity.py::test_real_old_local_cache_never_completes[project-PycInvalidationMode.UNCHECKED_HASH-False]
tests/test_structure_two_runtime_cache_identity.py::test_real_old_local_cache_never_completes[project-PycInvalidationMode.UNCHECKED_HASH-True]
tests/test_structure_two_runtime_cache_identity.py::test_real_old_local_cache_never_completes[helper-PycInvalidationMode.TIMESTAMP-False]
tests/test_structure_two_runtime_cache_identity.py::test_real_old_local_cache_never_completes[helper-PycInvalidationMode.TIMESTAMP-True]
tests/test_structure_two_runtime_cache_identity.py::test_real_old_local_cache_never_completes[helper-PycInvalidationMode.UNCHECKED_HASH-False]
tests/test_structure_two_runtime_cache_identity.py::test_real_old_local_cache_never_completes[helper-PycInvalidationMode.UNCHECKED_HASH-True]
tests/test_structure_two_runtime_cache_identity.py::test_real_pytest_rewrite_cache_is_compared_to_current_assertions[False]
tests/test_structure_two_runtime_cache_identity.py::test_real_pytest_rewrite_cache_is_compared_to_current_assertions[True]
tests/test_structure_two_runtime_cache_identity.py::test_legal_existing_project_and_helper_cache_still_runs[PycInvalidationMode.TIMESTAMP]
tests/test_structure_two_runtime_cache_identity.py::test_legal_existing_project_and_helper_cache_still_runs[PycInvalidationMode.UNCHECKED_HASH]
tests/test_structure_two_runtime_cache_identity.py::test_caught_bad_import_cannot_erase_execution_rejection
tests/test_structure_two_runtime_cache_identity.py::test_real_nested_audit_launcher_positive_and_cached_negative[p0_adversarial_tests]
tests/test_structure_two_runtime_cache_identity.py::test_real_nested_audit_launcher_positive_and_cached_negative[core_pytest]
tests/test_structure_two_runtime_cache_identity.py::test_real_conftest_rewrite_cache_cannot_change_fixture_behavior[False]
tests/test_structure_two_runtime_cache_identity.py::test_real_conftest_rewrite_cache_cannot_change_fixture_behavior[True]
tests/test_structure_two_runtime_cache_identity.py::test_rewrite_cache_cannot_hide_its_filename_outside_bound_sources
tests/test_structure_two_runtime_cache_identity.py::test_bad_cache_in_background_thread_cannot_be_hidden
tests/test_structure_two_runtime_cache_identity.py::test_code_expectation_uses_exact_bytes_that_were_hashed
tests/test_structure_two_unified_acceptance.py::test_legal_stages_execute_in_order_and_preserve_complete_hashed_logs
tests/test_structure_two_unified_acceptance.py::test_preexisting_green_artifact_does_not_skip_real_subprocess
tests/test_structure_two_unified_acceptance.py::test_source_changed_before_start_refuses_even_with_green_artifact[tracked]
tests/test_structure_two_unified_acceptance.py::test_source_changed_before_start_refuses_even_with_green_artifact[untracked]
tests/test_structure_two_unified_acceptance.py::test_source_changed_before_start_refuses_even_with_green_artifact[head]
tests/test_structure_two_unified_acceptance.py::test_zero_exit_and_green_file_cannot_hide_source_change_during_stage
tests/test_structure_two_unified_acceptance.py::test_failed_stage_cannot_be_hidden_by_downstream_green_files
tests/test_structure_two_unified_acceptance.py::test_retry_requires_new_directory_and_executes_whole_sequence_again
tests/test_structure_two_unified_acceptance.py::test_zero_exit_cannot_hide_absent_or_incomplete_required_test_matrix[empty]
tests/test_structure_two_unified_acceptance.py::test_zero_exit_cannot_hide_absent_or_incomplete_required_test_matrix[skipped]
tests/test_structure_two_unified_acceptance.py::test_zero_exit_cannot_hide_absent_or_incomplete_required_test_matrix[xfailed]
tests/test_structure_two_unified_acceptance.py::test_zero_exit_cannot_hide_absent_or_incomplete_required_test_matrix[failed]
tests/test_structure_two_unified_acceptance.py::test_zero_exit_cannot_hide_absent_or_incomplete_required_test_matrix[error]
tests/test_structure_two_unified_acceptance.py::test_real_pytest_junit_positive_has_actual_nonempty_test_count
tests/test_structure_two_unified_acceptance.py::test_real_pytest_zero_exit_with_incomplete_matrix_is_rejected[actual_skip]
tests/test_structure_two_unified_acceptance.py::test_real_pytest_zero_exit_with_incomplete_matrix_is_rejected[actual_xfail]
tests/test_structure_two_unified_acceptance.py::test_downstream_green_stage_cannot_replace_frozen_artifact_bundle[rewrite_rehash]
tests/test_structure_two_unified_acceptance.py::test_downstream_green_stage_cannot_replace_frozen_artifact_bundle[delete_member]
tests/test_structure_two_unified_acceptance.py::test_downstream_green_stage_cannot_replace_frozen_artifact_bundle[add_member]
tests/test_structure_two_unified_acceptance.py::test_legitimate_frozen_bundle_is_usable_by_later_actual_stage
tests/test_structure_two_unified_acceptance.py::test_interruption_kills_descendants_even_when_group_leader_exits[2]
tests/test_structure_two_unified_acceptance.py::test_interruption_kills_descendants_even_when_group_leader_exits[15]
tests/test_structure_two_unified_acceptance.py::test_sigkill_remains_incomplete_and_inspection_never_resumes
tests/test_structure_two_unified_acceptance.py::test_real_cli_rejects_declared_root_different_from_executing_checkout
tests/test_structure_two_unified_acceptance.py::test_real_cli_without_unified_root_can_only_record_waiting
tests/test_structure_two_unified_acceptance.py::test_real_cli_refuses_environment_that_can_suppress_required_verification[PYTEST_ADDOPTS--k nonexistent_case]
tests/test_structure_two_unified_acceptance.py::test_real_cli_refuses_environment_that_can_suppress_required_verification[PYTEST_ADDOPTS---deselect=tests/test_required.py::test_required]
tests/test_structure_two_unified_acceptance.py::test_real_cli_refuses_environment_that_can_suppress_required_verification[PYTEST_PLUGINS-foreign_selection_plugin]
tests/test_structure_two_unified_acceptance.py::test_real_cli_refuses_environment_that_can_suppress_required_verification[PYTEST_DISABLE_PLUGIN_AUTOLOAD-1]
tests/test_structure_two_unified_acceptance.py::test_real_cli_refuses_environment_that_can_suppress_required_verification[PYTHONOPTIMIZE-1]
tests/test_structure_two_unified_acceptance.py::test_real_cli_entry_accepts_current_code_and_legal_unchecked_cache[file]
tests/test_structure_two_unified_acceptance.py::test_real_cli_entry_accepts_current_code_and_legal_unchecked_cache[module]
tests/test_structure_two_unified_acceptance.py::test_real_cli_stale_unchecked_entry_cannot_claim_restored_source
tests/test_structure_two_unified_acceptance.py::test_required_plan_keeps_actual_generation_before_fresh_verification
tests/test_structure_two_unified_acceptance.py::test_plan_refuses_empty_or_incomplete_round_four_closure[closure0]
tests/test_structure_two_unified_acceptance.py::test_plan_refuses_empty_or_incomplete_round_four_closure[closure1]
tests/test_structure_two_unified_acceptance.py::test_plan_refuses_one_test_reused_for_distinct_closure_roles
tests/test_structure_two_unified_acceptance.py::test_real_native_probe_requires_exactly_five_experiments
tests/test_structure_two_unified_acceptance.py::test_run_directory_dotdot_escape_is_rejected_before_creation
tests/test_structure_two_unified_acceptance.py::test_artifact_freezing_cannot_read_outside_checkout_by_dotdot
tests/test_structure_two_unified_dependencies.py::test_copied_venv_old_shebang_is_not_used_by_real_matrix
tests/test_structure_two_unified_dependencies.py::test_actual_xdist_workers_use_matching_interpreter_and_modules
tests/test_structure_two_unified_dependencies.py::test_actual_foreign_worker_interpreter_refused
tests/test_structure_two_unified_dependencies.py::test_real_foreign_module_loaded_during_test_refused_before_completion[cpswm]
tests/test_structure_two_unified_dependencies.py::test_real_foreign_module_loaded_during_test_refused_before_completion[pytest]
tests/test_structure_two_unified_dependencies.py::test_actual_matrix_incomplete_paths_refuse_downstream[failed]
tests/test_structure_two_unified_dependencies.py::test_actual_matrix_incomplete_paths_refuse_downstream[empty]
tests/test_structure_two_unified_dependencies.py::test_actual_matrix_incomplete_paths_refuse_downstream[skip]
tests/test_structure_two_unified_dependencies.py::test_actual_matrix_incomplete_paths_refuse_downstream[xfail]
tests/test_structure_two_unified_dependencies.py::test_actual_matrix_incomplete_paths_refuse_downstream[filter]
tests/test_structure_two_unified_dependencies.py::test_actual_matrix_incomplete_paths_refuse_downstream[missing_node]
tests/test_structure_two_unified_dependencies.py::test_actual_matrix_incomplete_paths_refuse_downstream[interrupt]
tests/test_structure_two_unified_dependencies.py::test_real_matrix_retry_keeps_failed_journal_and_executes_again
tests/test_structure_two_unified_dependencies.py::test_real_test_evidence_stays_in_run_but_real_source_changes_refused
tests/test_structure_two_unified_dependencies.py::test_comparison_plan_produces_replays_then_consumes_exact_locked_bundle
tests/test_structure_two_unified_dependencies.py::test_preexisting_bundle_cannot_be_imported_as_this_run_generation[old]
tests/test_structure_two_unified_dependencies.py::test_preexisting_bundle_cannot_be_imported_as_this_run_generation[foreign_resealed]
tests/test_structure_two_unified_dependencies.py::test_missing_matrix_file_is_not_dropped
tests/test_structure_two_unified_dependencies.py::test_old_console_script_cannot_replace_verified_module_invocation
tests/test_structure_two_unified_dependencies.py::test_actual_process_refuses_hidden_pytest_environment[-k live]
tests/test_structure_two_unified_dependencies.py::test_actual_process_refuses_hidden_pytest_environment[--deselect=notpresent]
tests/test_structure_two_unified_dependencies.py::test_actual_process_refuses_hidden_pytest_environment[-p no:cacheprovider]
tests/test_structure_two_unified_dependencies.py::test_existing_verified_artifact_cannot_skip_failed_producer
tests/test_structure_two_unified_dependencies.py::test_conftest_cannot_silently_reduce_a_nonempty_required_matrix
tests/test_structure_two_unified_dependencies.py::test_outside_checkout_attack_fixture_remains_outside_while_logs_are_bound
tests/test_structure_two_engineering_trust_checkpoint.py::test_audit_matrix_contains_frozen_offline_uv_environment_check

86 tests collected in 0.96s
