Traceback (most recent call last):
  File "/private/tmp/cpswm-pc-a-position-calibration-20261002/tools/run_position_calibration.py", line 442, in <module>
    a = p.parse_args()
  File "/private/tmp/cpswm-pc-a-position-calibration-20261002/tools/run_position_calibration.py", line 156, in prepare
    measurement_key=key,
                  ^^^^^^
  File "/private/tmp/cpswm-pc-a-position-calibration-20261002/src/cpswm/system/reproducibility.py", line 75, in content_sha256
    return hashlib.sha256(canonical_json(value).encode("utf-8")).hexdigest()
                          ~~~~~~~~~~~~~~^^^^^^^
  File "/private/tmp/cpswm-pc-a-position-calibration-20261002/src/cpswm/system/reproducibility.py", line 65, in canonical_json
    return json.dumps(
           ~~~~~~~~~~^
        _canonical_value(value),
        ^^^^^^^^^^^^^^^^^^^^^^^^
    ...<3 lines>...
        allow_nan=False,
        ^^^^^^^^^^^^^^^^
    )
    ^
  File "/Users/pangwei/.local/share/uv/python/cpython-3.13.5-macos-aarch64-none/lib/python3.13/json/__init__.py", line 238, in dumps
    **kw).encode(obj)
          ~~~~~~^^^^^
  File "/Users/pangwei/.local/share/uv/python/cpython-3.13.5-macos-aarch64-none/lib/python3.13/json/encoder.py", line 200, in encode
    chunks = self.iterencode(o, _one_shot=True)
  File "/Users/pangwei/.local/share/uv/python/cpython-3.13.5-macos-aarch64-none/lib/python3.13/json/encoder.py", line 261, in iterencode
    return _iterencode(o, 0)
KeyboardInterrupt
