tests/test_structure_two_comparison_audit.py::test_error_partition[0-0-both_correct]
tests/test_structure_two_comparison_audit.py::test_error_partition[0-1-p5_wins]
tests/test_structure_two_comparison_audit.py::test_error_partition[1-0-p5_loses]
tests/test_structure_two_comparison_audit.py::test_error_partition[1-1-both_wrong]
tests/test_structure_two_comparison_audit.py::test_real_observation_fixed_legal_search_posterior_changes_action[0]
tests/test_structure_two_comparison_audit.py::test_real_observation_fixed_legal_search_posterior_changes_action[1]
tests/test_structure_two_comparison_audit.py::test_real_observation_fixed_legal_search_posterior_changes_action[2]
tests/test_structure_two_comparison_audit.py::test_amg_native_search_order_is_discarded_by_adapter
tests/test_structure_two_comparison_audit.py::test_learned_joint_changes_do_not_route_into_search_but_habit_head_is_live
tests/test_structure_two_comparison_audit.py::test_learned_conditional_head_axis_order_and_update_are_wired
tests/test_structure_two_comparison_audit.py::test_feature_bottleneck_ignores_ordered_role_evidence
tests/test_structure_two_comparison_audit.py::test_full_episode_support_contains_future_visible_locations
tests/test_structure_two_comparison_audit.py::test_training_material_reads_only_training_truth
tests/test_structure_two_comparison_audit.py::test_truth_barrier_rejects_early_duplicate_and_wrong_step
tests/test_structure_two_comparison_audit.py::test_episode_diagnostic_partition_and_search_equality
tests/test_structure_two_comparison_audit.py::test_save_refuses_overwrite_and_verifier_rejects_semantic_tampering
tests/test_structure_two_comparison_audit.py::test_unavailable_hardware_is_reported_without_losing_diagnostic
tests/test_structure_two_comparison_audit.py::test_initial_amg_fallback_encodes_ignorance_as_a_different_point_mass
tests/test_structure_two_comparison_audit.py::test_verifier_rejects_forged_positive_gate_even_with_intact_steps
tests/test_structure_two_comparison_audit.py::test_same_location_full_p5_observes_but_does_not_commit_long_term
tests/test_structure_two_comparison_audit_verification.py::test_strict_json[{"x":1,"x":2}-DUPLICATE_JSON_KEY]
tests/test_structure_two_comparison_audit_verification.py::test_strict_json[{"x":NaN}-NONFINITE_JSON_NUMBER]
tests/test_structure_two_comparison_audit_verification.py::test_strict_json[{"x":Infinity}-NONFINITE_JSON_NUMBER]
tests/test_structure_two_comparison_audit_verification.py::test_difference_reports_order_multiplicity_and_type
tests/test_structure_two_comparison_audit_verification.py::test_cli_refuses_external_reference_argument
tests/test_structure_two_comparison_audit_verification.py::test_real_cli_complete_forgery_matrix_and_valid_fresh_positive
tests/test_structure_two_comparison_audit_execution_source.py::test_cross_tree_current_bound_forgery_is_never_certified[main]
tests/test_structure_two_comparison_audit_execution_source.py::test_cross_tree_current_bound_forgery_is_never_certified[attribution_single]
tests/test_structure_two_comparison_audit_execution_source.py::test_cross_tree_current_bound_forgery_is_never_certified[attribution_mixed]
tests/test_structure_two_comparison_audit_execution_source.py::test_only_downstream_source_symlink_to_foreign_tree[main]
tests/test_structure_two_comparison_audit_execution_source.py::test_only_downstream_source_symlink_to_foreign_tree[attribution]
tests/test_structure_two_comparison_audit_execution_source.py::test_repository_root_cannot_declare_another_execution_tree
tests/test_structure_two_comparison_audit_execution_source.py::test_preloaded_old_module_with_restored_current_source[main]
tests/test_structure_two_comparison_audit_execution_source.py::test_preloaded_old_module_with_restored_current_source[attribution]
tests/test_structure_two_comparison_audit_execution_source.py::test_preloaded_foreign_downstream_without_top_audit_import[main]
tests/test_structure_two_comparison_audit_execution_source.py::test_preloaded_foreign_downstream_without_top_audit_import[attribution]
tests/test_structure_two_comparison_audit_execution_source.py::test_source_drift_after_input_binding_before_replay_fails_closed[main]
tests/test_structure_two_comparison_audit_execution_source.py::test_source_drift_after_input_binding_before_replay_fails_closed[attribution]
tests/test_structure_two_comparison_audit_execution_source.py::test_stale_entry_code_rejected_against_declared_cli_source[main]
tests/test_structure_two_comparison_audit_execution_source.py::test_stale_entry_code_rejected_against_declared_cli_source[attribution]
tests/test_structure_two_comparison_audit_execution_source.py::test_real_full_positive_compiles_source_ignoring_poisoned_unchecked_pyc[main]
tests/test_structure_two_comparison_audit_execution_source.py::test_real_full_positive_compiles_source_ignoring_poisoned_unchecked_pyc[attribution]

42 tests collected in 0.35s
