{
  "source_sha": "6bb72386d588c82f0e264afa1dadd51306c1cada",
  "source_files": {
    "/private/tmp/cpswm-pc-a-natural-vision-20260914/tools/run_natural_vision_archive.py": "608c0518598e4e7e8879dd5fa12be2a6ee4a7eaadbb6147e2f292323f1cb0433",
    "/private/tmp/cpswm-pc-a-natural-vision-20260914/src/cpswm/perception_mapping/natural_vision.py": "0435cbca02ecbbb639bf6e1547eab25d93b328f467dfd7b538eae67723eb3f48"
  },
  "source_unchanged": true,
  "source_identity_scope": "entry_and_detector_files_not_whole_runtime_attestation",
  "git_dirty": true,
  "archive_manifest_sha256": "fe0ee798541f2978c508b96b57cfb545eab8e223ccb56adf8146df57dcb45c86",
  "archive_source_sha": "9d50afb79fdba2e854edddb2f5ec1179e071604c",
  "frames": 4,
  "raw_observations": 8,
  "continuous_input_invoked": true,
  "core_unchanged_verified": true,
  "bookkeeping_initialization_only": true,
  "candidate_counts": {
    "potted plant": 1
  },
  "inference_seconds": 0.2824237081222236,
  "semantic_transitions": 0,
  "physical_actions": 0,
  "status": "NATURAL_PIXEL_DETECTIONS_UNCALIBRATED",
  "new_simulator_run": false,
  "frames_sha256": "626faa9aa5492fd60159efcb3da7c7870f315bb70e5092db218fc078de6cf533"
}
