Matplotlib is building the font cache; this may take a moment.
I0000 00:00:1790460683.965302 53947103 init-domain.cc:128] Fiber init: default domain = pthread, concurrency = 11, prefix = pthread-default
I0000 00:00:1790460684.026980 53947103 gl_context.cc:407] GL version: 2.1 (2.1 Metal - 90.5), renderer: Apple M5
INFO: Created TensorFlow Lite XNNPACK delegate for CPU.
W0000 00:00:1790460684.030518 53947107 inference_feedback_manager.cc:121] Feedback manager requires a model with a single signature inference. Disabling support for feedback tensors.
W0000 00:00:1790460684.032561 53947114 inference_feedback_manager.cc:121] Feedback manager requires a model with a single signature inference. Disabling support for feedback tensors.
W0000 00:00:1790460686.015812 53947110 landmark_projection_calculator.cc:81] Using NORM_RECT without IMAGE_DIMENSIONS is only supported for the square ROI. Provide IMAGE_DIMENSIONS or use PROJECTION_MATRIX.
{"done": 1, "total": 485, "hands": 0, "objects": 0}
{"done": 2, "total": 485, "hands": 2, "objects": 2}
{"done": 3, "total": 485, "hands": 0, "objects": 1}
{"done": 4, "total": 485, "hands": 2, "objects": 2}
{"done": 5, "total": 485, "hands": 0, "objects": 4}
{"done": 6, "total": 485, "hands": 0, "objects": 5}
{"done": 7, "total": 485, "hands": 4, "objects": 10}
{"done": 8, "total": 485, "hands": 2, "objects": 8}
{"done": 9, "total": 485, "hands": 2, "objects": 9}
{"done": 10, "total": 485, "hands": 0, "objects": 8}
{"done": 11, "total": 485, "hands": 0, "objects": 5}
{"done": 12, "total": 485, "hands": 0, "objects": 4}
{"done": 13, "total": 485, "hands": 2, "objects": 7}
{"done": 14, "total": 485, "hands": 2, "objects": 6}
{"done": 15, "total": 485, "hands": 0, "objects": 2}
{"done": 16, "total": 485, "hands": 0, "objects": 7}
{"done": 17, "total": 485, "hands": 3, "objects": 5}
{"done": 18, "total": 485, "hands": 0, "objects": 13}
{"done": 19, "total": 485, "hands": 2, "objects": 13}
{"done": 20, "total": 485, "hands": 0, "objects": 3}
{"done": 21, "total": 485, "hands": 3, "objects": 2}
{"done": 22, "total": 485, "hands": 1, "objects": 5}
{"done": 23, "total": 485, "hands": 0, "objects": 24}
{"done": 24, "total": 485, "hands": 0, "objects": 4}
{"done": 25, "total": 485, "hands": 2, "objects": 8}
{"done": 26, "total": 485, "hands": 3, "objects": 7}
{"done": 27, "total": 485, "hands": 0, "objects": 8}
{"done": 28, "total": 485, "hands": 2, "objects": 27}
{"done": 29, "total": 485, "hands": 1, "objects": 11}
{"done": 30, "total": 485, "hands": 0, "objects": 3}
{"done": 31, "total": 485, "hands": 0, "objects": 12}
{"done": 32, "total": 485, "hands": 1, "objects": 11}
{"done": 33, "total": 485, "hands": 0, "objects": 8}
{"done": 34, "total": 485, "hands": 3, "objects": 10}
{"done": 35, "total": 485, "hands": 3, "objects": 9}
{"done": 36, "total": 485, "hands": 2, "objects": 9}
{"done": 37, "total": 485, "hands": 1, "objects": 10}
{"done": 38, "total": 485, "hands": 3, "objects": 10}
{"done": 39, "total": 485, "hands": 1, "objects": 7}
{"done": 40, "total": 485, "hands": 6, "objects": 11}
{"done": 41, "total": 485, "hands": 4, "objects": 12}
{"done": 42, "total": 485, "hands": 6, "objects": 15}
{"done": 43, "total": 485, "hands": 0, "objects": 13}
{"done": 44, "total": 485, "hands": 2, "objects": 6}
{"done": 45, "total": 485, "hands": 1, "objects": 2}
{"done": 46, "total": 485, "hands": 1, "objects": 3}
{"done": 47, "total": 485, "hands": 0, "objects": 6}
{"done": 48, "total": 485, "hands": 2, "objects": 5}
{"done": 49, "total": 485, "hands": 1, "objects": 5}
{"done": 50, "total": 485, "hands": 1, "objects": 12}
{"done": 51, "total": 485, "hands": 0, "objects": 10}
{"done": 52, "total": 485, "hands": 1, "objects": 19}
{"done": 53, "total": 485, "hands": 3, "objects": 19}
{"done": 54, "total": 485, "hands": 5, "objects": 19}
{"done": 55, "total": 485, "hands": 3, "objects": 11}
{"done": 56, "total": 485, "hands": 1, "objects": 18}
{"done": 57, "total": 485, "hands": 1, "objects": 10}
{"done": 58, "total": 485, "hands": 2, "objects": 16}
{"done": 59, "total": 485, "hands": 0, "objects": 16}
{"done": 60, "total": 485, "hands": 2, "objects": 19}
{"done": 61, "total": 485, "hands": 2, "objects": 18}
E0000 00:00:1790460804.566526 53947104 portable_clearcut_uploader.cc:90] Failed to send to clearcut: FAILED_PRECONDITION: Not valid for uploading until: 2026-09-27T06:27:24.557203+08:00
=== Source Location Trace: === 
wireless/android/play/playlog/cplusplus/portable_clearcut_uploader.cc:180
{"done": 62, "total": 485, "hands": 3, "objects": 15}
{"done": 63, "total": 485, "hands": 5, "objects": 20}
{"done": 64, "total": 485, "hands": 4, "objects": 22}
{"done": 65, "total": 485, "hands": 3, "objects": 22}
{"done": 66, "total": 485, "hands": 1, "objects": 19}
{"done": 67, "total": 485, "hands": 5, "objects": 17}
{"done": 68, "total": 485, "hands": 1, "objects": 17}
{"done": 69, "total": 485, "hands": 3, "objects": 13}
{"done": 70, "total": 485, "hands": 3, "objects": 15}
{"done": 71, "total": 485, "hands": 0, "objects": 3}
{"done": 72, "total": 485, "hands": 0, "objects": 2}
{"done": 73, "total": 485, "hands": 2, "objects": 23}
{"done": 74, "total": 485, "hands": 1, "objects": 30}
{"done": 75, "total": 485, "hands": 0, "objects": 16}
{"done": 76, "total": 485, "hands": 0, "objects": 2}
{"done": 77, "total": 485, "hands": 2, "objects": 14}
{"done": 78, "total": 485, "hands": 0, "objects": 13}
{"done": 79, "total": 485, "hands": 2, "objects": 12}
{"done": 80, "total": 485, "hands": 1, "objects": 14}
{"done": 81, "total": 485, "hands": 2, "objects": 15}
{"done": 82, "total": 485, "hands": 2, "objects": 13}
{"done": 83, "total": 485, "hands": 3, "objects": 17}
{"done": 84, "total": 485, "hands": 2, "objects": 12}
{"done": 85, "total": 485, "hands": 3, "objects": 14}
{"done": 86, "total": 485, "hands": 3, "objects": 17}
{"done": 87, "total": 485, "hands": 2, "objects": 14}
{"done": 88, "total": 485, "hands": 1, "objects": 12}
{"done": 89, "total": 485, "hands": 4, "objects": 16}
E0000 00:00:1790460864.570402 53947104 portable_clearcut_uploader.cc:90] Failed to send to clearcut: FAILED_PRECONDITION: Not valid for uploading until: 2026-09-27T06:27:24.557203+08:00
=== Source Location Trace: === 
wireless/android/play/playlog/cplusplus/portable_clearcut_uploader.cc:180
{"done": 90, "total": 485, "hands": 2, "objects": 22}
{"done": 91, "total": 485, "hands": 5, "objects": 12}
{"done": 92, "total": 485, "hands": 4, "objects": 9}
{"done": 93, "total": 485, "hands": 1, "objects": 12}
{"done": 94, "total": 485, "hands": 5, "objects": 25}
{"done": 95, "total": 485, "hands": 1, "objects": 13}
{"done": 96, "total": 485, "hands": 2, "objects": 15}
{"done": 97, "total": 485, "hands": 3, "objects": 16}
{"done": 98, "total": 485, "hands": 2, "objects": 11}
{"done": 99, "total": 485, "hands": 2, "objects": 16}
{"done": 100, "total": 485, "hands": 4, "objects": 14}
{"done": 101, "total": 485, "hands": 3, "objects": 17}
{"done": 102, "total": 485, "hands": 0, "objects": 22}
{"done": 103, "total": 485, "hands": 0, "objects": 4}
{"done": 104, "total": 485, "hands": 1, "objects": 7}
{"done": 105, "total": 485, "hands": 2, "objects": 2}
{"done": 106, "total": 485, "hands": 0, "objects": 5}
{"done": 107, "total": 485, "hands": 0, "objects": 2}
{"done": 108, "total": 485, "hands": 0, "objects": 8}
{"done": 109, "total": 485, "hands": 0, "objects": 12}
{"done": 110, "total": 485, "hands": 0, "objects": 15}
{"done": 111, "total": 485, "hands": 0, "objects": 19}
{"done": 112, "total": 485, "hands": 4, "objects": 15}
{"done": 113, "total": 485, "hands": 1, "objects": 22}
{"done": 114, "total": 485, "hands": 0, "objects": 19}
E0000 00:00:1790460924.575707 53947104 portable_clearcut_uploader.cc:90] Failed to send to clearcut: FAILED_PRECONDITION: Not valid for uploading until: 2026-09-27T06:27:24.557203+08:00
=== Source Location Trace: === 
wireless/android/play/playlog/cplusplus/portable_clearcut_uploader.cc:180
{"done": 115, "total": 485, "hands": 1, "objects": 19}
{"done": 116, "total": 485, "hands": 2, "objects": 25}
{"done": 117, "total": 485, "hands": 0, "objects": 18}
{"done": 118, "total": 485, "hands": 4, "objects": 21}
{"done": 119, "total": 485, "hands": 2, "objects": 22}
{"done": 120, "total": 485, "hands": 4, "objects": 19}
{"done": 121, "total": 485, "hands": 4, "objects": 24}
{"done": 122, "total": 485, "hands": 2, "objects": 16}
{"done": 123, "total": 485, "hands": 2, "objects": 22}
{"done": 124, "total": 485, "hands": 2, "objects": 20}
{"done": 125, "total": 485, "hands": 4, "objects": 21}
{"done": 126, "total": 485, "hands": 2, "objects": 5}
{"done": 127, "total": 485, "hands": 2, "objects": 4}
{"done": 128, "total": 485, "hands": 0, "objects": 4}
{"done": 129, "total": 485, "hands": 2, "objects": 10}
{"done": 130, "total": 485, "hands": 4, "objects": 9}
{"done": 131, "total": 485, "hands": 4, "objects": 8}
{"done": 132, "total": 485, "hands": 4, "objects": 9}
{"done": 133, "total": 485, "hands": 3, "objects": 5}
{"done": 134, "total": 485, "hands": 7, "objects": 7}
{"done": 135, "total": 485, "hands": 0, "objects": 11}
{"done": 136, "total": 485, "hands": 4, "objects": 6}
{"done": 137, "total": 485, "hands": 2, "objects": 15}
{"done": 138, "total": 485, "hands": 5, "objects": 11}
{"done": 139, "total": 485, "hands": 6, "objects": 14}
E0000 00:00:1790460984.578208 53947104 portable_clearcut_uploader.cc:90] Failed to send to clearcut: FAILED_PRECONDITION: Not valid for uploading until: 2026-09-27T06:27:24.557203+08:00
=== Source Location Trace: === 
wireless/android/play/playlog/cplusplus/portable_clearcut_uploader.cc:180
{"done": 140, "total": 485, "hands": 2, "objects": 8}
{"done": 141, "total": 485, "hands": 2, "objects": 7}
{"done": 142, "total": 485, "hands": 0, "objects": 9}
{"done": 143, "total": 485, "hands": 2, "objects": 7}
{"done": 144, "total": 485, "hands": 0, "objects": 5}
{"done": 145, "total": 485, "hands": 3, "objects": 7}
{"done": 146, "total": 485, "hands": 0, "objects": 2}
{"done": 147, "total": 485, "hands": 2, "objects": 5}
{"done": 148, "total": 485, "hands": 2, "objects": 6}
{"done": 149, "total": 485, "hands": 4, "objects": 6}
{"done": 150, "total": 485, "hands": 1, "objects": 2}
{"done": 151, "total": 485, "hands": 2, "objects": 7}
{"done": 152, "total": 485, "hands": 1, "objects": 6}
{"done": 153, "total": 485, "hands": 4, "objects": 12}
{"done": 154, "total": 485, "hands": 0, "objects": 4}
{"done": 155, "total": 485, "hands": 3, "objects": 8}
{"done": 156, "total": 485, "hands": 3, "objects": 15}
{"done": 157, "total": 485, "hands": 5, "objects": 12}
{"done": 158, "total": 485, "hands": 4, "objects": 14}
{"done": 159, "total": 485, "hands": 5, "objects": 11}
{"done": 160, "total": 485, "hands": 6, "objects": 12}
{"done": 161, "total": 485, "hands": 4, "objects": 9}
{"done": 162, "total": 485, "hands": 0, "objects": 4}
{"done": 163, "total": 485, "hands": 1, "objects": 6}
E0000 00:00:1790461044.583470 53947104 portable_clearcut_uploader.cc:90] Failed to send to clearcut: FAILED_PRECONDITION: Not valid for uploading until: 2026-09-27T06:27:24.557203+08:00
=== Source Location Trace: === 
wireless/android/play/playlog/cplusplus/portable_clearcut_uploader.cc:180
{"done": 164, "total": 485, "hands": 0, "objects": 1}
{"done": 165, "total": 485, "hands": 3, "objects": 4}
{"done": 166, "total": 485, "hands": 4, "objects": 7}
{"done": 167, "total": 485, "hands": 2, "objects": 4}
{"done": 168, "total": 485, "hands": 4, "objects": 26}
{"done": 169, "total": 485, "hands": 5, "objects": 7}
{"done": 170, "total": 485, "hands": 3, "objects": 8}
{"done": 171, "total": 485, "hands": 0, "objects": 4}
{"done": 172, "total": 485, "hands": 1, "objects": 10}
{"done": 173, "total": 485, "hands": 2, "objects": 8}
{"done": 174, "total": 485, "hands": 0, "objects": 4}
{"done": 175, "total": 485, "hands": 0, "objects": 1}
{"done": 176, "total": 485, "hands": 4, "objects": 14}
{"done": 177, "total": 485, "hands": 0, "objects": 16}
{"done": 178, "total": 485, "hands": 0, "objects": 4}
{"done": 179, "total": 485, "hands": 1, "objects": 3}
{"done": 180, "total": 485, "hands": 1, "objects": 6}
{"done": 181, "total": 485, "hands": 5, "objects": 8}
{"done": 182, "total": 485, "hands": 2, "objects": 21}
{"done": 183, "total": 485, "hands": 0, "objects": 14}
{"done": 184, "total": 485, "hands": 5, "objects": 18}
{"done": 185, "total": 485, "hands": 4, "objects": 15}
{"done": 186, "total": 485, "hands": 2, "objects": 15}
E0000 00:00:1790461104.588745 53947104 portable_clearcut_uploader.cc:90] Failed to send to clearcut: FAILED_PRECONDITION: Not valid for uploading until: 2026-09-27T06:27:24.557203+08:00
=== Source Location Trace: === 
wireless/android/play/playlog/cplusplus/portable_clearcut_uploader.cc:180
{"done": 187, "total": 485, "hands": 3, "objects": 15}
{"done": 188, "total": 485, "hands": 2, "objects": 16}
{"done": 189, "total": 485, "hands": 3, "objects": 18}
{"done": 190, "total": 485, "hands": 1, "objects": 24}
{"done": 191, "total": 485, "hands": 0, "objects": 3}
{"done": 192, "total": 485, "hands": 2, "objects": 12}
{"done": 193, "total": 485, "hands": 3, "objects": 14}
{"done": 194, "total": 485, "hands": 2, "objects": 12}
{"done": 195, "total": 485, "hands": 0, "objects": 6}
{"done": 196, "total": 485, "hands": 3, "objects": 7}
{"done": 197, "total": 485, "hands": 2, "objects": 13}
{"done": 198, "total": 485, "hands": 0, "objects": 17}
{"done": 199, "total": 485, "hands": 0, "objects": 8}
{"done": 200, "total": 485, "hands": 4, "objects": 4}
{"done": 201, "total": 485, "hands": 0, "objects": 4}
{"done": 202, "total": 485, "hands": 7, "objects": 12}
{"done": 203, "total": 485, "hands": 1, "objects": 14}
{"done": 204, "total": 485, "hands": 3, "objects": 7}
{"done": 205, "total": 485, "hands": 1, "objects": 9}
{"done": 206, "total": 485, "hands": 3, "objects": 4}
{"done": 207, "total": 485, "hands": 2, "objects": 24}
{"done": 208, "total": 485, "hands": 2, "objects": 12}
{"done": 209, "total": 485, "hands": 2, "objects": 23}
E0000 00:00:1790461164.594015 53947104 portable_clearcut_uploader.cc:90] Failed to send to clearcut: FAILED_PRECONDITION: Not valid for uploading until: 2026-09-27T06:27:24.557203+08:00
=== Source Location Trace: === 
wireless/android/play/playlog/cplusplus/portable_clearcut_uploader.cc:180
{"done": 210, "total": 485, "hands": 0, "objects": 3}
{"done": 211, "total": 485, "hands": 0, "objects": 4}
{"done": 212, "total": 485, "hands": 1, "objects": 7}
{"done": 213, "total": 485, "hands": 2, "objects": 13}
{"done": 214, "total": 485, "hands": 4, "objects": 8}
{"done": 215, "total": 485, "hands": 2, "objects": 6}
{"done": 216, "total": 485, "hands": 3, "objects": 4}
{"done": 217, "total": 485, "hands": 0, "objects": 1}
{"done": 218, "total": 485, "hands": 1, "objects": 5}
{"done": 219, "total": 485, "hands": 0, "objects": 6}
{"done": 220, "total": 485, "hands": 1, "objects": 4}
{"done": 221, "total": 485, "hands": 0, "objects": 3}
{"done": 222, "total": 485, "hands": 1, "objects": 20}
{"done": 223, "total": 485, "hands": 0, "objects": 21}
{"done": 224, "total": 485, "hands": 5, "objects": 22}
{"done": 225, "total": 485, "hands": 3, "objects": 16}
{"done": 226, "total": 485, "hands": 6, "objects": 12}
{"done": 227, "total": 485, "hands": 4, "objects": 16}
{"done": 228, "total": 485, "hands": 1, "objects": 19}
{"done": 229, "total": 485, "hands": 1, "objects": 18}
{"done": 230, "total": 485, "hands": 0, "objects": 25}
{"done": 231, "total": 485, "hands": 5, "objects": 26}
{"done": 232, "total": 485, "hands": 4, "objects": 26}
E0000 00:00:1790461224.599305 53947104 portable_clearcut_uploader.cc:90] Failed to send to clearcut: FAILED_PRECONDITION: Not valid for uploading until: 2026-09-27T06:27:24.557203+08:00
=== Source Location Trace: === 
wireless/android/play/playlog/cplusplus/portable_clearcut_uploader.cc:180
{"done": 233, "total": 485, "hands": 2, "objects": 12}
{"done": 234, "total": 485, "hands": 3, "objects": 13}
{"done": 235, "total": 485, "hands": 3, "objects": 10}
{"done": 236, "total": 485, "hands": 2, "objects": 16}
{"done": 237, "total": 485, "hands": 5, "objects": 20}
{"done": 238, "total": 485, "hands": 3, "objects": 19}
{"done": 239, "total": 485, "hands": 3, "objects": 12}
{"done": 240, "total": 485, "hands": 1, "objects": 18}
{"done": 241, "total": 485, "hands": 2, "objects": 11}
{"done": 242, "total": 485, "hands": 4, "objects": 10}
{"done": 243, "total": 485, "hands": 4, "objects": 9}
{"done": 244, "total": 485, "hands": 2, "objects": 21}
{"done": 245, "total": 485, "hands": 2, "objects": 7}
{"done": 246, "total": 485, "hands": 5, "objects": 20}
{"done": 247, "total": 485, "hands": 6, "objects": 15}
{"done": 248, "total": 485, "hands": 2, "objects": 13}
{"done": 249, "total": 485, "hands": 2, "objects": 17}
{"done": 250, "total": 485, "hands": 1, "objects": 16}
{"done": 251, "total": 485, "hands": 4, "objects": 12}
{"done": 252, "total": 485, "hands": 4, "objects": 16}
{"done": 253, "total": 485, "hands": 2, "objects": 12}
{"done": 254, "total": 485, "hands": 0, "objects": 22}
E0000 00:00:1790461284.602098 53947104 portable_clearcut_uploader.cc:90] Failed to send to clearcut: FAILED_PRECONDITION: Not valid for uploading until: 2026-09-27T06:27:24.557203+08:00
=== Source Location Trace: === 
wireless/android/play/playlog/cplusplus/portable_clearcut_uploader.cc:180
{"done": 255, "total": 485, "hands": 2, "objects": 17}
{"done": 256, "total": 485, "hands": 0, "objects": 16}
{"done": 257, "total": 485, "hands": 5, "objects": 17}
{"done": 258, "total": 485, "hands": 3, "objects": 18}
{"done": 259, "total": 485, "hands": 6, "objects": 17}
{"done": 260, "total": 485, "hands": 3, "objects": 18}
{"done": 261, "total": 485, "hands": 1, "objects": 21}
{"done": 262, "total": 485, "hands": 2, "objects": 20}
{"done": 263, "total": 485, "hands": 2, "objects": 20}
{"done": 264, "total": 485, "hands": 1, "objects": 22}
{"done": 265, "total": 485, "hands": 0, "objects": 15}
{"done": 266, "total": 485, "hands": 4, "objects": 2}
{"done": 267, "total": 485, "hands": 5, "objects": 3}
{"done": 268, "total": 485, "hands": 2, "objects": 7}
{"done": 269, "total": 485, "hands": 2, "objects": 5}
{"done": 270, "total": 485, "hands": 1, "objects": 21}
{"done": 271, "total": 485, "hands": 3, "objects": 5}
{"done": 272, "total": 485, "hands": 2, "objects": 16}
{"done": 273, "total": 485, "hands": 1, "objects": 15}
{"done": 274, "total": 485, "hands": 3, "objects": 23}
{"done": 275, "total": 485, "hands": 1, "objects": 18}
{"done": 276, "total": 485, "hands": 3, "objects": 16}
E0000 00:00:1790461344.607386 53947104 portable_clearcut_uploader.cc:90] Failed to send to clearcut: FAILED_PRECONDITION: Not valid for uploading until: 2026-09-27T06:27:24.557203+08:00
=== Source Location Trace: === 
wireless/android/play/playlog/cplusplus/portable_clearcut_uploader.cc:180
{"done": 277, "total": 485, "hands": 4, "objects": 18}
{"done": 278, "total": 485, "hands": 1, "objects": 22}
{"done": 279, "total": 485, "hands": 3, "objects": 20}
{"done": 280, "total": 485, "hands": 1, "objects": 17}
{"done": 281, "total": 485, "hands": 2, "objects": 21}
{"done": 282, "total": 485, "hands": 2, "objects": 16}
{"done": 283, "total": 485, "hands": 3, "objects": 16}
{"done": 284, "total": 485, "hands": 0, "objects": 22}
{"done": 285, "total": 485, "hands": 0, "objects": 21}
{"done": 286, "total": 485, "hands": 3, "objects": 23}
{"done": 287, "total": 485, "hands": 2, "objects": 23}
{"done": 288, "total": 485, "hands": 6, "objects": 21}
{"done": 289, "total": 485, "hands": 1, "objects": 21}
{"done": 290, "total": 485, "hands": 3, "objects": 19}
{"done": 291, "total": 485, "hands": 0, "objects": 18}
{"done": 292, "total": 485, "hands": 2, "objects": 17}
{"done": 293, "total": 485, "hands": 2, "objects": 26}
{"done": 294, "total": 485, "hands": 3, "objects": 11}
{"done": 295, "total": 485, "hands": 5, "objects": 17}
{"done": 296, "total": 485, "hands": 0, "objects": 1}
{"done": 297, "total": 485, "hands": 4, "objects": 7}
E0000 00:00:1790461404.612797 53947104 portable_clearcut_uploader.cc:90] Failed to send to clearcut: FAILED_PRECONDITION: Not valid for uploading until: 2026-09-27T06:27:24.557203+08:00
=== Source Location Trace: === 
wireless/android/play/playlog/cplusplus/portable_clearcut_uploader.cc:180
{"done": 298, "total": 485, "hands": 3, "objects": 9}
{"done": 299, "total": 485, "hands": 3, "objects": 10}
{"done": 300, "total": 485, "hands": 0, "objects": 12}
{"done": 301, "total": 485, "hands": 3, "objects": 17}
{"done": 302, "total": 485, "hands": 1, "objects": 10}
{"done": 303, "total": 485, "hands": 0, "objects": 15}
{"done": 304, "total": 485, "hands": 2, "objects": 13}
{"done": 305, "total": 485, "hands": 2, "objects": 9}
{"done": 306, "total": 485, "hands": 2, "objects": 19}
{"done": 307, "total": 485, "hands": 1, "objects": 17}
{"done": 308, "total": 485, "hands": 4, "objects": 13}
{"done": 309, "total": 485, "hands": 6, "objects": 15}
{"done": 310, "total": 485, "hands": 5, "objects": 13}
{"done": 311, "total": 485, "hands": 6, "objects": 18}
{"done": 312, "total": 485, "hands": 6, "objects": 9}
{"done": 313, "total": 485, "hands": 1, "objects": 6}
{"done": 314, "total": 485, "hands": 0, "objects": 6}
{"done": 315, "total": 485, "hands": 0, "objects": 6}
{"done": 316, "total": 485, "hands": 3, "objects": 15}
{"done": 317, "total": 485, "hands": 4, "objects": 22}
{"done": 318, "total": 485, "hands": 1, "objects": 6}
{"done": 319, "total": 485, "hands": 0, "objects": 3}
{"done": 320, "total": 485, "hands": 0, "objects": 2}
{"done": 321, "total": 485, "hands": 0, "objects": 12}
{"done": 322, "total": 485, "hands": 4, "objects": 9}
{"done": 323, "total": 485, "hands": 2, "objects": 9}
E0000 00:00:1790461464.613659 53947104 portable_clearcut_uploader.cc:90] Failed to send to clearcut: FAILED_PRECONDITION: Not valid for uploading until: 2026-09-27T06:27:24.557203+08:00
=== Source Location Trace: === 
wireless/android/play/playlog/cplusplus/portable_clearcut_uploader.cc:180
{"done": 324, "total": 485, "hands": 1, "objects": 8}
{"done": 325, "total": 485, "hands": 0, "objects": 6}
{"done": 326, "total": 485, "hands": 0, "objects": 4}
{"done": 327, "total": 485, "hands": 0, "objects": 5}
{"done": 328, "total": 485, "hands": 2, "objects": 11}
{"done": 329, "total": 485, "hands": 3, "objects": 25}
{"done": 330, "total": 485, "hands": 5, "objects": 34}
{"done": 331, "total": 485, "hands": 4, "objects": 21}
{"done": 332, "total": 485, "hands": 1, "objects": 22}
{"done": 333, "total": 485, "hands": 1, "objects": 20}
{"done": 334, "total": 485, "hands": 1, "objects": 26}
{"done": 335, "total": 485, "hands": 3, "objects": 19}
{"done": 336, "total": 485, "hands": 6, "objects": 12}
{"done": 337, "total": 485, "hands": 2, "objects": 13}
{"done": 338, "total": 485, "hands": 3, "objects": 23}
{"done": 339, "total": 485, "hands": 2, "objects": 23}
{"done": 340, "total": 485, "hands": 4, "objects": 16}
{"done": 341, "total": 485, "hands": 4, "objects": 16}
{"done": 342, "total": 485, "hands": 2, "objects": 13}
{"done": 343, "total": 485, "hands": 3, "objects": 16}
{"done": 344, "total": 485, "hands": 2, "objects": 5}
{"done": 345, "total": 485, "hands": 3, "objects": 8}
{"done": 346, "total": 485, "hands": 0, "objects": 8}
{"done": 347, "total": 485, "hands": 0, "objects": 6}
{"done": 348, "total": 485, "hands": 4, "objects": 24}
{"done": 349, "total": 485, "hands": 6, "objects": 21}
E0000 00:00:1790461524.621225 53947104 portable_clearcut_uploader.cc:90] Failed to send to clearcut: FAILED_PRECONDITION: Not valid for uploading until: 2026-09-27T06:27:24.557203+08:00
=== Source Location Trace: === 
wireless/android/play/playlog/cplusplus/portable_clearcut_uploader.cc:180
{"done": 350, "total": 485, "hands": 2, "objects": 23}
{"done": 351, "total": 485, "hands": 2, "objects": 26}
{"done": 352, "total": 485, "hands": 1, "objects": 5}
{"done": 353, "total": 485, "hands": 2, "objects": 12}
{"done": 354, "total": 485, "hands": 3, "objects": 11}
{"done": 355, "total": 485, "hands": 1, "objects": 15}
{"done": 356, "total": 485, "hands": 2, "objects": 9}
{"done": 357, "total": 485, "hands": 4, "objects": 9}
{"done": 358, "total": 485, "hands": 2, "objects": 8}
{"done": 359, "total": 485, "hands": 0, "objects": 7}
{"done": 360, "total": 485, "hands": 1, "objects": 17}
{"done": 361, "total": 485, "hands": 2, "objects": 21}
{"done": 362, "total": 485, "hands": 2, "objects": 17}
{"done": 363, "total": 485, "hands": 3, "objects": 22}
{"done": 364, "total": 485, "hands": 0, "objects": 11}
{"done": 365, "total": 485, "hands": 0, "objects": 7}
{"done": 366, "total": 485, "hands": 3, "objects": 23}
{"done": 367, "total": 485, "hands": 4, "objects": 20}
{"done": 368, "total": 485, "hands": 3, "objects": 19}
{"done": 369, "total": 485, "hands": 3, "objects": 18}
{"done": 370, "total": 485, "hands": 2, "objects": 13}
{"done": 371, "total": 485, "hands": 0, "objects": 14}
{"done": 372, "total": 485, "hands": 0, "objects": 16}
{"done": 373, "total": 485, "hands": 0, "objects": 30}
{"done": 374, "total": 485, "hands": 1, "objects": 24}
E0000 00:00:1790461584.631404 53947104 portable_clearcut_uploader.cc:90] Failed to send to clearcut: FAILED_PRECONDITION: Not valid for uploading until: 2026-09-27T06:27:24.557203+08:00
=== Source Location Trace: === 
wireless/android/play/playlog/cplusplus/portable_clearcut_uploader.cc:180
{"done": 375, "total": 485, "hands": 4, "objects": 24}
{"done": 376, "total": 485, "hands": 1, "objects": 10}
{"done": 377, "total": 485, "hands": 6, "objects": 19}
{"done": 378, "total": 485, "hands": 3, "objects": 19}
{"done": 379, "total": 485, "hands": 6, "objects": 27}
{"done": 380, "total": 485, "hands": 0, "objects": 16}
{"done": 381, "total": 485, "hands": 0, "objects": 22}
{"done": 382, "total": 485, "hands": 1, "objects": 24}
{"done": 383, "total": 485, "hands": 0, "objects": 14}
{"done": 384, "total": 485, "hands": 0, "objects": 2}
{"done": 385, "total": 485, "hands": 0, "objects": 6}
{"done": 386, "total": 485, "hands": 0, "objects": 3}
{"done": 387, "total": 485, "hands": 1, "objects": 8}
{"done": 388, "total": 485, "hands": 0, "objects": 7}
{"done": 389, "total": 485, "hands": 0, "objects": 6}
{"done": 390, "total": 485, "hands": 1, "objects": 21}
{"done": 391, "total": 485, "hands": 4, "objects": 25}
{"done": 392, "total": 485, "hands": 3, "objects": 20}
{"done": 393, "total": 485, "hands": 2, "objects": 24}
{"done": 394, "total": 485, "hands": 2, "objects": 24}
{"done": 395, "total": 485, "hands": 2, "objects": 19}
{"done": 396, "total": 485, "hands": 2, "objects": 27}
{"done": 397, "total": 485, "hands": 6, "objects": 20}
{"done": 398, "total": 485, "hands": 4, "objects": 23}
{"done": 399, "total": 485, "hands": 1, "objects": 19}
{"done": 400, "total": 485, "hands": 0, "objects": 21}
{"done": 401, "total": 485, "hands": 0, "objects": 18}
{"done": 402, "total": 485, "hands": 0, "objects": 22}
{"done": 403, "total": 485, "hands": 0, "objects": 26}
{"done": 404, "total": 485, "hands": 0, "objects": 16}
{"done": 405, "total": 485, "hands": 4, "objects": 13}
{"done": 406, "total": 485, "hands": 0, "objects": 15}
{"done": 407, "total": 485, "hands": 0, "objects": 16}
{"done": 408, "total": 485, "hands": 5, "objects": 18}
{"done": 409, "total": 485, "hands": 1, "objects": 14}
{"done": 410, "total": 485, "hands": 2, "objects": 10}
{"done": 411, "total": 485, "hands": 0, "objects": 9}
{"done": 412, "total": 485, "hands": 1, "objects": 20}
{"done": 413, "total": 485, "hands": 0, "objects": 17}
{"done": 414, "total": 485, "hands": 7, "objects": 10}
{"done": 415, "total": 485, "hands": 7, "objects": 12}
{"done": 416, "total": 485, "hands": 3, "objects": 11}
{"done": 417, "total": 485, "hands": 4, "objects": 12}
{"done": 418, "total": 485, "hands": 1, "objects": 13}
{"done": 419, "total": 485, "hands": 0, "objects": 21}
{"done": 420, "total": 485, "hands": 0, "objects": 25}
{"done": 421, "total": 485, "hands": 2, "objects": 22}
{"done": 422, "total": 485, "hands": 1, "objects": 3}
{"done": 423, "total": 485, "hands": 0, "objects": 8}
{"done": 424, "total": 485, "hands": 4, "objects": 10}
{"done": 425, "total": 485, "hands": 0, "objects": 18}
{"done": 426, "total": 485, "hands": 1, "objects": 14}
{"done": 427, "total": 485, "hands": 2, "objects": 19}
E0000 00:00:1790461705.267735 53947104 portable_clearcut_uploader.cc:90] Failed to send to clearcut: FAILED_PRECONDITION: Not valid for uploading until: 2026-09-27T06:42:25.265898+08:00
=== Source Location Trace: === 
wireless/android/play/playlog/cplusplus/portable_clearcut_uploader.cc:180
{"done": 428, "total": 485, "hands": 3, "objects": 17}
{"done": 429, "total": 485, "hands": 3, "objects": 21}
{"done": 430, "total": 485, "hands": 1, "objects": 20}
{"done": 431, "total": 485, "hands": 1, "objects": 17}
{"done": 432, "total": 485, "hands": 1, "objects": 11}
{"done": 433, "total": 485, "hands": 1, "objects": 14}
{"done": 434, "total": 485, "hands": 2, "objects": 18}
{"done": 435, "total": 485, "hands": 6, "objects": 19}
{"done": 436, "total": 485, "hands": 4, "objects": 14}
{"done": 437, "total": 485, "hands": 3, "objects": 16}
{"done": 438, "total": 485, "hands": 7, "objects": 24}
{"done": 439, "total": 485, "hands": 4, "objects": 21}
{"done": 440, "total": 485, "hands": 3, "objects": 17}
{"done": 441, "total": 485, "hands": 3, "objects": 23}
{"done": 442, "total": 485, "hands": 5, "objects": 20}
{"done": 443, "total": 485, "hands": 3, "objects": 15}
{"done": 444, "total": 485, "hands": 3, "objects": 15}
{"done": 445, "total": 485, "hands": 4, "objects": 16}
{"done": 446, "total": 485, "hands": 8, "objects": 18}
{"done": 447, "total": 485, "hands": 5, "objects": 16}
{"done": 448, "total": 485, "hands": 1, "objects": 23}
{"done": 449, "total": 485, "hands": 2, "objects": 20}
{"done": 450, "total": 485, "hands": 4, "objects": 17}
{"done": 451, "total": 485, "hands": 2, "objects": 18}
{"done": 452, "total": 485, "hands": 4, "objects": 14}
{"done": 453, "total": 485, "hands": 0, "objects": 8}
{"done": 454, "total": 485, "hands": 0, "objects": 9}
E0000 00:00:1790461765.277918 53947104 portable_clearcut_uploader.cc:90] Failed to send to clearcut: FAILED_PRECONDITION: Not valid for uploading until: 2026-09-27T06:42:25.265898+08:00
=== Source Location Trace: === 
wireless/android/play/playlog/cplusplus/portable_clearcut_uploader.cc:180
{"done": 455, "total": 485, "hands": 0, "objects": 9}
{"done": 456, "total": 485, "hands": 1, "objects": 20}
{"done": 457, "total": 485, "hands": 2, "objects": 20}
{"done": 458, "total": 485, "hands": 3, "objects": 19}
{"done": 459, "total": 485, "hands": 3, "objects": 22}
{"done": 460, "total": 485, "hands": 0, "objects": 15}
{"done": 461, "total": 485, "hands": 1, "objects": 9}
{"done": 462, "total": 485, "hands": 2, "objects": 9}
{"done": 463, "total": 485, "hands": 0, "objects": 4}
{"done": 464, "total": 485, "hands": 2, "objects": 12}
{"done": 465, "total": 485, "hands": 3, "objects": 13}
{"done": 466, "total": 485, "hands": 0, "objects": 22}
{"done": 467, "total": 485, "hands": 6, "objects": 21}
{"done": 468, "total": 485, "hands": 4, "objects": 14}
{"done": 469, "total": 485, "hands": 4, "objects": 16}
{"done": 470, "total": 485, "hands": 1, "objects": 11}
{"done": 471, "total": 485, "hands": 1, "objects": 11}
{"done": 472, "total": 485, "hands": 4, "objects": 16}
{"done": 473, "total": 485, "hands": 3, "objects": 14}
{"done": 474, "total": 485, "hands": 3, "objects": 8}
{"done": 475, "total": 485, "hands": 2, "objects": 9}
{"done": 476, "total": 485, "hands": 3, "objects": 15}
{"done": 477, "total": 485, "hands": 3, "objects": 16}
{"done": 478, "total": 485, "hands": 5, "objects": 11}
{"done": 479, "total": 485, "hands": 3, "objects": 11}
{"done": 480, "total": 485, "hands": 5, "objects": 11}
{"done": 481, "total": 485, "hands": 6, "objects": 12}
{"done": 482, "total": 485, "hands": 2, "objects": 12}
E0000 00:00:1790461825.288102 53947104 portable_clearcut_uploader.cc:90] Failed to send to clearcut: FAILED_PRECONDITION: Not valid for uploading until: 2026-09-27T06:42:25.265898+08:00
=== Source Location Trace: === 
wireless/android/play/playlog/cplusplus/portable_clearcut_uploader.cc:180
{"done": 483, "total": 485, "hands": 2, "objects": 8}
{"done": 484, "total": 485, "hands": 6, "objects": 10}
{"done": 485, "total": 485, "hands": 2, "objects": 10}
E0000 00:00:1790461830.464260 53947104 portable_clearcut_uploader.cc:90] Failed to send to clearcut: FAILED_PRECONDITION: Not valid for uploading until: 2026-09-27T06:42:25.265898+08:00
=== Source Location Trace: === 
wireless/android/play/playlog/cplusplus/portable_clearcut_uploader.cc:180
{"output": "/private/tmp/cpswm-pc-a-visor-candidate-alignment-20260927/output/visor-alignment/final-01/predictions.json", "sha256": "7d654b5d2f574bd7a977b8fcd299605327ace6ab30e90b6768378453da5f2e47", "summary": null}
