{
  "source_sha": "6bb72386d588c82f0e264afa1dadd51306c1cada",
  "source_files": {
    "/private/tmp/cpswm-pc-a-natural-vision-20260914/tools/run_natural_vision_archive.py": "608c0518598e4e7e8879dd5fa12be2a6ee4a7eaadbb6147e2f292323f1cb0433",
    "/private/tmp/cpswm-pc-a-natural-vision-20260914/src/cpswm/perception_mapping/natural_vision.py": "0435cbca02ecbbb639bf6e1547eab25d93b328f467dfd7b538eae67723eb3f48"
  },
  "source_unchanged": true,
  "source_identity_scope": "entry_and_detector_files_not_whole_runtime_attestation",
  "git_dirty": true,
  "archive_manifest_sha256": "5c34871069c7adda93da9af35461eac0e69cdf0317b27a8354560db7010bab80",
  "archive_source_sha": "05836759cd96b89011efca71d3e9dc3ab393ce1b",
  "frames": 36,
  "raw_observations": 72,
  "continuous_input_invoked": true,
  "core_unchanged_verified": true,
  "bookkeeping_initialization_only": true,
  "candidate_counts": {},
  "inference_seconds": 1.5803874998819083,
  "semantic_transitions": 0,
  "physical_actions": 0,
  "status": "NATURAL_PIXEL_DETECTIONS_UNCALIBRATED",
  "new_simulator_run": false,
  "frames_sha256": "a9ec9af63265733c5b8c9e4b6d0e4fa655d38b76963377c3f4bdf578a8b45fb7"
}
