[
  {
    "case": "south_320_missed",
    "target_pixels": 558,
    "scores": {
      "ssdlite": [],
      "fasterrcnn": []
    }
  },
  {
    "case": "south_640_found",
    "target_pixels": 2235,
    "scores": {
      "ssdlite": [],
      "fasterrcnn": [
        0.9519223570823669,
        0.5999839901924133
      ]
    }
  },
  {
    "case": "north_640_wrong_stop",
    "target_pixels": 0,
    "scores": {
      "ssdlite": [],
      "fasterrcnn": [
        0.9209120273590088
      ]
    }
  }
]
