{"name": "north-320-auto-0", "site": "north", "size": 320, "mode": "auto", "repeat": 0, "status": "COMPLETE"}
{"name": "north-320-frozen-0", "site": "north", "size": 320, "mode": "frozen", "repeat": 0, "status": "COMPLETE"}
{"name": "north-320-stepped-0", "site": "north", "size": 320, "mode": "stepped", "repeat": 0, "status": "COMPLETE"}
{"name": "north-320-stepped-1", "site": "north", "size": 320, "mode": "stepped", "repeat": 1, "status": "COMPLETE"}
{"name": "north-320-frozen-1", "site": "north", "size": 320, "mode": "frozen", "repeat": 1, "status": "COMPLETE"}
{"name": "north-320-auto-1", "site": "north", "size": 320, "mode": "auto", "repeat": 1, "status": "COMPLETE"}
{"name": "north-640-auto-0", "site": "north", "size": 640, "mode": "auto", "repeat": 0, "status": "COMPLETE"}
{"name": "north-640-frozen-0", "site": "north", "size": 640, "mode": "frozen", "repeat": 0, "status": "COMPLETE"}
{"name": "north-640-stepped-0", "site": "north", "size": 640, "mode": "stepped", "repeat": 0, "status": "COMPLETE"}
{"name": "north-640-stepped-1", "site": "north", "size": 640, "mode": "stepped", "repeat": 1, "status": "COMPLETE"}
{"name": "north-640-frozen-1", "site": "north", "size": 640, "mode": "frozen", "repeat": 1, "status": "COMPLETE"}
{"name": "north-640-auto-1", "site": "north", "size": 640, "mode": "auto", "repeat": 1, "status": "COMPLETE"}
{"name": "south-320-auto-0", "site": "south", "size": 320, "mode": "auto", "repeat": 0, "status": "COMPLETE"}
{"name": "south-320-frozen-0", "site": "south", "size": 320, "mode": "frozen", "repeat": 0, "status": "COMPLETE"}
{"name": "south-320-stepped-0", "site": "south", "size": 320, "mode": "stepped", "repeat": 0, "status": "COMPLETE"}
{"name": "south-320-stepped-1", "site": "south", "size": 320, "mode": "stepped", "repeat": 1, "status": "COMPLETE"}
{"name": "south-320-frozen-1", "site": "south", "size": 320, "mode": "frozen", "repeat": 1, "status": "COMPLETE"}
{"name": "south-320-auto-1", "site": "south", "size": 320, "mode": "auto", "repeat": 1, "status": "COMPLETE"}
{"name": "south-640-auto-0", "site": "south", "size": 640, "mode": "auto", "repeat": 0, "status": "COMPLETE"}
{"name": "south-640-frozen-0", "site": "south", "size": 640, "mode": "frozen", "repeat": 0, "status": "COMPLETE"}
{"name": "south-640-stepped-0", "site": "south", "size": 640, "mode": "stepped", "repeat": 0, "status": "COMPLETE"}
{"name": "south-640-stepped-1", "site": "south", "size": 640, "mode": "stepped", "repeat": 1, "status": "COMPLETE"}
{"name": "south-640-frozen-1", "site": "south", "size": 640, "mode": "frozen", "repeat": 1, "status": "COMPLETE"}
{"name": "south-640-auto-1", "site": "south", "size": 640, "mode": "auto", "repeat": 1, "status": "COMPLETE"}
