Traceback (most recent call last):
  File "/private/tmp/cpswm-pc-a-w2-acceptance-prep-20260912/tools/pc_a_w2_acceptance/probe_correction.py", line 50, in <module>
    before = observe(core)
  File "/private/tmp/cpswm-pc-a-w2-acceptance-prep-20260912/tools/pc_a_w2_acceptance/probe_correction.py", line 29, in observe
    "committed_records": json.loads(repro.canonical_json(core._committed_events)),
                                    ~~~~~~~~~~~~~~~~~~~~^^^^^^^^^^^^^^^^^^^^^^^^
  File "/private/tmp/cpswm-pc-a-w2-review-target-w3-20260912/src/cpswm/system/reproducibility.py", line 50, in canonical_json
    return json.dumps(
           ~~~~~~~~~~^
        _canonical_value(value),
        ^^^^^^^^^^^^^^^^^^^^^^^^
    ...<3 lines>...
        allow_nan=False,
        ^^^^^^^^^^^^^^^^
    )
    ^
  File "/Users/pangwei/.local/share/uv/python/cpython-3.13.5-macos-aarch64-none/lib/python3.13/json/__init__.py", line 238, in dumps
    **kw).encode(obj)
          ~~~~~~^^^^^
  File "/Users/pangwei/.local/share/uv/python/cpython-3.13.5-macos-aarch64-none/lib/python3.13/json/encoder.py", line 200, in encode
    chunks = self.iterencode(o, _one_shot=True)
  File "/Users/pangwei/.local/share/uv/python/cpython-3.13.5-macos-aarch64-none/lib/python3.13/json/encoder.py", line 261, in iterencode
    return _iterencode(o, 0)
  File "/Users/pangwei/.local/share/uv/python/cpython-3.13.5-macos-aarch64-none/lib/python3.13/json/encoder.py", line 180, in default
    raise TypeError(f'Object of type {o.__class__.__name__} '
                    f'is not JSON serializable')
TypeError: Object of type ndarray is not JSON serializable
