{
  "scope": "ordinary public correction boundary, not unified/direct-P5/scientific acceptance",
  "root": "/private/tmp/cpswm-pc-a-w2-review-target-w3-20260912",
  "python": "/Users/pangwei/Documents/ai/continual-personalized-semantic-world-model/.venv/bin/python",
  "loaded": {
    "cpswm": "/private/tmp/cpswm-pc-a-w2-review-target-w3-20260912/src/cpswm/__init__.py",
    "cpswm.contracts.base": "/private/tmp/cpswm-pc-a-w2-review-target-w3-20260912/src/cpswm/contracts/base.py",
    "cpswm.contracts.assertions": "/private/tmp/cpswm-pc-a-w2-review-target-w3-20260912/src/cpswm/contracts/assertions.py",
    "cpswm.contracts.beliefs": "/private/tmp/cpswm-pc-a-w2-review-target-w3-20260912/src/cpswm/contracts/beliefs.py",
    "cpswm.contracts.corrections": "/private/tmp/cpswm-pc-a-w2-review-target-w3-20260912/src/cpswm/contracts/corrections.py",
    "cpswm.contracts.decision_context": "/private/tmp/cpswm-pc-a-w2-review-target-w3-20260912/src/cpswm/contracts/decision_context.py",
    "cpswm.contracts.events": "/private/tmp/cpswm-pc-a-w2-review-target-w3-20260912/src/cpswm/contracts/events.py",
    "cpswm.system": "/private/tmp/cpswm-pc-a-w2-review-target-w3-20260912/src/cpswm/system/__init__.py",
    "cpswm.system.reproducibility": "/private/tmp/cpswm-pc-a-w2-review-target-w3-20260912/src/cpswm/system/reproducibility.py",
    "cpswm.contracts.evidence_factor_trace": "/private/tmp/cpswm-pc-a-w2-review-target-w3-20260912/src/cpswm/contracts/evidence_factor_trace.py",
    "cpswm.contracts.habit_learning": "/private/tmp/cpswm-pc-a-w2-review-target-w3-20260912/src/cpswm/contracts/habit_learning.py",
    "cpswm.contracts.evidence_protocol": "/private/tmp/cpswm-pc-a-w2-review-target-w3-20260912/src/cpswm/contracts/evidence_protocol.py",
    "cpswm.contracts.likelihoods": "/private/tmp/cpswm-pc-a-w2-review-target-w3-20260912/src/cpswm/contracts/likelihoods.py",
    "cpswm.contracts.llm_roles": "/private/tmp/cpswm-pc-a-w2-review-target-w3-20260912/src/cpswm/contracts/llm_roles.py",
    "cpswm.contracts.grounded_search": "/private/tmp/cpswm-pc-a-w2-review-target-w3-20260912/src/cpswm/contracts/grounded_search.py",
    "cpswm.contracts.hidden_event_evidence": "/private/tmp/cpswm-pc-a-w2-review-target-w3-20260912/src/cpswm/contracts/hidden_event_evidence.py",
    "cpswm.contracts.observation_mechanism": "/private/tmp/cpswm-pc-a-w2-review-target-w3-20260912/src/cpswm/contracts/observation_mechanism.py",
    "cpswm.contracts.placement_memory": "/private/tmp/cpswm-pc-a-w2-review-target-w3-20260912/src/cpswm/contracts/placement_memory.py",
    "cpswm.contracts.project_two_replay": "/private/tmp/cpswm-pc-a-w2-review-target-w3-20260912/src/cpswm/contracts/project_two_replay.py",
    "cpswm.contracts.project_two_revision_action": "/private/tmp/cpswm-pc-a-w2-review-target-w3-20260912/src/cpswm/contracts/project_two_revision_action.py",
    "cpswm.contracts.queries": "/private/tmp/cpswm-pc-a-w2-review-target-w3-20260912/src/cpswm/contracts/queries.py",
    "cpswm.contracts": "/private/tmp/cpswm-pc-a-w2-review-target-w3-20260912/src/cpswm/contracts/__init__.py",
    "cpswm.system.continual.event_derived_update_ledger": "/private/tmp/cpswm-pc-a-w2-review-target-w3-20260912/src/cpswm/system/continual/event_derived_update_ledger.py",
    "cpswm.system.continual.hybrid_statistics": "/private/tmp/cpswm-pc-a-w2-review-target-w3-20260912/src/cpswm/system/continual/hybrid_statistics.py",
    "cpswm.system.continual.execution_feedback_projector": "/private/tmp/cpswm-pc-a-w2-review-target-w3-20260912/src/cpswm/system/continual/execution_feedback_projector.py",
    "cpswm.world_model": "/private/tmp/cpswm-pc-a-w2-review-target-w3-20260912/src/cpswm/world_model/__init__.py",
    "cpswm.world_model.habits_transitions.cause_factorized_bocpd": "/private/tmp/cpswm-pc-a-w2-review-target-w3-20260912/src/cpswm/world_model/habits_transitions/cause_factorized_bocpd.py",
    "cpswm.world_model.habits_transitions.joint_cause_bocpd": "/private/tmp/cpswm-pc-a-w2-review-target-w3-20260912/src/cpswm/world_model/habits_transitions/joint_cause_bocpd.py",
    "cpswm.world_model.habits_transitions.cause_gated_consolidation": "/private/tmp/cpswm-pc-a-w2-review-target-w3-20260912/src/cpswm/world_model/habits_transitions/cause_gated_consolidation.py",
    "cpswm.world_model.habits_transitions.context_conditioned_regime": "/private/tmp/cpswm-pc-a-w2-review-target-w3-20260912/src/cpswm/world_model/habits_transitions/context_conditioned_regime.py",
    "cpswm.world_model.habits_transitions.cause_regime_semantics": "/private/tmp/cpswm-pc-a-w2-review-target-w3-20260912/src/cpswm/world_model/habits_transitions/cause_regime_semantics.py",
    "cpswm.world_model.habits_transitions.propensity_correction": "/private/tmp/cpswm-pc-a-w2-review-target-w3-20260912/src/cpswm/world_model/habits_transitions/propensity_correction.py",
    "cpswm.world_model.habits_transitions.hierarchical_dirichlet": "/private/tmp/cpswm-pc-a-w2-review-target-w3-20260912/src/cpswm/world_model/habits_transitions/hierarchical_dirichlet.py",
    "cpswm.world_model.habits_transitions.habit_regime_write": "/private/tmp/cpswm-pc-a-w2-review-target-w3-20260912/src/cpswm/world_model/habits_transitions/habit_regime_write.py",
    "cpswm.world_model.habits_transitions.layered_habit_posterior": "/private/tmp/cpswm-pc-a-w2-review-target-w3-20260912/src/cpswm/world_model/habits_transitions/layered_habit_posterior.py",
    "cpswm.world_model.habits_transitions.mobility_axes": "/private/tmp/cpswm-pc-a-w2-review-target-w3-20260912/src/cpswm/world_model/habits_transitions/mobility_axes.py",
    "cpswm.world_model.habits_transitions.mobility_profile": "/private/tmp/cpswm-pc-a-w2-review-target-w3-20260912/src/cpswm/world_model/habits_transitions/mobility_profile.py",
    "cpswm.world_model.habits_transitions": "/private/tmp/cpswm-pc-a-w2-review-target-w3-20260912/src/cpswm/world_model/habits_transitions/__init__.py",
    "cpswm.system.continual.project_one_regime_loop": "/private/tmp/cpswm-pc-a-w2-review-target-w3-20260912/src/cpswm/system/continual/project_one_regime_loop.py",
    "cpswm.system.continual.project_one_feedback": "/private/tmp/cpswm-pc-a-w2-review-target-w3-20260912/src/cpswm/system/continual/project_one_feedback.py",
    "cpswm.system.continual.regime_authority": "/private/tmp/cpswm-pc-a-w2-review-target-w3-20260912/src/cpswm/system/continual/regime_authority.py",
    "cpswm.system.continual.rls.core": "/private/tmp/cpswm-pc-a-w2-review-target-w3-20260912/src/cpswm/system/continual/rls/core.py",
    "cpswm.system.continual.rls.channel_calibrator": "/private/tmp/cpswm-pc-a-w2-review-target-w3-20260912/src/cpswm/system/continual/rls/channel_calibrator.py",
    "cpswm.system.continual.rls.habit_head": "/private/tmp/cpswm-pc-a-w2-review-target-w3-20260912/src/cpswm/system/continual/rls/habit_head.py",
    "cpswm.system.continual.rls.regime_bank": "/private/tmp/cpswm-pc-a-w2-review-target-w3-20260912/src/cpswm/system/continual/rls/regime_bank.py",
    "cpswm.system.continual.rls": "/private/tmp/cpswm-pc-a-w2-review-target-w3-20260912/src/cpswm/system/continual/rls/__init__.py",
    "cpswm.system.continual": "/private/tmp/cpswm-pc-a-w2-review-target-w3-20260912/src/cpswm/system/continual/__init__.py",
    "cpswm.system.synthetic_routines.contracts": "/private/tmp/cpswm-pc-a-w2-review-target-w3-20260912/src/cpswm/system/synthetic_routines/contracts.py",
    "cpswm.system.synthetic_routines.generator": "/private/tmp/cpswm-pc-a-w2-review-target-w3-20260912/src/cpswm/system/synthetic_routines/generator.py",
    "cpswm.system.synthetic_routines": "/private/tmp/cpswm-pc-a-w2-review-target-w3-20260912/src/cpswm/system/synthetic_routines/__init__.py",
    "cpswm_gt.habit_trajectories": "/private/tmp/cpswm-pc-a-w2-review-target-w3-20260912/src/cpswm_gt/habit_trajectories.py",
    "cpswm_gt.models": "/private/tmp/cpswm-pc-a-w2-review-target-w3-20260912/src/cpswm_gt/models.py",
    "cpswm_gt": "/private/tmp/cpswm-pc-a-w2-review-target-w3-20260912/src/cpswm_gt/__init__.py",
    "cpswm.system.world_model_simulator.benchmark_access": "/private/tmp/cpswm-pc-a-w2-review-target-w3-20260912/src/cpswm/system/world_model_simulator/benchmark_access.py",
    "cpswm.system.world_model_simulator.symbolic": "/private/tmp/cpswm-pc-a-w2-review-target-w3-20260912/src/cpswm/system/world_model_simulator/symbolic.py",
    "cpswm.system.world_model_simulator": "/private/tmp/cpswm-pc-a-w2-review-target-w3-20260912/src/cpswm/system/world_model_simulator/__init__.py",
    "cpswm.system.evaluation_operations.shift_attribution": "/private/tmp/cpswm-pc-a-w2-review-target-w3-20260912/src/cpswm/system/evaluation_operations/shift_attribution.py",
    "cpswm.system.evaluation_operations.d0_shift_scenarios": "/private/tmp/cpswm-pc-a-w2-review-target-w3-20260912/src/cpswm/system/evaluation_operations/d0_shift_scenarios.py",
    "cpswm.system.attestation.authority": "/private/tmp/cpswm-pc-a-w2-review-target-w3-20260912/src/cpswm/system/attestation/authority.py",
    "cpswm.system.attestation": "/private/tmp/cpswm-pc-a-w2-review-target-w3-20260912/src/cpswm/system/attestation/__init__.py",
    "cpswm.system.evaluation_operations.direction_three_dataset": "/private/tmp/cpswm-pc-a-w2-review-target-w3-20260912/src/cpswm/system/evaluation_operations/direction_three_dataset.py",
    "cpswm.system.evaluation_operations.raw_data_signatures": "/private/tmp/cpswm-pc-a-w2-review-target-w3-20260912/src/cpswm/system/evaluation_operations/raw_data_signatures.py",
    "cpswm.system.evaluation_operations.report_output": "/private/tmp/cpswm-pc-a-w2-review-target-w3-20260912/src/cpswm/system/evaluation_operations/report_output.py",
    "cpswm.system.evaluation_operations.direction_three_prediction_cache": "/private/tmp/cpswm-pc-a-w2-review-target-w3-20260912/src/cpswm/system/evaluation_operations/direction_three_prediction_cache.py",
    "cpswm.foundation.identity_time_frames.contracts": "/private/tmp/cpswm-pc-a-w2-review-target-w3-20260912/src/cpswm/foundation/identity_time_frames/contracts.py",
    "cpswm.foundation.identity_time_frames.clocks": "/private/tmp/cpswm-pc-a-w2-review-target-w3-20260912/src/cpswm/foundation/identity_time_frames/clocks.py",
    "cpswm.foundation.identity_time_frames.frames": "/private/tmp/cpswm-pc-a-w2-review-target-w3-20260912/src/cpswm/foundation/identity_time_frames/frames.py",
    "cpswm.foundation.identity_time_frames.identity": "/private/tmp/cpswm-pc-a-w2-review-target-w3-20260912/src/cpswm/foundation/identity_time_frames/identity.py",
    "cpswm.foundation.identity_time_frames.service": "/private/tmp/cpswm-pc-a-w2-review-target-w3-20260912/src/cpswm/foundation/identity_time_frames/service.py",
    "cpswm.foundation.identity_time_frames": "/private/tmp/cpswm-pc-a-w2-review-target-w3-20260912/src/cpswm/foundation/identity_time_frames/__init__.py",
    "cpswm.foundation.persistence_replay.contracts": "/private/tmp/cpswm-pc-a-w2-review-target-w3-20260912/src/cpswm/foundation/persistence_replay/contracts.py",
    "cpswm.foundation.persistence_replay.memory_store": "/private/tmp/cpswm-pc-a-w2-review-target-w3-20260912/src/cpswm/foundation/persistence_replay/memory_store.py",
    "cpswm.foundation.persistence_replay.snapshots": "/private/tmp/cpswm-pc-a-w2-review-target-w3-20260912/src/cpswm/foundation/persistence_replay/snapshots.py",
    "cpswm.foundation.persistence_replay": "/private/tmp/cpswm-pc-a-w2-review-target-w3-20260912/src/cpswm/foundation/persistence_replay/__init__.py",
    "cpswm.foundation.runtime_orchestration.contracts": "/private/tmp/cpswm-pc-a-w2-review-target-w3-20260912/src/cpswm/foundation/runtime_orchestration/contracts.py",
    "cpswm.foundation.runtime_orchestration.handlers": "/private/tmp/cpswm-pc-a-w2-review-target-w3-20260912/src/cpswm/foundation/runtime_orchestration/handlers.py",
    "cpswm.foundation.runtime_orchestration.provenance": "/private/tmp/cpswm-pc-a-w2-review-target-w3-20260912/src/cpswm/foundation/runtime_orchestration/provenance.py",
    "cpswm.foundation.runtime_orchestration.runtime": "/private/tmp/cpswm-pc-a-w2-review-target-w3-20260912/src/cpswm/foundation/runtime_orchestration/runtime.py",
    "cpswm.foundation.runtime_orchestration.replay": "/private/tmp/cpswm-pc-a-w2-review-target-w3-20260912/src/cpswm/foundation/runtime_orchestration/replay.py",
    "cpswm.foundation.runtime_orchestration": "/private/tmp/cpswm-pc-a-w2-review-target-w3-20260912/src/cpswm/foundation/runtime_orchestration/__init__.py",
    "cpswm.foundation": "/private/tmp/cpswm-pc-a-w2-review-target-w3-20260912/src/cpswm/foundation/__init__.py",
    "cpswm.system.household_memory_benchmark.contracts": "/private/tmp/cpswm-pc-a-w2-review-target-w3-20260912/src/cpswm/system/household_memory_benchmark/contracts.py",
    "cpswm.system.household_memory_benchmark": "/private/tmp/cpswm-pc-a-w2-review-target-w3-20260912/src/cpswm/system/household_memory_benchmark/__init__.py",
    "cpswm.system.evaluation_operations.evaluator": "/private/tmp/cpswm-pc-a-w2-review-target-w3-20260912/src/cpswm/system/evaluation_operations/evaluator.py",
    "cpswm.system.evaluation_operations.fair_ablation": "/private/tmp/cpswm-pc-a-w2-review-target-w3-20260912/src/cpswm/system/evaluation_operations/fair_ablation.py",
    "cpswm.system.counterfactual_event_hypergraph.contracts": "/private/tmp/cpswm-pc-a-w2-review-target-w3-20260912/src/cpswm/system/counterfactual_event_hypergraph/contracts.py",
    "cpswm.system.counterfactual_event_hypergraph.engine": "/private/tmp/cpswm-pc-a-w2-review-target-w3-20260912/src/cpswm/system/counterfactual_event_hypergraph/engine.py",
    "cpswm.system.counterfactual_event_hypergraph.baselines": "/private/tmp/cpswm-pc-a-w2-review-target-w3-20260912/src/cpswm/system/counterfactual_event_hypergraph/baselines.py",
    "cpswm.system.counterfactual_event_hypergraph.hypothesis_message_passing": "/private/tmp/cpswm-pc-a-w2-review-target-w3-20260912/src/cpswm/system/counterfactual_event_hypergraph/hypothesis_message_passing.py",
    "cpswm.system.counterfactual_event_hypergraph.feedback_revision_loop": "/private/tmp/cpswm-pc-a-w2-review-target-w3-20260912/src/cpswm/system/counterfactual_event_hypergraph/feedback_revision_loop.py",
    "cpswm.system.counterfactual_event_hypergraph": "/private/tmp/cpswm-pc-a-w2-review-target-w3-20260912/src/cpswm/system/counterfactual_event_hypergraph/__init__.py",
    "cpswm.system.evaluation_operations.hidden_event_death_test": "/private/tmp/cpswm-pc-a-w2-review-target-w3-20260912/src/cpswm/system/evaluation_operations/hidden_event_death_test.py",
    "cpswm.system.evaluation_operations.independent_test_process": "/private/tmp/cpswm-pc-a-w2-review-target-w3-20260912/src/cpswm/system/evaluation_operations/independent_test_process.py",
    "cpswm.system.evaluation_operations.method_falsification": "/private/tmp/cpswm-pc-a-w2-review-target-w3-20260912/src/cpswm/system/evaluation_operations/method_falsification.py",
    "cpswm.system.evaluation_operations.oam_phm_baselines": "/private/tmp/cpswm-pc-a-w2-review-target-w3-20260912/src/cpswm/system/evaluation_operations/oam_phm_baselines.py",
    "cpswm.system.evaluation_operations.oam_phm_external_evidence": "/private/tmp/cpswm-pc-a-w2-review-target-w3-20260912/src/cpswm/system/evaluation_operations/oam_phm_external_evidence.py",
    "cpswm.system.evaluation_operations.oam_phm_external_receipts": "/private/tmp/cpswm-pc-a-w2-review-target-w3-20260912/src/cpswm/system/evaluation_operations/oam_phm_external_receipts.py",
    "cpswm.system.evaluation_operations.oam_phm_selected_protocol": "/private/tmp/cpswm-pc-a-w2-review-target-w3-20260912/src/cpswm/system/evaluation_operations/oam_phm_selected_protocol.py",
    "cpswm.system.evaluation_operations.online_shift_attribution": "/private/tmp/cpswm-pc-a-w2-review-target-w3-20260912/src/cpswm/system/evaluation_operations/online_shift_attribution.py",
    "cpswm.system.evaluation_operations.shift_baselines": "/private/tmp/cpswm-pc-a-w2-review-target-w3-20260912/src/cpswm/system/evaluation_operations/shift_baselines.py",
    "cpswm.system.evaluation_operations.project_one_ablation_pilot": "/private/tmp/cpswm-pc-a-w2-review-target-w3-20260912/src/cpswm/system/evaluation_operations/project_one_ablation_pilot.py",
    "cpswm.system.evaluation_operations.sealed_test_split": "/private/tmp/cpswm-pc-a-w2-review-target-w3-20260912/src/cpswm/system/evaluation_operations/sealed_test_split.py",
    "cpswm.system.evaluation_operations.project_one_ablation_v0_2": "/private/tmp/cpswm-pc-a-w2-review-target-w3-20260912/src/cpswm/system/evaluation_operations/project_one_ablation_v0_2.py",
    "cpswm.system.evaluation_operations.project_two_dataset": "/private/tmp/cpswm-pc-a-w2-review-target-w3-20260912/src/cpswm/system/evaluation_operations/project_two_dataset.py",
    "cpswm.system.evaluation_operations.structure_two_search_utility": "/private/tmp/cpswm-pc-a-w2-review-target-w3-20260912/src/cpswm/system/evaluation_operations/structure_two_search_utility.py",
    "cpswm.world_model.grounded_search.active_verification": "/private/tmp/cpswm-pc-a-w2-review-target-w3-20260912/src/cpswm/world_model/grounded_search/active_verification.py",
    "cpswm.world_model.grounded_search.adapters": "/private/tmp/cpswm-pc-a-w2-review-target-w3-20260912/src/cpswm/world_model/grounded_search/adapters.py",
    "cpswm.world_model.grounded_search.ciav_opceu_loop": "/private/tmp/cpswm-pc-a-w2-review-target-w3-20260912/src/cpswm/world_model/grounded_search/ciav_opceu_loop.py",
    "cpswm.world_model.grounded_search.concurrent_map_task": "/private/tmp/cpswm-pc-a-w2-review-target-w3-20260912/src/cpswm/world_model/grounded_search/concurrent_map_task.py",
    "cpswm.world_model.grounded_search.embodiment_platforms": "/private/tmp/cpswm-pc-a-w2-review-target-w3-20260912/src/cpswm/world_model/grounded_search/embodiment_platforms.py",
    "cpswm.world_model.grounded_search.execution_feedback": "/private/tmp/cpswm-pc-a-w2-review-target-w3-20260912/src/cpswm/world_model/grounded_search/execution_feedback.py",
    "cpswm.world_model.grounded_search.feedback_replay": "/private/tmp/cpswm-pc-a-w2-review-target-w3-20260912/src/cpswm/world_model/grounded_search/feedback_replay.py",
    "cpswm.world_model.grounded_search.identity_verification": "/private/tmp/cpswm-pc-a-w2-review-target-w3-20260912/src/cpswm/world_model/grounded_search/identity_verification.py",
    "cpswm.world_model.grounded_search.joint_posterior": "/private/tmp/cpswm-pc-a-w2-review-target-w3-20260912/src/cpswm/world_model/grounded_search/joint_posterior.py",
    "cpswm.world_model.grounded_search.layered_map": "/private/tmp/cpswm-pc-a-w2-review-target-w3-20260912/src/cpswm/world_model/grounded_search/layered_map.py",
    "cpswm.world_model.grounded_search.memory_reliability": "/private/tmp/cpswm-pc-a-w2-review-target-w3-20260912/src/cpswm/world_model/grounded_search/memory_reliability.py",
    "cpswm.world_model.grounded_search.multi_parse_query": "/private/tmp/cpswm-pc-a-w2-review-target-w3-20260912/src/cpswm/world_model/grounded_search/multi_parse_query.py",
    "cpswm.world_model.grounded_search.oracle": "/private/tmp/cpswm-pc-a-w2-review-target-w3-20260912/src/cpswm/world_model/grounded_search/oracle.py",
    "cpswm.world_model.grounded_search.pipeline": "/private/tmp/cpswm-pc-a-w2-review-target-w3-20260912/src/cpswm/world_model/grounded_search/pipeline.py",
    "cpswm.world_model.grounded_search.probabilistic_instance_graph": "/private/tmp/cpswm-pc-a-w2-review-target-w3-20260912/src/cpswm/world_model/grounded_search/probabilistic_instance_graph.py",
    "cpswm.world_model.grounded_search.revision_aware_evidence": "/private/tmp/cpswm-pc-a-w2-review-target-w3-20260912/src/cpswm/world_model/grounded_search/revision_aware_evidence.py",
    "cpswm.world_model.grounded_search": "/private/tmp/cpswm-pc-a-w2-review-target-w3-20260912/src/cpswm/world_model/grounded_search/__init__.py",
    "cpswm.system.continual.hybrid_event_to_task_loop": "/private/tmp/cpswm-pc-a-w2-review-target-w3-20260912/src/cpswm/system/continual/hybrid_event_to_task_loop.py",
    "cpswm.system.evaluation_operations.structure_two_selected_method": "/private/tmp/cpswm-pc-a-w2-review-target-w3-20260912/src/cpswm/system/evaluation_operations/structure_two_selected_method.py",
    "cpswm.system.structure_two_execution": "/private/tmp/cpswm-pc-a-w2-review-target-w3-20260912/src/cpswm/system/structure_two_execution.py",
    "cpswm.system.structure_two_particle_workspace": "/private/tmp/cpswm-pc-a-w2-review-target-w3-20260912/src/cpswm/system/structure_two_particle_workspace.py",
    "cpswm.system.prototype_spine": "/private/tmp/cpswm-pc-a-w2-review-target-w3-20260912/src/cpswm/system/prototype_spine.py",
    "cpswm.system.structure_two_adaptive_runtime": "/private/tmp/cpswm-pc-a-w2-review-target-w3-20260912/src/cpswm/system/structure_two_adaptive_runtime.py",
    "cpswm.system.structure_two_production_system": "/private/tmp/cpswm-pc-a-w2-review-target-w3-20260912/src/cpswm/system/structure_two_production_system.py",
    "cpswm.system.evaluation_operations.project_two_action_benchmark": "/private/tmp/cpswm-pc-a-w2-review-target-w3-20260912/src/cpswm/system/evaluation_operations/project_two_action_benchmark.py",
    "cpswm.system.evaluation_operations.structure_two_action_death_test": "/private/tmp/cpswm-pc-a-w2-review-target-w3-20260912/src/cpswm/system/evaluation_operations/structure_two_action_death_test.py",
    "cpswm.system.evaluation_operations.project_two_dataset_adapters": "/private/tmp/cpswm-pc-a-w2-review-target-w3-20260912/src/cpswm/system/evaluation_operations/project_two_dataset_adapters.py",
    "cpswm.system.evaluation_operations.project_two_d1_development": "/private/tmp/cpswm-pc-a-w2-review-target-w3-20260912/src/cpswm/system/evaluation_operations/project_two_d1_development.py",
    "cpswm.system.evaluation_operations.project_two_multiseed_evidence": "/private/tmp/cpswm-pc-a-w2-review-target-w3-20260912/src/cpswm/system/evaluation_operations/project_two_multiseed_evidence.py",
    "cpswm.system.evaluation_operations.project_two_real_perception": "/private/tmp/cpswm-pc-a-w2-review-target-w3-20260912/src/cpswm/system/evaluation_operations/project_two_real_perception.py",
    "cpswm.system.evaluation_operations.project_two_replay_importer": "/private/tmp/cpswm-pc-a-w2-review-target-w3-20260912/src/cpswm/system/evaluation_operations/project_two_replay_importer.py",
    "cpswm.system.evaluation_operations.structure_two_evidence_artifacts": "/private/tmp/cpswm-pc-a-w2-review-target-w3-20260912/src/cpswm/system/evaluation_operations/structure_two_evidence_artifacts.py",
    "cpswm.system.evaluation_operations.structure_two_artifact_verifier": "/private/tmp/cpswm-pc-a-w2-review-target-w3-20260912/src/cpswm/system/evaluation_operations/structure_two_artifact_verifier.py",
    "cpswm.system.evaluation_operations.project_two_experiment_config": "/private/tmp/cpswm-pc-a-w2-review-target-w3-20260912/src/cpswm/system/evaluation_operations/project_two_experiment_config.py",
    "cpswm.system.evaluation_operations.structure_two_cost_guardrail_calibration": "/private/tmp/cpswm-pc-a-w2-review-target-w3-20260912/src/cpswm/system/evaluation_operations/structure_two_cost_guardrail_calibration.py",
    "cpswm.system.evaluation_operations.structure_two_technical_route_audit": "/private/tmp/cpswm-pc-a-w2-review-target-w3-20260912/src/cpswm/system/evaluation_operations/structure_two_technical_route_audit.py",
    "cpswm.system.evaluation_operations": "/private/tmp/cpswm-pc-a-w2-review-target-w3-20260912/src/cpswm/system/evaluation_operations/__init__.py",
    "cpswm.system.structure_two_semantic_identity": "/private/tmp/cpswm-pc-a-w2-review-target-w3-20260912/src/cpswm/system/structure_two_semantic_identity.py"
  },
  "cases": [
    {
      "case": "legal_same",
      "history_fixture": "_legacy_history(12)",
      "target_index": 8,
      "requested_location": "a5a97d44-a72a-f6e7-3ef1-72fba6bb29d3",
      "requested_mass": 0.19836201405759452,
      "operations": [
        "correct"
      ],
      "error": null,
      "before": {
        "observable": "4168a5e6ceb42a74f2a6a2a47269e8ad195e620da3b52aa851b84e46a9d65b84",
        "ledger": "4ce0b2d6c9f3ac4da50f4eea10e39492cc475475ff804c2d9be60fe28b0608df",
        "action": {
          "44b33099-dee8-2a8b-cc46-e34a555d6659": 0.8579184749213853,
          "23a2ff08-fd31-2108-19c8-56bbe1bdd947": 0.0,
          "a5a97d44-a72a-f6e7-3ef1-72fba6bb29d3": 0.1420815250786148,
          "b4634a80-b40c-5fe8-e981-d10b5cfd9d0d": 0.0
        },
        "committed": [
          "03bee523-f705-54b7-8808-3b006513752e",
          "0f5685f8-b161-5532-9a33-32b4bed97e07",
          "1b64e1e0-00cd-587e-9f8d-8b459d6bba2a",
          "43e27083-2cb5-5639-ad6d-7bce937d9703",
          "44607dfc-f2f2-5ede-a2c2-d5eec27f0c96",
          "466285fa-f136-5cb6-9569-925f27bc9d5c",
          "5c21bcfc-9b20-584a-8376-100096501881",
          "9c62dbbc-b649-5a39-bfe0-e68f2fb477fd",
          "a4003fe4-412c-53c5-a42a-400006776c7e",
          "b082733d-132e-5cd7-a07a-ab7f75b013b5",
          "bd0de4c9-3c64-5ee5-8a05-d29daa4158ef",
          "c626ec79-0689-50e0-a1fa-6b4c0515419f"
        ],
        "identities": [
          4439493664,
          4439496352,
          4439495680,
          4439497024
        ]
      },
      "after": {
        "observable": "f03e216a278fe46e761998840915875481f80f18126de678daf2f31c4ad7ad2d",
        "ledger": "ae91df30fcf72ebe1b84d2d60edcc84a01b98877eee1c8181aa38f41417e0fc1",
        "action": {
          "44b33099-dee8-2a8b-cc46-e34a555d6659": 0.8579184749213853,
          "23a2ff08-fd31-2108-19c8-56bbe1bdd947": 0.0,
          "a5a97d44-a72a-f6e7-3ef1-72fba6bb29d3": 0.1420815250786148,
          "b4634a80-b40c-5fe8-e981-d10b5cfd9d0d": 0.0
        },
        "committed": [
          "03bee523-f705-54b7-8808-3b006513752e",
          "0f5685f8-b161-5532-9a33-32b4bed97e07",
          "1b64e1e0-00cd-587e-9f8d-8b459d6bba2a",
          "43e27083-2cb5-5639-ad6d-7bce937d9703",
          "44607dfc-f2f2-5ede-a2c2-d5eec27f0c96",
          "466285fa-f136-5cb6-9569-925f27bc9d5c",
          "5c21bcfc-9b20-584a-8376-100096501881",
          "9447f258-b4dd-4f73-b51a-e25c9d792235",
          "a4003fe4-412c-53c5-a42a-400006776c7e",
          "b082733d-132e-5cd7-a07a-ab7f75b013b5",
          "bd0de4c9-3c64-5ee5-8a05-d29daa4158ef",
          "c626ec79-0689-50e0-a1fa-6b4c0515419f"
        ],
        "identities": [
          4439493664,
          4439767376,
          4444675552,
          4439497024
        ]
      },
      "action_distribution_changed": false,
      "checks_passed": true
    },
    {
      "case": "legal_different",
      "history_fixture": "_legacy_history(12)",
      "target_index": 8,
      "requested_location": "44b33099-dee8-2a8b-cc46-e34a555d6659",
      "requested_mass": 0.19836201405759452,
      "operations": [
        "correct"
      ],
      "error": null,
      "before": {
        "observable": "9b95019fac7cc0339e32dac819d5bac4846b3e293e95075ba62cd6f771e6d367",
        "ledger": "f87dd0b939b3c5265f70e917975498f27059945a48b47ea95c78330b567173e0",
        "action": {
          "44b33099-dee8-2a8b-cc46-e34a555d6659": 0.8579184749213853,
          "23a2ff08-fd31-2108-19c8-56bbe1bdd947": 0.0,
          "a5a97d44-a72a-f6e7-3ef1-72fba6bb29d3": 0.1420815250786148,
          "b4634a80-b40c-5fe8-e981-d10b5cfd9d0d": 0.0
        },
        "committed": [
          "03bee523-f705-54b7-8808-3b006513752e",
          "0f5685f8-b161-5532-9a33-32b4bed97e07",
          "1b64e1e0-00cd-587e-9f8d-8b459d6bba2a",
          "43e27083-2cb5-5639-ad6d-7bce937d9703",
          "44607dfc-f2f2-5ede-a2c2-d5eec27f0c96",
          "466285fa-f136-5cb6-9569-925f27bc9d5c",
          "5c21bcfc-9b20-584a-8376-100096501881",
          "9c62dbbc-b649-5a39-bfe0-e68f2fb477fd",
          "a4003fe4-412c-53c5-a42a-400006776c7e",
          "b082733d-132e-5cd7-a07a-ab7f75b013b5",
          "bd0de4c9-3c64-5ee5-8a05-d29daa4158ef",
          "c626ec79-0689-50e0-a1fa-6b4c0515419f"
        ],
        "identities": [
          4441105232,
          4439766416,
          4446068896,
          4442810064
        ]
      },
      "after": {
        "observable": "1644894ba1f6f40d485b8d101cd361fceb55ee79cc08247bd37608a991ca2d9c",
        "ledger": "d477508d673a4cd462915a754795d8ee4ec886d7cd08b99ac97780d24c8c9bf1",
        "action": {
          "44b33099-dee8-2a8b-cc46-e34a555d6659": 0.8875784400884352,
          "23a2ff08-fd31-2108-19c8-56bbe1bdd947": 0.0,
          "a5a97d44-a72a-f6e7-3ef1-72fba6bb29d3": 0.1124215599115648,
          "b4634a80-b40c-5fe8-e981-d10b5cfd9d0d": 0.0
        },
        "committed": [
          "03bee523-f705-54b7-8808-3b006513752e",
          "0f5685f8-b161-5532-9a33-32b4bed97e07",
          "1b64e1e0-00cd-587e-9f8d-8b459d6bba2a",
          "43e27083-2cb5-5639-ad6d-7bce937d9703",
          "44607dfc-f2f2-5ede-a2c2-d5eec27f0c96",
          "466285fa-f136-5cb6-9569-925f27bc9d5c",
          "5c21bcfc-9b20-584a-8376-100096501881",
          "a4003fe4-412c-53c5-a42a-400006776c7e",
          "b082733d-132e-5cd7-a07a-ab7f75b013b5",
          "bd0de4c9-3c64-5ee5-8a05-d29daa4158ef",
          "c626ec79-0689-50e0-a1fa-6b4c0515419f",
          "ce8d53b9-7b70-4c14-a6e3-bd2badeff3eb"
        ],
        "identities": [
          4441105232,
          4439767760,
          4448616160,
          4442810064
        ]
      },
      "action_distribution_changed": true,
      "checks_passed": true
    },
    {
      "case": "ineligible_different",
      "history_fixture": "_legacy_history(12)",
      "target_index": 3,
      "requested_location": "23a2ff08-fd31-2108-19c8-56bbe1bdd947",
      "requested_mass": 0.8196639844033716,
      "operations": [],
      "error": "CORRECT not admitted by CCRR; transaction rolled back",
      "before": {
        "observable": "709479448d33fbece153dbb2aa34bb24824184ac8c64a57e7e871a9deaafecf5",
        "ledger": "b017afb4462420c7f4960904e11e776f70e5d355ca8bd2406e84e77f330ca874",
        "action": {
          "44b33099-dee8-2a8b-cc46-e34a555d6659": 0.8579184749213853,
          "23a2ff08-fd31-2108-19c8-56bbe1bdd947": 0.0,
          "a5a97d44-a72a-f6e7-3ef1-72fba6bb29d3": 0.1420815250786148,
          "b4634a80-b40c-5fe8-e981-d10b5cfd9d0d": 0.0
        },
        "committed": [
          "03bee523-f705-54b7-8808-3b006513752e",
          "0f5685f8-b161-5532-9a33-32b4bed97e07",
          "1b64e1e0-00cd-587e-9f8d-8b459d6bba2a",
          "43e27083-2cb5-5639-ad6d-7bce937d9703",
          "44607dfc-f2f2-5ede-a2c2-d5eec27f0c96",
          "466285fa-f136-5cb6-9569-925f27bc9d5c",
          "5c21bcfc-9b20-584a-8376-100096501881",
          "9c62dbbc-b649-5a39-bfe0-e68f2fb477fd",
          "a4003fe4-412c-53c5-a42a-400006776c7e",
          "b082733d-132e-5cd7-a07a-ab7f75b013b5",
          "bd0de4c9-3c64-5ee5-8a05-d29daa4158ef",
          "c626ec79-0689-50e0-a1fa-6b4c0515419f"
        ],
        "identities": [
          4442289904,
          4443687440,
          4448402112,
          4445143888
        ]
      },
      "after": {
        "observable": "709479448d33fbece153dbb2aa34bb24824184ac8c64a57e7e871a9deaafecf5",
        "ledger": "b017afb4462420c7f4960904e11e776f70e5d355ca8bd2406e84e77f330ca874",
        "action": {
          "44b33099-dee8-2a8b-cc46-e34a555d6659": 0.8579184749213853,
          "23a2ff08-fd31-2108-19c8-56bbe1bdd947": 0.0,
          "a5a97d44-a72a-f6e7-3ef1-72fba6bb29d3": 0.1420815250786148,
          "b4634a80-b40c-5fe8-e981-d10b5cfd9d0d": 0.0
        },
        "committed": [
          "03bee523-f705-54b7-8808-3b006513752e",
          "0f5685f8-b161-5532-9a33-32b4bed97e07",
          "1b64e1e0-00cd-587e-9f8d-8b459d6bba2a",
          "43e27083-2cb5-5639-ad6d-7bce937d9703",
          "44607dfc-f2f2-5ede-a2c2-d5eec27f0c96",
          "466285fa-f136-5cb6-9569-925f27bc9d5c",
          "5c21bcfc-9b20-584a-8376-100096501881",
          "9c62dbbc-b649-5a39-bfe0-e68f2fb477fd",
          "a4003fe4-412c-53c5-a42a-400006776c7e",
          "b082733d-132e-5cd7-a07a-ab7f75b013b5",
          "bd0de4c9-3c64-5ee5-8a05-d29daa4158ef",
          "c626ec79-0689-50e0-a1fa-6b4c0515419f"
        ],
        "identities": [
          4442289904,
          4443687440,
          4448402112,
          4445143888
        ]
      },
      "action_distribution_changed": false,
      "checks_passed": true
    }
  ]
}
