.....................EEEEFF.EF...EEEE.EFFF.F......                       [100%]
==================================== ERRORS ====================================
__ ERROR at setup of test_route_c_particles_carry_all_seven_axes_across_time ___

    @pytest.fixture(scope="module")
    def runtime_dependencies():
        config = load_stateful_full_joint_config(ROOT)
>       model = load_neural_proposal_model(config.neural_proposal_model_path)
                ^^^^^^^^^^^^^^^^^^^^^^^^^^^^^^^^^^^^^^^^^^^^^^^^^^^^^^^^^^^^^

tests/test_structure_two_stateful_full_joint.py:42: 
_ _ _ _ _ _ _ _ _ _ _ _ _ _ _ _ _ _ _ _ _ _ _ _ _ _ _ _ _ _ _ _ _ _ _ _ _ _ _ _ 
src/cpswm/system/evaluation_operations/structure_two_stateful_full_joint.py:294: in load_neural_proposal_model
    payload = json.loads(path.read_text(encoding="utf-8"))
                         ^^^^^^^^^^^^^^^^^^^^^^^^^^^^^^^^
/Users/pangwei/.local/share/uv/python/cpython-3.13.5-macos-aarch64-none/lib/python3.13/pathlib/_local.py:546: in read_text
    return PathBase.read_text(self, encoding, errors, newline)
           ^^^^^^^^^^^^^^^^^^^^^^^^^^^^^^^^^^^^^^^^^^^^^^^^^^^
/Users/pangwei/.local/share/uv/python/cpython-3.13.5-macos-aarch64-none/lib/python3.13/pathlib/_abc.py:632: in read_text
    with self.open(mode='r', encoding=encoding, errors=errors, newline=newline) as f:
         ^^^^^^^^^^^^^^^^^^^^^^^^^^^^^^^^^^^^^^^^^^^^^^^^^^^^^^^^^^^^^^^^^^^^^^
_ _ _ _ _ _ _ _ _ _ _ _ _ _ _ _ _ _ _ _ _ _ _ _ _ _ _ _ _ _ _ _ _ _ _ _ _ _ _ _ 

self = PosixPath('/private/tmp/cpswm-pc-a-w2-review-target-w3-20260912/artifacts/project_two_v04_development/structure_two_neural_amortized_model_v0_1.json')
mode = 'r', buffering = -1, encoding = 'utf-8', errors = None, newline = None

    def open(self, mode='r', buffering=-1, encoding=None,
             errors=None, newline=None):
        """
        Open the file pointed to by this path and return a file object, as
        the built-in open() function does.
        """
        if "b" not in mode:
            encoding = io.text_encoding(encoding)
>       return io.open(self, mode, buffering, encoding, errors, newline)
               ^^^^^^^^^^^^^^^^^^^^^^^^^^^^^^^^^^^^^^^^^^^^^^^^^^^^^^^^^
E       FileNotFoundError: [Errno 2] No such file or directory: '/private/tmp/cpswm-pc-a-w2-review-target-w3-20260912/artifacts/project_two_v04_development/structure_two_neural_amortized_model_v0_1.json'

/Users/pangwei/.local/share/uv/python/cpython-3.13.5-macos-aarch64-none/lib/python3.13/pathlib/_local.py:537: FileNotFoundError
_ ERROR at setup of test_joint_and_factorized_arms_are_compute_matched_but_not_the_same_model _

    @pytest.fixture(scope="module")
    def runtime_dependencies():
        config = load_stateful_full_joint_config(ROOT)
>       model = load_neural_proposal_model(config.neural_proposal_model_path)
                ^^^^^^^^^^^^^^^^^^^^^^^^^^^^^^^^^^^^^^^^^^^^^^^^^^^^^^^^^^^^^

tests/test_structure_two_stateful_full_joint.py:42: 
_ _ _ _ _ _ _ _ _ _ _ _ _ _ _ _ _ _ _ _ _ _ _ _ _ _ _ _ _ _ _ _ _ _ _ _ _ _ _ _ 
src/cpswm/system/evaluation_operations/structure_two_stateful_full_joint.py:294: in load_neural_proposal_model
    payload = json.loads(path.read_text(encoding="utf-8"))
                         ^^^^^^^^^^^^^^^^^^^^^^^^^^^^^^^^
/Users/pangwei/.local/share/uv/python/cpython-3.13.5-macos-aarch64-none/lib/python3.13/pathlib/_local.py:546: in read_text
    return PathBase.read_text(self, encoding, errors, newline)
           ^^^^^^^^^^^^^^^^^^^^^^^^^^^^^^^^^^^^^^^^^^^^^^^^^^^
/Users/pangwei/.local/share/uv/python/cpython-3.13.5-macos-aarch64-none/lib/python3.13/pathlib/_abc.py:632: in read_text
    with self.open(mode='r', encoding=encoding, errors=errors, newline=newline) as f:
         ^^^^^^^^^^^^^^^^^^^^^^^^^^^^^^^^^^^^^^^^^^^^^^^^^^^^^^^^^^^^^^^^^^^^^^
_ _ _ _ _ _ _ _ _ _ _ _ _ _ _ _ _ _ _ _ _ _ _ _ _ _ _ _ _ _ _ _ _ _ _ _ _ _ _ _ 

self = PosixPath('/private/tmp/cpswm-pc-a-w2-review-target-w3-20260912/artifacts/project_two_v04_development/structure_two_neural_amortized_model_v0_1.json')
mode = 'r', buffering = -1, encoding = 'utf-8', errors = None, newline = None

    def open(self, mode='r', buffering=-1, encoding=None,
             errors=None, newline=None):
        """
        Open the file pointed to by this path and return a file object, as
        the built-in open() function does.
        """
        if "b" not in mode:
            encoding = io.text_encoding(encoding)
>       return io.open(self, mode, buffering, encoding, errors, newline)
               ^^^^^^^^^^^^^^^^^^^^^^^^^^^^^^^^^^^^^^^^^^^^^^^^^^^^^^^^^
E       FileNotFoundError: [Errno 2] No such file or directory: '/private/tmp/cpswm-pc-a-w2-review-target-w3-20260912/artifacts/project_two_v04_development/structure_two_neural_amortized_model_v0_1.json'

/Users/pangwei/.local/share/uv/python/cpython-3.13.5-macos-aarch64-none/lib/python3.13/pathlib/_local.py:537: FileNotFoundError
____ ERROR at setup of test_low_owner_unknown_event_cannot_enter_joint_rgrc ____

    @pytest.fixture(scope="module")
    def runtime_dependencies():
        config = load_stateful_full_joint_config(ROOT)
>       model = load_neural_proposal_model(config.neural_proposal_model_path)
                ^^^^^^^^^^^^^^^^^^^^^^^^^^^^^^^^^^^^^^^^^^^^^^^^^^^^^^^^^^^^^

tests/test_structure_two_stateful_full_joint.py:42: 
_ _ _ _ _ _ _ _ _ _ _ _ _ _ _ _ _ _ _ _ _ _ _ _ _ _ _ _ _ _ _ _ _ _ _ _ _ _ _ _ 
src/cpswm/system/evaluation_operations/structure_two_stateful_full_joint.py:294: in load_neural_proposal_model
    payload = json.loads(path.read_text(encoding="utf-8"))
                         ^^^^^^^^^^^^^^^^^^^^^^^^^^^^^^^^
/Users/pangwei/.local/share/uv/python/cpython-3.13.5-macos-aarch64-none/lib/python3.13/pathlib/_local.py:546: in read_text
    return PathBase.read_text(self, encoding, errors, newline)
           ^^^^^^^^^^^^^^^^^^^^^^^^^^^^^^^^^^^^^^^^^^^^^^^^^^^
/Users/pangwei/.local/share/uv/python/cpython-3.13.5-macos-aarch64-none/lib/python3.13/pathlib/_abc.py:632: in read_text
    with self.open(mode='r', encoding=encoding, errors=errors, newline=newline) as f:
         ^^^^^^^^^^^^^^^^^^^^^^^^^^^^^^^^^^^^^^^^^^^^^^^^^^^^^^^^^^^^^^^^^^^^^^
_ _ _ _ _ _ _ _ _ _ _ _ _ _ _ _ _ _ _ _ _ _ _ _ _ _ _ _ _ _ _ _ _ _ _ _ _ _ _ _ 

self = PosixPath('/private/tmp/cpswm-pc-a-w2-review-target-w3-20260912/artifacts/project_two_v04_development/structure_two_neural_amortized_model_v0_1.json')
mode = 'r', buffering = -1, encoding = 'utf-8', errors = None, newline = None

    def open(self, mode='r', buffering=-1, encoding=None,
             errors=None, newline=None):
        """
        Open the file pointed to by this path and return a file object, as
        the built-in open() function does.
        """
        if "b" not in mode:
            encoding = io.text_encoding(encoding)
>       return io.open(self, mode, buffering, encoding, errors, newline)
               ^^^^^^^^^^^^^^^^^^^^^^^^^^^^^^^^^^^^^^^^^^^^^^^^^^^^^^^^^
E       FileNotFoundError: [Errno 2] No such file or directory: '/private/tmp/cpswm-pc-a-w2-review-target-w3-20260912/artifacts/project_two_v04_development/structure_two_neural_amortized_model_v0_1.json'

/Users/pangwei/.local/share/uv/python/cpython-3.13.5-macos-aarch64-none/lib/python3.13/pathlib/_local.py:537: FileNotFoundError
_ ERROR at setup of test_feedback_reweights_full_state_and_extends_revision_lineage _

    @pytest.fixture(scope="module")
    def runtime_dependencies():
        config = load_stateful_full_joint_config(ROOT)
>       model = load_neural_proposal_model(config.neural_proposal_model_path)
                ^^^^^^^^^^^^^^^^^^^^^^^^^^^^^^^^^^^^^^^^^^^^^^^^^^^^^^^^^^^^^

tests/test_structure_two_stateful_full_joint.py:42: 
_ _ _ _ _ _ _ _ _ _ _ _ _ _ _ _ _ _ _ _ _ _ _ _ _ _ _ _ _ _ _ _ _ _ _ _ _ _ _ _ 
src/cpswm/system/evaluation_operations/structure_two_stateful_full_joint.py:294: in load_neural_proposal_model
    payload = json.loads(path.read_text(encoding="utf-8"))
                         ^^^^^^^^^^^^^^^^^^^^^^^^^^^^^^^^
/Users/pangwei/.local/share/uv/python/cpython-3.13.5-macos-aarch64-none/lib/python3.13/pathlib/_local.py:546: in read_text
    return PathBase.read_text(self, encoding, errors, newline)
           ^^^^^^^^^^^^^^^^^^^^^^^^^^^^^^^^^^^^^^^^^^^^^^^^^^^
/Users/pangwei/.local/share/uv/python/cpython-3.13.5-macos-aarch64-none/lib/python3.13/pathlib/_abc.py:632: in read_text
    with self.open(mode='r', encoding=encoding, errors=errors, newline=newline) as f:
         ^^^^^^^^^^^^^^^^^^^^^^^^^^^^^^^^^^^^^^^^^^^^^^^^^^^^^^^^^^^^^^^^^^^^^^
_ _ _ _ _ _ _ _ _ _ _ _ _ _ _ _ _ _ _ _ _ _ _ _ _ _ _ _ _ _ _ _ _ _ _ _ _ _ _ _ 

self = PosixPath('/private/tmp/cpswm-pc-a-w2-review-target-w3-20260912/artifacts/project_two_v04_development/structure_two_neural_amortized_model_v0_1.json')
mode = 'r', buffering = -1, encoding = 'utf-8', errors = None, newline = None

    def open(self, mode='r', buffering=-1, encoding=None,
             errors=None, newline=None):
        """
        Open the file pointed to by this path and return a file object, as
        the built-in open() function does.
        """
        if "b" not in mode:
            encoding = io.text_encoding(encoding)
>       return io.open(self, mode, buffering, encoding, errors, newline)
               ^^^^^^^^^^^^^^^^^^^^^^^^^^^^^^^^^^^^^^^^^^^^^^^^^^^^^^^^^
E       FileNotFoundError: [Errno 2] No such file or directory: '/private/tmp/cpswm-pc-a-w2-review-target-w3-20260912/artifacts/project_two_v04_development/structure_two_neural_amortized_model_v0_1.json'

/Users/pangwei/.local/share/uv/python/cpython-3.13.5-macos-aarch64-none/lib/python3.13/pathlib/_local.py:537: FileNotFoundError
_ ERROR at setup of test_round_one_complete_positive_support_is_not_top_k_truncated _

    @pytest.fixture(scope="module")
    def dependencies():
        config = load_stateful_full_joint_config(ROOT)
>       return config, load_neural_proposal_model(config.neural_proposal_model_path)
                       ^^^^^^^^^^^^^^^^^^^^^^^^^^^^^^^^^^^^^^^^^^^^^^^^^^^^^^^^^^^^^

tests/test_structure_two_stateful_full_joint_adversarial.py:44: 
_ _ _ _ _ _ _ _ _ _ _ _ _ _ _ _ _ _ _ _ _ _ _ _ _ _ _ _ _ _ _ _ _ _ _ _ _ _ _ _ 
src/cpswm/system/evaluation_operations/structure_two_stateful_full_joint.py:294: in load_neural_proposal_model
    payload = json.loads(path.read_text(encoding="utf-8"))
                         ^^^^^^^^^^^^^^^^^^^^^^^^^^^^^^^^
/Users/pangwei/.local/share/uv/python/cpython-3.13.5-macos-aarch64-none/lib/python3.13/pathlib/_local.py:546: in read_text
    return PathBase.read_text(self, encoding, errors, newline)
           ^^^^^^^^^^^^^^^^^^^^^^^^^^^^^^^^^^^^^^^^^^^^^^^^^^^
/Users/pangwei/.local/share/uv/python/cpython-3.13.5-macos-aarch64-none/lib/python3.13/pathlib/_abc.py:632: in read_text
    with self.open(mode='r', encoding=encoding, errors=errors, newline=newline) as f:
         ^^^^^^^^^^^^^^^^^^^^^^^^^^^^^^^^^^^^^^^^^^^^^^^^^^^^^^^^^^^^^^^^^^^^^^
_ _ _ _ _ _ _ _ _ _ _ _ _ _ _ _ _ _ _ _ _ _ _ _ _ _ _ _ _ _ _ _ _ _ _ _ _ _ _ _ 

self = PosixPath('/private/tmp/cpswm-pc-a-w2-review-target-w3-20260912/artifacts/project_two_v04_development/structure_two_neural_amortized_model_v0_1.json')
mode = 'r', buffering = -1, encoding = 'utf-8', errors = None, newline = None

    def open(self, mode='r', buffering=-1, encoding=None,
             errors=None, newline=None):
        """
        Open the file pointed to by this path and return a file object, as
        the built-in open() function does.
        """
        if "b" not in mode:
            encoding = io.text_encoding(encoding)
>       return io.open(self, mode, buffering, encoding, errors, newline)
               ^^^^^^^^^^^^^^^^^^^^^^^^^^^^^^^^^^^^^^^^^^^^^^^^^^^^^^^^^
E       FileNotFoundError: [Errno 2] No such file or directory: '/private/tmp/cpswm-pc-a-w2-review-target-w3-20260912/artifacts/project_two_v04_development/structure_two_neural_amortized_model_v0_1.json'

/Users/pangwei/.local/share/uv/python/cpython-3.13.5-macos-aarch64-none/lib/python3.13/pathlib/_local.py:537: FileNotFoundError
_ ERROR at setup of test_round_one_mutated_observation_is_revalidated_at_use_boundary _

    @pytest.fixture(scope="module")
    def dependencies():
        config = load_stateful_full_joint_config(ROOT)
>       return config, load_neural_proposal_model(config.neural_proposal_model_path)
                       ^^^^^^^^^^^^^^^^^^^^^^^^^^^^^^^^^^^^^^^^^^^^^^^^^^^^^^^^^^^^^

tests/test_structure_two_stateful_full_joint_adversarial.py:44: 
_ _ _ _ _ _ _ _ _ _ _ _ _ _ _ _ _ _ _ _ _ _ _ _ _ _ _ _ _ _ _ _ _ _ _ _ _ _ _ _ 
src/cpswm/system/evaluation_operations/structure_two_stateful_full_joint.py:294: in load_neural_proposal_model
    payload = json.loads(path.read_text(encoding="utf-8"))
                         ^^^^^^^^^^^^^^^^^^^^^^^^^^^^^^^^
/Users/pangwei/.local/share/uv/python/cpython-3.13.5-macos-aarch64-none/lib/python3.13/pathlib/_local.py:546: in read_text
    return PathBase.read_text(self, encoding, errors, newline)
           ^^^^^^^^^^^^^^^^^^^^^^^^^^^^^^^^^^^^^^^^^^^^^^^^^^^
/Users/pangwei/.local/share/uv/python/cpython-3.13.5-macos-aarch64-none/lib/python3.13/pathlib/_abc.py:632: in read_text
    with self.open(mode='r', encoding=encoding, errors=errors, newline=newline) as f:
         ^^^^^^^^^^^^^^^^^^^^^^^^^^^^^^^^^^^^^^^^^^^^^^^^^^^^^^^^^^^^^^^^^^^^^^
_ _ _ _ _ _ _ _ _ _ _ _ _ _ _ _ _ _ _ _ _ _ _ _ _ _ _ _ _ _ _ _ _ _ _ _ _ _ _ _ 

self = PosixPath('/private/tmp/cpswm-pc-a-w2-review-target-w3-20260912/artifacts/project_two_v04_development/structure_two_neural_amortized_model_v0_1.json')
mode = 'r', buffering = -1, encoding = 'utf-8', errors = None, newline = None

    def open(self, mode='r', buffering=-1, encoding=None,
             errors=None, newline=None):
        """
        Open the file pointed to by this path and return a file object, as
        the built-in open() function does.
        """
        if "b" not in mode:
            encoding = io.text_encoding(encoding)
>       return io.open(self, mode, buffering, encoding, errors, newline)
               ^^^^^^^^^^^^^^^^^^^^^^^^^^^^^^^^^^^^^^^^^^^^^^^^^^^^^^^^^
E       FileNotFoundError: [Errno 2] No such file or directory: '/private/tmp/cpswm-pc-a-w2-review-target-w3-20260912/artifacts/project_two_v04_development/structure_two_neural_amortized_model_v0_1.json'

/Users/pangwei/.local/share/uv/python/cpython-3.13.5-macos-aarch64-none/lib/python3.13/pathlib/_local.py:537: FileNotFoundError
_ ERROR at setup of test_round_one_revision_failure_rolls_back_all_mutable_state _

    @pytest.fixture(scope="module")
    def dependencies():
        config = load_stateful_full_joint_config(ROOT)
>       return config, load_neural_proposal_model(config.neural_proposal_model_path)
                       ^^^^^^^^^^^^^^^^^^^^^^^^^^^^^^^^^^^^^^^^^^^^^^^^^^^^^^^^^^^^^

tests/test_structure_two_stateful_full_joint_adversarial.py:44: 
_ _ _ _ _ _ _ _ _ _ _ _ _ _ _ _ _ _ _ _ _ _ _ _ _ _ _ _ _ _ _ _ _ _ _ _ _ _ _ _ 
src/cpswm/system/evaluation_operations/structure_two_stateful_full_joint.py:294: in load_neural_proposal_model
    payload = json.loads(path.read_text(encoding="utf-8"))
                         ^^^^^^^^^^^^^^^^^^^^^^^^^^^^^^^^
/Users/pangwei/.local/share/uv/python/cpython-3.13.5-macos-aarch64-none/lib/python3.13/pathlib/_local.py:546: in read_text
    return PathBase.read_text(self, encoding, errors, newline)
           ^^^^^^^^^^^^^^^^^^^^^^^^^^^^^^^^^^^^^^^^^^^^^^^^^^^
/Users/pangwei/.local/share/uv/python/cpython-3.13.5-macos-aarch64-none/lib/python3.13/pathlib/_abc.py:632: in read_text
    with self.open(mode='r', encoding=encoding, errors=errors, newline=newline) as f:
         ^^^^^^^^^^^^^^^^^^^^^^^^^^^^^^^^^^^^^^^^^^^^^^^^^^^^^^^^^^^^^^^^^^^^^^
_ _ _ _ _ _ _ _ _ _ _ _ _ _ _ _ _ _ _ _ _ _ _ _ _ _ _ _ _ _ _ _ _ _ _ _ _ _ _ _ 

self = PosixPath('/private/tmp/cpswm-pc-a-w2-review-target-w3-20260912/artifacts/project_two_v04_development/structure_two_neural_amortized_model_v0_1.json')
mode = 'r', buffering = -1, encoding = 'utf-8', errors = None, newline = None

    def open(self, mode='r', buffering=-1, encoding=None,
             errors=None, newline=None):
        """
        Open the file pointed to by this path and return a file object, as
        the built-in open() function does.
        """
        if "b" not in mode:
            encoding = io.text_encoding(encoding)
>       return io.open(self, mode, buffering, encoding, errors, newline)
               ^^^^^^^^^^^^^^^^^^^^^^^^^^^^^^^^^^^^^^^^^^^^^^^^^^^^^^^^^
E       FileNotFoundError: [Errno 2] No such file or directory: '/private/tmp/cpswm-pc-a-w2-review-target-w3-20260912/artifacts/project_two_v04_development/structure_two_neural_amortized_model_v0_1.json'

/Users/pangwei/.local/share/uv/python/cpython-3.13.5-macos-aarch64-none/lib/python3.13/pathlib/_local.py:537: FileNotFoundError
_ ERROR at setup of test_round_one_feedback_replay_and_substitution_are_rejected_atomically _

    @pytest.fixture(scope="module")
    def dependencies():
        config = load_stateful_full_joint_config(ROOT)
>       return config, load_neural_proposal_model(config.neural_proposal_model_path)
                       ^^^^^^^^^^^^^^^^^^^^^^^^^^^^^^^^^^^^^^^^^^^^^^^^^^^^^^^^^^^^^

tests/test_structure_two_stateful_full_joint_adversarial.py:44: 
_ _ _ _ _ _ _ _ _ _ _ _ _ _ _ _ _ _ _ _ _ _ _ _ _ _ _ _ _ _ _ _ _ _ _ _ _ _ _ _ 
src/cpswm/system/evaluation_operations/structure_two_stateful_full_joint.py:294: in load_neural_proposal_model
    payload = json.loads(path.read_text(encoding="utf-8"))
                         ^^^^^^^^^^^^^^^^^^^^^^^^^^^^^^^^
/Users/pangwei/.local/share/uv/python/cpython-3.13.5-macos-aarch64-none/lib/python3.13/pathlib/_local.py:546: in read_text
    return PathBase.read_text(self, encoding, errors, newline)
           ^^^^^^^^^^^^^^^^^^^^^^^^^^^^^^^^^^^^^^^^^^^^^^^^^^^
/Users/pangwei/.local/share/uv/python/cpython-3.13.5-macos-aarch64-none/lib/python3.13/pathlib/_abc.py:632: in read_text
    with self.open(mode='r', encoding=encoding, errors=errors, newline=newline) as f:
         ^^^^^^^^^^^^^^^^^^^^^^^^^^^^^^^^^^^^^^^^^^^^^^^^^^^^^^^^^^^^^^^^^^^^^^
_ _ _ _ _ _ _ _ _ _ _ _ _ _ _ _ _ _ _ _ _ _ _ _ _ _ _ _ _ _ _ _ _ _ _ _ _ _ _ _ 

self = PosixPath('/private/tmp/cpswm-pc-a-w2-review-target-w3-20260912/artifacts/project_two_v04_development/structure_two_neural_amortized_model_v0_1.json')
mode = 'r', buffering = -1, encoding = 'utf-8', errors = None, newline = None

    def open(self, mode='r', buffering=-1, encoding=None,
             errors=None, newline=None):
        """
        Open the file pointed to by this path and return a file object, as
        the built-in open() function does.
        """
        if "b" not in mode:
            encoding = io.text_encoding(encoding)
>       return io.open(self, mode, buffering, encoding, errors, newline)
               ^^^^^^^^^^^^^^^^^^^^^^^^^^^^^^^^^^^^^^^^^^^^^^^^^^^^^^^^^
E       FileNotFoundError: [Errno 2] No such file or directory: '/private/tmp/cpswm-pc-a-w2-review-target-w3-20260912/artifacts/project_two_v04_development/structure_two_neural_amortized_model_v0_1.json'

/Users/pangwei/.local/share/uv/python/cpython-3.13.5-macos-aarch64-none/lib/python3.13/pathlib/_local.py:537: FileNotFoundError
_ ERROR at setup of test_round_one_rgrc_requires_consecutive_stability_and_retracts_old_subject _

    @pytest.fixture(scope="module")
    def dependencies():
        config = load_stateful_full_joint_config(ROOT)
>       return config, load_neural_proposal_model(config.neural_proposal_model_path)
                       ^^^^^^^^^^^^^^^^^^^^^^^^^^^^^^^^^^^^^^^^^^^^^^^^^^^^^^^^^^^^^

tests/test_structure_two_stateful_full_joint_adversarial.py:44: 
_ _ _ _ _ _ _ _ _ _ _ _ _ _ _ _ _ _ _ _ _ _ _ _ _ _ _ _ _ _ _ _ _ _ _ _ _ _ _ _ 
src/cpswm/system/evaluation_operations/structure_two_stateful_full_joint.py:294: in load_neural_proposal_model
    payload = json.loads(path.read_text(encoding="utf-8"))
                         ^^^^^^^^^^^^^^^^^^^^^^^^^^^^^^^^
/Users/pangwei/.local/share/uv/python/cpython-3.13.5-macos-aarch64-none/lib/python3.13/pathlib/_local.py:546: in read_text
    return PathBase.read_text(self, encoding, errors, newline)
           ^^^^^^^^^^^^^^^^^^^^^^^^^^^^^^^^^^^^^^^^^^^^^^^^^^^
/Users/pangwei/.local/share/uv/python/cpython-3.13.5-macos-aarch64-none/lib/python3.13/pathlib/_abc.py:632: in read_text
    with self.open(mode='r', encoding=encoding, errors=errors, newline=newline) as f:
         ^^^^^^^^^^^^^^^^^^^^^^^^^^^^^^^^^^^^^^^^^^^^^^^^^^^^^^^^^^^^^^^^^^^^^^
_ _ _ _ _ _ _ _ _ _ _ _ _ _ _ _ _ _ _ _ _ _ _ _ _ _ _ _ _ _ _ _ _ _ _ _ _ _ _ _ 

self = PosixPath('/private/tmp/cpswm-pc-a-w2-review-target-w3-20260912/artifacts/project_two_v04_development/structure_two_neural_amortized_model_v0_1.json')
mode = 'r', buffering = -1, encoding = 'utf-8', errors = None, newline = None

    def open(self, mode='r', buffering=-1, encoding=None,
             errors=None, newline=None):
        """
        Open the file pointed to by this path and return a file object, as
        the built-in open() function does.
        """
        if "b" not in mode:
            encoding = io.text_encoding(encoding)
>       return io.open(self, mode, buffering, encoding, errors, newline)
               ^^^^^^^^^^^^^^^^^^^^^^^^^^^^^^^^^^^^^^^^^^^^^^^^^^^^^^^^^
E       FileNotFoundError: [Errno 2] No such file or directory: '/private/tmp/cpswm-pc-a-w2-review-target-w3-20260912/artifacts/project_two_v04_development/structure_two_neural_amortized_model_v0_1.json'

/Users/pangwei/.local/share/uv/python/cpython-3.13.5-macos-aarch64-none/lib/python3.13/pathlib/_local.py:537: FileNotFoundError
____ ERROR at setup of test_round_one_operator_chain_tampering_is_detected _____

    @pytest.fixture(scope="module")
    def dependencies():
        config = load_stateful_full_joint_config(ROOT)
>       return config, load_neural_proposal_model(config.neural_proposal_model_path)
                       ^^^^^^^^^^^^^^^^^^^^^^^^^^^^^^^^^^^^^^^^^^^^^^^^^^^^^^^^^^^^^

tests/test_structure_two_stateful_full_joint_adversarial.py:44: 
_ _ _ _ _ _ _ _ _ _ _ _ _ _ _ _ _ _ _ _ _ _ _ _ _ _ _ _ _ _ _ _ _ _ _ _ _ _ _ _ 
src/cpswm/system/evaluation_operations/structure_two_stateful_full_joint.py:294: in load_neural_proposal_model
    payload = json.loads(path.read_text(encoding="utf-8"))
                         ^^^^^^^^^^^^^^^^^^^^^^^^^^^^^^^^
/Users/pangwei/.local/share/uv/python/cpython-3.13.5-macos-aarch64-none/lib/python3.13/pathlib/_local.py:546: in read_text
    return PathBase.read_text(self, encoding, errors, newline)
           ^^^^^^^^^^^^^^^^^^^^^^^^^^^^^^^^^^^^^^^^^^^^^^^^^^^
/Users/pangwei/.local/share/uv/python/cpython-3.13.5-macos-aarch64-none/lib/python3.13/pathlib/_abc.py:632: in read_text
    with self.open(mode='r', encoding=encoding, errors=errors, newline=newline) as f:
         ^^^^^^^^^^^^^^^^^^^^^^^^^^^^^^^^^^^^^^^^^^^^^^^^^^^^^^^^^^^^^^^^^^^^^^
_ _ _ _ _ _ _ _ _ _ _ _ _ _ _ _ _ _ _ _ _ _ _ _ _ _ _ _ _ _ _ _ _ _ _ _ _ _ _ _ 

self = PosixPath('/private/tmp/cpswm-pc-a-w2-review-target-w3-20260912/artifacts/project_two_v04_development/structure_two_neural_amortized_model_v0_1.json')
mode = 'r', buffering = -1, encoding = 'utf-8', errors = None, newline = None

    def open(self, mode='r', buffering=-1, encoding=None,
             errors=None, newline=None):
        """
        Open the file pointed to by this path and return a file object, as
        the built-in open() function does.
        """
        if "b" not in mode:
            encoding = io.text_encoding(encoding)
>       return io.open(self, mode, buffering, encoding, errors, newline)
               ^^^^^^^^^^^^^^^^^^^^^^^^^^^^^^^^^^^^^^^^^^^^^^^^^^^^^^^^^
E       FileNotFoundError: [Errno 2] No such file or directory: '/private/tmp/cpswm-pc-a-w2-review-target-w3-20260912/artifacts/project_two_v04_development/structure_two_neural_amortized_model_v0_1.json'

/Users/pangwei/.local/share/uv/python/cpython-3.13.5-macos-aarch64-none/lib/python3.13/pathlib/_local.py:537: FileNotFoundError
=================================== FAILURES ===================================
_____ test_full_d0_episode_executes_all_seven_operators_in_one_closed_loop _____

    def test_full_d0_episode_executes_all_seven_operators_in_one_closed_loop() -> None:
        dataset = D0SyntheticOracleReplayAdapter(
            validation_seeds=(701,),
            test_seeds=(709,),
            max_steps_per_episode=10,
            dataset_version="route-c-integration-test@0.1",
            scenario_duration_days=10,
            guest_window=(2, 3),
            abrupt_day=5,
            recurrence_day=8,
            unknown_event_days=(1,),
        ).build()
        episode = dataset.visible_episodes(ProjectTwoDatasetSplit.VALIDATION)[0]
    
>       metric, runtime = evaluate_stateful_full_joint_episode(
            repository_root=ROOT,
            dataset=dataset,
            episode=episode,
            arm=FullJointArm.STATEFUL_FULL_JOINT,
        )

tests/test_structure_two_stateful_full_joint.py:234: 
_ _ _ _ _ _ _ _ _ _ _ _ _ _ _ _ _ _ _ _ _ _ _ _ _ _ _ _ _ _ _ _ _ _ _ _ _ _ _ _ 
src/cpswm/system/evaluation_operations/structure_two_stateful_full_joint.py:2347: in evaluate_stateful_full_joint_episode
    state = build_stateful_full_joint_state(
src/cpswm/system/evaluation_operations/structure_two_stateful_full_joint.py:2323: in build_stateful_full_joint_state
    neural_model = load_neural_proposal_model(config.neural_proposal_model_path)
                   ^^^^^^^^^^^^^^^^^^^^^^^^^^^^^^^^^^^^^^^^^^^^^^^^^^^^^^^^^^^^^
src/cpswm/system/evaluation_operations/structure_two_stateful_full_joint.py:294: in load_neural_proposal_model
    payload = json.loads(path.read_text(encoding="utf-8"))
                         ^^^^^^^^^^^^^^^^^^^^^^^^^^^^^^^^
/Users/pangwei/.local/share/uv/python/cpython-3.13.5-macos-aarch64-none/lib/python3.13/pathlib/_local.py:546: in read_text
    return PathBase.read_text(self, encoding, errors, newline)
           ^^^^^^^^^^^^^^^^^^^^^^^^^^^^^^^^^^^^^^^^^^^^^^^^^^^
/Users/pangwei/.local/share/uv/python/cpython-3.13.5-macos-aarch64-none/lib/python3.13/pathlib/_abc.py:632: in read_text
    with self.open(mode='r', encoding=encoding, errors=errors, newline=newline) as f:
         ^^^^^^^^^^^^^^^^^^^^^^^^^^^^^^^^^^^^^^^^^^^^^^^^^^^^^^^^^^^^^^^^^^^^^^
_ _ _ _ _ _ _ _ _ _ _ _ _ _ _ _ _ _ _ _ _ _ _ _ _ _ _ _ _ _ _ _ _ _ _ _ _ _ _ _ 

self = PosixPath('/private/tmp/cpswm-pc-a-w2-review-target-w3-20260912/artifacts/project_two_v04_development/structure_two_neural_amortized_model_v0_1.json')
mode = 'r', buffering = -1, encoding = 'utf-8', errors = None, newline = None

    def open(self, mode='r', buffering=-1, encoding=None,
             errors=None, newline=None):
        """
        Open the file pointed to by this path and return a file object, as
        the built-in open() function does.
        """
        if "b" not in mode:
            encoding = io.text_encoding(encoding)
>       return io.open(self, mode, buffering, encoding, errors, newline)
               ^^^^^^^^^^^^^^^^^^^^^^^^^^^^^^^^^^^^^^^^^^^^^^^^^^^^^^^^^
E       FileNotFoundError: [Errno 2] No such file or directory: '/private/tmp/cpswm-pc-a-w2-review-target-w3-20260912/artifacts/project_two_v04_development/structure_two_neural_amortized_model_v0_1.json'

/Users/pangwei/.local/share/uv/python/cpython-3.13.5-macos-aarch64-none/lib/python3.13/pathlib/_local.py:537: FileNotFoundError
__________ test_checked_in_route_c_artifact_is_honest_and_verifiable ___________

    def test_checked_in_route_c_artifact_is_honest_and_verifiable() -> None:
        artifact = json.loads(ARTIFACT.read_text(encoding="utf-8"))
    
>       verify_stateful_full_joint_result(artifact, repository_root=ROOT)

tests/test_structure_two_stateful_full_joint.py:259: 
_ _ _ _ _ _ _ _ _ _ _ _ _ _ _ _ _ _ _ _ _ _ _ _ _ _ _ _ _ _ _ _ _ _ _ _ _ _ _ _ 

result = {'all_seven_operator_contributions_established': False, 'all_seven_operators_executed_somewhere': True, 'all_seven_ope...dout_seen_during_selection': False, 'selected': {'parameter': 0.2, 'validation_action_regret_per_step': 0.09375}}, ...}
repository_root = PosixPath('/private/tmp/cpswm-pc-a-w2-review-target-w3-20260912')
fresh_replay = False

    def verify_stateful_full_joint_result(
        result: Mapping[str, Any],
        *,
        repository_root: Path | None = None,
        fresh_replay: bool = False,
    ) -> None:
        expected_fields = {
            "protocol_id",
            "selected_route",
            "evidence_status",
            "route_c_replay_feedback_loop_executable",
            "feedback_loop_semantics",
            "implementation_complete_for_paper",
            "complete_state_axes",
            "rao_blackwellized_blocks",
            "dataset_quality",
            "source_binding",
            "neural_proposal_model_hash",
            "validation_seed_count",
            "development_holdout_seed_count",
            "amg_validation_selection",
            "matched_full_state_fairness_passed",
            "runtime_audit_traces",
            "paired_action_readouts",
            "operator_receipt_coverage",
            "operator_execution_coverage",
            "operator_effect_evidence",
            "all_seven_operators_receipted",
            "all_seven_operators_executed_somewhere",
            "rgrc_long_term_admission_observed",
            "all_seven_operator_contributions_established",
            "summaries",
            "paired_mean_differences_lower_is_better",
            "joint_causal_utilization_diagnostic",
            "wall_clock_seconds",
            "latency_evidence_status",
            "per_episode",
            "positive_output_trust_chain",
            "independent_custody_established",
            "historical_authenticity_established",
            "scientific_superiority_established",
            "task_8_formal_passed",
            "seven_operator_ablation_authorized",
            "next_gate",
            "deterministic_replay_sha256",
            "content_sha256",
        }
        if set(result) != expected_fields:
            raise ValueError("stateful full-joint result schema drift or extra claim field")
        _reject_nonfinite(result)
        unsigned = dict(result)
        claimed_hash = unsigned.pop("content_sha256", None)
        if claimed_hash != content_sha256(unsigned):
            raise ValueError("stateful full-joint result content hash mismatch")
        if result.get("protocol_id") != PROTOCOL_ID:
            raise ValueError("stateful full-joint result protocol mismatch")
        if result.get("selected_route") != "C_stateful_joint_inference":
            raise ValueError("stateful full-joint result is not Route C")
        if result.get("evidence_status") != "D0_DEVELOPMENT_ONLY":
            raise ValueError("stateful full-joint evidence status was promoted")
        if result.get("route_c_replay_feedback_loop_executable") is not True:
            raise ValueError("Route-C replay feedback-loop execution is not established")
        expected_feedback_semantics = {
            "mode": "FROZEN_REPLAY_ACTION_BOUND_REVISION_LOOP",
            "final_route_action_bound_to_revision_trace": True,
            "corrected_joint_state_consumed_by_later_actions": True,
            "environment_trajectory_responds_to_route_action": False,
        }
        if result.get("feedback_loop_semantics") != expected_feedback_semantics:
            raise ValueError("Route-C replay feedback loop was misrepresented as interactive")
        if result.get("implementation_complete_for_paper") is not False:
            raise ValueError("Route-C D0 implementation cannot claim paper completeness")
        if tuple(result.get("complete_state_axes", ())) != COMPLETE_STATE_AXES:
            raise ValueError("stateful full-joint result omitted a complete-state axis")
        if tuple(result.get("rao_blackwellized_blocks", ())) != RB_BLOCKS:
            raise ValueError("stateful full-joint result omitted an RB block")
        source_binding = result.get("source_binding")
        if not isinstance(source_binding, Mapping) or set(source_binding) != {
            "config",
            "route_decision",
            "implementation",
            "neural_proposal_artifact",
        }:
            raise ValueError("stateful full-joint result source binding is incomplete")
        if repository_root is not None:
            config_path = repository_root / DEFAULT_CONFIG
            config_payload = json.loads(config_path.read_text(encoding="utf-8"))
            expected_paths = {
                "config": DEFAULT_CONFIG.as_posix(),
                "route_decision": str(config_payload["decision_source"]),
                "implementation": str(Path(__file__).resolve().relative_to(repository_root)),
                "neural_proposal_artifact": str(config_payload["neural_proposal_model"]),
            }
            for label, expected_path in expected_paths.items():
                binding = source_binding[label]
                if not isinstance(binding, Mapping):
                    raise ValueError(f"invalid source binding for {label}")
                if binding.get("path") != expected_path:
                    raise ValueError(f"stateful full-joint source path substitution for {label}")
                path = repository_root / expected_path
                if not path.is_file() or binding.get("sha256") != _file_sha256(path):
>                   raise ValueError(f"stateful full-joint source binding mismatch for {label}")
E                   ValueError: stateful full-joint source binding mismatch for neural_proposal_artifact

src/cpswm/system/evaluation_operations/structure_two_stateful_full_joint.py:3368: ValueError
____ test_round_one_matched_arms_keep_pre_treatment_fairness_after_feedback ____

    def test_round_one_matched_arms_keep_pre_treatment_fairness_after_feedback() -> None:
        dataset = D0SyntheticOracleReplayAdapter(
            validation_seeds=(701,),
            test_seeds=(709,),
            max_steps_per_episode=5,
            dataset_version="route-c-adversarial-fairness@0.1",
            scenario_duration_days=10,
            guest_window=(2, 3),
            abrupt_day=5,
            recurrence_day=8,
            unknown_event_days=(1,),
        ).build()
        episode = dataset.visible_episodes(ProjectTwoDatasetSplit.TEST)[0]
>       joint = build_stateful_full_joint_state(
            repository_root=ROOT,
            dataset=dataset,
            episode=episode,
            arm=FullJointArm.STATEFUL_FULL_JOINT,
        )

tests/test_structure_two_stateful_full_joint_adversarial.py:160: 
_ _ _ _ _ _ _ _ _ _ _ _ _ _ _ _ _ _ _ _ _ _ _ _ _ _ _ _ _ _ _ _ _ _ _ _ _ _ _ _ 
src/cpswm/system/evaluation_operations/structure_two_stateful_full_joint.py:2323: in build_stateful_full_joint_state
    neural_model = load_neural_proposal_model(config.neural_proposal_model_path)
                   ^^^^^^^^^^^^^^^^^^^^^^^^^^^^^^^^^^^^^^^^^^^^^^^^^^^^^^^^^^^^^
src/cpswm/system/evaluation_operations/structure_two_stateful_full_joint.py:294: in load_neural_proposal_model
    payload = json.loads(path.read_text(encoding="utf-8"))
                         ^^^^^^^^^^^^^^^^^^^^^^^^^^^^^^^^
/Users/pangwei/.local/share/uv/python/cpython-3.13.5-macos-aarch64-none/lib/python3.13/pathlib/_local.py:546: in read_text
    return PathBase.read_text(self, encoding, errors, newline)
           ^^^^^^^^^^^^^^^^^^^^^^^^^^^^^^^^^^^^^^^^^^^^^^^^^^^
/Users/pangwei/.local/share/uv/python/cpython-3.13.5-macos-aarch64-none/lib/python3.13/pathlib/_abc.py:632: in read_text
    with self.open(mode='r', encoding=encoding, errors=errors, newline=newline) as f:
         ^^^^^^^^^^^^^^^^^^^^^^^^^^^^^^^^^^^^^^^^^^^^^^^^^^^^^^^^^^^^^^^^^^^^^^
_ _ _ _ _ _ _ _ _ _ _ _ _ _ _ _ _ _ _ _ _ _ _ _ _ _ _ _ _ _ _ _ _ _ _ _ _ _ _ _ 

self = PosixPath('/private/tmp/cpswm-pc-a-w2-review-target-w3-20260912/artifacts/project_two_v04_development/structure_two_neural_amortized_model_v0_1.json')
mode = 'r', buffering = -1, encoding = 'utf-8', errors = None, newline = None

    def open(self, mode='r', buffering=-1, encoding=None,
             errors=None, newline=None):
        """
        Open the file pointed to by this path and return a file object, as
        the built-in open() function does.
        """
        if "b" not in mode:
            encoding = io.text_encoding(encoding)
>       return io.open(self, mode, buffering, encoding, errors, newline)
               ^^^^^^^^^^^^^^^^^^^^^^^^^^^^^^^^^^^^^^^^^^^^^^^^^^^^^^^^^
E       FileNotFoundError: [Errno 2] No such file or directory: '/private/tmp/cpswm-pc-a-w2-review-target-w3-20260912/artifacts/project_two_v04_development/structure_two_neural_amortized_model_v0_1.json'

/Users/pangwei/.local/share/uv/python/cpython-3.13.5-macos-aarch64-none/lib/python3.13/pathlib/_local.py:537: FileNotFoundError
_____________ test_round_two_embedded_receipt_forgery_is_rejected ______________

    def test_round_two_embedded_receipt_forgery_is_rejected() -> None:
        forged = copy.deepcopy(json.loads(ARTIFACT.read_text(encoding="utf-8")))
        receipt = forged["runtime_audit_traces"]["stateful_full_joint"][0]["operator_flow_receipts"][0]
        receipt["detail"] = "forged but top-level rehashed"
        _resign(forged)
    
>       with pytest.raises(ValueError, match="receipt content hash mismatch"):
             ^^^^^^^^^^^^^^^^^^^^^^^^^^^^^^^^^^^^^^^^^^^^^^^^^^^^^^^^^^^^^^^^
E       AssertionError: Regex pattern did not match.
E         Expected regex: 'receipt content hash mismatch'
E         Actual message: 'stateful full-joint source binding mismatch for neural_proposal_artifact'

tests/test_structure_two_stateful_full_joint_adversarial.py:355: AssertionError
_____ test_round_two_paired_action_deletion_is_rejected_even_when_rehashed _____

    def test_round_two_paired_action_deletion_is_rejected_even_when_rehashed() -> None:
        forged = copy.deepcopy(json.loads(ARTIFACT.read_text(encoding="utf-8")))
        forged["paired_action_readouts"].pop()
        _resign(forged)
    
>       with pytest.raises(ValueError, match="paired actions are not bound"):
             ^^^^^^^^^^^^^^^^^^^^^^^^^^^^^^^^^^^^^^^^^^^^^^^^^^^^^^^^^^^^^^^
E       AssertionError: Regex pattern did not match.
E         Expected regex: 'paired actions are not bound'
E         Actual message: 'stateful full-joint source binding mismatch for neural_proposal_artifact'

tests/test_structure_two_stateful_full_joint_adversarial.py:364: AssertionError
______ test_round_two_claim_boundary_and_source_substitution_are_rejected ______

    def test_round_two_claim_boundary_and_source_substitution_are_rejected() -> None:
        artifact = json.loads(ARTIFACT.read_text(encoding="utf-8"))
        weakened = copy.deepcopy(artifact)
        weakened["next_gate"] = "paper_ready"
        _resign(weakened)
>       with pytest.raises(ValueError, match="next scientific gate was weakened"):
             ^^^^^^^^^^^^^^^^^^^^^^^^^^^^^^^^^^^^^^^^^^^^^^^^^^^^^^^^^^^^^^^^^^^^
E       AssertionError: Regex pattern did not match.
E         Expected regex: 'next scientific gate was weakened'
E         Actual message: 'stateful full-joint source binding mismatch for neural_proposal_artifact'

tests/test_structure_two_stateful_full_joint_adversarial.py:373: AssertionError
__ test_round_two_fresh_replay_detects_forged_but_self_consistent_provenance ___

    def test_round_two_fresh_replay_detects_forged_but_self_consistent_provenance() -> None:
        forged = copy.deepcopy(json.loads(ARTIFACT.read_text(encoding="utf-8")))
        for arm in FullJointArm:
            forged["runtime_audit_traces"][arm.value][0]["fairness_receipts"][0][
                "proposal_support_sha256"
            ] = "0" * 64
        _resign(forged)
    
>       verify_stateful_full_joint_result(forged, repository_root=ROOT, fresh_replay=False)

tests/test_structure_two_stateful_full_joint_adversarial.py:407: 
_ _ _ _ _ _ _ _ _ _ _ _ _ _ _ _ _ _ _ _ _ _ _ _ _ _ _ _ _ _ _ _ _ _ _ _ _ _ _ _ 

result = {'all_seven_operator_contributions_established': False, 'all_seven_operators_executed_somewhere': True, 'all_seven_ope...dout_seen_during_selection': False, 'selected': {'parameter': 0.2, 'validation_action_regret_per_step': 0.09375}}, ...}
repository_root = PosixPath('/private/tmp/cpswm-pc-a-w2-review-target-w3-20260912')
fresh_replay = False

    def verify_stateful_full_joint_result(
        result: Mapping[str, Any],
        *,
        repository_root: Path | None = None,
        fresh_replay: bool = False,
    ) -> None:
        expected_fields = {
            "protocol_id",
            "selected_route",
            "evidence_status",
            "route_c_replay_feedback_loop_executable",
            "feedback_loop_semantics",
            "implementation_complete_for_paper",
            "complete_state_axes",
            "rao_blackwellized_blocks",
            "dataset_quality",
            "source_binding",
            "neural_proposal_model_hash",
            "validation_seed_count",
            "development_holdout_seed_count",
            "amg_validation_selection",
            "matched_full_state_fairness_passed",
            "runtime_audit_traces",
            "paired_action_readouts",
            "operator_receipt_coverage",
            "operator_execution_coverage",
            "operator_effect_evidence",
            "all_seven_operators_receipted",
            "all_seven_operators_executed_somewhere",
            "rgrc_long_term_admission_observed",
            "all_seven_operator_contributions_established",
            "summaries",
            "paired_mean_differences_lower_is_better",
            "joint_causal_utilization_diagnostic",
            "wall_clock_seconds",
            "latency_evidence_status",
            "per_episode",
            "positive_output_trust_chain",
            "independent_custody_established",
            "historical_authenticity_established",
            "scientific_superiority_established",
            "task_8_formal_passed",
            "seven_operator_ablation_authorized",
            "next_gate",
            "deterministic_replay_sha256",
            "content_sha256",
        }
        if set(result) != expected_fields:
            raise ValueError("stateful full-joint result schema drift or extra claim field")
        _reject_nonfinite(result)
        unsigned = dict(result)
        claimed_hash = unsigned.pop("content_sha256", None)
        if claimed_hash != content_sha256(unsigned):
            raise ValueError("stateful full-joint result content hash mismatch")
        if result.get("protocol_id") != PROTOCOL_ID:
            raise ValueError("stateful full-joint result protocol mismatch")
        if result.get("selected_route") != "C_stateful_joint_inference":
            raise ValueError("stateful full-joint result is not Route C")
        if result.get("evidence_status") != "D0_DEVELOPMENT_ONLY":
            raise ValueError("stateful full-joint evidence status was promoted")
        if result.get("route_c_replay_feedback_loop_executable") is not True:
            raise ValueError("Route-C replay feedback-loop execution is not established")
        expected_feedback_semantics = {
            "mode": "FROZEN_REPLAY_ACTION_BOUND_REVISION_LOOP",
            "final_route_action_bound_to_revision_trace": True,
            "corrected_joint_state_consumed_by_later_actions": True,
            "environment_trajectory_responds_to_route_action": False,
        }
        if result.get("feedback_loop_semantics") != expected_feedback_semantics:
            raise ValueError("Route-C replay feedback loop was misrepresented as interactive")
        if result.get("implementation_complete_for_paper") is not False:
            raise ValueError("Route-C D0 implementation cannot claim paper completeness")
        if tuple(result.get("complete_state_axes", ())) != COMPLETE_STATE_AXES:
            raise ValueError("stateful full-joint result omitted a complete-state axis")
        if tuple(result.get("rao_blackwellized_blocks", ())) != RB_BLOCKS:
            raise ValueError("stateful full-joint result omitted an RB block")
        source_binding = result.get("source_binding")
        if not isinstance(source_binding, Mapping) or set(source_binding) != {
            "config",
            "route_decision",
            "implementation",
            "neural_proposal_artifact",
        }:
            raise ValueError("stateful full-joint result source binding is incomplete")
        if repository_root is not None:
            config_path = repository_root / DEFAULT_CONFIG
            config_payload = json.loads(config_path.read_text(encoding="utf-8"))
            expected_paths = {
                "config": DEFAULT_CONFIG.as_posix(),
                "route_decision": str(config_payload["decision_source"]),
                "implementation": str(Path(__file__).resolve().relative_to(repository_root)),
                "neural_proposal_artifact": str(config_payload["neural_proposal_model"]),
            }
            for label, expected_path in expected_paths.items():
                binding = source_binding[label]
                if not isinstance(binding, Mapping):
                    raise ValueError(f"invalid source binding for {label}")
                if binding.get("path") != expected_path:
                    raise ValueError(f"stateful full-joint source path substitution for {label}")
                path = repository_root / expected_path
                if not path.is_file() or binding.get("sha256") != _file_sha256(path):
>                   raise ValueError(f"stateful full-joint source binding mismatch for {label}")
E                   ValueError: stateful full-joint source binding mismatch for neural_proposal_artifact

src/cpswm/system/evaluation_operations/structure_two_stateful_full_joint.py:3368: ValueError
=========================== short test summary info ============================
FAILED tests/test_structure_two_stateful_full_joint.py::test_full_d0_episode_executes_all_seven_operators_in_one_closed_loop
FAILED tests/test_structure_two_stateful_full_joint.py::test_checked_in_route_c_artifact_is_honest_and_verifiable
FAILED tests/test_structure_two_stateful_full_joint_adversarial.py::test_round_one_matched_arms_keep_pre_treatment_fairness_after_feedback
FAILED tests/test_structure_two_stateful_full_joint_adversarial.py::test_round_two_embedded_receipt_forgery_is_rejected
FAILED tests/test_structure_two_stateful_full_joint_adversarial.py::test_round_two_paired_action_deletion_is_rejected_even_when_rehashed
FAILED tests/test_structure_two_stateful_full_joint_adversarial.py::test_round_two_claim_boundary_and_source_substitution_are_rejected
FAILED tests/test_structure_two_stateful_full_joint_adversarial.py::test_round_two_fresh_replay_detects_forged_but_self_consistent_provenance
ERROR tests/test_structure_two_stateful_full_joint.py::test_route_c_particles_carry_all_seven_axes_across_time
ERROR tests/test_structure_two_stateful_full_joint.py::test_joint_and_factorized_arms_are_compute_matched_but_not_the_same_model
ERROR tests/test_structure_two_stateful_full_joint.py::test_low_owner_unknown_event_cannot_enter_joint_rgrc
ERROR tests/test_structure_two_stateful_full_joint.py::test_feedback_reweights_full_state_and_extends_revision_lineage
ERROR tests/test_structure_two_stateful_full_joint_adversarial.py::test_round_one_complete_positive_support_is_not_top_k_truncated
ERROR tests/test_structure_two_stateful_full_joint_adversarial.py::test_round_one_mutated_observation_is_revalidated_at_use_boundary
ERROR tests/test_structure_two_stateful_full_joint_adversarial.py::test_round_one_revision_failure_rolls_back_all_mutable_state
ERROR tests/test_structure_two_stateful_full_joint_adversarial.py::test_round_one_feedback_replay_and_substitution_are_rejected_atomically
ERROR tests/test_structure_two_stateful_full_joint_adversarial.py::test_round_one_rgrc_requires_consecutive_stability_and_retracts_old_subject
ERROR tests/test_structure_two_stateful_full_joint_adversarial.py::test_round_one_operator_chain_tampering_is_detected
7 failed, 33 passed, 10 errors in 5.02s
