F.....F................................................................. [ 91%]
.......                                                                  [100%]
=================================== FAILURES ===================================
_______ test_exact_original_frames_independent_decode_and_reconstruction _______

tmp_path = PosixPath('/private/var/folders/x2/000r8p0n6s393lj2sg8wk5f40000gn/T/pytest-of-pangwei/pytest-2152/test_exact_original_frames_ind0')
monkeypatch = <_pytest.monkeypatch.MonkeyPatch object at 0x107f72fd0>

    def test_exact_original_frames_independent_decode_and_reconstruction(tmp_path, monkeypatch):
        args, report = fixture(tmp_path, monkeypatch)
        assert report["selected_frames"] == 6
        assert len(report["selected_trials"]) == 2
        assert report["complete_proposal_targets"] == 0
        assert not report["native_publication_authorized"]
>       assert module.align_hfd_training(**args, verify=True) == report
               ^^^^^^^^^^^^^^^^^^^^^^^^^^^^^^^^^^^^^^^^^^^^^^

tests/test_hfd_observation_alignment.py:53: 
_ _ _ _ _ _ _ _ _ _ _ _ _ _ _ _ _ _ _ _ _ _ _ _ _ _ _ _ _ _ _ _ _ _ _ _ _ _ _ _ 

archive = PosixPath('/private/var/folders/x2/000r8p0n6s393lj2sg8wk5f40000gn/T/pytest-of-pangwei/pytest-2152/test_exact_original_frames_ind0/fixture.tar.gz')
metadata = PosixPath('/private/var/folders/x2/000r8p0n6s393lj2sg8wk5f40000gn/T/pytest-of-pangwei/pytest-2152/test_exact_original_frames_ind0/metadata')
intake = PosixPath('/private/var/folders/x2/000r8p0n6s393lj2sg8wk5f40000gn/T/pytest-of-pangwei/pytest-2152/test_exact_original_frames_ind0/packet')
output = PosixPath('/private/var/folders/x2/000r8p0n6s393lj2sg8wk5f40000gn/T/pytest-of-pangwei/pytest-2152/test_exact_original_frames_ind0/aligned')
imported_at = datetime.datetime(2026, 9, 26, 12, 30, tzinfo=datetime.timezone.utc)
verify = True

    def align_hfd_training(
        *,
        archive: Path,
        metadata: Path,
        intake: Path,
        output: Path,
        imported_at: datetime,
        verify: bool = False,
    ) -> dict[str, Any]:
        """Reconstruct source roots on every call; a resealed output is not authority."""
        if not verify and output.exists():
            raise FileExistsError(output)
        before = packet_inventory(output) if verify else None
        manifest = inspect_full_training(archive, metadata, intake, verify=True)
        files, report = alignment_artifacts(intake, manifest, imported_at=imported_at)
        files["manifest.json"] = encoded(report)
        if verify:
            if set(packet_inventory(output)) != set(files):
                raise ValueError("alignment package member coverage differs")
            for name, expected in files.items():
                if (output / name).read_bytes() != expected:
>                   raise ValueError("alignment artifact differs from original source: " + name)
E                   ValueError: alignment artifact differs from original source: runtime/e8a0ccb7824a2fe73dfbc0016a72b2ea6e3274fd9664b3c9f2f88193d5b7cd63/000000.envelope.json

src/cpswm/data_preflight/hfd_observation_alignment.py:327: ValueError
_ test_resealed_receipt_cannot_change_clock_or_add_answers[author_clock_seconds-inf] _

tmp_path = PosixPath('/private/var/folders/x2/000r8p0n6s393lj2sg8wk5f40000gn/T/pytest-of-pangwei/pytest-2152/test_resealed_receipt_cannot_c5')
monkeypatch = <_pytest.monkeypatch.MonkeyPatch object at 0x11d3ca050>
field = 'author_clock_seconds', value = inf

    @pytest.mark.parametrize(
        "field,value",
        [
            ("original_frame_index", True),
            ("original_frame_index", -1),
            ("original_frame_index", 3),
            ("source_frame_count", 0),
            ("media_time_seconds", 0.2),
            ("author_clock_seconds", float("inf")),
            ("author_clock_origin_seconds", True),
            ("source_clock_sha256", "bad"),
            ("human_action", "interact"),
            ("time_semantics", "exact_contact_time"),
        ],
    )
    def test_resealed_receipt_cannot_change_clock_or_add_answers(tmp_path, monkeypatch, field, value):
        args, _ = fixture(tmp_path, monkeypatch)
        raw = module.load_runtime_observations(
            args["output"] / "runtime", manifest_sha256=runtime_pin(args["output"])
        )[0][1]
        receipt = json.loads(raw.archive_sampling_json)
        receipt[field] = value
        bad = replace(
            raw,
            archive_sampling_json=json.dumps(receipt),
>           capture_receipt_sha256=content_sha256(receipt),
                                   ^^^^^^^^^^^^^^^^^^^^^^^
        )

tests/test_hfd_observation_alignment.py:106: 
_ _ _ _ _ _ _ _ _ _ _ _ _ _ _ _ _ _ _ _ _ _ _ _ _ _ _ _ _ _ _ _ _ _ _ _ _ _ _ _ 
src/cpswm/system/reproducibility.py:66: in content_sha256
    return hashlib.sha256(canonical_json(value).encode("utf-8")).hexdigest()
                          ^^^^^^^^^^^^^^^^^^^^^
src/cpswm/system/reproducibility.py:56: in canonical_json
    return json.dumps(
/Users/pangwei/.local/share/uv/python/cpython-3.13.5-macos-aarch64-none/lib/python3.13/json/__init__.py:238: in dumps
    **kw).encode(obj)
          ^^^^^^^^^^^
/Users/pangwei/.local/share/uv/python/cpython-3.13.5-macos-aarch64-none/lib/python3.13/json/encoder.py:200: in encode
    chunks = self.iterencode(o, _one_shot=True)
             ^^^^^^^^^^^^^^^^^^^^^^^^^^^^^^^^^^
_ _ _ _ _ _ _ _ _ _ _ _ _ _ _ _ _ _ _ _ _ _ _ _ _ _ _ _ _ _ _ _ _ _ _ _ _ _ _ _ 

self = <json.encoder.JSONEncoder object at 0x11d491370>
o = {'author_clock_origin_seconds': 1.0, 'author_clock_seconds': inf, 'crop_xywh': [0, 0, 48, 32], 'media_time_seconds': 0.0, ...}
_one_shot = True

    def iterencode(self, o, _one_shot=False):
        """Encode the given object and yield each string
        representation as available.
    
        For example::
    
            for chunk in JSONEncoder().iterencode(bigobject):
                mysocket.write(chunk)
    
        """
        if self.check_circular:
            markers = {}
        else:
            markers = None
        if self.ensure_ascii:
            _encoder = encode_basestring_ascii
        else:
            _encoder = encode_basestring
    
        def floatstr(o, allow_nan=self.allow_nan,
                _repr=float.__repr__, _inf=INFINITY, _neginf=-INFINITY):
            # Check for specials.  Note that this type of test is processor
            # and/or platform-specific, so do tests which don't depend on the
            # internals.
    
            if o != o:
                text = 'NaN'
            elif o == _inf:
                text = 'Infinity'
            elif o == _neginf:
                text = '-Infinity'
            else:
                return _repr(o)
    
            if not allow_nan:
                raise ValueError(
                    "Out of range float values are not JSON compliant: " +
                    repr(o))
    
            return text
    
    
        if self.indent is None or isinstance(self.indent, str):
            indent = self.indent
        else:
            indent = ' ' * self.indent
        if _one_shot and c_make_encoder is not None:
            _iterencode = c_make_encoder(
                markers, self.default, _encoder, indent,
                self.key_separator, self.item_separator, self.sort_keys,
                self.skipkeys, self.allow_nan)
        else:
            _iterencode = _make_iterencode(
                markers, self.default, _encoder, indent, floatstr,
                self.key_separator, self.item_separator, self.sort_keys,
                self.skipkeys, _one_shot)
>       return _iterencode(o, 0)
               ^^^^^^^^^^^^^^^^^
E       ValueError: Out of range float values are not JSON compliant: inf

/Users/pangwei/.local/share/uv/python/cpython-3.13.5-macos-aarch64-none/lib/python3.13/json/encoder.py:261: ValueError
=============================== warnings summary ===============================
tests/test_runtime_candidates.py::test_invalid_sources_or_partial_support_cannot_be_published[binding]
  /private/tmp/cpswm-pc-a-hfd-observation-alignment-20260926/.venv/lib/python3.13/site-packages/pydantic/main.py:475: UserWarning: Pydantic serializer warnings:
    PydanticSerializationUnexpectedValue(Expected `VisibleRecords` - serialized value may not be as expected [field_name='visible', input_value={'opportunities': (), 'de...ive_media_time': 0.0},)}, input_type=dict])
    PydanticSerializationUnexpectedValue(Expected `LocationBinding` - serialized value may not be as expected [field_name='location_support', input_value={'location_key': 'unknown...cation_entity_id': None}, input_type=dict])
    PydanticSerializationUnexpectedValue(Expected `PixelIdentityBinding` - serialized value may not be as expected [field_name='pixel_identity_bindings', input_value={'key': 'forged-person', ...atus': 'NEW_UNVERIFIED'}, input_type=dict])
    PydanticSerializationUnexpectedValue(Expected `PixelIdentityBinding` - serialized value may not be as expected [field_name='pixel_identity_bindings', input_value={'key': 'perceptual-track...atus': 'NEW_UNVERIFIED'}, input_type=dict])
    return self.__pydantic_serializer__.to_python(

-- Docs: https://docs.pytest.org/en/stable/how-to/capture-warnings.html
=========================== short test summary info ============================
FAILED tests/test_hfd_observation_alignment.py::test_exact_original_frames_independent_decode_and_reconstruction
FAILED tests/test_hfd_observation_alignment.py::test_resealed_receipt_cannot_change_clock_or_add_answers[author_clock_seconds-inf]
2 failed, 77 passed, 1 warning in 8.40s
