{
  "enrolled_trials": 337,
  "accepted_trials": 337,
  "accepted_frames": 141462,
  "accepted_success_trials": 90,
  "accepted_outcome_counts": [
    {
      "task": "human to robot handover",
      "outcome": 0,
      "trials": 35
    },
    {
      "task": "human to robot handover",
      "outcome": 1,
      "trials": 34
    },
    {
      "task": "human to robot handover",
      "outcome": 2,
      "trials": 45
    },
    {
      "task": "human to robot handover",
      "outcome": 3,
      "trials": 55
    },
    {
      "task": "robot to human handover",
      "outcome": 0,
      "trials": 55
    },
    {
      "task": "robot to human handover",
      "outcome": 1,
      "trials": 35
    },
    {
      "task": "robot to human handover",
      "outcome": 2,
      "trials": 34
    },
    {
      "task": "robot to human handover",
      "outcome": 3,
      "trials": 44
    }
  ],
  "author_annotation_reviewers": 1,
  "independent_reannotation": false,
  "exact_contact_release_gold": false,
  "global_person_identity_gold": false,
  "our_frontend_pose_calibration": false,
  "full_proposal_training_ready": false,
  "new_optimizer_steps": 0,
  "native_publication_authorized": false,
  "runtime_label_injection": false,
  "validation_or_test_split_read": false
}
{
  "quarantined_trials": []
}
