{
  "track": "CONTROLLED_SEMANTIC_CONDITIONAL_AND_TRANSPORT_FIXTURES",
  "seed": 171,
  "old_joint_calls": 12,
  "old_native_records": 24,
  "invalidated_revisions": [
    "62f0b66c-114e-556c-bcf9-bd22e30d0ff5"
  ],
  "before_replay_rejections": {
    "produce": "joint posterior requires full particle revision replay",
    "readout": "posterior source is stale, revoked, or outside runtime dependencies"
  },
  "retained_semantic_revisions": 23,
  "recomputed_joint_sources": 11,
  "retained_joint_source_count": 11,
  "unconsumed_intermediate_sources_not_added": 12,
  "retained_source_closure_exact": true,
  "replay_seconds": 19.6039714589715,
  "ledger_unchanged_by_replay_and_camera": true,
  "semantic_snapshot_unchanged_by_replay": true,
  "knowledge_cutoff_before": "2026-01-13T08:11:00+00:00",
  "feedback_arrival": "2026-01-13T10:10:00+00:00",
  "replay_cutoff": "2026-01-13T10:10:00+00:00",
  "current_native_records": 22,
  "current_atoms": 2,
  "atom_history_lengths": [
    11,
    11
  ],
  "conditional_history_lengths": [
    11,
    11
  ],
  "pose_dimensions": [
    6,
    6
  ],
  "conditional_states_changed": [
    true,
    true
  ],
  "old_generation_preserved_sha256": "3140ddff62b5fc95010c55bdb6465b3a15e3303ecb49b9822b22b31c803cae0c",
  "exact_restored_view": true,
  "controlled_camera_command": "RotateLeft",
  "controlled_transport_dispatches": 1,
  "actual_simulator_dispatches": 0,
  "natural_semantic_transitions": 0,
  "empirical_calibration_established": false,
  "learned_six_operation_kernel_bound": false,
  "full_prepared_joint_replay_bound": true,
  "independent_auditors": 0,
  "source_unchanged": true,
  "ledger_sha256": "d1bd37bbd922ef4295bd149bd48441ca34da90f5a091cf2b947a33417500945a"
}
