Matplotlib is building the font cache; this may take a moment.
I0000 00:00:1790431573.161683 53227301 init-domain.cc:128] Fiber init: default domain = pthread, concurrency = 11, prefix = pthread-default
I0000 00:00:1790431573.252306 53227301 gl_context.cc:407] GL version: 2.1 (2.1 Metal - 90.5), renderer: Apple M5
INFO: Created TensorFlow Lite XNNPACK delegate for CPU.
W0000 00:00:1790431573.256095 53227303 inference_feedback_manager.cc:121] Feedback manager requires a model with a single signature inference. Disabling support for feedback tensors.
W0000 00:00:1790431573.258814 53227309 inference_feedback_manager.cc:121] Feedback manager requires a model with a single signature inference. Disabling support for feedback tensors.
W0000 00:00:1790431575.268521 53227309 landmark_projection_calculator.cc:81] Using NORM_RECT without IMAGE_DIMENSIONS is only supported for the square ROI. Provide IMAGE_DIMENSIONS or use PROJECTION_MATRIX.
{"window": "6b4616fe82a5cf3e037fc1d45127b2d99311e6e6ff38e70d8d5c6d4428642b58/window-000000", "frames": 4, "candidate_status": "COMPLETE_SUPPORT_GENERATED"}
{"window": "6b4616fe82a5cf3e037fc1d45127b2d99311e6e6ff38e70d8d5c6d4428642b58/window-000159", "frames": 4, "candidate_status": "COMPLETE_SUPPORT_GENERATED"}
{"window": "6b4616fe82a5cf3e037fc1d45127b2d99311e6e6ff38e70d8d5c6d4428642b58/window-000318", "frames": 4, "candidate_status": "COMPLETE_SUPPORT_GENERATED"}
{"window": "6b4616fe82a5cf3e037fc1d45127b2d99311e6e6ff38e70d8d5c6d4428642b58/window-000478", "frames": 4, "candidate_status": "COMPLETE_SUPPORT_GENERATED"}
I0000 00:00:1790431605.853238 53228045 gl_context.cc:407] GL version: 2.1 (2.1 Metal - 90.5), renderer: Apple M5
W0000 00:00:1790431605.855953 53228048 inference_feedback_manager.cc:121] Feedback manager requires a model with a single signature inference. Disabling support for feedback tensors.
W0000 00:00:1790431605.858135 53228051 inference_feedback_manager.cc:121] Feedback manager requires a model with a single signature inference. Disabling support for feedback tensors.
{"window": "6d2bba5f7e94dfc49a2e1450d45c8ae0509995dc6500066a3d3803d9f00b11f1/window-000000", "frames": 4, "candidate_status": "COMPLETE_SUPPORT_GENERATED"}
{"window": "6d2bba5f7e94dfc49a2e1450d45c8ae0509995dc6500066a3d3803d9f00b11f1/window-000166", "frames": 4, "candidate_status": "COMPLETE_SUPPORT_GENERATED"}
{"window": "6d2bba5f7e94dfc49a2e1450d45c8ae0509995dc6500066a3d3803d9f00b11f1/window-000332", "frames": 4, "candidate_status": "COMPLETE_SUPPORT_GENERATED"}
{"window": "6d2bba5f7e94dfc49a2e1450d45c8ae0509995dc6500066a3d3803d9f00b11f1/window-000499", "frames": 4, "candidate_status": "COMPLETE_SUPPORT_GENERATED"}
I0000 00:00:1790431642.642644 53228480 gl_context.cc:407] GL version: 2.1 (2.1 Metal - 90.5), renderer: Apple M5
W0000 00:00:1790431642.644470 53228483 inference_feedback_manager.cc:121] Feedback manager requires a model with a single signature inference. Disabling support for feedback tensors.
W0000 00:00:1790431642.646016 53228483 inference_feedback_manager.cc:121] Feedback manager requires a model with a single signature inference. Disabling support for feedback tensors.
{"window": "9f75bafb357a863e4740e6c1f430b26c9f55cb5aac03731dd33e4b1e38916179/window-000000", "frames": 4, "candidate_status": "COMPLETE_SUPPORT_GENERATED"}
{"window": "9f75bafb357a863e4740e6c1f430b26c9f55cb5aac03731dd33e4b1e38916179/window-000097", "frames": 4, "candidate_status": "COMPLETE_SUPPORT_GENERATED"}
{"window": "9f75bafb357a863e4740e6c1f430b26c9f55cb5aac03731dd33e4b1e38916179/window-000195", "frames": 4, "candidate_status": "COMPLETE_SUPPORT_GENERATED"}
{"window": "9f75bafb357a863e4740e6c1f430b26c9f55cb5aac03731dd33e4b1e38916179/window-000293", "frames": 4, "candidate_status": "COMPLETE_SUPPORT_GENERATED"}
I0000 00:00:1790431683.191699 53229201 gl_context.cc:407] GL version: 2.1 (2.1 Metal - 90.5), renderer: Apple M5
W0000 00:00:1790431683.193973 53229207 inference_feedback_manager.cc:121] Feedback manager requires a model with a single signature inference. Disabling support for feedback tensors.
W0000 00:00:1790431683.195695 53229211 inference_feedback_manager.cc:121] Feedback manager requires a model with a single signature inference. Disabling support for feedback tensors.
{"window": "a9b8e18f232ef20eed82c7edcb3b8c1151e1be77d1e2869e8397ed32a3b3ca7f/window-000000", "frames": 4, "candidate_status": "COMPLETE_SUPPORT_GENERATED"}
{"window": "a9b8e18f232ef20eed82c7edcb3b8c1151e1be77d1e2869e8397ed32a3b3ca7f/window-000081", "frames": 4, "candidate_status": "COMPLETE_SUPPORT_GENERATED"}
{"window": "a9b8e18f232ef20eed82c7edcb3b8c1151e1be77d1e2869e8397ed32a3b3ca7f/window-000163", "frames": 4, "candidate_status": "COMPLETE_SUPPORT_GENERATED"}
{"window": "a9b8e18f232ef20eed82c7edcb3b8c1151e1be77d1e2869e8397ed32a3b3ca7f/window-000245", "frames": 4, "candidate_status": "COMPLETE_SUPPORT_GENERATED"}
I0000 00:00:1790431724.906955 53230012 gl_context.cc:407] GL version: 2.1 (2.1 Metal - 90.5), renderer: Apple M5
W0000 00:00:1790431724.908683 53230016 inference_feedback_manager.cc:121] Feedback manager requires a model with a single signature inference. Disabling support for feedback tensors.
W0000 00:00:1790431724.910242 53230018 inference_feedback_manager.cc:121] Feedback manager requires a model with a single signature inference. Disabling support for feedback tensors.
{"window": "caa66d98ac022d2eaf6da6813da7319ccc09c2436d1e99b42693141457cd3e6b/window-000000", "frames": 4, "candidate_status": "COMPLETE_SUPPORT_GENERATED"}
{"window": "caa66d98ac022d2eaf6da6813da7319ccc09c2436d1e99b42693141457cd3e6b/window-000103", "frames": 4, "candidate_status": "COMPLETE_SUPPORT_GENERATED"}
{"window": "caa66d98ac022d2eaf6da6813da7319ccc09c2436d1e99b42693141457cd3e6b/window-000206", "frames": 4, "candidate_status": "COMPLETE_SUPPORT_GENERATED"}
{"window": "caa66d98ac022d2eaf6da6813da7319ccc09c2436d1e99b42693141457cd3e6b/window-000309", "frames": 4, "candidate_status": "COMPLETE_SUPPORT_GENERATED"}
I0000 00:00:1790431766.006426 53230527 gl_context.cc:407] GL version: 2.1 (2.1 Metal - 90.5), renderer: Apple M5
W0000 00:00:1790431766.008330 53230531 inference_feedback_manager.cc:121] Feedback manager requires a model with a single signature inference. Disabling support for feedback tensors.
W0000 00:00:1790431766.009877 53230531 inference_feedback_manager.cc:121] Feedback manager requires a model with a single signature inference. Disabling support for feedback tensors.
{"window": "d273879c89140cddbeabfe0d3fadb6d3cc8fe5483410254645e311242f945bb6/window-000000", "frames": 4, "candidate_status": "COMPLETE_SUPPORT_GENERATED"}
{"window": "d273879c89140cddbeabfe0d3fadb6d3cc8fe5483410254645e311242f945bb6/window-000193", "frames": 4, "candidate_status": "COMPLETE_SUPPORT_GENERATED"}
{"window": "d273879c89140cddbeabfe0d3fadb6d3cc8fe5483410254645e311242f945bb6/window-000386", "frames": 4, "candidate_status": "COMPLETE_SUPPORT_GENERATED"}
{"window": "d273879c89140cddbeabfe0d3fadb6d3cc8fe5483410254645e311242f945bb6/window-000580", "frames": 4, "candidate_status": "COMPLETE_SUPPORT_GENERATED"}
I0000 00:00:1790431805.074301 53231301 gl_context.cc:407] GL version: 2.1 (2.1 Metal - 90.5), renderer: Apple M5
W0000 00:00:1790431805.076028 53231304 inference_feedback_manager.cc:121] Feedback manager requires a model with a single signature inference. Disabling support for feedback tensors.
W0000 00:00:1790431805.077522 53231307 inference_feedback_manager.cc:121] Feedback manager requires a model with a single signature inference. Disabling support for feedback tensors.
{"window": "e878bb28c13aa6dde99c6f6ae8bd86fabd73c63f9754969cb4aa11e5e9801782/window-000000", "frames": 4, "candidate_status": "COMPLETE_SUPPORT_GENERATED"}
{"window": "e878bb28c13aa6dde99c6f6ae8bd86fabd73c63f9754969cb4aa11e5e9801782/window-000082", "frames": 4, "candidate_status": "COMPLETE_SUPPORT_GENERATED"}
{"window": "e878bb28c13aa6dde99c6f6ae8bd86fabd73c63f9754969cb4aa11e5e9801782/window-000164", "frames": 4, "candidate_status": "COMPLETE_SUPPORT_GENERATED"}
{"window": "e878bb28c13aa6dde99c6f6ae8bd86fabd73c63f9754969cb4aa11e5e9801782/window-000247", "frames": 4, "candidate_status": "COMPLETE_SUPPORT_GENERATED"}
I0000 00:00:1790431842.087998 53231988 gl_context.cc:407] GL version: 2.1 (2.1 Metal - 90.5), renderer: Apple M5
W0000 00:00:1790431842.089813 53231991 inference_feedback_manager.cc:121] Feedback manager requires a model with a single signature inference. Disabling support for feedback tensors.
W0000 00:00:1790431842.091287 53231999 inference_feedback_manager.cc:121] Feedback manager requires a model with a single signature inference. Disabling support for feedback tensors.
{"window": "eee763a27550c54ea8f54cd854ea7775d0bed8e5a5912acff555256e780e2d54/window-000000", "frames": 4, "candidate_status": "COMPLETE_SUPPORT_GENERATED"}
{"window": "eee763a27550c54ea8f54cd854ea7775d0bed8e5a5912acff555256e780e2d54/window-000104", "frames": 4, "candidate_status": "COMPLETE_SUPPORT_GENERATED"}
{"window": "eee763a27550c54ea8f54cd854ea7775d0bed8e5a5912acff555256e780e2d54/window-000208", "frames": 4, "candidate_status": "COMPLETE_SUPPORT_GENERATED"}
{"window": "eee763a27550c54ea8f54cd854ea7775d0bed8e5a5912acff555256e780e2d54/window-000313", "frames": 4, "candidate_status": "COMPLETE_SUPPORT_GENERATED"}
{
  "runtime_manifest_sha256": "77f02b3dbf093243033f232ce4721d54f1ca35189b1a963d6552b92dd199279f",
  "unique_input_frames": 128,
  "frame_presentations": 128,
  "source_trials": 8,
  "windows": [
    {
      "sequence": "6b4616fe82a5cf3e037fc1d45127b2d99311e6e6ff38e70d8d5c6d4428642b58/window-000000",
      "frames": 4,
      "support": {
        "status": "COMPLETE_SUPPORT_GENERATED",
        "candidate_count": 243,
        "generation": {
          "analytic_updates_computed": false,
          "bootstrap": true,
          "candidate_count": 243,
          "complete_within_declared_discrete_grammar": true,
          "context_sha256": "28f622ba67712b3e744925940629d844d76a70a0a19ce013c294f17005f7e9bd",
          "continuous_or_open_world_support_complete": false,
          "current_active_parents": 0,
          "delayed_evidence": false,
          "event_time_grid": [
            "2026-09-26T14:03:03.337066+00:00",
            "2026-09-26T14:03:03.337067+00:00",
            "2026-09-26T14:03:03.337068+00:00",
            "2026-09-26T14:03:03.337069+00:00"
          ],
          "grammar": "observed-time-complete-event-grammar-development@1",
          "ledger_authorized": false,
          "native_publication_authorized": false,
          "operation_counts": {
            "preserve_unresolved": 243
          },
          "posterior_accuracy_calibrated": false,
          "retracted_parents": 0,
          "source_records": [
            {
              "content_sha256": "1836bc35b7cc05a96a47a33a03a0cfc8ae2141df3c4eb35f6fb93d2e74fe8d93",
              "received_at": "2026-09-26T14:03:03.337066+00:00",
              "record_id": "b4d7b788-c3c2-5b8b-8ee2-a1d576f920bc"
            },
            {
              "content_sha256": "54c90e72379b0f06327aa8ce0cbcd6f9540bdcc0095ed510e8c04610f1c26f02",
              "received_at": "2026-09-26T14:03:03.337067+00:00",
              "record_id": "0a6e1358-271f-5d46-bda1-1e1735f12cc5"
            },
            {
              "content_sha256": "a8e4f280788e22ec6e9641dda1d3a58bef5fa17c9933d53ddd61c7e440ecf064",
              "received_at": "2026-09-26T14:03:03.337068+00:00",
              "record_id": "f3302150-4310-50da-90a7-7ccf2d27dfef"
            },
            {
              "content_sha256": "7b4d2d3c0f4dd57771e0659c88d61cb42b4e684040fbfc0c20efe983f13c95cd",
              "received_at": "2026-09-26T14:03:03.337069+00:00",
              "record_id": "d0fc96ce-19a3-520f-a434-ed37b734d80d"
            }
          ],
          "truncated": false
        }
      },
      "core_ledger_unchanged": true,
      "execution_traces": 0,
      "perception_restore_equal": true,
      "source_sequence": "6b4616fe82a5cf3e037fc1d45127b2d99311e6e6ff38e70d8d5c6d4428642b58",
      "original_frames": [
        0,
        1,
        2,
        3
      ],
      "source_clock_gaps_seconds": [
        0.01052546501159668,
        0.009710550308227539,
        0.0043506622314453125
      ]
    },
    {
      "sequence": "6b4616fe82a5cf3e037fc1d45127b2d99311e6e6ff38e70d8d5c6d4428642b58/window-000159",
      "frames": 4,
      "support": {
        "status": "COMPLETE_SUPPORT_GENERATED",
        "candidate_count": 297,
        "generation": {
          "analytic_updates_computed": false,
          "bootstrap": true,
          "candidate_count": 297,
          "complete_within_declared_discrete_grammar": true,
          "context_sha256": "518cbe89a54500bfd320171777e7469f5afad41fe897ad6a51844e377326acb7",
          "continuous_or_open_world_support_complete": false,
          "current_active_parents": 0,
          "delayed_evidence": false,
          "event_time_grid": [
            "2026-09-26T14:03:03.337070+00:00",
            "2026-09-26T14:03:03.337071+00:00",
            "2026-09-26T14:03:03.337072+00:00",
            "2026-09-26T14:03:03.337073+00:00"
          ],
          "grammar": "observed-time-complete-event-grammar-development@1",
          "ledger_authorized": false,
          "native_publication_authorized": false,
          "operation_counts": {
            "preserve_unresolved": 297
          },
          "posterior_accuracy_calibrated": false,
          "retracted_parents": 0,
          "source_records": [
            {
              "content_sha256": "8da7ca1f62ddb7ed792242f7b5f366cbfe211ec608a55904cb143d81a60cd04c",
              "received_at": "2026-09-26T14:03:03.337070+00:00",
              "record_id": "ba2ab3d7-4b72-5b9a-9555-ac8c1eb85f76"
            },
            {
              "content_sha256": "555d80cebd0ff1d13e047d3199835057b64e2308aaeaed1ddb75a0803c68d88f",
              "received_at": "2026-09-26T14:03:03.337071+00:00",
              "record_id": "29b353d7-21f3-5bdc-8343-ef42c9cbad69"
            },
            {
              "content_sha256": "0c5418ee928952b7241e9cb1ea014cebe821b08038939ac8ad87d16df9fa757c",
              "received_at": "2026-09-26T14:03:03.337072+00:00",
              "record_id": "d9b96cf4-0f3d-5dd3-b301-eead1412b81e"
            },
            {
              "content_sha256": "e8801de5c9c610518e09740d570c2e4d305f057a27bc6e1ce6dbc12b135317cd",
              "received_at": "2026-09-26T14:03:03.337073+00:00",
              "record_id": "41b19264-bfa9-5adf-ad05-05789e7756df"
            }
          ],
          "truncated": false
        }
      },
      "core_ledger_unchanged": true,
      "execution_traces": 0,
      "perception_restore_equal": true,
      "source_sequence": "6b4616fe82a5cf3e037fc1d45127b2d99311e6e6ff38e70d8d5c6d4428642b58",
      "original_frames": [
        159,
        160,
        161,
        162
      ],
      "source_clock_gaps_seconds": [
        0.050589799880981445,
        0.07256293296813965,
        0.0501251220703125
      ]
    },
    {
      "sequence": "6b4616fe82a5cf3e037fc1d45127b2d99311e6e6ff38e70d8d5c6d4428642b58/window-000318",
      "frames": 4,
      "support": {
        "status": "COMPLETE_SUPPORT_GENERATED",
        "candidate_count": 189,
        "generation": {
          "analytic_updates_computed": false,
          "bootstrap": true,
          "candidate_count": 189,
          "complete_within_declared_discrete_grammar": true,
          "context_sha256": "b4d35836e2b570931e03b4f6ae85e8612671103f13723becc17160f6e9c31474",
          "continuous_or_open_world_support_complete": false,
          "current_active_parents": 0,
          "delayed_evidence": false,
          "event_time_grid": [
            "2026-09-26T14:03:03.337074+00:00",
            "2026-09-26T14:03:03.337075+00:00",
            "2026-09-26T14:03:03.337076+00:00",
            "2026-09-26T14:03:03.337077+00:00"
          ],
          "grammar": "observed-time-complete-event-grammar-development@1",
          "ledger_authorized": false,
          "native_publication_authorized": false,
          "operation_counts": {
            "preserve_unresolved": 189
          },
          "posterior_accuracy_calibrated": false,
          "retracted_parents": 0,
          "source_records": [
            {
              "content_sha256": "d6473746a3b754aed7519a09b57abf10449ee64b47366c269a377ac2c2adf2f4",
              "received_at": "2026-09-26T14:03:03.337074+00:00",
              "record_id": "6191e964-0745-526f-a463-65f90a2ff77b"
            },
            {
              "content_sha256": "95f2dcf402988b43ccf0eaff052d04e6dac212e83685979dc01ebe88c378245a",
              "received_at": "2026-09-26T14:03:03.337075+00:00",
              "record_id": "a7c1e085-6d5f-55f5-95d5-45fdb8ae3b86"
            },
            {
              "content_sha256": "910f4484b982ff582ce049bd8c6e54f6cb916f14e4b097cf441d04305010ac0d",
              "received_at": "2026-09-26T14:03:03.337076+00:00",
              "record_id": "ce3f6c90-e4c4-58c5-a432-653fea70a263"
            },
            {
              "content_sha256": "636bc810185a8cf5a9f52decf8f5d98d9f5c717b928871f4cf2edb72e0fb5a88",
              "received_at": "2026-09-26T14:03:03.337077+00:00",
              "record_id": "14609b77-3087-5b78-a3ea-be78ba43f921"
            }
          ],
          "truncated": false
        }
      },
      "core_ledger_unchanged": true,
      "execution_traces": 0,
      "perception_restore_equal": true,
      "source_sequence": "6b4616fe82a5cf3e037fc1d45127b2d99311e6e6ff38e70d8d5c6d4428642b58",
      "original_frames": [
        318,
        319,
        320,
        321
      ],
      "source_clock_gaps_seconds": [
        0.030740737915039062,
        0.03128218650817871,
        0.04101443290710449
      ]
    },
    {
      "sequence": "6b4616fe82a5cf3e037fc1d45127b2d99311e6e6ff38e70d8d5c6d4428642b58/window-000478",
      "frames": 4,
      "support": {
        "status": "COMPLETE_SUPPORT_GENERATED",
        "candidate_count": 297,
        "generation": {
          "analytic_updates_computed": false,
          "bootstrap": true,
          "candidate_count": 297,
          "complete_within_declared_discrete_grammar": true,
          "context_sha256": "29cc1af11190562e80e26a2cb7e98f0da35fca8046099bbe0b378d023ccc5570",
          "continuous_or_open_world_support_complete": false,
          "current_active_parents": 0,
          "delayed_evidence": false,
          "event_time_grid": [
            "2026-09-26T14:03:03.337078+00:00",
            "2026-09-26T14:03:03.337079+00:00",
            "2026-09-26T14:03:03.337080+00:00",
            "2026-09-26T14:03:03.337081+00:00"
          ],
          "grammar": "observed-time-complete-event-grammar-development@1",
          "ledger_authorized": false,
          "native_publication_authorized": false,
          "operation_counts": {
            "preserve_unresolved": 297
          },
          "posterior_accuracy_calibrated": false,
          "retracted_parents": 0,
          "source_records": [
            {
              "content_sha256": "9fcdad47bce0c035edda29ad30134a17860a3d8f510af7a2ad529f6f01002d3f",
              "received_at": "2026-09-26T14:03:03.337078+00:00",
              "record_id": "bb83052e-fae6-546c-a428-a24231dea8e2"
            },
            {
              "content_sha256": "640a2d1537c39975eb6c56b976ef52b133b7e47346530b293c1411cf64402f4b",
              "received_at": "2026-09-26T14:03:03.337079+00:00",
              "record_id": "d5a5f1b0-f0ac-57d8-ba4e-215e9c81832e"
            },
            {
              "content_sha256": "78e1c859a962800adf5a90406d197a4c5fcbd14af4fe1c374f39c4dc7d13e444",
              "received_at": "2026-09-26T14:03:03.337080+00:00",
              "record_id": "7a4f8393-9f73-577c-9789-ca1def3d462e"
            },
            {
              "content_sha256": "e6ab5e16cf1e6e384e92be490d9e169cc3d0c969972c01fecc68852f8791a17c",
              "received_at": "2026-09-26T14:03:03.337081+00:00",
              "record_id": "c20c3e88-500d-5061-9215-1cdfcd2b2489"
            }
          ],
          "truncated": false
        }
      },
      "core_ledger_unchanged": true,
      "execution_traces": 0,
      "perception_restore_equal": true,
      "source_sequence": "6b4616fe82a5cf3e037fc1d45127b2d99311e6e6ff38e70d8d5c6d4428642b58",
      "original_frames": [
        478,
        479,
        480,
        481
      ],
      "source_clock_gaps_seconds": [
        0.04367423057556152,
        0.043424129486083984,
        0.04437708854675293
      ]
    },
    {
      "sequence": "6d2bba5f7e94dfc49a2e1450d45c8ae0509995dc6500066a3d3803d9f00b11f1/window-000000",
      "frames": 4,
      "support": {
        "status": "COMPLETE_SUPPORT_GENERATED",
        "candidate_count": 288,
        "generation": {
          "analytic_updates_computed": false,
          "bootstrap": true,
          "candidate_count": 288,
          "complete_within_declared_discrete_grammar": true,
          "context_sha256": "116564e7bd2b1a275a7ade0aa45d282766ee56dcba4f808e0349ba6d948d41fd",
          "continuous_or_open_world_support_complete": false,
          "current_active_parents": 0,
          "delayed_evidence": false,
          "event_time_grid": [
            "2026-09-26T14:03:03.337066+00:00",
            "2026-09-26T14:03:03.337067+00:00",
            "2026-09-26T14:03:03.337068+00:00",
            "2026-09-26T14:03:03.337069+00:00"
          ],
          "grammar": "observed-time-complete-event-grammar-development@1",
          "ledger_authorized": false,
          "native_publication_authorized": false,
          "operation_counts": {
            "preserve_unresolved": 288
          },
          "posterior_accuracy_calibrated": false,
          "retracted_parents": 0,
          "source_records": [
            {
              "content_sha256": "0539c77d7feabe1614e305b6bdb61754507d45302297843e126de7e0bee9d882",
              "received_at": "2026-09-26T14:03:03.337066+00:00",
              "record_id": "d8a62782-ce68-5534-bd02-320f7f7df654"
            },
            {
              "content_sha256": "b99abfc6e577ffc46fc28ba2db50279e46727c70ca49ca8f13b5dfc5734a57c3",
              "received_at": "2026-09-26T14:03:03.337067+00:00",
              "record_id": "65c2421e-21b0-5860-9310-eef5370ffb55"
            },
            {
              "content_sha256": "56fc1ecd88c3a6b4a0494e937e37948aed4722dfd613cb35e4e430b6eb9cc649",
              "received_at": "2026-09-26T14:03:03.337068+00:00",
              "record_id": "0a3ddba0-77f1-5243-8888-3d7fc60edd66"
            },
            {
              "content_sha256": "d7bd16dbd67cfa9fffe2b60386b1bdf3a48909877f37ef65bb95eed998d022af",
              "received_at": "2026-09-26T14:03:03.337069+00:00",
              "record_id": "df157ab2-1532-5cc1-90da-992085a052f3"
            }
          ],
          "truncated": false
        }
      },
      "core_ledger_unchanged": true,
      "execution_traces": 0,
      "perception_restore_equal": true,
      "source_sequence": "6d2bba5f7e94dfc49a2e1450d45c8ae0509995dc6500066a3d3803d9f00b11f1",
      "original_frames": [
        0,
        1,
        2,
        3
      ],
      "source_clock_gaps_seconds": [
        0.003995180130004883,
        0.003705739974975586,
        0.0020377635955810547
      ]
    },
    {
      "sequence": "6d2bba5f7e94dfc49a2e1450d45c8ae0509995dc6500066a3d3803d9f00b11f1/window-000166",
      "frames": 4,
      "support": {
        "status": "COMPLETE_SUPPORT_GENERATED",
        "candidate_count": 320,
        "generation": {
          "analytic_updates_computed": false,
          "bootstrap": true,
          "candidate_count": 320,
          "complete_within_declared_discrete_grammar": true,
          "context_sha256": "35e49234368d529ce217016dca93ca9e06f148a911789f7dae8fc307878d5f25",
          "continuous_or_open_world_support_complete": false,
          "current_active_parents": 0,
          "delayed_evidence": false,
          "event_time_grid": [
            "2026-09-26T14:03:03.337070+00:00",
            "2026-09-26T14:03:03.337071+00:00",
            "2026-09-26T14:03:03.337072+00:00",
            "2026-09-26T14:03:03.337073+00:00"
          ],
          "grammar": "observed-time-complete-event-grammar-development@1",
          "ledger_authorized": false,
          "native_publication_authorized": false,
          "operation_counts": {
            "preserve_unresolved": 320
          },
          "posterior_accuracy_calibrated": false,
          "retracted_parents": 0,
          "source_records": [
            {
              "content_sha256": "c0512e32851564a0defa54976c254504b590e525ac5fc5422360cd71bb79b5df",
              "received_at": "2026-09-26T14:03:03.337070+00:00",
              "record_id": "5ab4c08f-7a2f-52ed-9562-c441bfe3f1e2"
            },
            {
              "content_sha256": "76c03556268946aec730e63ce1eaac78eddd0d6f88452af959872e961611fac8",
              "received_at": "2026-09-26T14:03:03.337071+00:00",
              "record_id": "cbdfea8d-183a-5e12-b318-a37ee46a217b"
            },
            {
              "content_sha256": "7e3c0ae40241762f5fa9798e17bc3e4fd680fbf76e92eed2fa9fe55e6b2afdde",
              "received_at": "2026-09-26T14:03:03.337072+00:00",
              "record_id": "3841485a-a754-59a6-a6a3-c552fffc8a21"
            },
            {
              "content_sha256": "3d45567445c5ffa7337e01bca46c9a1f576439c76216e8f03d14b42b36106629",
              "received_at": "2026-09-26T14:03:03.337073+00:00",
              "record_id": "d5c1ef45-b2b4-5377-9a73-1d4aad34c87e"
            }
          ],
          "truncated": false
        }
      },
      "core_ledger_unchanged": true,
      "execution_traces": 0,
      "perception_restore_equal": true,
      "source_sequence": "6d2bba5f7e94dfc49a2e1450d45c8ae0509995dc6500066a3d3803d9f00b11f1",
      "original_frames": [
        166,
        167,
        168,
        169
      ],
      "source_clock_gaps_seconds": [
        0.05403923988342285,
        0.058476924896240234,
        0.06449246406555176
      ]
    },
    {
      "sequence": "6d2bba5f7e94dfc49a2e1450d45c8ae0509995dc6500066a3d3803d9f00b11f1/window-000332",
      "frames": 4,
      "support": {
        "status": "COMPLETE_SUPPORT_GENERATED",
        "candidate_count": 176,
        "generation": {
          "analytic_updates_computed": false,
          "bootstrap": true,
          "candidate_count": 176,
          "complete_within_declared_discrete_grammar": true,
          "context_sha256": "dec616842c060563f80b466b667d9a33ed1f635176173171948188c1747d1337",
          "continuous_or_open_world_support_complete": false,
          "current_active_parents": 0,
          "delayed_evidence": false,
          "event_time_grid": [
            "2026-09-26T14:03:03.337074+00:00",
            "2026-09-26T14:03:03.337075+00:00",
            "2026-09-26T14:03:03.337076+00:00",
            "2026-09-26T14:03:03.337077+00:00"
          ],
          "grammar": "observed-time-complete-event-grammar-development@1",
          "ledger_authorized": false,
          "native_publication_authorized": false,
          "operation_counts": {
            "preserve_unresolved": 176
          },
          "posterior_accuracy_calibrated": false,
          "retracted_parents": 0,
          "source_records": [
            {
              "content_sha256": "fb00ec966e52731a4d12e2d0d65f23e2bc43cba8d7ebb1b471f3d62beb8cc47c",
              "received_at": "2026-09-26T14:03:03.337074+00:00",
              "record_id": "edc5f3fc-1038-5dc6-8cc8-8b07ad603858"
            },
            {
              "content_sha256": "45e76a6bb99831cbfafea0f2402a531bf9f9e3b941015ec775785271d196ba0d",
              "received_at": "2026-09-26T14:03:03.337075+00:00",
              "record_id": "f92dbb89-f80f-5d5e-903e-4bcf24adf4e7"
            },
            {
              "content_sha256": "03065d1821202abdb2b0fa8cd94e477e486cc5d975b268cf8326b8319072827d",
              "received_at": "2026-09-26T14:03:03.337076+00:00",
              "record_id": "8649faaf-d288-5451-8a37-bfb342bba955"
            },
            {
              "content_sha256": "9fa0d2cd02bc1734ff88bede638cf9394727fb176c7b174223f22349157d69b8",
              "received_at": "2026-09-26T14:03:03.337077+00:00",
              "record_id": "e6e1b9f6-f8dc-5bfd-8aec-a042de4ad210"
            }
          ],
          "truncated": false
        }
      },
      "core_ledger_unchanged": true,
      "execution_traces": 0,
      "perception_restore_equal": true,
      "source_sequence": "6d2bba5f7e94dfc49a2e1450d45c8ae0509995dc6500066a3d3803d9f00b11f1",
      "original_frames": [
        332,
        333,
        334,
        335
      ],
      "source_clock_gaps_seconds": [
        0.04087066650390625,
        0.04013967514038086,
        0.03939962387084961
      ]
    },
    {
      "sequence": "6d2bba5f7e94dfc49a2e1450d45c8ae0509995dc6500066a3d3803d9f00b11f1/window-000499",
      "frames": 4,
      "support": {
        "status": "COMPLETE_SUPPORT_GENERATED",
        "candidate_count": 496,
        "generation": {
          "analytic_updates_computed": false,
          "bootstrap": true,
          "candidate_count": 496,
          "complete_within_declared_discrete_grammar": true,
          "context_sha256": "69c64dfe9dd33334c3cd5ab0cc77540e43c8cf0cc2f5653d8fe71a4d5ce806a1",
          "continuous_or_open_world_support_complete": false,
          "current_active_parents": 0,
          "delayed_evidence": false,
          "event_time_grid": [
            "2026-09-26T14:03:03.337078+00:00",
            "2026-09-26T14:03:03.337079+00:00",
            "2026-09-26T14:03:03.337080+00:00",
            "2026-09-26T14:03:03.337081+00:00"
          ],
          "grammar": "observed-time-complete-event-grammar-development@1",
          "ledger_authorized": false,
          "native_publication_authorized": false,
          "operation_counts": {
            "preserve_unresolved": 496
          },
          "posterior_accuracy_calibrated": false,
          "retracted_parents": 0,
          "source_records": [
            {
              "content_sha256": "ea5f4e42a0993d531da666695a68dce68775f3f312e9d333ccac61274a89bd20",
              "received_at": "2026-09-26T14:03:03.337078+00:00",
              "record_id": "45974e0a-1682-5e52-8bdc-f1a556aab979"
            },
            {
              "content_sha256": "e669739c8082fff17420efa2b492631ccb1afb830cf42a48406f522686823f8e",
              "received_at": "2026-09-26T14:03:03.337079+00:00",
              "record_id": "ff07a4d1-d4f7-5fda-8364-465c3c333b13"
            },
            {
              "content_sha256": "e3be3eaf093d0e1422905d31264f573a34f0aaa8a8c4c157f0c46191117ac1b7",
              "received_at": "2026-09-26T14:03:03.337080+00:00",
              "record_id": "f8ddfc14-b696-5c13-8507-d39810bcb5b3"
            },
            {
              "content_sha256": "daad664c72a76704366f2a8cf7c1864618762a449b780ddb713f2c40d756d415",
              "received_at": "2026-09-26T14:03:03.337081+00:00",
              "record_id": "63c20c4f-94ee-5486-8495-9b6703e1ccb0"
            }
          ],
          "truncated": false
        }
      },
      "core_ledger_unchanged": true,
      "execution_traces": 0,
      "perception_restore_equal": true,
      "source_sequence": "6d2bba5f7e94dfc49a2e1450d45c8ae0509995dc6500066a3d3803d9f00b11f1",
      "original_frames": [
        499,
        500,
        501,
        502
      ],
      "source_clock_gaps_seconds": [
        0.04090428352355957,
        0.040585994720458984,
        0.040522098541259766
      ]
    },
    {
      "sequence": "9f75bafb357a863e4740e6c1f430b26c9f55cb5aac03731dd33e4b1e38916179/window-000000",
      "frames": 4,
      "support": {
        "status": "COMPLETE_SUPPORT_GENERATED",
        "candidate_count": 216,
        "generation": {
          "analytic_updates_computed": false,
          "bootstrap": true,
          "candidate_count": 216,
          "complete_within_declared_discrete_grammar": true,
          "context_sha256": "9102b4c72f9fb6dcbe01c66eca7ceeadbbfb36d0c23d3d1a651d3e7f52dbf72c",
          "continuous_or_open_world_support_complete": false,
          "current_active_parents": 0,
          "delayed_evidence": false,
          "event_time_grid": [
            "2026-09-26T14:03:03.337066+00:00",
            "2026-09-26T14:03:03.337067+00:00",
            "2026-09-26T14:03:03.337068+00:00",
            "2026-09-26T14:03:03.337069+00:00"
          ],
          "grammar": "observed-time-complete-event-grammar-development@1",
          "ledger_authorized": false,
          "native_publication_authorized": false,
          "operation_counts": {
            "preserve_unresolved": 216
          },
          "posterior_accuracy_calibrated": false,
          "retracted_parents": 0,
          "source_records": [
            {
              "content_sha256": "ee42bcf85222bdcff0a3eb1cf28d0835940869c3a228d44ca172719e7ea19342",
              "received_at": "2026-09-26T14:03:03.337066+00:00",
              "record_id": "68658314-379c-574d-95b1-81f82578a2a4"
            },
            {
              "content_sha256": "377a88acc69b582143cf91d1be760612eda3d5fd2228a225f69ff476836a38e2",
              "received_at": "2026-09-26T14:03:03.337067+00:00",
              "record_id": "18bfb86c-0745-55b3-aa53-3e16edee7b10"
            },
            {
              "content_sha256": "d0d4c7913b4e888ac77c931e836c6fe1d291b2277468c4080503677160efbbf1",
              "received_at": "2026-09-26T14:03:03.337068+00:00",
              "record_id": "08dc3770-a703-5df0-9375-23ebb5a50dbd"
            },
            {
              "content_sha256": "47f670ad7ac0e63d03e177e9799b3087eaf93684fc3abd7d7559b42972a79526",
              "received_at": "2026-09-26T14:03:03.337069+00:00",
              "record_id": "b7e8c913-9981-57ed-8d63-c15a0a80f149"
            }
          ],
          "truncated": false
        }
      },
      "core_ledger_unchanged": true,
      "execution_traces": 0,
      "perception_restore_equal": true,
      "source_sequence": "9f75bafb357a863e4740e6c1f430b26c9f55cb5aac03731dd33e4b1e38916179",
      "original_frames": [
        0,
        1,
        2,
        3
      ],
      "source_clock_gaps_seconds": [
        0.007570028305053711,
        0.007556438446044922,
        0.004587888717651367
      ]
    },
    {
      "sequence": "9f75bafb357a863e4740e6c1f430b26c9f55cb5aac03731dd33e4b1e38916179/window-000097",
      "frames": 4,
      "support": {
        "status": "COMPLETE_SUPPORT_GENERATED",
        "candidate_count": 128,
        "generation": {
          "analytic_updates_computed": false,
          "bootstrap": true,
          "candidate_count": 128,
          "complete_within_declared_discrete_grammar": true,
          "context_sha256": "3017a92624da9b2bab4860978ce1ed3e05781578b5ab98cfda1df1282e24f7c4",
          "continuous_or_open_world_support_complete": false,
          "current_active_parents": 0,
          "delayed_evidence": false,
          "event_time_grid": [
            "2026-09-26T14:03:03.337070+00:00",
            "2026-09-26T14:03:03.337071+00:00",
            "2026-09-26T14:03:03.337072+00:00",
            "2026-09-26T14:03:03.337073+00:00"
          ],
          "grammar": "observed-time-complete-event-grammar-development@1",
          "ledger_authorized": false,
          "native_publication_authorized": false,
          "operation_counts": {
            "preserve_unresolved": 128
          },
          "posterior_accuracy_calibrated": false,
          "retracted_parents": 0,
          "source_records": [
            {
              "content_sha256": "ad4b77b877cf8507dc0786d0ed5993468d904f1e01f75b6da9ea87df0b3d73b8",
              "received_at": "2026-09-26T14:03:03.337070+00:00",
              "record_id": "16bf3f7f-dbd6-5d3b-aaab-0b2d0623b651"
            },
            {
              "content_sha256": "411b6bddb08df6f6ed65ba0e216467952e08c3d8a7be5c7e775e5c23f030108b",
              "received_at": "2026-09-26T14:03:03.337071+00:00",
              "record_id": "c4dbac29-98d4-5b32-b771-2b463411762c"
            },
            {
              "content_sha256": "c01cde12dfd8a88836e7efda5cb92455346c2e4d91093bb573cde81097177939",
              "received_at": "2026-09-26T14:03:03.337072+00:00",
              "record_id": "5c30a09a-1fd2-5751-bc8d-05d7e8aee77b"
            },
            {
              "content_sha256": "358d837df841e5b6df4c12e6b59ef88a2aaeb0eec86dd55a499b4d561e8fb2c4",
              "received_at": "2026-09-26T14:03:03.337073+00:00",
              "record_id": "46c9fd07-664b-5587-ba27-f844501ff2d4"
            }
          ],
          "truncated": false
        }
      },
      "core_ledger_unchanged": true,
      "execution_traces": 0,
      "perception_restore_equal": true,
      "source_sequence": "9f75bafb357a863e4740e6c1f430b26c9f55cb5aac03731dd33e4b1e38916179",
      "original_frames": [
        97,
        98,
        99,
        100
      ],
      "source_clock_gaps_seconds": [
        0.07475113868713379,
        0.06427359580993652,
        0.07862520217895508
      ]
    },
    {
      "sequence": "9f75bafb357a863e4740e6c1f430b26c9f55cb5aac03731dd33e4b1e38916179/window-000195",
      "frames": 4,
      "support": {
        "status": "COMPLETE_SUPPORT_GENERATED",
        "candidate_count": 819,
        "generation": {
          "analytic_updates_computed": false,
          "bootstrap": true,
          "candidate_count": 819,
          "complete_within_declared_discrete_grammar": true,
          "context_sha256": "619d2b0f3e072e5841a45ab32a305dc0242962d8e6c16e1a0919bd6688dc137f",
          "continuous_or_open_world_support_complete": false,
          "current_active_parents": 0,
          "delayed_evidence": false,
          "event_time_grid": [
            "2026-09-26T14:03:03.337074+00:00",
            "2026-09-26T14:03:03.337075+00:00",
            "2026-09-26T14:03:03.337076+00:00",
            "2026-09-26T14:03:03.337077+00:00"
          ],
          "grammar": "observed-time-complete-event-grammar-development@1",
          "ledger_authorized": false,
          "native_publication_authorized": false,
          "operation_counts": {
            "preserve_unresolved": 819
          },
          "posterior_accuracy_calibrated": false,
          "retracted_parents": 0,
          "source_records": [
            {
              "content_sha256": "82f0b74db1c12c13d772173b47e00b129353a8651c8a804682e11db424e45aa4",
              "received_at": "2026-09-26T14:03:03.337074+00:00",
              "record_id": "7ad81c2a-db81-50cf-95c0-72baea544720"
            },
            {
              "content_sha256": "f696a4cbca70eee9d6d2aaa67d94cecf7298ce479dd882ae5288ae91ac576289",
              "received_at": "2026-09-26T14:03:03.337075+00:00",
              "record_id": "c6f91cf2-092c-5f17-8c15-ba3160c35b08"
            },
            {
              "content_sha256": "153615bc5177c60cdf650b2d4040cff1705c87a0afb0943ddc21a39e34103372",
              "received_at": "2026-09-26T14:03:03.337076+00:00",
              "record_id": "e536dc69-41c4-54a2-86c3-b5900f77e93b"
            },
            {
              "content_sha256": "6ce872711fff43a06286a7fe1bb840f5a6ac379f01dc760d542970f05ad0df82",
              "received_at": "2026-09-26T14:03:03.337077+00:00",
              "record_id": "15ff5a6c-38c7-5ccf-99ba-b35546519a40"
            }
          ],
          "truncated": false
        }
      },
      "core_ledger_unchanged": true,
      "execution_traces": 0,
      "perception_restore_equal": true,
      "source_sequence": "9f75bafb357a863e4740e6c1f430b26c9f55cb5aac03731dd33e4b1e38916179",
      "original_frames": [
        195,
        196,
        197,
        198
      ],
      "source_clock_gaps_seconds": [
        0.08193445205688477,
        0.0814814567565918,
        0.08116316795349121
      ]
    },
    {
      "sequence": "9f75bafb357a863e4740e6c1f430b26c9f55cb5aac03731dd33e4b1e38916179/window-000293",
      "frames": 4,
      "support": {
        "status": "COMPLETE_SUPPORT_GENERATED",
        "candidate_count": 243,
        "generation": {
          "analytic_updates_computed": false,
          "bootstrap": true,
          "candidate_count": 243,
          "complete_within_declared_discrete_grammar": true,
          "context_sha256": "fc0844c86e04b0a409fc345bbbf0edd7c4d5d5c487749dd7c3d800eff8629cc4",
          "continuous_or_open_world_support_complete": false,
          "current_active_parents": 0,
          "delayed_evidence": false,
          "event_time_grid": [
            "2026-09-26T14:03:03.337078+00:00",
            "2026-09-26T14:03:03.337079+00:00",
            "2026-09-26T14:03:03.337080+00:00",
            "2026-09-26T14:03:03.337081+00:00"
          ],
          "grammar": "observed-time-complete-event-grammar-development@1",
          "ledger_authorized": false,
          "native_publication_authorized": false,
          "operation_counts": {
            "preserve_unresolved": 243
          },
          "posterior_accuracy_calibrated": false,
          "retracted_parents": 0,
          "source_records": [
            {
              "content_sha256": "38ec31ae613634bf2175be48e74926dab1fac2b9ed10a4d5a3b5bd125c334092",
              "received_at": "2026-09-26T14:03:03.337078+00:00",
              "record_id": "f1341b1f-7150-556f-b881-f8e8a8160ba3"
            },
            {
              "content_sha256": "c5980e0b94e81660621d09dacce60c3dcc31c87d04a1ae548f1547fe0483e354",
              "received_at": "2026-09-26T14:03:03.337079+00:00",
              "record_id": "0d18e87e-813b-50ac-b85c-b0585894e854"
            },
            {
              "content_sha256": "ea8aa3cf1de9ac2778b72324851cf877800ac17e497b93e396af5426264be145",
              "received_at": "2026-09-26T14:03:03.337080+00:00",
              "record_id": "9657c58e-9265-5c9b-91e5-887e14bc20b5"
            },
            {
              "content_sha256": "bd6feb85b6135a1010c5012be8f76ee7d7fc628e50d43478b3f1100614e3f5b7",
              "received_at": "2026-09-26T14:03:03.337081+00:00",
              "record_id": "151ad299-0757-5a88-8bfa-3d893418d993"
            }
          ],
          "truncated": false
        }
      },
      "core_ledger_unchanged": true,
      "execution_traces": 0,
      "perception_restore_equal": true,
      "source_sequence": "9f75bafb357a863e4740e6c1f430b26c9f55cb5aac03731dd33e4b1e38916179",
      "original_frames": [
        293,
        294,
        295,
        296
      ],
      "source_clock_gaps_seconds": [
        0.06075453758239746,
        0.05716538429260254,
        0.09032106399536133
      ]
    },
    {
      "sequence": "a9b8e18f232ef20eed82c7edcb3b8c1151e1be77d1e2869e8397ed32a3b3ca7f/window-000000",
      "frames": 4,
      "support": {
        "status": "COMPLETE_SUPPORT_GENERATED",
        "candidate_count": 224,
        "generation": {
          "analytic_updates_computed": false,
          "bootstrap": true,
          "candidate_count": 224,
          "complete_within_declared_discrete_grammar": true,
          "context_sha256": "91d53a3765bbf3522fa940e2fd220c2c3d92f3412d2a7078332af4ed2dd13085",
          "continuous_or_open_world_support_complete": false,
          "current_active_parents": 0,
          "delayed_evidence": false,
          "event_time_grid": [
            "2026-09-26T14:03:03.337066+00:00",
            "2026-09-26T14:03:03.337067+00:00",
            "2026-09-26T14:03:03.337068+00:00",
            "2026-09-26T14:03:03.337069+00:00"
          ],
          "grammar": "observed-time-complete-event-grammar-development@1",
          "ledger_authorized": false,
          "native_publication_authorized": false,
          "operation_counts": {
            "preserve_unresolved": 224
          },
          "posterior_accuracy_calibrated": false,
          "retracted_parents": 0,
          "source_records": [
            {
              "content_sha256": "a43c40c94f52850620000510c55b0f1a7435d7e8d81e3f026483e40e2014f043",
              "received_at": "2026-09-26T14:03:03.337066+00:00",
              "record_id": "71ea5d13-7c9a-5885-8474-5bd3cebee2ba"
            },
            {
              "content_sha256": "073dc4816b6e35914931e943deff5282de0e98cf045ed7dbaf02f9980611e326",
              "received_at": "2026-09-26T14:03:03.337067+00:00",
              "record_id": "51228b15-6d58-51b2-b2d5-51b90d51a667"
            },
            {
              "content_sha256": "793650d98e68504aa92659f1bc9687c19127237fdba1c4c1d3fa0db97e8dc34c",
              "received_at": "2026-09-26T14:03:03.337068+00:00",
              "record_id": "469bcbbf-8e33-57a6-9c0d-f6ae65c91250"
            },
            {
              "content_sha256": "8f399a82365bec65f03cefcc771ee42a337f65e713b60ff6101aaa501aa6f4c7",
              "received_at": "2026-09-26T14:03:03.337069+00:00",
              "record_id": "4ff7bd0f-d228-5a8e-ad0e-620db6b0934b"
            }
          ],
          "truncated": false
        }
      },
      "core_ledger_unchanged": true,
      "execution_traces": 0,
      "perception_restore_equal": true,
      "source_sequence": "a9b8e18f232ef20eed82c7edcb3b8c1151e1be77d1e2869e8397ed32a3b3ca7f",
      "original_frames": [
        0,
        1,
        2,
        3
      ],
      "source_clock_gaps_seconds": [
        0.0057964324951171875,
        0.004974365234375,
        0.0033185482025146484
      ]
    },
    {
      "sequence": "a9b8e18f232ef20eed82c7edcb3b8c1151e1be77d1e2869e8397ed32a3b3ca7f/window-000081",
      "frames": 4,
      "support": {
        "status": "COMPLETE_SUPPORT_GENERATED",
        "candidate_count": 208,
        "generation": {
          "analytic_updates_computed": false,
          "bootstrap": true,
          "candidate_count": 208,
          "complete_within_declared_discrete_grammar": true,
          "context_sha256": "ab39f07882fa52c46339c1c8a0c890b51f2f0439729cc45404722a0626cd208c",
          "continuous_or_open_world_support_complete": false,
          "current_active_parents": 0,
          "delayed_evidence": false,
          "event_time_grid": [
            "2026-09-26T14:03:03.337070+00:00",
            "2026-09-26T14:03:03.337071+00:00",
            "2026-09-26T14:03:03.337072+00:00",
            "2026-09-26T14:03:03.337073+00:00"
          ],
          "grammar": "observed-time-complete-event-grammar-development@1",
          "ledger_authorized": false,
          "native_publication_authorized": false,
          "operation_counts": {
            "preserve_unresolved": 208
          },
          "posterior_accuracy_calibrated": false,
          "retracted_parents": 0,
          "source_records": [
            {
              "content_sha256": "ed0c2c5fef284a90033825296a5e1a5bcd5655547a76336061132703e6335119",
              "received_at": "2026-09-26T14:03:03.337070+00:00",
              "record_id": "599f8899-7cd2-5c9d-b843-f969b275edc5"
            },
            {
              "content_sha256": "3a1be9e4443d948d0d274ee02b28f76af020d543fc4a37d429d615a1a18abcd8",
              "received_at": "2026-09-26T14:03:03.337071+00:00",
              "record_id": "1513dc83-8590-5ba3-a4a6-1a7824b5bb10"
            },
            {
              "content_sha256": "8e33959f7fa5e9074911990bb3b4ff09f6d3c92f58c60bf23e00d1f4ca8ad554",
              "received_at": "2026-09-26T14:03:03.337072+00:00",
              "record_id": "0b59ca53-c4a3-5e54-8fc0-2fea689249cd"
            },
            {
              "content_sha256": "5f066d91cf3953e6495e12abe257dea6abfeb0ab3304b19f3967d44e79721986",
              "received_at": "2026-09-26T14:03:03.337073+00:00",
              "record_id": "0d1ac4c6-ef4e-5e14-b5b0-2af515930bb2"
            }
          ],
          "truncated": false
        }
      },
      "core_ledger_unchanged": true,
      "execution_traces": 0,
      "perception_restore_equal": true,
      "source_sequence": "a9b8e18f232ef20eed82c7edcb3b8c1151e1be77d1e2869e8397ed32a3b3ca7f",
      "original_frames": [
        81,
        82,
        83,
        84
      ],
      "source_clock_gaps_seconds": [
        0.04874849319458008,
        0.0793466567993164,
        0.06448602676391602
      ]
    },
    {
      "sequence": "a9b8e18f232ef20eed82c7edcb3b8c1151e1be77d1e2869e8397ed32a3b3ca7f/window-000163",
      "frames": 4,
      "support": {
        "status": "COMPLETE_SUPPORT_GENERATED",
        "candidate_count": 320,
        "generation": {
          "analytic_updates_computed": false,
          "bootstrap": true,
          "candidate_count": 320,
          "complete_within_declared_discrete_grammar": true,
          "context_sha256": "9d553159921174f2a0a53e3d1f7b6f9124e00f191857adf3bd39c27953419b1f",
          "continuous_or_open_world_support_complete": false,
          "current_active_parents": 0,
          "delayed_evidence": false,
          "event_time_grid": [
            "2026-09-26T14:03:03.337074+00:00",
            "2026-09-26T14:03:03.337075+00:00",
            "2026-09-26T14:03:03.337076+00:00",
            "2026-09-26T14:03:03.337077+00:00"
          ],
          "grammar": "observed-time-complete-event-grammar-development@1",
          "ledger_authorized": false,
          "native_publication_authorized": false,
          "operation_counts": {
            "preserve_unresolved": 320
          },
          "posterior_accuracy_calibrated": false,
          "retracted_parents": 0,
          "source_records": [
            {
              "content_sha256": "3f608afc5fec7a86997349a8a589d11debaf8ed13c07fc5ab9f5511abd89f927",
              "received_at": "2026-09-26T14:03:03.337074+00:00",
              "record_id": "9961dd31-bac6-542d-a0bf-586f95ebab22"
            },
            {
              "content_sha256": "ef190656f7a166a89a5424e28799f64b9f6bac2104ff941b8670fde9b43f2f5f",
              "received_at": "2026-09-26T14:03:03.337075+00:00",
              "record_id": "003a4518-0ae5-5cf9-a4df-eaf6c6a2cb4c"
            },
            {
              "content_sha256": "4e1204ddcc39303c27094b05e34126ee1f09b5523c663770e72ebf99c5bf0b9f",
              "received_at": "2026-09-26T14:03:03.337076+00:00",
              "record_id": "afc96a26-cb30-5763-8dc2-443513f47d93"
            },
            {
              "content_sha256": "b290cc92b1c98f290dfd0eee058cefd7caab5d209c94b0bd22f53c3ed075a404",
              "received_at": "2026-09-26T14:03:03.337077+00:00",
              "record_id": "6bdb2564-906d-59e8-ba35-6041e2e20d80"
            }
          ],
          "truncated": false
        }
      },
      "core_ledger_unchanged": true,
      "execution_traces": 0,
      "perception_restore_equal": true,
      "source_sequence": "a9b8e18f232ef20eed82c7edcb3b8c1151e1be77d1e2869e8397ed32a3b3ca7f",
      "original_frames": [
        163,
        164,
        165,
        166
      ],
      "source_clock_gaps_seconds": [
        0.07720136642456055,
        0.07565021514892578,
        0.051544904708862305
      ]
    },
    {
      "sequence": "a9b8e18f232ef20eed82c7edcb3b8c1151e1be77d1e2869e8397ed32a3b3ca7f/window-000245",
      "frames": 4,
      "support": {
        "status": "COMPLETE_SUPPORT_GENERATED",
        "candidate_count": 224,
        "generation": {
          "analytic_updates_computed": false,
          "bootstrap": true,
          "candidate_count": 224,
          "complete_within_declared_discrete_grammar": true,
          "context_sha256": "29d7e14b0605d9745d66c84da94277c497a48634f298c4971a79c1e925436863",
          "continuous_or_open_world_support_complete": false,
          "current_active_parents": 0,
          "delayed_evidence": false,
          "event_time_grid": [
            "2026-09-26T14:03:03.337078+00:00",
            "2026-09-26T14:03:03.337079+00:00",
            "2026-09-26T14:03:03.337080+00:00",
            "2026-09-26T14:03:03.337081+00:00"
          ],
          "grammar": "observed-time-complete-event-grammar-development@1",
          "ledger_authorized": false,
          "native_publication_authorized": false,
          "operation_counts": {
            "preserve_unresolved": 224
          },
          "posterior_accuracy_calibrated": false,
          "retracted_parents": 0,
          "source_records": [
            {
              "content_sha256": "bb328b3733db3bd80a9f8f0f54390387d85de16ab3a204480123c36ef6d8623a",
              "received_at": "2026-09-26T14:03:03.337078+00:00",
              "record_id": "2e0743ca-3845-5c8b-b655-1c6bb12f8d1d"
            },
            {
              "content_sha256": "e8e7830e098c139bc97e3820b0f4284ea467bf31ecc68ff02f317a5f53aeea3b",
              "received_at": "2026-09-26T14:03:03.337079+00:00",
              "record_id": "7feea5b4-d300-5dd5-8f2a-a549254c5344"
            },
            {
              "content_sha256": "20aff3cf9bf88653258869b7bfdf031d430197476021b49fa1db399a4b8c0b71",
              "received_at": "2026-09-26T14:03:03.337080+00:00",
              "record_id": "1396bd8e-7eb0-50db-bd5f-51fc76393329"
            },
            {
              "content_sha256": "d5dad563f038aa125c685bff5ff91f72ff99e97698f94a6634785e94224b3bd6",
              "received_at": "2026-09-26T14:03:03.337081+00:00",
              "record_id": "e814d0da-07a7-5353-aa0a-2d0e72ceb724"
            }
          ],
          "truncated": false
        }
      },
      "core_ledger_unchanged": true,
      "execution_traces": 0,
      "perception_restore_equal": true,
      "source_sequence": "a9b8e18f232ef20eed82c7edcb3b8c1151e1be77d1e2869e8397ed32a3b3ca7f",
      "original_frames": [
        245,
        246,
        247,
        248
      ],
      "source_clock_gaps_seconds": [
        0.06491303443908691,
        0.055168867111206055,
        0.067138671875
      ]
    },
    {
      "sequence": "caa66d98ac022d2eaf6da6813da7319ccc09c2436d1e99b42693141457cd3e6b/window-000000",
      "frames": 4,
      "support": {
        "status": "COMPLETE_SUPPORT_GENERATED",
        "candidate_count": 128,
        "generation": {
          "analytic_updates_computed": false,
          "bootstrap": true,
          "candidate_count": 128,
          "complete_within_declared_discrete_grammar": true,
          "context_sha256": "f125e614b6d7b9797a602ab2b894d40d60a2b365568fc62cab2f9aa7def809aa",
          "continuous_or_open_world_support_complete": false,
          "current_active_parents": 0,
          "delayed_evidence": false,
          "event_time_grid": [
            "2026-09-26T14:03:03.337066+00:00",
            "2026-09-26T14:03:03.337067+00:00",
            "2026-09-26T14:03:03.337068+00:00",
            "2026-09-26T14:03:03.337069+00:00"
          ],
          "grammar": "observed-time-complete-event-grammar-development@1",
          "ledger_authorized": false,
          "native_publication_authorized": false,
          "operation_counts": {
            "preserve_unresolved": 128
          },
          "posterior_accuracy_calibrated": false,
          "retracted_parents": 0,
          "source_records": [
            {
              "content_sha256": "3fd51e97979b64be4d81e852477f26f75184cef08d8f825d68e01e8555d504bf",
              "received_at": "2026-09-26T14:03:03.337066+00:00",
              "record_id": "8a81f3dc-5c64-5401-a34c-8f6bb864569c"
            },
            {
              "content_sha256": "4fd96e49fc96993e308d40e5fc915910c2e27a1c9281a83555d412a2961eeca6",
              "received_at": "2026-09-26T14:03:03.337067+00:00",
              "record_id": "00523a79-f337-5261-9b68-eecfba5b7458"
            },
            {
              "content_sha256": "c003a291e9c26e1f20951aed954e7968b6c67ef4eb0d2bc3b80def628776f5b1",
              "received_at": "2026-09-26T14:03:03.337068+00:00",
              "record_id": "e48552e1-8eb9-5755-b9f0-df3ba4876ed2"
            },
            {
              "content_sha256": "99e1322608c68124588202589a90c7c650076730ca09aee78998e71923f2dbdb",
              "received_at": "2026-09-26T14:03:03.337069+00:00",
              "record_id": "95c28c69-61d8-53cf-984f-cb46707de269"
            }
          ],
          "truncated": false
        }
      },
      "core_ledger_unchanged": true,
      "execution_traces": 0,
      "perception_restore_equal": true,
      "source_sequence": "caa66d98ac022d2eaf6da6813da7319ccc09c2436d1e99b42693141457cd3e6b",
      "original_frames": [
        0,
        1,
        2,
        3
      ],
      "source_clock_gaps_seconds": [
        0.03478527069091797,
        0.03751182556152344,
        0.03988909721374512
      ]
    },
    {
      "sequence": "caa66d98ac022d2eaf6da6813da7319ccc09c2436d1e99b42693141457cd3e6b/window-000103",
      "frames": 4,
      "support": {
        "status": "COMPLETE_SUPPORT_GENERATED",
        "candidate_count": 192,
        "generation": {
          "analytic_updates_computed": false,
          "bootstrap": true,
          "candidate_count": 192,
          "complete_within_declared_discrete_grammar": true,
          "context_sha256": "9ee1f83a5399f7db67b24b411818cc33e756cffd4708e3711d487574a9116731",
          "continuous_or_open_world_support_complete": false,
          "current_active_parents": 0,
          "delayed_evidence": false,
          "event_time_grid": [
            "2026-09-26T14:03:03.337070+00:00",
            "2026-09-26T14:03:03.337071+00:00",
            "2026-09-26T14:03:03.337072+00:00",
            "2026-09-26T14:03:03.337073+00:00"
          ],
          "grammar": "observed-time-complete-event-grammar-development@1",
          "ledger_authorized": false,
          "native_publication_authorized": false,
          "operation_counts": {
            "preserve_unresolved": 192
          },
          "posterior_accuracy_calibrated": false,
          "retracted_parents": 0,
          "source_records": [
            {
              "content_sha256": "1ce09945623f604de51cddf01c51344fb546c5423deb980f7ca814fbbfaf2ade",
              "received_at": "2026-09-26T14:03:03.337070+00:00",
              "record_id": "71d18e02-b3e0-5695-be12-2b339415b413"
            },
            {
              "content_sha256": "318cb0bd38e8fbcb58f8850e6c1111ab76fb41a678427ac4fe2245050e5df600",
              "received_at": "2026-09-26T14:03:03.337071+00:00",
              "record_id": "128f943f-813f-5ec8-ae95-8fffcffddb61"
            },
            {
              "content_sha256": "d4d69b2bb107a1848bd68b3e80b7cbdfc37c16bc65b16fbaf18aef8c842b5d72",
              "received_at": "2026-09-26T14:03:03.337072+00:00",
              "record_id": "26157602-ec58-5230-af78-7fb7b96c2983"
            },
            {
              "content_sha256": "a05716f751202b90bd94b3899e3f3a65b0a0db12dc2ed00371e23a4aac735278",
              "received_at": "2026-09-26T14:03:03.337073+00:00",
              "record_id": "e9a7955c-211e-5b6f-86fe-a2d688ad95e9"
            }
          ],
          "truncated": false
        }
      },
      "core_ledger_unchanged": true,
      "execution_traces": 0,
      "perception_restore_equal": true,
      "source_sequence": "caa66d98ac022d2eaf6da6813da7319ccc09c2436d1e99b42693141457cd3e6b",
      "original_frames": [
        103,
        104,
        105,
        106
      ],
      "source_clock_gaps_seconds": [
        0.03915810585021973,
        0.03628683090209961,
        0.03663349151611328
      ]
    },
    {
      "sequence": "caa66d98ac022d2eaf6da6813da7319ccc09c2436d1e99b42693141457cd3e6b/window-000206",
      "frames": 4,
      "support": {
        "status": "COMPLETE_SUPPORT_GENERATED",
        "candidate_count": 176,
        "generation": {
          "analytic_updates_computed": false,
          "bootstrap": true,
          "candidate_count": 176,
          "complete_within_declared_discrete_grammar": true,
          "context_sha256": "c31f748102ca79c1b73671464d939416a8bb8663467843eaf40bcacb844dfa53",
          "continuous_or_open_world_support_complete": false,
          "current_active_parents": 0,
          "delayed_evidence": false,
          "event_time_grid": [
            "2026-09-26T14:03:03.337074+00:00",
            "2026-09-26T14:03:03.337075+00:00",
            "2026-09-26T14:03:03.337076+00:00",
            "2026-09-26T14:03:03.337077+00:00"
          ],
          "grammar": "observed-time-complete-event-grammar-development@1",
          "ledger_authorized": false,
          "native_publication_authorized": false,
          "operation_counts": {
            "preserve_unresolved": 176
          },
          "posterior_accuracy_calibrated": false,
          "retracted_parents": 0,
          "source_records": [
            {
              "content_sha256": "0e9f4b727cb27bd5f4d172d53e2149cddb3a213b55e1a4d73732f8251cfdfc1d",
              "received_at": "2026-09-26T14:03:03.337074+00:00",
              "record_id": "d8dfaab9-132b-538a-a1ef-016ea719684a"
            },
            {
              "content_sha256": "a4f57106f92f74dfef03c56b9dc3a5534dc11a7b5deec1bfc91719a1de725705",
              "received_at": "2026-09-26T14:03:03.337075+00:00",
              "record_id": "a4e69a6e-e889-5779-9eb7-32c2691e7f24"
            },
            {
              "content_sha256": "0272b3c85a4f7c991d8bae874604edac05a2e143578387bb157d29e448f1d32b",
              "received_at": "2026-09-26T14:03:03.337076+00:00",
              "record_id": "72aa633a-635f-5b8c-8810-8ecb5716199a"
            },
            {
              "content_sha256": "7b9878fc5ee70aafff63dbbdffc7d04bac9e6f863f3c4553d0bb68e32d02be0b",
              "received_at": "2026-09-26T14:03:03.337077+00:00",
              "record_id": "bc779b99-b652-5d3b-9ab3-e33395aefe17"
            }
          ],
          "truncated": false
        }
      },
      "core_ledger_unchanged": true,
      "execution_traces": 0,
      "perception_restore_equal": true,
      "source_sequence": "caa66d98ac022d2eaf6da6813da7319ccc09c2436d1e99b42693141457cd3e6b",
      "original_frames": [
        206,
        207,
        208,
        209
      ],
      "source_clock_gaps_seconds": [
        0.03608560562133789,
        0.03686809539794922,
        0.03807425498962402
      ]
    },
    {
      "sequence": "caa66d98ac022d2eaf6da6813da7319ccc09c2436d1e99b42693141457cd3e6b/window-000309",
      "frames": 4,
      "support": {
        "status": "COMPLETE_SUPPORT_GENERATED",
        "candidate_count": 243,
        "generation": {
          "analytic_updates_computed": false,
          "bootstrap": true,
          "candidate_count": 243,
          "complete_within_declared_discrete_grammar": true,
          "context_sha256": "056575e2fb50c8db96cbfa16899cf51b131c62eaa272d2f8b5c6a36fbab4b57a",
          "continuous_or_open_world_support_complete": false,
          "current_active_parents": 0,
          "delayed_evidence": false,
          "event_time_grid": [
            "2026-09-26T14:03:03.337078+00:00",
            "2026-09-26T14:03:03.337079+00:00",
            "2026-09-26T14:03:03.337080+00:00",
            "2026-09-26T14:03:03.337081+00:00"
          ],
          "grammar": "observed-time-complete-event-grammar-development@1",
          "ledger_authorized": false,
          "native_publication_authorized": false,
          "operation_counts": {
            "preserve_unresolved": 243
          },
          "posterior_accuracy_calibrated": false,
          "retracted_parents": 0,
          "source_records": [
            {
              "content_sha256": "b3ab58f220cd55d45a784aa25bd5863c33ea1b03e2aa0f274e5433be9a855c94",
              "received_at": "2026-09-26T14:03:03.337078+00:00",
              "record_id": "54d5fc3d-ba62-5899-b713-d01e4d9ad879"
            },
            {
              "content_sha256": "39d467272435c4c2f0203ac21ee7f2ed5597d578a63470e7b4fe8a0d5b70ea21",
              "received_at": "2026-09-26T14:03:03.337079+00:00",
              "record_id": "681c0554-40e3-50cf-8b0a-1549492111d5"
            },
            {
              "content_sha256": "8a198f7bfeb113ef52a2256e89c505c7e7fb39d210f6c2bea6a632a133872e30",
              "received_at": "2026-09-26T14:03:03.337080+00:00",
              "record_id": "7aa7e6e3-67be-5e0d-aa97-cdfc1b5d5260"
            },
            {
              "content_sha256": "455a699dd27fc86b362115ff75f8b286d9825ac07b7ddecb671a9bbbed38b82e",
              "received_at": "2026-09-26T14:03:03.337081+00:00",
              "record_id": "284630c8-fe33-594f-bfcb-97b9971086dd"
            }
          ],
          "truncated": false
        }
      },
      "core_ledger_unchanged": true,
      "execution_traces": 0,
      "perception_restore_equal": true,
      "source_sequence": "caa66d98ac022d2eaf6da6813da7319ccc09c2436d1e99b42693141457cd3e6b",
      "original_frames": [
        309,
        310,
        311,
        312
      ],
      "source_clock_gaps_seconds": [
        0.0366363525390625,
        0.036420583724975586,
        0.035605669021606445
      ]
    },
    {
      "sequence": "d273879c89140cddbeabfe0d3fadb6d3cc8fe5483410254645e311242f945bb6/window-000000",
      "frames": 4,
      "support": {
        "status": "COMPLETE_SUPPORT_GENERATED",
        "candidate_count": 144,
        "generation": {
          "analytic_updates_computed": false,
          "bootstrap": true,
          "candidate_count": 144,
          "complete_within_declared_discrete_grammar": true,
          "context_sha256": "3f37bd329dbcbc93281deac9fee783db59b2c403fbc12200ed3ddfe209f54ef3",
          "continuous_or_open_world_support_complete": false,
          "current_active_parents": 0,
          "delayed_evidence": false,
          "event_time_grid": [
            "2026-09-26T14:03:03.337066+00:00",
            "2026-09-26T14:03:03.337067+00:00",
            "2026-09-26T14:03:03.337068+00:00",
            "2026-09-26T14:03:03.337069+00:00"
          ],
          "grammar": "observed-time-complete-event-grammar-development@1",
          "ledger_authorized": false,
          "native_publication_authorized": false,
          "operation_counts": {
            "preserve_unresolved": 144
          },
          "posterior_accuracy_calibrated": false,
          "retracted_parents": 0,
          "source_records": [
            {
              "content_sha256": "0077b2181ff41f47667ad13f06a2da3425508077e4f454e422c2080e17f5376a",
              "received_at": "2026-09-26T14:03:03.337066+00:00",
              "record_id": "83103a4f-d985-5435-bb0b-fda4d885a8c0"
            },
            {
              "content_sha256": "2361536f0e79c14bb33509766f015ef0f9a19305d7e5512c292240c93984c6d8",
              "received_at": "2026-09-26T14:03:03.337067+00:00",
              "record_id": "57c37325-7805-5f15-ae22-2d6396543012"
            },
            {
              "content_sha256": "5489d4fda1775321b1d9490f8d61b12c6ada399f516a867825a10ac53095404f",
              "received_at": "2026-09-26T14:03:03.337068+00:00",
              "record_id": "9984c218-b86d-5860-9c41-f9c747bb29ac"
            },
            {
              "content_sha256": "f2a5947ecfc8d79c1c86c9065a7b10a3c46b2565931eedc9b89627ccb8298aee",
              "received_at": "2026-09-26T14:03:03.337069+00:00",
              "record_id": "6a0fa00a-c268-517c-a617-b80925e33c69"
            }
          ],
          "truncated": false
        }
      },
      "core_ledger_unchanged": true,
      "execution_traces": 0,
      "perception_restore_equal": true,
      "source_sequence": "d273879c89140cddbeabfe0d3fadb6d3cc8fe5483410254645e311242f945bb6",
      "original_frames": [
        0,
        1,
        2,
        3
      ],
      "source_clock_gaps_seconds": [
        0.011017322540283203,
        0.009840011596679688,
        0.006601572036743164
      ]
    },
    {
      "sequence": "d273879c89140cddbeabfe0d3fadb6d3cc8fe5483410254645e311242f945bb6/window-000193",
      "frames": 4,
      "support": {
        "status": "COMPLETE_SUPPORT_GENERATED",
        "candidate_count": 128,
        "generation": {
          "analytic_updates_computed": false,
          "bootstrap": true,
          "candidate_count": 128,
          "complete_within_declared_discrete_grammar": true,
          "context_sha256": "08dd494e0620e95b1897162e421216d2f706714228d9fb946036f20b4019c0ad",
          "continuous_or_open_world_support_complete": false,
          "current_active_parents": 0,
          "delayed_evidence": false,
          "event_time_grid": [
            "2026-09-26T14:03:03.337070+00:00",
            "2026-09-26T14:03:03.337071+00:00",
            "2026-09-26T14:03:03.337072+00:00",
            "2026-09-26T14:03:03.337073+00:00"
          ],
          "grammar": "observed-time-complete-event-grammar-development@1",
          "ledger_authorized": false,
          "native_publication_authorized": false,
          "operation_counts": {
            "preserve_unresolved": 128
          },
          "posterior_accuracy_calibrated": false,
          "retracted_parents": 0,
          "source_records": [
            {
              "content_sha256": "a83b595aea2977538039588a70e52842ea2bd27c95eeec6fd09dbbb487252915",
              "received_at": "2026-09-26T14:03:03.337070+00:00",
              "record_id": "e2f1997c-93f3-5b73-97a8-c1b531df580c"
            },
            {
              "content_sha256": "17b73a2b1ca2712d1f153e2e483b9028cd7f200155b19a40e3f0b049cbbea815",
              "received_at": "2026-09-26T14:03:03.337071+00:00",
              "record_id": "7348b150-0c86-52a8-a283-b28c64c3cd01"
            },
            {
              "content_sha256": "2ffeb80d4f29bbddf96ed69b2dd8ae50c61154d664d886523cddb0527fe48965",
              "received_at": "2026-09-26T14:03:03.337072+00:00",
              "record_id": "f871ebe2-2a67-5955-af91-133aaf942290"
            },
            {
              "content_sha256": "a12daf960e6ea00576488deaad34a66b5202d6b9619a867811951672d4d18dac",
              "received_at": "2026-09-26T14:03:03.337073+00:00",
              "record_id": "9cfc1034-3f97-51c8-94e7-d2634760a848"
            }
          ],
          "truncated": false
        }
      },
      "core_ledger_unchanged": true,
      "execution_traces": 0,
      "perception_restore_equal": true,
      "source_sequence": "d273879c89140cddbeabfe0d3fadb6d3cc8fe5483410254645e311242f945bb6",
      "original_frames": [
        193,
        194,
        195,
        196
      ],
      "source_clock_gaps_seconds": [
        0.03950834274291992,
        0.03420448303222656,
        0.03560829162597656
      ]
    },
    {
      "sequence": "d273879c89140cddbeabfe0d3fadb6d3cc8fe5483410254645e311242f945bb6/window-000386",
      "frames": 4,
      "support": {
        "status": "COMPLETE_SUPPORT_GENERATED",
        "candidate_count": 189,
        "generation": {
          "analytic_updates_computed": false,
          "bootstrap": true,
          "candidate_count": 189,
          "complete_within_declared_discrete_grammar": true,
          "context_sha256": "e946dda303bcdf009d4fad8a2991620899d50c836a1111fbd1c479832d5618ce",
          "continuous_or_open_world_support_complete": false,
          "current_active_parents": 0,
          "delayed_evidence": false,
          "event_time_grid": [
            "2026-09-26T14:03:03.337074+00:00",
            "2026-09-26T14:03:03.337075+00:00",
            "2026-09-26T14:03:03.337076+00:00",
            "2026-09-26T14:03:03.337077+00:00"
          ],
          "grammar": "observed-time-complete-event-grammar-development@1",
          "ledger_authorized": false,
          "native_publication_authorized": false,
          "operation_counts": {
            "preserve_unresolved": 189
          },
          "posterior_accuracy_calibrated": false,
          "retracted_parents": 0,
          "source_records": [
            {
              "content_sha256": "bdc53f5d8a5a7d20831c1532e9fc71fc351dd669f5be174b7e027732a7edf382",
              "received_at": "2026-09-26T14:03:03.337074+00:00",
              "record_id": "fb6ace83-64cb-514e-9e09-833992517184"
            },
            {
              "content_sha256": "dc055837357fdbbfb2f9bd65fb11b696affab59be609ffdc5033e6459e375fb5",
              "received_at": "2026-09-26T14:03:03.337075+00:00",
              "record_id": "1a8408cb-48ae-5611-bd71-c27205d82786"
            },
            {
              "content_sha256": "af4f915328a264dfd82ab9a20733ba3b820864b30a174ba3ab37435e13225cfd",
              "received_at": "2026-09-26T14:03:03.337076+00:00",
              "record_id": "ac1a5faf-f736-563a-9ccc-f97646a61401"
            },
            {
              "content_sha256": "19b53d179f83c29bad4750ac4a1f7f6c3636fd7639e97a8e823e4579782e405f",
              "received_at": "2026-09-26T14:03:03.337077+00:00",
              "record_id": "fd57ef09-4271-57a5-8929-7aa771d047f9"
            }
          ],
          "truncated": false
        }
      },
      "core_ledger_unchanged": true,
      "execution_traces": 0,
      "perception_restore_equal": true,
      "source_sequence": "d273879c89140cddbeabfe0d3fadb6d3cc8fe5483410254645e311242f945bb6",
      "original_frames": [
        386,
        387,
        388,
        389
      ],
      "source_clock_gaps_seconds": [
        0.03700709342956543,
        0.04036355018615723,
        0.04373884201049805
      ]
    },
    {
      "sequence": "d273879c89140cddbeabfe0d3fadb6d3cc8fe5483410254645e311242f945bb6/window-000580",
      "frames": 4,
      "support": {
        "status": "COMPLETE_SUPPORT_GENERATED",
        "candidate_count": 176,
        "generation": {
          "analytic_updates_computed": false,
          "bootstrap": true,
          "candidate_count": 176,
          "complete_within_declared_discrete_grammar": true,
          "context_sha256": "c05d10462dc9e8c5ba13e1a14ab53a4dbd7e865b9d2d48d0f1cc076a8d4ca5ba",
          "continuous_or_open_world_support_complete": false,
          "current_active_parents": 0,
          "delayed_evidence": false,
          "event_time_grid": [
            "2026-09-26T14:03:03.337078+00:00",
            "2026-09-26T14:03:03.337079+00:00",
            "2026-09-26T14:03:03.337080+00:00",
            "2026-09-26T14:03:03.337081+00:00"
          ],
          "grammar": "observed-time-complete-event-grammar-development@1",
          "ledger_authorized": false,
          "native_publication_authorized": false,
          "operation_counts": {
            "preserve_unresolved": 176
          },
          "posterior_accuracy_calibrated": false,
          "retracted_parents": 0,
          "source_records": [
            {
              "content_sha256": "15ba088f08b9b29d63a92b6d590f8b018eb793619455eb6e9ef6a48d7550d16a",
              "received_at": "2026-09-26T14:03:03.337078+00:00",
              "record_id": "3627607c-cb9d-5894-91dd-13f200ee406f"
            },
            {
              "content_sha256": "2998dee27c777ccd3f8ca15bd63dd4b3a58542c6ffe34d980208c6ad0eaf9416",
              "received_at": "2026-09-26T14:03:03.337079+00:00",
              "record_id": "4e400f6c-4056-56f2-b619-c523009f3c7a"
            },
            {
              "content_sha256": "b19c56502987ceaa4ea6b5bb54a149da409b0ecfd9e107b7b56f3525b9f567fb",
              "received_at": "2026-09-26T14:03:03.337080+00:00",
              "record_id": "049bfcda-030e-5cdc-b5a2-d703f068e05b"
            },
            {
              "content_sha256": "abe52d1eb7c809622bcfa49abd8200c02e4ea92775bef44996d5e70bc9e9b704",
              "received_at": "2026-09-26T14:03:03.337081+00:00",
              "record_id": "b4e4db7f-1750-52c8-830d-ac9390f762f1"
            }
          ],
          "truncated": false
        }
      },
      "core_ledger_unchanged": true,
      "execution_traces": 0,
      "perception_restore_equal": true,
      "source_sequence": "d273879c89140cddbeabfe0d3fadb6d3cc8fe5483410254645e311242f945bb6",
      "original_frames": [
        580,
        581,
        582,
        583
      ],
      "source_clock_gaps_seconds": [
        0.034028053283691406,
        0.0499417781829834,
        0.04552888870239258
      ]
    },
    {
      "sequence": "e878bb28c13aa6dde99c6f6ae8bd86fabd73c63f9754969cb4aa11e5e9801782/window-000000",
      "frames": 4,
      "support": {
        "status": "COMPLETE_SUPPORT_GENERATED",
        "candidate_count": 272,
        "generation": {
          "analytic_updates_computed": false,
          "bootstrap": true,
          "candidate_count": 272,
          "complete_within_declared_discrete_grammar": true,
          "context_sha256": "6c1f76046dd950e6742dde92cb76b5e8eda7e9aca7beac15b02765c31aacfd88",
          "continuous_or_open_world_support_complete": false,
          "current_active_parents": 0,
          "delayed_evidence": false,
          "event_time_grid": [
            "2026-09-26T14:03:03.337066+00:00",
            "2026-09-26T14:03:03.337067+00:00",
            "2026-09-26T14:03:03.337068+00:00",
            "2026-09-26T14:03:03.337069+00:00"
          ],
          "grammar": "observed-time-complete-event-grammar-development@1",
          "ledger_authorized": false,
          "native_publication_authorized": false,
          "operation_counts": {
            "preserve_unresolved": 272
          },
          "posterior_accuracy_calibrated": false,
          "retracted_parents": 0,
          "source_records": [
            {
              "content_sha256": "7074417ccfc0f477d4431fc1592a0aba23d675ec44699144210e19c7bc8c12bb",
              "received_at": "2026-09-26T14:03:03.337066+00:00",
              "record_id": "c4bdca2c-b664-5a08-9e3a-91b26601dcff"
            },
            {
              "content_sha256": "4131f5d70014e2fbdf88ce2d793727bf6921a3b4cc4ea84b7163219bd66fe135",
              "received_at": "2026-09-26T14:03:03.337067+00:00",
              "record_id": "52efed28-468b-57dc-a3f0-aa56b8a57401"
            },
            {
              "content_sha256": "ca08bee59afeab60a57ea3c74e74f4523ba40185602c81a022348a8784cb6a32",
              "received_at": "2026-09-26T14:03:03.337068+00:00",
              "record_id": "939badef-e257-5493-8977-303f2f990b95"
            },
            {
              "content_sha256": "8ecdd045eddfad6c1661301b9d0784230ac99d3c2aab87347a3c5071403606b8",
              "received_at": "2026-09-26T14:03:03.337069+00:00",
              "record_id": "defaa7e1-a8a0-5929-91d8-8dd5aa76ee0e"
            }
          ],
          "truncated": false
        }
      },
      "core_ledger_unchanged": true,
      "execution_traces": 0,
      "perception_restore_equal": true,
      "source_sequence": "e878bb28c13aa6dde99c6f6ae8bd86fabd73c63f9754969cb4aa11e5e9801782",
      "original_frames": [
        0,
        1,
        2,
        3
      ],
      "source_clock_gaps_seconds": [
        0.036124467849731445,
        0.040375471115112305,
        0.0362246036529541
      ]
    },
    {
      "sequence": "e878bb28c13aa6dde99c6f6ae8bd86fabd73c63f9754969cb4aa11e5e9801782/window-000082",
      "frames": 4,
      "support": {
        "status": "COMPLETE_SUPPORT_GENERATED",
        "candidate_count": 324,
        "generation": {
          "analytic_updates_computed": false,
          "bootstrap": true,
          "candidate_count": 324,
          "complete_within_declared_discrete_grammar": true,
          "context_sha256": "25f5808aa8a8a29533119d69f7fce9c8c8219ce283056bef6f73217ec102f2ec",
          "continuous_or_open_world_support_complete": false,
          "current_active_parents": 0,
          "delayed_evidence": false,
          "event_time_grid": [
            "2026-09-26T14:03:03.337070+00:00",
            "2026-09-26T14:03:03.337071+00:00",
            "2026-09-26T14:03:03.337072+00:00",
            "2026-09-26T14:03:03.337073+00:00"
          ],
          "grammar": "observed-time-complete-event-grammar-development@1",
          "ledger_authorized": false,
          "native_publication_authorized": false,
          "operation_counts": {
            "preserve_unresolved": 324
          },
          "posterior_accuracy_calibrated": false,
          "retracted_parents": 0,
          "source_records": [
            {
              "content_sha256": "cc2b7ab0b2e85494d155c2f9c8108a246c7b267c1404844d164b36a55bebc475",
              "received_at": "2026-09-26T14:03:03.337070+00:00",
              "record_id": "e4c1d64e-5a02-50da-a1c4-d7cb87b23a7e"
            },
            {
              "content_sha256": "81cd4be9a6765a63632b18f51417ce6e57ed4e12920d41b2a31cd2fdbe3acaad",
              "received_at": "2026-09-26T14:03:03.337071+00:00",
              "record_id": "fcd6ecd8-2091-55b7-b259-0100e5697a18"
            },
            {
              "content_sha256": "068133e0a94850eec7c650508aa938a355656dfc975dae8222405b114aa1dd2a",
              "received_at": "2026-09-26T14:03:03.337072+00:00",
              "record_id": "74134ff4-fe46-55e2-9f50-c459fbfe4eec"
            },
            {
              "content_sha256": "dcf0379d5af4e64582d1d2cecc98fd7f893964b2a5fc116b8f0b6e21a3734c05",
              "received_at": "2026-09-26T14:03:03.337073+00:00",
              "record_id": "cb6626db-b5d4-591c-9733-40ea27b52ca3"
            }
          ],
          "truncated": false
        }
      },
      "core_ledger_unchanged": true,
      "execution_traces": 0,
      "perception_restore_equal": true,
      "source_sequence": "e878bb28c13aa6dde99c6f6ae8bd86fabd73c63f9754969cb4aa11e5e9801782",
      "original_frames": [
        82,
        83,
        84,
        85
      ],
      "source_clock_gaps_seconds": [
        0.035140037536621094,
        0.03664731979370117,
        0.036768198013305664
      ]
    },
    {
      "sequence": "e878bb28c13aa6dde99c6f6ae8bd86fabd73c63f9754969cb4aa11e5e9801782/window-000164",
      "frames": 4,
      "support": {
        "status": "COMPLETE_SUPPORT_GENERATED",
        "candidate_count": 440,
        "generation": {
          "analytic_updates_computed": false,
          "bootstrap": true,
          "candidate_count": 440,
          "complete_within_declared_discrete_grammar": true,
          "context_sha256": "08fe55a0dd2fb0280f2dbc01d5b2bb41eab906573158cf812608ac6e61a8bbbb",
          "continuous_or_open_world_support_complete": false,
          "current_active_parents": 0,
          "delayed_evidence": false,
          "event_time_grid": [
            "2026-09-26T14:03:03.337074+00:00",
            "2026-09-26T14:03:03.337075+00:00",
            "2026-09-26T14:03:03.337076+00:00",
            "2026-09-26T14:03:03.337077+00:00"
          ],
          "grammar": "observed-time-complete-event-grammar-development@1",
          "ledger_authorized": false,
          "native_publication_authorized": false,
          "operation_counts": {
            "preserve_unresolved": 440
          },
          "posterior_accuracy_calibrated": false,
          "retracted_parents": 0,
          "source_records": [
            {
              "content_sha256": "cdee8f157fcfc0a93bfa0b4941246cbaa2e1c3b24cfd483a42148d5ebcb3a697",
              "received_at": "2026-09-26T14:03:03.337074+00:00",
              "record_id": "8e0d2fdd-30bb-538a-8b49-7aa9a35a835f"
            },
            {
              "content_sha256": "22bcbae520382ffa5c1f597d57ffda5fd8adda539f57b356d6d5a189106bb62f",
              "received_at": "2026-09-26T14:03:03.337075+00:00",
              "record_id": "072147b6-5082-53cd-bb91-b082ab72df1d"
            },
            {
              "content_sha256": "e9b3f288c26462b8ac9aa217fe618aa69a227a8d3bdb85364d806b202158f091",
              "received_at": "2026-09-26T14:03:03.337076+00:00",
              "record_id": "6553d360-0550-5072-b356-b83452e673fb"
            },
            {
              "content_sha256": "d9afac662f223d951c9fa852a0efbec5c12b599ec2d9453e5545feedcbe34e8a",
              "received_at": "2026-09-26T14:03:03.337077+00:00",
              "record_id": "58845954-20bd-5bac-af48-b63385331e4c"
            }
          ],
          "truncated": false
        }
      },
      "core_ledger_unchanged": true,
      "execution_traces": 0,
      "perception_restore_equal": true,
      "source_sequence": "e878bb28c13aa6dde99c6f6ae8bd86fabd73c63f9754969cb4aa11e5e9801782",
      "original_frames": [
        164,
        165,
        166,
        167
      ],
      "source_clock_gaps_seconds": [
        0.036931514739990234,
        0.0359346866607666,
        0.036666154861450195
      ]
    },
    {
      "sequence": "e878bb28c13aa6dde99c6f6ae8bd86fabd73c63f9754969cb4aa11e5e9801782/window-000247",
      "frames": 4,
      "support": {
        "status": "COMPLETE_SUPPORT_GENERATED",
        "candidate_count": 224,
        "generation": {
          "analytic_updates_computed": false,
          "bootstrap": true,
          "candidate_count": 224,
          "complete_within_declared_discrete_grammar": true,
          "context_sha256": "9cb324343b9ee11c344efcaf6290c60ca95ae372668e47343e13cfb830584c70",
          "continuous_or_open_world_support_complete": false,
          "current_active_parents": 0,
          "delayed_evidence": false,
          "event_time_grid": [
            "2026-09-26T14:03:03.337078+00:00",
            "2026-09-26T14:03:03.337079+00:00",
            "2026-09-26T14:03:03.337080+00:00",
            "2026-09-26T14:03:03.337081+00:00"
          ],
          "grammar": "observed-time-complete-event-grammar-development@1",
          "ledger_authorized": false,
          "native_publication_authorized": false,
          "operation_counts": {
            "preserve_unresolved": 224
          },
          "posterior_accuracy_calibrated": false,
          "retracted_parents": 0,
          "source_records": [
            {
              "content_sha256": "b7e1106eb812f4c0d53a08a568e581f3520e2c23fd2aafd6c3f9c7eb2d3ba3bc",
              "received_at": "2026-09-26T14:03:03.337078+00:00",
              "record_id": "2e87f404-3d27-57a5-8d6a-fd39024bf83d"
            },
            {
              "content_sha256": "e3726273da17ff200ea93b8cc6c03024e6050da82070edd83e957505e46ff6fe",
              "received_at": "2026-09-26T14:03:03.337079+00:00",
              "record_id": "8167783d-6941-599c-8bfa-cb69fa2e850f"
            },
            {
              "content_sha256": "10d91ea1ee036531488f4d82d53f2a3879cd301b6a30c7d5c863bfde3e32de5c",
              "received_at": "2026-09-26T14:03:03.337080+00:00",
              "record_id": "6e1cd89b-a884-5c60-b9fd-da92347a370c"
            },
            {
              "content_sha256": "328b0dddedaacd20ca58db80d5fcfb2b5923d41e056a28aee094c934dbf94014",
              "received_at": "2026-09-26T14:03:03.337081+00:00",
              "record_id": "3a027c63-daa3-500e-874e-09d12471ca0b"
            }
          ],
          "truncated": false
        }
      },
      "core_ledger_unchanged": true,
      "execution_traces": 0,
      "perception_restore_equal": true,
      "source_sequence": "e878bb28c13aa6dde99c6f6ae8bd86fabd73c63f9754969cb4aa11e5e9801782",
      "original_frames": [
        247,
        248,
        249,
        250
      ],
      "source_clock_gaps_seconds": [
        0.035280466079711914,
        0.038793087005615234,
        0.03451037406921387
      ]
    },
    {
      "sequence": "eee763a27550c54ea8f54cd854ea7775d0bed8e5a5912acff555256e780e2d54/window-000000",
      "frames": 4,
      "support": {
        "status": "COMPLETE_SUPPORT_GENERATED",
        "candidate_count": 144,
        "generation": {
          "analytic_updates_computed": false,
          "bootstrap": true,
          "candidate_count": 144,
          "complete_within_declared_discrete_grammar": true,
          "context_sha256": "d315267e74049951b541ed7c5e53afce4d31a63fd9594b9b6417a399d587587c",
          "continuous_or_open_world_support_complete": false,
          "current_active_parents": 0,
          "delayed_evidence": false,
          "event_time_grid": [
            "2026-09-26T14:03:03.337066+00:00",
            "2026-09-26T14:03:03.337067+00:00",
            "2026-09-26T14:03:03.337068+00:00",
            "2026-09-26T14:03:03.337069+00:00"
          ],
          "grammar": "observed-time-complete-event-grammar-development@1",
          "ledger_authorized": false,
          "native_publication_authorized": false,
          "operation_counts": {
            "preserve_unresolved": 144
          },
          "posterior_accuracy_calibrated": false,
          "retracted_parents": 0,
          "source_records": [
            {
              "content_sha256": "e07659ce354b1ceb45cd5eb54a210754258c53ea03ac5e9c627891d3ef9c71b6",
              "received_at": "2026-09-26T14:03:03.337066+00:00",
              "record_id": "1b6a654a-a9e4-5369-85a1-311f4554216f"
            },
            {
              "content_sha256": "7998258bac9edbf5cfa88574b4e8859f1b062be42eb03cd8e9b38c9c0c48131a",
              "received_at": "2026-09-26T14:03:03.337067+00:00",
              "record_id": "9350b45f-2d05-5268-b2af-6882f12454d5"
            },
            {
              "content_sha256": "5ca53b53e155eefab11a7709ceda5590ba4605d5127308272e0bdf46d7d95b0c",
              "received_at": "2026-09-26T14:03:03.337068+00:00",
              "record_id": "5d35d1e0-a976-5bd2-bb1e-197a77428076"
            },
            {
              "content_sha256": "4d2550f39253eed2a7d338c3865989bf8820443f34d75ab83af452bd393e6a09",
              "received_at": "2026-09-26T14:03:03.337069+00:00",
              "record_id": "e15ca642-77f3-583d-aea9-2ae42a9a4915"
            }
          ],
          "truncated": false
        }
      },
      "core_ledger_unchanged": true,
      "execution_traces": 0,
      "perception_restore_equal": true,
      "source_sequence": "eee763a27550c54ea8f54cd854ea7775d0bed8e5a5912acff555256e780e2d54",
      "original_frames": [
        0,
        1,
        2,
        3
      ],
      "source_clock_gaps_seconds": [
        0.03580117225646973,
        0.03711414337158203,
        0.04130411148071289
      ]
    },
    {
      "sequence": "eee763a27550c54ea8f54cd854ea7775d0bed8e5a5912acff555256e780e2d54/window-000104",
      "frames": 4,
      "support": {
        "status": "COMPLETE_SUPPORT_GENERATED",
        "candidate_count": 240,
        "generation": {
          "analytic_updates_computed": false,
          "bootstrap": true,
          "candidate_count": 240,
          "complete_within_declared_discrete_grammar": true,
          "context_sha256": "b2c8acdcbd6f80b3f1257af2948d63b97dace79d0ee2151d0eb4de6622a8bf9e",
          "continuous_or_open_world_support_complete": false,
          "current_active_parents": 0,
          "delayed_evidence": false,
          "event_time_grid": [
            "2026-09-26T14:03:03.337070+00:00",
            "2026-09-26T14:03:03.337071+00:00",
            "2026-09-26T14:03:03.337072+00:00",
            "2026-09-26T14:03:03.337073+00:00"
          ],
          "grammar": "observed-time-complete-event-grammar-development@1",
          "ledger_authorized": false,
          "native_publication_authorized": false,
          "operation_counts": {
            "preserve_unresolved": 240
          },
          "posterior_accuracy_calibrated": false,
          "retracted_parents": 0,
          "source_records": [
            {
              "content_sha256": "db2482a512dc4d0c8b101182567bf526561dd87d2d8f8f105fa4f2964e0b629f",
              "received_at": "2026-09-26T14:03:03.337070+00:00",
              "record_id": "974baa9d-cf5d-5574-a51c-ad0585c09f92"
            },
            {
              "content_sha256": "605e6a75d7b7830b8c45cdde937d628037c416fac71e8afc033cc0c359ba2ccb",
              "received_at": "2026-09-26T14:03:03.337071+00:00",
              "record_id": "0faeb53e-86fe-5bc7-8b86-e23b1e8a4e0f"
            },
            {
              "content_sha256": "d8d8f921788ec803736c349d898e61231323c8f217f8ec7d4874dff403d9aaef",
              "received_at": "2026-09-26T14:03:03.337072+00:00",
              "record_id": "5a929b26-edff-5d95-88f0-bf162f782578"
            },
            {
              "content_sha256": "b562fb1eebe9e6bebb40362d1838d6362214dee82ed987d90284d3bab669ccae",
              "received_at": "2026-09-26T14:03:03.337073+00:00",
              "record_id": "d1d4a61b-45db-551a-975b-87c323e5a236"
            }
          ],
          "truncated": false
        }
      },
      "core_ledger_unchanged": true,
      "execution_traces": 0,
      "perception_restore_equal": true,
      "source_sequence": "eee763a27550c54ea8f54cd854ea7775d0bed8e5a5912acff555256e780e2d54",
      "original_frames": [
        104,
        105,
        106,
        107
      ],
      "source_clock_gaps_seconds": [
        0.036544084548950195,
        0.036455631256103516,
        0.03682565689086914
      ]
    },
    {
      "sequence": "eee763a27550c54ea8f54cd854ea7775d0bed8e5a5912acff555256e780e2d54/window-000208",
      "frames": 4,
      "support": {
        "status": "COMPLETE_SUPPORT_GENERATED",
        "candidate_count": 192,
        "generation": {
          "analytic_updates_computed": false,
          "bootstrap": true,
          "candidate_count": 192,
          "complete_within_declared_discrete_grammar": true,
          "context_sha256": "93974aad76080be4962b165ec55eaa83c653f8760f7d732289deb708d54225ff",
          "continuous_or_open_world_support_complete": false,
          "current_active_parents": 0,
          "delayed_evidence": false,
          "event_time_grid": [
            "2026-09-26T14:03:03.337074+00:00",
            "2026-09-26T14:03:03.337075+00:00",
            "2026-09-26T14:03:03.337076+00:00",
            "2026-09-26T14:03:03.337077+00:00"
          ],
          "grammar": "observed-time-complete-event-grammar-development@1",
          "ledger_authorized": false,
          "native_publication_authorized": false,
          "operation_counts": {
            "preserve_unresolved": 192
          },
          "posterior_accuracy_calibrated": false,
          "retracted_parents": 0,
          "source_records": [
            {
              "content_sha256": "5fc80cb36ce88c3dc5f3679972c44edbdd0c878c2009f2c3b0a85ed842829ff1",
              "received_at": "2026-09-26T14:03:03.337074+00:00",
              "record_id": "b5468a82-7f20-5d56-9608-5c0fb53fd493"
            },
            {
              "content_sha256": "36657c8430ff9d4e9c664daf3f129cec1ad1bb6a9d21539e8044b1e4b4530cb6",
              "received_at": "2026-09-26T14:03:03.337075+00:00",
              "record_id": "796ff166-be99-5a58-a316-4d1a66badb59"
            },
            {
              "content_sha256": "8b23e9d22132b9f2dffc32b347beef69dc5f9348f4f55515d519ead061eb5536",
              "received_at": "2026-09-26T14:03:03.337076+00:00",
              "record_id": "fcb9cb81-1972-5c5a-afc6-fcb49c5bb2d4"
            },
            {
              "content_sha256": "24fca57311147f22a690dbfb5999b9ff6156fa57cdbda251b2d3f5fdde8bdcbd",
              "received_at": "2026-09-26T14:03:03.337077+00:00",
              "record_id": "ba7e9120-4a98-51bd-a15e-c09d060bd786"
            }
          ],
          "truncated": false
        }
      },
      "core_ledger_unchanged": true,
      "execution_traces": 0,
      "perception_restore_equal": true,
      "source_sequence": "eee763a27550c54ea8f54cd854ea7775d0bed8e5a5912acff555256e780e2d54",
      "original_frames": [
        208,
        209,
        210,
        211
      ],
      "source_clock_gaps_seconds": [
        0.037293434143066406,
        0.035703182220458984,
        0.03400611877441406
      ]
    },
    {
      "sequence": "eee763a27550c54ea8f54cd854ea7775d0bed8e5a5912acff555256e780e2d54/window-000313",
      "frames": 4,
      "support": {
        "status": "COMPLETE_SUPPORT_GENERATED",
        "candidate_count": 112,
        "generation": {
          "analytic_updates_computed": false,
          "bootstrap": true,
          "candidate_count": 112,
          "complete_within_declared_discrete_grammar": true,
          "context_sha256": "5f18f2609d9e99e9c8eb52e500e501e816bc26004e269f9b567addb925ad4bad",
          "continuous_or_open_world_support_complete": false,
          "current_active_parents": 0,
          "delayed_evidence": false,
          "event_time_grid": [
            "2026-09-26T14:03:03.337078+00:00",
            "2026-09-26T14:03:03.337079+00:00",
            "2026-09-26T14:03:03.337080+00:00",
            "2026-09-26T14:03:03.337081+00:00"
          ],
          "grammar": "observed-time-complete-event-grammar-development@1",
          "ledger_authorized": false,
          "native_publication_authorized": false,
          "operation_counts": {
            "preserve_unresolved": 112
          },
          "posterior_accuracy_calibrated": false,
          "retracted_parents": 0,
          "source_records": [
            {
              "content_sha256": "9ea8e51c2fe5a00fdbe02a90224721e978919e15954b6d8470cee2d0bf19f1fe",
              "received_at": "2026-09-26T14:03:03.337078+00:00",
              "record_id": "68925a9c-0703-5206-bd42-cc92b9a3719d"
            },
            {
              "content_sha256": "f992fd145eb82f24269ccb1f7efac170f02d0717d32a856e414cfa8a4ef890aa",
              "received_at": "2026-09-26T14:03:03.337079+00:00",
              "record_id": "bc4d159e-6b06-55cb-9a89-2fc96a0df36c"
            },
            {
              "content_sha256": "18768142e2e4447294498477bda10384760f20dd861a92f80617ddd4b9996809",
              "received_at": "2026-09-26T14:03:03.337080+00:00",
              "record_id": "eb0536a4-3246-5ca0-8c2b-c9f0dd2bf1f3"
            },
            {
              "content_sha256": "7f7f0559116802219c49eed94984f6520f982409fc5ad3c05110c1a5d631e628",
              "received_at": "2026-09-26T14:03:03.337081+00:00",
              "record_id": "7e6249e9-cc6a-5311-aee2-1e26d1fd7109"
            }
          ],
          "truncated": false
        }
      },
      "core_ledger_unchanged": true,
      "execution_traces": 0,
      "perception_restore_equal": true,
      "source_sequence": "eee763a27550c54ea8f54cd854ea7775d0bed8e5a5912acff555256e780e2d54",
      "original_frames": [
        313,
        314,
        315,
        316
      ],
      "source_clock_gaps_seconds": [
        0.03650069236755371,
        0.03666377067565918,
        0.03636050224304199
      ]
    }
  ],
  "detections_per_presentation": {
    "banana": 16,
    "person": 157,
    "potted plant": 48,
    "couch": 115,
    "remote": 11,
    "clock": 10,
    "cup": 36,
    "car": 2,
    "bed": 17,
    "bottle": 44,
    "oven": 18,
    "sink": 45,
    "bowl": 19,
    "chair": 177,
    "cell phone": 14,
    "scissors": 2,
    "book": 172,
    "toothbrush": 2,
    "laptop": 14,
    "dining table": 18,
    "tv": 35,
    "backpack": 13,
    "train": 4,
    "motorcycle": 3,
    "hair drier": 1,
    "handbag": 6,
    "vase": 1,
    "refrigerator": 2
  },
  "associations_per_presentation": {
    "NEW_UNVERIFIED": 342,
    "ASSOCIATED_GEOMETRIC": 601,
    "AMBIGUOUS_NEW_BRANCH": 59
  },
  "role_unresolved_reasons": {
    "contact_and_release_not_observed": 128,
    "role_likelihood_not_calibrated": 128,
    "physical_person_identity_not_resolved": 24,
    "no_stable_ordered_role_evidence": 117,
    "fewer_than_two_person_candidates": 104
  },
  "role_alternatives": 64,
  "regional_hand_candidates": 378,
  "hand_object_measurements": 2530,
  "hand_count_semantics": "regional observations; overlapping crops can duplicate hands",
  "hand_geometry_used_as_proposal_truth": false,
  "continuous_episode_or_independent_window_claim": false,
  "author_labels_read_by_frontend": false,
  "proposal_targets_supervised": 0,
  "proposal_network_training_steps": 0,
  "natural_semantic_publications": 0,
  "memory_writes": 0,
  "executed_actions": 0
}
