{
  "format": "hfd-original-frame-alignment@2",
  "policy": "first_lexical_trial_per_author_direction_outcome;four_uniform_windows_of_four_original_frames@1",
  "intake_manifest_sha256": "e4362769c9f44f02b5a6e055897ef487322b832101a79018034f2d9d8fbe6502",
  "imported_at": "2026-09-26T14:03:03.337066+00:00",
  "selection_uses_author_outcomes_for_development_stratification": true,
  "enrolled_trials": 337,
  "accepted_trials": 337,
  "accepted_source_frames": 141462,
  "quarantined_trials": [],
  "selected_trials": [
    {
      "trial": "trial0005",
      "task": "human to robot handover",
      "outcome": 0,
      "source_frames": 249,
      "selected_original_indices": [
        0,
        1,
        2,
        3,
        81,
        82,
        83,
        84,
        163,
        164,
        165,
        166,
        245,
        246,
        247,
        248
      ],
      "windows": [
        [
          0,
          1,
          2,
          3
        ],
        [
          81,
          82,
          83,
          84
        ],
        [
          163,
          164,
          165,
          166
        ],
        [
          245,
          246,
          247,
          248
        ]
      ]
    },
    {
      "trial": "trial0008",
      "task": "human to robot handover",
      "outcome": 1,
      "source_frames": 503,
      "selected_original_indices": [
        0,
        1,
        2,
        3,
        166,
        167,
        168,
        169,
        332,
        333,
        334,
        335,
        499,
        500,
        501,
        502
      ],
      "windows": [
        [
          0,
          1,
          2,
          3
        ],
        [
          166,
          167,
          168,
          169
        ],
        [
          332,
          333,
          334,
          335
        ],
        [
          499,
          500,
          501,
          502
        ]
      ]
    },
    {
      "trial": "trial0015",
      "task": "human to robot handover",
      "outcome": 2,
      "source_frames": 251,
      "selected_original_indices": [
        0,
        1,
        2,
        3,
        82,
        83,
        84,
        85,
        164,
        165,
        166,
        167,
        247,
        248,
        249,
        250
      ],
      "windows": [
        [
          0,
          1,
          2,
          3
        ],
        [
          82,
          83,
          84,
          85
        ],
        [
          164,
          165,
          166,
          167
        ],
        [
          247,
          248,
          249,
          250
        ]
      ]
    },
    {
      "trial": "trial0000",
      "task": "human to robot handover",
      "outcome": 3,
      "source_frames": 313,
      "selected_original_indices": [
        0,
        1,
        2,
        3,
        103,
        104,
        105,
        106,
        206,
        207,
        208,
        209,
        309,
        310,
        311,
        312
      ],
      "windows": [
        [
          0,
          1,
          2,
          3
        ],
        [
          103,
          104,
          105,
          106
        ],
        [
          206,
          207,
          208,
          209
        ],
        [
          309,
          310,
          311,
          312
        ]
      ]
    },
    {
      "trial": "trial0003",
      "task": "robot to human handover",
      "outcome": 0,
      "source_frames": 482,
      "selected_original_indices": [
        0,
        1,
        2,
        3,
        159,
        160,
        161,
        162,
        318,
        319,
        320,
        321,
        478,
        479,
        480,
        481
      ],
      "windows": [
        [
          0,
          1,
          2,
          3
        ],
        [
          159,
          160,
          161,
          162
        ],
        [
          318,
          319,
          320,
          321
        ],
        [
          478,
          479,
          480,
          481
        ]
      ]
    },
    {
      "trial": "trial0002",
      "task": "robot to human handover",
      "outcome": 1,
      "source_frames": 584,
      "selected_original_indices": [
        0,
        1,
        2,
        3,
        193,
        194,
        195,
        196,
        386,
        387,
        388,
        389,
        580,
        581,
        582,
        583
      ],
      "windows": [
        [
          0,
          1,
          2,
          3
        ],
        [
          193,
          194,
          195,
          196
        ],
        [
          386,
          387,
          388,
          389
        ],
        [
          580,
          581,
          582,
          583
        ]
      ]
    },
    {
      "trial": "trial0042",
      "task": "robot to human handover",
      "outcome": 2,
      "source_frames": 317,
      "selected_original_indices": [
        0,
        1,
        2,
        3,
        104,
        105,
        106,
        107,
        208,
        209,
        210,
        211,
        313,
        314,
        315,
        316
      ],
      "windows": [
        [
          0,
          1,
          2,
          3
        ],
        [
          104,
          105,
          106,
          107
        ],
        [
          208,
          209,
          210,
          211
        ],
        [
          313,
          314,
          315,
          316
        ]
      ]
    },
    {
      "trial": "trial0009",
      "task": "robot to human handover",
      "outcome": 3,
      "source_frames": 297,
      "selected_original_indices": [
        0,
        1,
        2,
        3,
        97,
        98,
        99,
        100,
        195,
        196,
        197,
        198,
        293,
        294,
        295,
        296
      ],
      "windows": [
        [
          0,
          1,
          2,
          3
        ],
        [
          97,
          98,
          99,
          100
        ],
        [
          195,
          196,
          197,
          198
        ],
        [
          293,
          294,
          295,
          296
        ]
      ]
    }
  ],
  "selected_frames": 128,
  "sampled_accuracy_or_population_estimate": false,
  "retrospective_sampling_not_online_policy": true,
  "runtime_event_clock": "import_order_not_physical_event_duration",
  "pixel_annotation_overlay_audit": "NOT_ESTABLISHED_BY_THIS_ADAPTER",
  "complete_proposal_targets": 0,
  "full_proposal_training_ready": false,
  "independent_contact_identity_pose_calibration": false,
  "native_publication_authorized": false,
  "selected_windows": 32,
  "frame_presentations": 128,
  "overlapping_windows_are_not_independent_trials": true
}
