Matplotlib is building the font cache; this may take a moment.
I0000 00:00:1790427851.811397 53139176 init-domain.cc:128] Fiber init: default domain = pthread, concurrency = 11, prefix = pthread-default
I0000 00:00:1790427851.883574 53139176 gl_context.cc:407] GL version: 2.1 (2.1 Metal - 90.5), renderer: Apple M5
INFO: Created TensorFlow Lite XNNPACK delegate for CPU.
W0000 00:00:1790427851.890548 53139178 inference_feedback_manager.cc:121] Feedback manager requires a model with a single signature inference. Disabling support for feedback tensors.
W0000 00:00:1790427851.893080 53139181 inference_feedback_manager.cc:121] Feedback manager requires a model with a single signature inference. Disabling support for feedback tensors.
W0000 00:00:1790427853.935987 53139178 landmark_projection_calculator.cc:81] Using NORM_RECT without IMAGE_DIMENSIONS is only supported for the square ROI. Provide IMAGE_DIMENSIONS or use PROJECTION_MATRIX.
{"window": "6b4616fe82a5cf3e037fc1d45127b2d99311e6e6ff38e70d8d5c6d4428642b58/window-000000", "frames": 4, "candidate_status": "COMPLETE_SUPPORT_GENERATED"}
{"window": "6b4616fe82a5cf3e037fc1d45127b2d99311e6e6ff38e70d8d5c6d4428642b58/window-000159", "frames": 4, "candidate_status": "COMPLETE_SUPPORT_GENERATED"}
{"window": "6b4616fe82a5cf3e037fc1d45127b2d99311e6e6ff38e70d8d5c6d4428642b58/window-000318", "frames": 4, "candidate_status": "COMPLETE_SUPPORT_GENERATED"}
{"window": "6b4616fe82a5cf3e037fc1d45127b2d99311e6e6ff38e70d8d5c6d4428642b58/window-000478", "frames": 4, "candidate_status": "COMPLETE_SUPPORT_GENERATED"}
I0000 00:00:1790427887.517885 53139698 gl_context.cc:407] GL version: 2.1 (2.1 Metal - 90.5), renderer: Apple M5
W0000 00:00:1790427887.520564 53139701 inference_feedback_manager.cc:121] Feedback manager requires a model with a single signature inference. Disabling support for feedback tensors.
W0000 00:00:1790427887.522716 53139705 inference_feedback_manager.cc:121] Feedback manager requires a model with a single signature inference. Disabling support for feedback tensors.
{"window": "6d2bba5f7e94dfc49a2e1450d45c8ae0509995dc6500066a3d3803d9f00b11f1/window-000000", "frames": 4, "candidate_status": "COMPLETE_SUPPORT_GENERATED"}
{"window": "6d2bba5f7e94dfc49a2e1450d45c8ae0509995dc6500066a3d3803d9f00b11f1/window-000166", "frames": 4, "candidate_status": "COMPLETE_SUPPORT_GENERATED"}
{"window": "6d2bba5f7e94dfc49a2e1450d45c8ae0509995dc6500066a3d3803d9f00b11f1/window-000332", "frames": 4, "candidate_status": "COMPLETE_SUPPORT_GENERATED"}
{"window": "6d2bba5f7e94dfc49a2e1450d45c8ae0509995dc6500066a3d3803d9f00b11f1/window-000499", "frames": 4, "candidate_status": "COMPLETE_SUPPORT_GENERATED"}
I0000 00:00:1790427928.835818 53140456 gl_context.cc:407] GL version: 2.1 (2.1 Metal - 90.5), renderer: Apple M5
W0000 00:00:1790427928.837541 53140460 inference_feedback_manager.cc:121] Feedback manager requires a model with a single signature inference. Disabling support for feedback tensors.
W0000 00:00:1790427928.839121 53140460 inference_feedback_manager.cc:121] Feedback manager requires a model with a single signature inference. Disabling support for feedback tensors.
{"window": "9f75bafb357a863e4740e6c1f430b26c9f55cb5aac03731dd33e4b1e38916179/window-000000", "frames": 4, "candidate_status": "COMPLETE_SUPPORT_GENERATED"}
{"window": "9f75bafb357a863e4740e6c1f430b26c9f55cb5aac03731dd33e4b1e38916179/window-000097", "frames": 4, "candidate_status": "COMPLETE_SUPPORT_GENERATED"}
{"window": "9f75bafb357a863e4740e6c1f430b26c9f55cb5aac03731dd33e4b1e38916179/window-000195", "frames": 4, "candidate_status": "COMPLETE_SUPPORT_GENERATED"}
{"window": "9f75bafb357a863e4740e6c1f430b26c9f55cb5aac03731dd33e4b1e38916179/window-000293", "frames": 4, "candidate_status": "COMPLETE_SUPPORT_GENERATED"}
I0000 00:00:1790427969.445149 53141025 gl_context.cc:407] GL version: 2.1 (2.1 Metal - 90.5), renderer: Apple M5
W0000 00:00:1790427969.447106 53141028 inference_feedback_manager.cc:121] Feedback manager requires a model with a single signature inference. Disabling support for feedback tensors.
W0000 00:00:1790427969.448649 53141034 inference_feedback_manager.cc:121] Feedback manager requires a model with a single signature inference. Disabling support for feedback tensors.
{"window": "a9b8e18f232ef20eed82c7edcb3b8c1151e1be77d1e2869e8397ed32a3b3ca7f/window-000000", "frames": 4, "candidate_status": "COMPLETE_SUPPORT_GENERATED"}
{"window": "a9b8e18f232ef20eed82c7edcb3b8c1151e1be77d1e2869e8397ed32a3b3ca7f/window-000081", "frames": 4, "candidate_status": "COMPLETE_SUPPORT_GENERATED"}
{"window": "a9b8e18f232ef20eed82c7edcb3b8c1151e1be77d1e2869e8397ed32a3b3ca7f/window-000163", "frames": 4, "candidate_status": "COMPLETE_SUPPORT_GENERATED"}
{"window": "a9b8e18f232ef20eed82c7edcb3b8c1151e1be77d1e2869e8397ed32a3b3ca7f/window-000245", "frames": 4, "candidate_status": "COMPLETE_SUPPORT_GENERATED"}
I0000 00:00:1790428010.417844 53141612 gl_context.cc:407] GL version: 2.1 (2.1 Metal - 90.5), renderer: Apple M5
W0000 00:00:1790428010.419541 53141615 inference_feedback_manager.cc:121] Feedback manager requires a model with a single signature inference. Disabling support for feedback tensors.
W0000 00:00:1790428010.421396 53141615 inference_feedback_manager.cc:121] Feedback manager requires a model with a single signature inference. Disabling support for feedback tensors.
{"window": "caa66d98ac022d2eaf6da6813da7319ccc09c2436d1e99b42693141457cd3e6b/window-000000", "frames": 4, "candidate_status": "COMPLETE_SUPPORT_GENERATED"}
{"window": "caa66d98ac022d2eaf6da6813da7319ccc09c2436d1e99b42693141457cd3e6b/window-000103", "frames": 4, "candidate_status": "COMPLETE_SUPPORT_GENERATED"}
{"window": "caa66d98ac022d2eaf6da6813da7319ccc09c2436d1e99b42693141457cd3e6b/window-000206", "frames": 4, "candidate_status": "COMPLETE_SUPPORT_GENERATED"}
{"window": "caa66d98ac022d2eaf6da6813da7319ccc09c2436d1e99b42693141457cd3e6b/window-000309", "frames": 4, "candidate_status": "COMPLETE_SUPPORT_GENERATED"}
I0000 00:00:1790428051.975852 53142059 gl_context.cc:407] GL version: 2.1 (2.1 Metal - 90.5), renderer: Apple M5
W0000 00:00:1790428051.977688 53142062 inference_feedback_manager.cc:121] Feedback manager requires a model with a single signature inference. Disabling support for feedback tensors.
W0000 00:00:1790428051.979205 53142062 inference_feedback_manager.cc:121] Feedback manager requires a model with a single signature inference. Disabling support for feedback tensors.
{"window": "d273879c89140cddbeabfe0d3fadb6d3cc8fe5483410254645e311242f945bb6/window-000000", "frames": 4, "candidate_status": "COMPLETE_SUPPORT_GENERATED"}
{"window": "d273879c89140cddbeabfe0d3fadb6d3cc8fe5483410254645e311242f945bb6/window-000193", "frames": 4, "candidate_status": "COMPLETE_SUPPORT_GENERATED"}
{"window": "d273879c89140cddbeabfe0d3fadb6d3cc8fe5483410254645e311242f945bb6/window-000386", "frames": 4, "candidate_status": "COMPLETE_SUPPORT_GENERATED"}
{"window": "d273879c89140cddbeabfe0d3fadb6d3cc8fe5483410254645e311242f945bb6/window-000580", "frames": 4, "candidate_status": "COMPLETE_SUPPORT_GENERATED"}
I0000 00:00:1790428091.644094 53142802 gl_context.cc:407] GL version: 2.1 (2.1 Metal - 90.5), renderer: Apple M5
W0000 00:00:1790428091.645828 53142805 inference_feedback_manager.cc:121] Feedback manager requires a model with a single signature inference. Disabling support for feedback tensors.
W0000 00:00:1790428091.647348 53142806 inference_feedback_manager.cc:121] Feedback manager requires a model with a single signature inference. Disabling support for feedback tensors.
{"window": "e878bb28c13aa6dde99c6f6ae8bd86fabd73c63f9754969cb4aa11e5e9801782/window-000000", "frames": 4, "candidate_status": "COMPLETE_SUPPORT_GENERATED"}
{"window": "e878bb28c13aa6dde99c6f6ae8bd86fabd73c63f9754969cb4aa11e5e9801782/window-000082", "frames": 4, "candidate_status": "COMPLETE_SUPPORT_GENERATED"}
{"window": "e878bb28c13aa6dde99c6f6ae8bd86fabd73c63f9754969cb4aa11e5e9801782/window-000164", "frames": 4, "candidate_status": "COMPLETE_SUPPORT_GENERATED"}
{"window": "e878bb28c13aa6dde99c6f6ae8bd86fabd73c63f9754969cb4aa11e5e9801782/window-000247", "frames": 4, "candidate_status": "COMPLETE_SUPPORT_GENERATED"}
I0000 00:00:1790428130.278287 53143375 gl_context.cc:407] GL version: 2.1 (2.1 Metal - 90.5), renderer: Apple M5
W0000 00:00:1790428130.280088 53143377 inference_feedback_manager.cc:121] Feedback manager requires a model with a single signature inference. Disabling support for feedback tensors.
W0000 00:00:1790428130.281643 53143381 inference_feedback_manager.cc:121] Feedback manager requires a model with a single signature inference. Disabling support for feedback tensors.
{"window": "eee763a27550c54ea8f54cd854ea7775d0bed8e5a5912acff555256e780e2d54/window-000000", "frames": 4, "candidate_status": "COMPLETE_SUPPORT_GENERATED"}
{"window": "eee763a27550c54ea8f54cd854ea7775d0bed8e5a5912acff555256e780e2d54/window-000104", "frames": 4, "candidate_status": "COMPLETE_SUPPORT_GENERATED"}
{"window": "eee763a27550c54ea8f54cd854ea7775d0bed8e5a5912acff555256e780e2d54/window-000208", "frames": 4, "candidate_status": "COMPLETE_SUPPORT_GENERATED"}
{"window": "eee763a27550c54ea8f54cd854ea7775d0bed8e5a5912acff555256e780e2d54/window-000313", "frames": 4, "candidate_status": "COMPLETE_SUPPORT_GENERATED"}
{
  "runtime_manifest_sha256": "602f24808a3e83f1c85d6776b2e0e86d8ddebbd4983fdfba21447d1f9ff4827a",
  "unique_input_frames": 128,
  "frame_presentations": 128,
  "source_trials": 8,
  "windows": [
    {
      "sequence": "6b4616fe82a5cf3e037fc1d45127b2d99311e6e6ff38e70d8d5c6d4428642b58/window-000000",
      "frames": 4,
      "support": {
        "status": "COMPLETE_SUPPORT_GENERATED",
        "candidate_count": 243,
        "generation": {
          "analytic_updates_computed": false,
          "bootstrap": true,
          "candidate_count": 243,
          "complete_within_declared_discrete_grammar": true,
          "context_sha256": "4095191c0718d1d5d4e87e4ac1f40814c430109592108c4d5b445af906d3a223",
          "continuous_or_open_world_support_complete": false,
          "current_active_parents": 0,
          "delayed_evidence": false,
          "event_time_grid": [
            "2026-09-26T13:01:11.280964+00:00",
            "2026-09-26T13:01:11.280965+00:00",
            "2026-09-26T13:01:11.280966+00:00",
            "2026-09-26T13:01:11.280967+00:00"
          ],
          "grammar": "observed-time-complete-event-grammar-development@1",
          "ledger_authorized": false,
          "native_publication_authorized": false,
          "operation_counts": {
            "preserve_unresolved": 243
          },
          "posterior_accuracy_calibrated": false,
          "retracted_parents": 0,
          "source_records": [
            {
              "content_sha256": "e45ad90f31b17b27d24b1f8652071a3c137ee2d7bc9db2a66c16577a9c74f665",
              "received_at": "2026-09-26T13:01:11.280964+00:00",
              "record_id": "b4d7b788-c3c2-5b8b-8ee2-a1d576f920bc"
            },
            {
              "content_sha256": "3edea89c023e1fc48f3e3bc3701f16c61f5adb2c7225294fa2ed33ca9e7fb5d4",
              "received_at": "2026-09-26T13:01:11.280965+00:00",
              "record_id": "0a6e1358-271f-5d46-bda1-1e1735f12cc5"
            },
            {
              "content_sha256": "1a3c50fe0d67ef14dd4ad34df06d27409836dcd3730f891d4236d40350b57d15",
              "received_at": "2026-09-26T13:01:11.280966+00:00",
              "record_id": "f3302150-4310-50da-90a7-7ccf2d27dfef"
            },
            {
              "content_sha256": "16ce6d3e462644b520f02084521b8aa4432b659fa437a9da3b9da8b0fb6849d4",
              "received_at": "2026-09-26T13:01:11.280967+00:00",
              "record_id": "d0fc96ce-19a3-520f-a434-ed37b734d80d"
            }
          ],
          "truncated": false
        }
      },
      "core_ledger_unchanged": true,
      "execution_traces": 0,
      "perception_restore_equal": true,
      "source_sequence": "6b4616fe82a5cf3e037fc1d45127b2d99311e6e6ff38e70d8d5c6d4428642b58",
      "original_frames": [
        0,
        1,
        2,
        3
      ],
      "source_clock_gaps_seconds": [
        0.01052546501159668,
        0.009710550308227539,
        0.0043506622314453125
      ]
    },
    {
      "sequence": "6b4616fe82a5cf3e037fc1d45127b2d99311e6e6ff38e70d8d5c6d4428642b58/window-000159",
      "frames": 4,
      "support": {
        "status": "COMPLETE_SUPPORT_GENERATED",
        "candidate_count": 297,
        "generation": {
          "analytic_updates_computed": false,
          "bootstrap": true,
          "candidate_count": 297,
          "complete_within_declared_discrete_grammar": true,
          "context_sha256": "9b1c9fb0c1555481d75414055d36b13b6be2e17e0467cbc0feb90c7f854c64e4",
          "continuous_or_open_world_support_complete": false,
          "current_active_parents": 0,
          "delayed_evidence": false,
          "event_time_grid": [
            "2026-09-26T13:01:11.280968+00:00",
            "2026-09-26T13:01:11.280969+00:00",
            "2026-09-26T13:01:11.280970+00:00",
            "2026-09-26T13:01:11.280971+00:00"
          ],
          "grammar": "observed-time-complete-event-grammar-development@1",
          "ledger_authorized": false,
          "native_publication_authorized": false,
          "operation_counts": {
            "preserve_unresolved": 297
          },
          "posterior_accuracy_calibrated": false,
          "retracted_parents": 0,
          "source_records": [
            {
              "content_sha256": "fbc60623feb7cdc2b835aac13ea783493767f83e0f66ba1a42d8e8c43cffcf7f",
              "received_at": "2026-09-26T13:01:11.280968+00:00",
              "record_id": "ba2ab3d7-4b72-5b9a-9555-ac8c1eb85f76"
            },
            {
              "content_sha256": "84ca52d252b39e991a1a947ede5d1d46b361f02ecde56446457adc5b6c7690ab",
              "received_at": "2026-09-26T13:01:11.280969+00:00",
              "record_id": "29b353d7-21f3-5bdc-8343-ef42c9cbad69"
            },
            {
              "content_sha256": "52119bc1e6b7a1476eedff7a4aa522aa39f91931feea6407ad4c3510d1ef5567",
              "received_at": "2026-09-26T13:01:11.280970+00:00",
              "record_id": "d9b96cf4-0f3d-5dd3-b301-eead1412b81e"
            },
            {
              "content_sha256": "58bc641b2784db1ac4794692cbfef978e1cce5644ad990d8f877d6fc07e6444b",
              "received_at": "2026-09-26T13:01:11.280971+00:00",
              "record_id": "41b19264-bfa9-5adf-ad05-05789e7756df"
            }
          ],
          "truncated": false
        }
      },
      "core_ledger_unchanged": true,
      "execution_traces": 0,
      "perception_restore_equal": true,
      "source_sequence": "6b4616fe82a5cf3e037fc1d45127b2d99311e6e6ff38e70d8d5c6d4428642b58",
      "original_frames": [
        159,
        160,
        161,
        162
      ],
      "source_clock_gaps_seconds": [
        0.050589799880981445,
        0.07256293296813965,
        0.0501251220703125
      ]
    },
    {
      "sequence": "6b4616fe82a5cf3e037fc1d45127b2d99311e6e6ff38e70d8d5c6d4428642b58/window-000318",
      "frames": 4,
      "support": {
        "status": "COMPLETE_SUPPORT_GENERATED",
        "candidate_count": 189,
        "generation": {
          "analytic_updates_computed": false,
          "bootstrap": true,
          "candidate_count": 189,
          "complete_within_declared_discrete_grammar": true,
          "context_sha256": "2bc315a6be3cf99ef397bf42ade1781608d46a8830aa33b4d0f0331d2dcd20c9",
          "continuous_or_open_world_support_complete": false,
          "current_active_parents": 0,
          "delayed_evidence": false,
          "event_time_grid": [
            "2026-09-26T13:01:11.280972+00:00",
            "2026-09-26T13:01:11.280973+00:00",
            "2026-09-26T13:01:11.280974+00:00",
            "2026-09-26T13:01:11.280975+00:00"
          ],
          "grammar": "observed-time-complete-event-grammar-development@1",
          "ledger_authorized": false,
          "native_publication_authorized": false,
          "operation_counts": {
            "preserve_unresolved": 189
          },
          "posterior_accuracy_calibrated": false,
          "retracted_parents": 0,
          "source_records": [
            {
              "content_sha256": "0e1f5952fabe1e7df1bc903a5b12b866e68dc8857586941b0b478c1d71807681",
              "received_at": "2026-09-26T13:01:11.280972+00:00",
              "record_id": "6191e964-0745-526f-a463-65f90a2ff77b"
            },
            {
              "content_sha256": "31b5de8a7871b82c42fd651e4665d49f23f5dce17cbb943ca59c82972a0d670f",
              "received_at": "2026-09-26T13:01:11.280973+00:00",
              "record_id": "a7c1e085-6d5f-55f5-95d5-45fdb8ae3b86"
            },
            {
              "content_sha256": "2e8c94e4616183a4f0baeb659a8d814e8cbd2bf157905f9bbd2f06803db1cc96",
              "received_at": "2026-09-26T13:01:11.280974+00:00",
              "record_id": "ce3f6c90-e4c4-58c5-a432-653fea70a263"
            },
            {
              "content_sha256": "62c24cd7f8696801f6f6ce790681300c99fb8bb1bb7dae348d45d72e95221ef9",
              "received_at": "2026-09-26T13:01:11.280975+00:00",
              "record_id": "14609b77-3087-5b78-a3ea-be78ba43f921"
            }
          ],
          "truncated": false
        }
      },
      "core_ledger_unchanged": true,
      "execution_traces": 0,
      "perception_restore_equal": true,
      "source_sequence": "6b4616fe82a5cf3e037fc1d45127b2d99311e6e6ff38e70d8d5c6d4428642b58",
      "original_frames": [
        318,
        319,
        320,
        321
      ],
      "source_clock_gaps_seconds": [
        0.030740737915039062,
        0.03128218650817871,
        0.04101443290710449
      ]
    },
    {
      "sequence": "6b4616fe82a5cf3e037fc1d45127b2d99311e6e6ff38e70d8d5c6d4428642b58/window-000478",
      "frames": 4,
      "support": {
        "status": "COMPLETE_SUPPORT_GENERATED",
        "candidate_count": 297,
        "generation": {
          "analytic_updates_computed": false,
          "bootstrap": true,
          "candidate_count": 297,
          "complete_within_declared_discrete_grammar": true,
          "context_sha256": "6f76dfd54771f779c284db9a089859ed4c84c55197cc027effbdf7d637357e17",
          "continuous_or_open_world_support_complete": false,
          "current_active_parents": 0,
          "delayed_evidence": false,
          "event_time_grid": [
            "2026-09-26T13:01:11.280976+00:00",
            "2026-09-26T13:01:11.280977+00:00",
            "2026-09-26T13:01:11.280978+00:00",
            "2026-09-26T13:01:11.280979+00:00"
          ],
          "grammar": "observed-time-complete-event-grammar-development@1",
          "ledger_authorized": false,
          "native_publication_authorized": false,
          "operation_counts": {
            "preserve_unresolved": 297
          },
          "posterior_accuracy_calibrated": false,
          "retracted_parents": 0,
          "source_records": [
            {
              "content_sha256": "a90f605a41402e26a46811bb871f8e985842f291dead06160d6c729c4bb3ff7e",
              "received_at": "2026-09-26T13:01:11.280976+00:00",
              "record_id": "bb83052e-fae6-546c-a428-a24231dea8e2"
            },
            {
              "content_sha256": "1c8a16eec66a7cc23afd6bddc54d4ba12ace4d956a99182f32dddb2e4e3143d4",
              "received_at": "2026-09-26T13:01:11.280977+00:00",
              "record_id": "d5a5f1b0-f0ac-57d8-ba4e-215e9c81832e"
            },
            {
              "content_sha256": "75f1db761b14c3807c7fa51e2515296ee986e7c3021bd56404e57918a7e77f75",
              "received_at": "2026-09-26T13:01:11.280978+00:00",
              "record_id": "7a4f8393-9f73-577c-9789-ca1def3d462e"
            },
            {
              "content_sha256": "6d42dcafa46e91421e26c6c95c7a19f6320875b5990d2a0ce24a31caebf8af6f",
              "received_at": "2026-09-26T13:01:11.280979+00:00",
              "record_id": "c20c3e88-500d-5061-9215-1cdfcd2b2489"
            }
          ],
          "truncated": false
        }
      },
      "core_ledger_unchanged": true,
      "execution_traces": 0,
      "perception_restore_equal": true,
      "source_sequence": "6b4616fe82a5cf3e037fc1d45127b2d99311e6e6ff38e70d8d5c6d4428642b58",
      "original_frames": [
        478,
        479,
        480,
        481
      ],
      "source_clock_gaps_seconds": [
        0.04367423057556152,
        0.043424129486083984,
        0.04437708854675293
      ]
    },
    {
      "sequence": "6d2bba5f7e94dfc49a2e1450d45c8ae0509995dc6500066a3d3803d9f00b11f1/window-000000",
      "frames": 4,
      "support": {
        "status": "COMPLETE_SUPPORT_GENERATED",
        "candidate_count": 288,
        "generation": {
          "analytic_updates_computed": false,
          "bootstrap": true,
          "candidate_count": 288,
          "complete_within_declared_discrete_grammar": true,
          "context_sha256": "8bd0c9c776bc499e7eeb236732524f8230b5ad2acbd738fc7dfc330b635192ed",
          "continuous_or_open_world_support_complete": false,
          "current_active_parents": 0,
          "delayed_evidence": false,
          "event_time_grid": [
            "2026-09-26T13:01:11.280964+00:00",
            "2026-09-26T13:01:11.280965+00:00",
            "2026-09-26T13:01:11.280966+00:00",
            "2026-09-26T13:01:11.280967+00:00"
          ],
          "grammar": "observed-time-complete-event-grammar-development@1",
          "ledger_authorized": false,
          "native_publication_authorized": false,
          "operation_counts": {
            "preserve_unresolved": 288
          },
          "posterior_accuracy_calibrated": false,
          "retracted_parents": 0,
          "source_records": [
            {
              "content_sha256": "cefe7bf9ce7b8e833b17ca3b6392c466b16c695e187aa69be21ccf689197c450",
              "received_at": "2026-09-26T13:01:11.280964+00:00",
              "record_id": "d8a62782-ce68-5534-bd02-320f7f7df654"
            },
            {
              "content_sha256": "80df2fa0ace388470adef71e9c8ec7d356ca51ec320da1ddf60cf26a936e1514",
              "received_at": "2026-09-26T13:01:11.280965+00:00",
              "record_id": "65c2421e-21b0-5860-9310-eef5370ffb55"
            },
            {
              "content_sha256": "89f3279d0188698c3999c6912f9a1879be7364ad96ff771baeb266560e21aaf2",
              "received_at": "2026-09-26T13:01:11.280966+00:00",
              "record_id": "0a3ddba0-77f1-5243-8888-3d7fc60edd66"
            },
            {
              "content_sha256": "6db891efc9ae4b0d3564e221337327517ba376c4d6086a8cd2b2bc19d22b4927",
              "received_at": "2026-09-26T13:01:11.280967+00:00",
              "record_id": "df157ab2-1532-5cc1-90da-992085a052f3"
            }
          ],
          "truncated": false
        }
      },
      "core_ledger_unchanged": true,
      "execution_traces": 0,
      "perception_restore_equal": true,
      "source_sequence": "6d2bba5f7e94dfc49a2e1450d45c8ae0509995dc6500066a3d3803d9f00b11f1",
      "original_frames": [
        0,
        1,
        2,
        3
      ],
      "source_clock_gaps_seconds": [
        0.003995180130004883,
        0.003705739974975586,
        0.0020377635955810547
      ]
    },
    {
      "sequence": "6d2bba5f7e94dfc49a2e1450d45c8ae0509995dc6500066a3d3803d9f00b11f1/window-000166",
      "frames": 4,
      "support": {
        "status": "COMPLETE_SUPPORT_GENERATED",
        "candidate_count": 320,
        "generation": {
          "analytic_updates_computed": false,
          "bootstrap": true,
          "candidate_count": 320,
          "complete_within_declared_discrete_grammar": true,
          "context_sha256": "cbdc826f5cd82a485f70c6453c1bf947db6f7ba856aac73b11ceb799b53b6ce7",
          "continuous_or_open_world_support_complete": false,
          "current_active_parents": 0,
          "delayed_evidence": false,
          "event_time_grid": [
            "2026-09-26T13:01:11.280968+00:00",
            "2026-09-26T13:01:11.280969+00:00",
            "2026-09-26T13:01:11.280970+00:00",
            "2026-09-26T13:01:11.280971+00:00"
          ],
          "grammar": "observed-time-complete-event-grammar-development@1",
          "ledger_authorized": false,
          "native_publication_authorized": false,
          "operation_counts": {
            "preserve_unresolved": 320
          },
          "posterior_accuracy_calibrated": false,
          "retracted_parents": 0,
          "source_records": [
            {
              "content_sha256": "7e9a8adf9a043df1494a2cc6d4eaac7ff7b6d3baff88c616d8fbe515679afb8d",
              "received_at": "2026-09-26T13:01:11.280968+00:00",
              "record_id": "5ab4c08f-7a2f-52ed-9562-c441bfe3f1e2"
            },
            {
              "content_sha256": "3ed0b617b8538b29f072b2d7cd197115d75c84c856cd30b3ca26e323597a1419",
              "received_at": "2026-09-26T13:01:11.280969+00:00",
              "record_id": "cbdfea8d-183a-5e12-b318-a37ee46a217b"
            },
            {
              "content_sha256": "a74a7939f1f70a6ff8b6441e9f2e1b8a3d2c24fb5a67c86dc76d06242ca3868d",
              "received_at": "2026-09-26T13:01:11.280970+00:00",
              "record_id": "3841485a-a754-59a6-a6a3-c552fffc8a21"
            },
            {
              "content_sha256": "02fe6be0d0718d744e309a5474f837313f4f924b45ff8b15c8d20fbb35d08234",
              "received_at": "2026-09-26T13:01:11.280971+00:00",
              "record_id": "d5c1ef45-b2b4-5377-9a73-1d4aad34c87e"
            }
          ],
          "truncated": false
        }
      },
      "core_ledger_unchanged": true,
      "execution_traces": 0,
      "perception_restore_equal": true,
      "source_sequence": "6d2bba5f7e94dfc49a2e1450d45c8ae0509995dc6500066a3d3803d9f00b11f1",
      "original_frames": [
        166,
        167,
        168,
        169
      ],
      "source_clock_gaps_seconds": [
        0.05403923988342285,
        0.058476924896240234,
        0.06449246406555176
      ]
    },
    {
      "sequence": "6d2bba5f7e94dfc49a2e1450d45c8ae0509995dc6500066a3d3803d9f00b11f1/window-000332",
      "frames": 4,
      "support": {
        "status": "COMPLETE_SUPPORT_GENERATED",
        "candidate_count": 176,
        "generation": {
          "analytic_updates_computed": false,
          "bootstrap": true,
          "candidate_count": 176,
          "complete_within_declared_discrete_grammar": true,
          "context_sha256": "8dd788ce0ba7ee0f579b8611c785c049699250d13ad6125110dbc657960e41dc",
          "continuous_or_open_world_support_complete": false,
          "current_active_parents": 0,
          "delayed_evidence": false,
          "event_time_grid": [
            "2026-09-26T13:01:11.280972+00:00",
            "2026-09-26T13:01:11.280973+00:00",
            "2026-09-26T13:01:11.280974+00:00",
            "2026-09-26T13:01:11.280975+00:00"
          ],
          "grammar": "observed-time-complete-event-grammar-development@1",
          "ledger_authorized": false,
          "native_publication_authorized": false,
          "operation_counts": {
            "preserve_unresolved": 176
          },
          "posterior_accuracy_calibrated": false,
          "retracted_parents": 0,
          "source_records": [
            {
              "content_sha256": "f86500d65bbcd6a70f17183bf8cde60902a57f2e8483ba71c129b2997b981540",
              "received_at": "2026-09-26T13:01:11.280972+00:00",
              "record_id": "edc5f3fc-1038-5dc6-8cc8-8b07ad603858"
            },
            {
              "content_sha256": "ffd101e94e1614460b811748f3df76c3488718db46090c69b4bf63675d78102f",
              "received_at": "2026-09-26T13:01:11.280973+00:00",
              "record_id": "f92dbb89-f80f-5d5e-903e-4bcf24adf4e7"
            },
            {
              "content_sha256": "cb44b51f623d847845cd11c05f25a6fa0b0c76c20d918712a20918f5dd95a461",
              "received_at": "2026-09-26T13:01:11.280974+00:00",
              "record_id": "8649faaf-d288-5451-8a37-bfb342bba955"
            },
            {
              "content_sha256": "a2f30873c000a87146f25bf3f0e8e85999b038ab1b077f8262e35c69d1f60d72",
              "received_at": "2026-09-26T13:01:11.280975+00:00",
              "record_id": "e6e1b9f6-f8dc-5bfd-8aec-a042de4ad210"
            }
          ],
          "truncated": false
        }
      },
      "core_ledger_unchanged": true,
      "execution_traces": 0,
      "perception_restore_equal": true,
      "source_sequence": "6d2bba5f7e94dfc49a2e1450d45c8ae0509995dc6500066a3d3803d9f00b11f1",
      "original_frames": [
        332,
        333,
        334,
        335
      ],
      "source_clock_gaps_seconds": [
        0.04087066650390625,
        0.04013967514038086,
        0.03939962387084961
      ]
    },
    {
      "sequence": "6d2bba5f7e94dfc49a2e1450d45c8ae0509995dc6500066a3d3803d9f00b11f1/window-000499",
      "frames": 4,
      "support": {
        "status": "COMPLETE_SUPPORT_GENERATED",
        "candidate_count": 496,
        "generation": {
          "analytic_updates_computed": false,
          "bootstrap": true,
          "candidate_count": 496,
          "complete_within_declared_discrete_grammar": true,
          "context_sha256": "f43ae356159ae4ec2a0744b1560b83f39151d42312e6d0797ef42cca4b7a8e3f",
          "continuous_or_open_world_support_complete": false,
          "current_active_parents": 0,
          "delayed_evidence": false,
          "event_time_grid": [
            "2026-09-26T13:01:11.280976+00:00",
            "2026-09-26T13:01:11.280977+00:00",
            "2026-09-26T13:01:11.280978+00:00",
            "2026-09-26T13:01:11.280979+00:00"
          ],
          "grammar": "observed-time-complete-event-grammar-development@1",
          "ledger_authorized": false,
          "native_publication_authorized": false,
          "operation_counts": {
            "preserve_unresolved": 496
          },
          "posterior_accuracy_calibrated": false,
          "retracted_parents": 0,
          "source_records": [
            {
              "content_sha256": "019889b7c6e8797e0b4b3ab02f43320d402b2ccccc71eb8fde82d0ee32f41702",
              "received_at": "2026-09-26T13:01:11.280976+00:00",
              "record_id": "45974e0a-1682-5e52-8bdc-f1a556aab979"
            },
            {
              "content_sha256": "4bcec125217f209fb10e68654b2585f4d5d6bc2a56ac84ab14e9bf22c248a03c",
              "received_at": "2026-09-26T13:01:11.280977+00:00",
              "record_id": "ff07a4d1-d4f7-5fda-8364-465c3c333b13"
            },
            {
              "content_sha256": "b3754dfa8c2dc0e3526be2f2795b61c25571d10baf407e33f36d584218df6c1e",
              "received_at": "2026-09-26T13:01:11.280978+00:00",
              "record_id": "f8ddfc14-b696-5c13-8507-d39810bcb5b3"
            },
            {
              "content_sha256": "9df4e9909c0758c138e44cfb93775d347e9d8474a33afb3641d104f27d6c26bb",
              "received_at": "2026-09-26T13:01:11.280979+00:00",
              "record_id": "63c20c4f-94ee-5486-8495-9b6703e1ccb0"
            }
          ],
          "truncated": false
        }
      },
      "core_ledger_unchanged": true,
      "execution_traces": 0,
      "perception_restore_equal": true,
      "source_sequence": "6d2bba5f7e94dfc49a2e1450d45c8ae0509995dc6500066a3d3803d9f00b11f1",
      "original_frames": [
        499,
        500,
        501,
        502
      ],
      "source_clock_gaps_seconds": [
        0.04090428352355957,
        0.040585994720458984,
        0.040522098541259766
      ]
    },
    {
      "sequence": "9f75bafb357a863e4740e6c1f430b26c9f55cb5aac03731dd33e4b1e38916179/window-000000",
      "frames": 4,
      "support": {
        "status": "COMPLETE_SUPPORT_GENERATED",
        "candidate_count": 216,
        "generation": {
          "analytic_updates_computed": false,
          "bootstrap": true,
          "candidate_count": 216,
          "complete_within_declared_discrete_grammar": true,
          "context_sha256": "58b841f1ee0a86042e68bd6b6a4a267d2e8cb97b373dd2611601d1101da1e8c5",
          "continuous_or_open_world_support_complete": false,
          "current_active_parents": 0,
          "delayed_evidence": false,
          "event_time_grid": [
            "2026-09-26T13:01:11.280964+00:00",
            "2026-09-26T13:01:11.280965+00:00",
            "2026-09-26T13:01:11.280966+00:00",
            "2026-09-26T13:01:11.280967+00:00"
          ],
          "grammar": "observed-time-complete-event-grammar-development@1",
          "ledger_authorized": false,
          "native_publication_authorized": false,
          "operation_counts": {
            "preserve_unresolved": 216
          },
          "posterior_accuracy_calibrated": false,
          "retracted_parents": 0,
          "source_records": [
            {
              "content_sha256": "20a5c14381c0c9bb71bb38e95ca05ca004209a17d6a04ce678170fc603df5b8e",
              "received_at": "2026-09-26T13:01:11.280964+00:00",
              "record_id": "68658314-379c-574d-95b1-81f82578a2a4"
            },
            {
              "content_sha256": "22c226f0d7833072743e81b1d8d95e533503975aa4c4871f8aaf7914aef972a0",
              "received_at": "2026-09-26T13:01:11.280965+00:00",
              "record_id": "18bfb86c-0745-55b3-aa53-3e16edee7b10"
            },
            {
              "content_sha256": "bf50051f020645f0ac770ce45d607b986c83af2ac4bb3f125d4281a6d3e83fe5",
              "received_at": "2026-09-26T13:01:11.280966+00:00",
              "record_id": "08dc3770-a703-5df0-9375-23ebb5a50dbd"
            },
            {
              "content_sha256": "9b509110aa8a4aad0881ae86d8b0333913922d3d561a7b1da8b0bca72a12e042",
              "received_at": "2026-09-26T13:01:11.280967+00:00",
              "record_id": "b7e8c913-9981-57ed-8d63-c15a0a80f149"
            }
          ],
          "truncated": false
        }
      },
      "core_ledger_unchanged": true,
      "execution_traces": 0,
      "perception_restore_equal": true,
      "source_sequence": "9f75bafb357a863e4740e6c1f430b26c9f55cb5aac03731dd33e4b1e38916179",
      "original_frames": [
        0,
        1,
        2,
        3
      ],
      "source_clock_gaps_seconds": [
        0.007570028305053711,
        0.007556438446044922,
        0.004587888717651367
      ]
    },
    {
      "sequence": "9f75bafb357a863e4740e6c1f430b26c9f55cb5aac03731dd33e4b1e38916179/window-000097",
      "frames": 4,
      "support": {
        "status": "COMPLETE_SUPPORT_GENERATED",
        "candidate_count": 128,
        "generation": {
          "analytic_updates_computed": false,
          "bootstrap": true,
          "candidate_count": 128,
          "complete_within_declared_discrete_grammar": true,
          "context_sha256": "3ad0b1a9d372af6058e5462dff7f1624ad9445024195a3e7544aa83a58877df1",
          "continuous_or_open_world_support_complete": false,
          "current_active_parents": 0,
          "delayed_evidence": false,
          "event_time_grid": [
            "2026-09-26T13:01:11.280968+00:00",
            "2026-09-26T13:01:11.280969+00:00",
            "2026-09-26T13:01:11.280970+00:00",
            "2026-09-26T13:01:11.280971+00:00"
          ],
          "grammar": "observed-time-complete-event-grammar-development@1",
          "ledger_authorized": false,
          "native_publication_authorized": false,
          "operation_counts": {
            "preserve_unresolved": 128
          },
          "posterior_accuracy_calibrated": false,
          "retracted_parents": 0,
          "source_records": [
            {
              "content_sha256": "7781c891c561c3d0d370318ad6b2d034e9d3490635d8d83edb1d2535a9199970",
              "received_at": "2026-09-26T13:01:11.280968+00:00",
              "record_id": "16bf3f7f-dbd6-5d3b-aaab-0b2d0623b651"
            },
            {
              "content_sha256": "f1b25aa7dbe4cbf918e850cb005bf71c00b3369d133a0c68d91735c43766aba5",
              "received_at": "2026-09-26T13:01:11.280969+00:00",
              "record_id": "c4dbac29-98d4-5b32-b771-2b463411762c"
            },
            {
              "content_sha256": "4c52c6e8ee8270670ba97f259fd9767921729438152a97e90bace0d8dc643e08",
              "received_at": "2026-09-26T13:01:11.280970+00:00",
              "record_id": "5c30a09a-1fd2-5751-bc8d-05d7e8aee77b"
            },
            {
              "content_sha256": "762900ddcce84c7816c742baec7bb0b8cde63ee7bb1667a1aeaed6b4aaed5f8a",
              "received_at": "2026-09-26T13:01:11.280971+00:00",
              "record_id": "46c9fd07-664b-5587-ba27-f844501ff2d4"
            }
          ],
          "truncated": false
        }
      },
      "core_ledger_unchanged": true,
      "execution_traces": 0,
      "perception_restore_equal": true,
      "source_sequence": "9f75bafb357a863e4740e6c1f430b26c9f55cb5aac03731dd33e4b1e38916179",
      "original_frames": [
        97,
        98,
        99,
        100
      ],
      "source_clock_gaps_seconds": [
        0.07475113868713379,
        0.06427359580993652,
        0.07862520217895508
      ]
    },
    {
      "sequence": "9f75bafb357a863e4740e6c1f430b26c9f55cb5aac03731dd33e4b1e38916179/window-000195",
      "frames": 4,
      "support": {
        "status": "COMPLETE_SUPPORT_GENERATED",
        "candidate_count": 819,
        "generation": {
          "analytic_updates_computed": false,
          "bootstrap": true,
          "candidate_count": 819,
          "complete_within_declared_discrete_grammar": true,
          "context_sha256": "1419b2e5d58936073ef932f96249df8da1a644162cf5bfe084b0c93b493e3299",
          "continuous_or_open_world_support_complete": false,
          "current_active_parents": 0,
          "delayed_evidence": false,
          "event_time_grid": [
            "2026-09-26T13:01:11.280972+00:00",
            "2026-09-26T13:01:11.280973+00:00",
            "2026-09-26T13:01:11.280974+00:00",
            "2026-09-26T13:01:11.280975+00:00"
          ],
          "grammar": "observed-time-complete-event-grammar-development@1",
          "ledger_authorized": false,
          "native_publication_authorized": false,
          "operation_counts": {
            "preserve_unresolved": 819
          },
          "posterior_accuracy_calibrated": false,
          "retracted_parents": 0,
          "source_records": [
            {
              "content_sha256": "82b7f84a94f45bad44dda62e95ee9361283cc56159e612ad7bcfb97d977e69bd",
              "received_at": "2026-09-26T13:01:11.280972+00:00",
              "record_id": "7ad81c2a-db81-50cf-95c0-72baea544720"
            },
            {
              "content_sha256": "53afdcff3bbae637cd1bf7ace17fdc78a7fd53c4318fc831af621e07eb6da8c9",
              "received_at": "2026-09-26T13:01:11.280973+00:00",
              "record_id": "c6f91cf2-092c-5f17-8c15-ba3160c35b08"
            },
            {
              "content_sha256": "e7e332603bd26f6e0a09ae7a15b3005c2e47d172d8d5ac6df7c9dd8929f0dd01",
              "received_at": "2026-09-26T13:01:11.280974+00:00",
              "record_id": "e536dc69-41c4-54a2-86c3-b5900f77e93b"
            },
            {
              "content_sha256": "91d09415c7ad083d2570f388040cc2a5c81b53126ffa1016df998ed1ebf95299",
              "received_at": "2026-09-26T13:01:11.280975+00:00",
              "record_id": "15ff5a6c-38c7-5ccf-99ba-b35546519a40"
            }
          ],
          "truncated": false
        }
      },
      "core_ledger_unchanged": true,
      "execution_traces": 0,
      "perception_restore_equal": true,
      "source_sequence": "9f75bafb357a863e4740e6c1f430b26c9f55cb5aac03731dd33e4b1e38916179",
      "original_frames": [
        195,
        196,
        197,
        198
      ],
      "source_clock_gaps_seconds": [
        0.08193445205688477,
        0.0814814567565918,
        0.08116316795349121
      ]
    },
    {
      "sequence": "9f75bafb357a863e4740e6c1f430b26c9f55cb5aac03731dd33e4b1e38916179/window-000293",
      "frames": 4,
      "support": {
        "status": "COMPLETE_SUPPORT_GENERATED",
        "candidate_count": 243,
        "generation": {
          "analytic_updates_computed": false,
          "bootstrap": true,
          "candidate_count": 243,
          "complete_within_declared_discrete_grammar": true,
          "context_sha256": "2e0dbb13a118dce37c755eb2d2c4ad24ddb1bc2cd577593cb1c54f87f3b15c3b",
          "continuous_or_open_world_support_complete": false,
          "current_active_parents": 0,
          "delayed_evidence": false,
          "event_time_grid": [
            "2026-09-26T13:01:11.280976+00:00",
            "2026-09-26T13:01:11.280977+00:00",
            "2026-09-26T13:01:11.280978+00:00",
            "2026-09-26T13:01:11.280979+00:00"
          ],
          "grammar": "observed-time-complete-event-grammar-development@1",
          "ledger_authorized": false,
          "native_publication_authorized": false,
          "operation_counts": {
            "preserve_unresolved": 243
          },
          "posterior_accuracy_calibrated": false,
          "retracted_parents": 0,
          "source_records": [
            {
              "content_sha256": "42ea9fab2a1984aaa407cc8285e28fc0f2c662ac0f02a2e6985c8315b431d091",
              "received_at": "2026-09-26T13:01:11.280976+00:00",
              "record_id": "f1341b1f-7150-556f-b881-f8e8a8160ba3"
            },
            {
              "content_sha256": "07b1cc8628ef3d794effc3baad4e157fdcfc0f7940728f958572122823fe8eb5",
              "received_at": "2026-09-26T13:01:11.280977+00:00",
              "record_id": "0d18e87e-813b-50ac-b85c-b0585894e854"
            },
            {
              "content_sha256": "4b080ad8cd55582780e6cebd41aa3b3a0795d508f26ce85c4a09ad4d5cb0d283",
              "received_at": "2026-09-26T13:01:11.280978+00:00",
              "record_id": "9657c58e-9265-5c9b-91e5-887e14bc20b5"
            },
            {
              "content_sha256": "fa26fd3b2faf3f89d0e7d9fc58aa706ea4814c01aeb0ceda87eea0be5b679886",
              "received_at": "2026-09-26T13:01:11.280979+00:00",
              "record_id": "151ad299-0757-5a88-8bfa-3d893418d993"
            }
          ],
          "truncated": false
        }
      },
      "core_ledger_unchanged": true,
      "execution_traces": 0,
      "perception_restore_equal": true,
      "source_sequence": "9f75bafb357a863e4740e6c1f430b26c9f55cb5aac03731dd33e4b1e38916179",
      "original_frames": [
        293,
        294,
        295,
        296
      ],
      "source_clock_gaps_seconds": [
        0.06075453758239746,
        0.05716538429260254,
        0.09032106399536133
      ]
    },
    {
      "sequence": "a9b8e18f232ef20eed82c7edcb3b8c1151e1be77d1e2869e8397ed32a3b3ca7f/window-000000",
      "frames": 4,
      "support": {
        "status": "COMPLETE_SUPPORT_GENERATED",
        "candidate_count": 224,
        "generation": {
          "analytic_updates_computed": false,
          "bootstrap": true,
          "candidate_count": 224,
          "complete_within_declared_discrete_grammar": true,
          "context_sha256": "7be2ffc926451d44afd0bafc39ea287593d4bcd1e7f3f4d2d1df2e81b09c292b",
          "continuous_or_open_world_support_complete": false,
          "current_active_parents": 0,
          "delayed_evidence": false,
          "event_time_grid": [
            "2026-09-26T13:01:11.280964+00:00",
            "2026-09-26T13:01:11.280965+00:00",
            "2026-09-26T13:01:11.280966+00:00",
            "2026-09-26T13:01:11.280967+00:00"
          ],
          "grammar": "observed-time-complete-event-grammar-development@1",
          "ledger_authorized": false,
          "native_publication_authorized": false,
          "operation_counts": {
            "preserve_unresolved": 224
          },
          "posterior_accuracy_calibrated": false,
          "retracted_parents": 0,
          "source_records": [
            {
              "content_sha256": "d99bf4c317b068a94b5abf58b450f69755c28bb7028a759eb1a5d3537b6cd17a",
              "received_at": "2026-09-26T13:01:11.280964+00:00",
              "record_id": "71ea5d13-7c9a-5885-8474-5bd3cebee2ba"
            },
            {
              "content_sha256": "0bff143a64412f523e26f05c42f8eb774b8a705a1f41f18f02cd9921d9317ac2",
              "received_at": "2026-09-26T13:01:11.280965+00:00",
              "record_id": "51228b15-6d58-51b2-b2d5-51b90d51a667"
            },
            {
              "content_sha256": "bff09a2dab0d889c1eec347a59828dd1968b4a70557c96eb6db8f01df6cbc5f6",
              "received_at": "2026-09-26T13:01:11.280966+00:00",
              "record_id": "469bcbbf-8e33-57a6-9c0d-f6ae65c91250"
            },
            {
              "content_sha256": "15aa1d1eb5c283b40080a2243be9b5a2327d09208498340fbf1cd7d324679c4a",
              "received_at": "2026-09-26T13:01:11.280967+00:00",
              "record_id": "4ff7bd0f-d228-5a8e-ad0e-620db6b0934b"
            }
          ],
          "truncated": false
        }
      },
      "core_ledger_unchanged": true,
      "execution_traces": 0,
      "perception_restore_equal": true,
      "source_sequence": "a9b8e18f232ef20eed82c7edcb3b8c1151e1be77d1e2869e8397ed32a3b3ca7f",
      "original_frames": [
        0,
        1,
        2,
        3
      ],
      "source_clock_gaps_seconds": [
        0.0057964324951171875,
        0.004974365234375,
        0.0033185482025146484
      ]
    },
    {
      "sequence": "a9b8e18f232ef20eed82c7edcb3b8c1151e1be77d1e2869e8397ed32a3b3ca7f/window-000081",
      "frames": 4,
      "support": {
        "status": "COMPLETE_SUPPORT_GENERATED",
        "candidate_count": 208,
        "generation": {
          "analytic_updates_computed": false,
          "bootstrap": true,
          "candidate_count": 208,
          "complete_within_declared_discrete_grammar": true,
          "context_sha256": "41646c19402295dccb8bc46e9d2cd917166b54edafc19ce282b0edad01ef15dd",
          "continuous_or_open_world_support_complete": false,
          "current_active_parents": 0,
          "delayed_evidence": false,
          "event_time_grid": [
            "2026-09-26T13:01:11.280968+00:00",
            "2026-09-26T13:01:11.280969+00:00",
            "2026-09-26T13:01:11.280970+00:00",
            "2026-09-26T13:01:11.280971+00:00"
          ],
          "grammar": "observed-time-complete-event-grammar-development@1",
          "ledger_authorized": false,
          "native_publication_authorized": false,
          "operation_counts": {
            "preserve_unresolved": 208
          },
          "posterior_accuracy_calibrated": false,
          "retracted_parents": 0,
          "source_records": [
            {
              "content_sha256": "1901c6da6ffb5b61a9f5aace8182ccbfbecf6138faebec8dd950cfcabbe5647b",
              "received_at": "2026-09-26T13:01:11.280968+00:00",
              "record_id": "599f8899-7cd2-5c9d-b843-f969b275edc5"
            },
            {
              "content_sha256": "c832898630b3df910ac06c7ed9a0f59226b8083f79fb477a7835eaa27fa2373c",
              "received_at": "2026-09-26T13:01:11.280969+00:00",
              "record_id": "1513dc83-8590-5ba3-a4a6-1a7824b5bb10"
            },
            {
              "content_sha256": "fcf7b4575dd118b3ab745696336ae8cbc7ff4e4ec82de33548fdff315c8229d2",
              "received_at": "2026-09-26T13:01:11.280970+00:00",
              "record_id": "0b59ca53-c4a3-5e54-8fc0-2fea689249cd"
            },
            {
              "content_sha256": "281d74f2e31c67380ef5d14f858335361e69694cfb2a02513de445b1ad22bac4",
              "received_at": "2026-09-26T13:01:11.280971+00:00",
              "record_id": "0d1ac4c6-ef4e-5e14-b5b0-2af515930bb2"
            }
          ],
          "truncated": false
        }
      },
      "core_ledger_unchanged": true,
      "execution_traces": 0,
      "perception_restore_equal": true,
      "source_sequence": "a9b8e18f232ef20eed82c7edcb3b8c1151e1be77d1e2869e8397ed32a3b3ca7f",
      "original_frames": [
        81,
        82,
        83,
        84
      ],
      "source_clock_gaps_seconds": [
        0.04874849319458008,
        0.0793466567993164,
        0.06448602676391602
      ]
    },
    {
      "sequence": "a9b8e18f232ef20eed82c7edcb3b8c1151e1be77d1e2869e8397ed32a3b3ca7f/window-000163",
      "frames": 4,
      "support": {
        "status": "COMPLETE_SUPPORT_GENERATED",
        "candidate_count": 320,
        "generation": {
          "analytic_updates_computed": false,
          "bootstrap": true,
          "candidate_count": 320,
          "complete_within_declared_discrete_grammar": true,
          "context_sha256": "83277b0600ef66552591bbf392bf1988eba625d08ba8e39ef554923474ba6fa7",
          "continuous_or_open_world_support_complete": false,
          "current_active_parents": 0,
          "delayed_evidence": false,
          "event_time_grid": [
            "2026-09-26T13:01:11.280972+00:00",
            "2026-09-26T13:01:11.280973+00:00",
            "2026-09-26T13:01:11.280974+00:00",
            "2026-09-26T13:01:11.280975+00:00"
          ],
          "grammar": "observed-time-complete-event-grammar-development@1",
          "ledger_authorized": false,
          "native_publication_authorized": false,
          "operation_counts": {
            "preserve_unresolved": 320
          },
          "posterior_accuracy_calibrated": false,
          "retracted_parents": 0,
          "source_records": [
            {
              "content_sha256": "2ada5c1baa489a8be16f54e43df773b31f1bd2ad0010b40329457e222bf57ded",
              "received_at": "2026-09-26T13:01:11.280972+00:00",
              "record_id": "9961dd31-bac6-542d-a0bf-586f95ebab22"
            },
            {
              "content_sha256": "ca9fd02240edacd3d6a0e816c534cc5765c52018477802fa96cb2947728ea22b",
              "received_at": "2026-09-26T13:01:11.280973+00:00",
              "record_id": "003a4518-0ae5-5cf9-a4df-eaf6c6a2cb4c"
            },
            {
              "content_sha256": "98bd2580b5b4134fe8528cdbbc0020779868d86cd29fdb75aef21f36f86239e7",
              "received_at": "2026-09-26T13:01:11.280974+00:00",
              "record_id": "afc96a26-cb30-5763-8dc2-443513f47d93"
            },
            {
              "content_sha256": "909eb7355a734c96167014fa3968b7b63e79484dbedbd854b9190caf76c28841",
              "received_at": "2026-09-26T13:01:11.280975+00:00",
              "record_id": "6bdb2564-906d-59e8-ba35-6041e2e20d80"
            }
          ],
          "truncated": false
        }
      },
      "core_ledger_unchanged": true,
      "execution_traces": 0,
      "perception_restore_equal": true,
      "source_sequence": "a9b8e18f232ef20eed82c7edcb3b8c1151e1be77d1e2869e8397ed32a3b3ca7f",
      "original_frames": [
        163,
        164,
        165,
        166
      ],
      "source_clock_gaps_seconds": [
        0.07720136642456055,
        0.07565021514892578,
        0.051544904708862305
      ]
    },
    {
      "sequence": "a9b8e18f232ef20eed82c7edcb3b8c1151e1be77d1e2869e8397ed32a3b3ca7f/window-000245",
      "frames": 4,
      "support": {
        "status": "COMPLETE_SUPPORT_GENERATED",
        "candidate_count": 224,
        "generation": {
          "analytic_updates_computed": false,
          "bootstrap": true,
          "candidate_count": 224,
          "complete_within_declared_discrete_grammar": true,
          "context_sha256": "a38966aa773b56b74b8a3e4c837bff7ec4e3b9144bde6c2b68dae64cbf8c134d",
          "continuous_or_open_world_support_complete": false,
          "current_active_parents": 0,
          "delayed_evidence": false,
          "event_time_grid": [
            "2026-09-26T13:01:11.280976+00:00",
            "2026-09-26T13:01:11.280977+00:00",
            "2026-09-26T13:01:11.280978+00:00",
            "2026-09-26T13:01:11.280979+00:00"
          ],
          "grammar": "observed-time-complete-event-grammar-development@1",
          "ledger_authorized": false,
          "native_publication_authorized": false,
          "operation_counts": {
            "preserve_unresolved": 224
          },
          "posterior_accuracy_calibrated": false,
          "retracted_parents": 0,
          "source_records": [
            {
              "content_sha256": "53b2e7ddeda9ae87153cf8a5eab6c507c6ee34bff76c9c4835a3a780df4335ad",
              "received_at": "2026-09-26T13:01:11.280976+00:00",
              "record_id": "2e0743ca-3845-5c8b-b655-1c6bb12f8d1d"
            },
            {
              "content_sha256": "d16dba3b633f97ab93d9c5ab3fc0248c89c1ce5108a153714b85c9197d5846a8",
              "received_at": "2026-09-26T13:01:11.280977+00:00",
              "record_id": "7feea5b4-d300-5dd5-8f2a-a549254c5344"
            },
            {
              "content_sha256": "066ab5a9139d026dc1de1c3f1ad880b1d3595a269dde31383f2c44e28c2b166c",
              "received_at": "2026-09-26T13:01:11.280978+00:00",
              "record_id": "1396bd8e-7eb0-50db-bd5f-51fc76393329"
            },
            {
              "content_sha256": "c5e2d8c1cb387caf87f7b444ae3b08cbf56f13fcfe3f7089e149318b6b083cae",
              "received_at": "2026-09-26T13:01:11.280979+00:00",
              "record_id": "e814d0da-07a7-5353-aa0a-2d0e72ceb724"
            }
          ],
          "truncated": false
        }
      },
      "core_ledger_unchanged": true,
      "execution_traces": 0,
      "perception_restore_equal": true,
      "source_sequence": "a9b8e18f232ef20eed82c7edcb3b8c1151e1be77d1e2869e8397ed32a3b3ca7f",
      "original_frames": [
        245,
        246,
        247,
        248
      ],
      "source_clock_gaps_seconds": [
        0.06491303443908691,
        0.055168867111206055,
        0.067138671875
      ]
    },
    {
      "sequence": "caa66d98ac022d2eaf6da6813da7319ccc09c2436d1e99b42693141457cd3e6b/window-000000",
      "frames": 4,
      "support": {
        "status": "COMPLETE_SUPPORT_GENERATED",
        "candidate_count": 128,
        "generation": {
          "analytic_updates_computed": false,
          "bootstrap": true,
          "candidate_count": 128,
          "complete_within_declared_discrete_grammar": true,
          "context_sha256": "8c72f45942b7be1989eb6471d5123382866849c24662b26f93221668f5234689",
          "continuous_or_open_world_support_complete": false,
          "current_active_parents": 0,
          "delayed_evidence": false,
          "event_time_grid": [
            "2026-09-26T13:01:11.280964+00:00",
            "2026-09-26T13:01:11.280965+00:00",
            "2026-09-26T13:01:11.280966+00:00",
            "2026-09-26T13:01:11.280967+00:00"
          ],
          "grammar": "observed-time-complete-event-grammar-development@1",
          "ledger_authorized": false,
          "native_publication_authorized": false,
          "operation_counts": {
            "preserve_unresolved": 128
          },
          "posterior_accuracy_calibrated": false,
          "retracted_parents": 0,
          "source_records": [
            {
              "content_sha256": "75b0e35595dff633c6ea9ec165991b01476072b049cee0f710e431c20861ce7e",
              "received_at": "2026-09-26T13:01:11.280964+00:00",
              "record_id": "8a81f3dc-5c64-5401-a34c-8f6bb864569c"
            },
            {
              "content_sha256": "4ecd0ad5de5da67f2c066abbc2696ee9e557cafa270f1ab6083a31f35def5540",
              "received_at": "2026-09-26T13:01:11.280965+00:00",
              "record_id": "00523a79-f337-5261-9b68-eecfba5b7458"
            },
            {
              "content_sha256": "ce8531454dbfe353c957b0c7c4996dfc80e65b88e92ecfb8307dd455db51f945",
              "received_at": "2026-09-26T13:01:11.280966+00:00",
              "record_id": "e48552e1-8eb9-5755-b9f0-df3ba4876ed2"
            },
            {
              "content_sha256": "c9725fee8a97bcaf49983fd0cecab8a1c5fc53e090541be2306d77129bc594b1",
              "received_at": "2026-09-26T13:01:11.280967+00:00",
              "record_id": "95c28c69-61d8-53cf-984f-cb46707de269"
            }
          ],
          "truncated": false
        }
      },
      "core_ledger_unchanged": true,
      "execution_traces": 0,
      "perception_restore_equal": true,
      "source_sequence": "caa66d98ac022d2eaf6da6813da7319ccc09c2436d1e99b42693141457cd3e6b",
      "original_frames": [
        0,
        1,
        2,
        3
      ],
      "source_clock_gaps_seconds": [
        0.03478527069091797,
        0.03751182556152344,
        0.03988909721374512
      ]
    },
    {
      "sequence": "caa66d98ac022d2eaf6da6813da7319ccc09c2436d1e99b42693141457cd3e6b/window-000103",
      "frames": 4,
      "support": {
        "status": "COMPLETE_SUPPORT_GENERATED",
        "candidate_count": 192,
        "generation": {
          "analytic_updates_computed": false,
          "bootstrap": true,
          "candidate_count": 192,
          "complete_within_declared_discrete_grammar": true,
          "context_sha256": "4746101d7466e59bb6af0d9b368666f97d7352ef9a761b2cd5a843494603680f",
          "continuous_or_open_world_support_complete": false,
          "current_active_parents": 0,
          "delayed_evidence": false,
          "event_time_grid": [
            "2026-09-26T13:01:11.280968+00:00",
            "2026-09-26T13:01:11.280969+00:00",
            "2026-09-26T13:01:11.280970+00:00",
            "2026-09-26T13:01:11.280971+00:00"
          ],
          "grammar": "observed-time-complete-event-grammar-development@1",
          "ledger_authorized": false,
          "native_publication_authorized": false,
          "operation_counts": {
            "preserve_unresolved": 192
          },
          "posterior_accuracy_calibrated": false,
          "retracted_parents": 0,
          "source_records": [
            {
              "content_sha256": "95cad8c59ddfd5a96b2784e87338d3877891b113d9048f5af7513bd677ef44d1",
              "received_at": "2026-09-26T13:01:11.280968+00:00",
              "record_id": "71d18e02-b3e0-5695-be12-2b339415b413"
            },
            {
              "content_sha256": "c414ff2d00b155899fbb643e95da71c32a6a07ac56333df9f891fb02050231cd",
              "received_at": "2026-09-26T13:01:11.280969+00:00",
              "record_id": "128f943f-813f-5ec8-ae95-8fffcffddb61"
            },
            {
              "content_sha256": "060e354ae2bac14cbb353fae1c060e676407b93269d94c4bde0ad274724f3317",
              "received_at": "2026-09-26T13:01:11.280970+00:00",
              "record_id": "26157602-ec58-5230-af78-7fb7b96c2983"
            },
            {
              "content_sha256": "5219bf0925907ec94ddff904b258ee15a305c0ede7f8be96656eb3c6902d21ec",
              "received_at": "2026-09-26T13:01:11.280971+00:00",
              "record_id": "e9a7955c-211e-5b6f-86fe-a2d688ad95e9"
            }
          ],
          "truncated": false
        }
      },
      "core_ledger_unchanged": true,
      "execution_traces": 0,
      "perception_restore_equal": true,
      "source_sequence": "caa66d98ac022d2eaf6da6813da7319ccc09c2436d1e99b42693141457cd3e6b",
      "original_frames": [
        103,
        104,
        105,
        106
      ],
      "source_clock_gaps_seconds": [
        0.03915810585021973,
        0.03628683090209961,
        0.03663349151611328
      ]
    },
    {
      "sequence": "caa66d98ac022d2eaf6da6813da7319ccc09c2436d1e99b42693141457cd3e6b/window-000206",
      "frames": 4,
      "support": {
        "status": "COMPLETE_SUPPORT_GENERATED",
        "candidate_count": 176,
        "generation": {
          "analytic_updates_computed": false,
          "bootstrap": true,
          "candidate_count": 176,
          "complete_within_declared_discrete_grammar": true,
          "context_sha256": "15edd38ed482ee8b1799f4accbd2d4dcf287072941dd518d56a62299ac821d23",
          "continuous_or_open_world_support_complete": false,
          "current_active_parents": 0,
          "delayed_evidence": false,
          "event_time_grid": [
            "2026-09-26T13:01:11.280972+00:00",
            "2026-09-26T13:01:11.280973+00:00",
            "2026-09-26T13:01:11.280974+00:00",
            "2026-09-26T13:01:11.280975+00:00"
          ],
          "grammar": "observed-time-complete-event-grammar-development@1",
          "ledger_authorized": false,
          "native_publication_authorized": false,
          "operation_counts": {
            "preserve_unresolved": 176
          },
          "posterior_accuracy_calibrated": false,
          "retracted_parents": 0,
          "source_records": [
            {
              "content_sha256": "be030cc6547666ce7292498279d2bdc2720aefe87abea585ebf63883f556c89e",
              "received_at": "2026-09-26T13:01:11.280972+00:00",
              "record_id": "d8dfaab9-132b-538a-a1ef-016ea719684a"
            },
            {
              "content_sha256": "60a69568a3374966ea3282cc25fc87bbe51fac801989772d0507c6105bd04d08",
              "received_at": "2026-09-26T13:01:11.280973+00:00",
              "record_id": "a4e69a6e-e889-5779-9eb7-32c2691e7f24"
            },
            {
              "content_sha256": "a80a2d0f0a4b1f855ee0da190aff436b7b6bfc20ea9cbb12996f21a72ad87b33",
              "received_at": "2026-09-26T13:01:11.280974+00:00",
              "record_id": "72aa633a-635f-5b8c-8810-8ecb5716199a"
            },
            {
              "content_sha256": "46b164e6bb84b81492d60b497da54c180600934643615a274aea2a9bffbdc623",
              "received_at": "2026-09-26T13:01:11.280975+00:00",
              "record_id": "bc779b99-b652-5d3b-9ab3-e33395aefe17"
            }
          ],
          "truncated": false
        }
      },
      "core_ledger_unchanged": true,
      "execution_traces": 0,
      "perception_restore_equal": true,
      "source_sequence": "caa66d98ac022d2eaf6da6813da7319ccc09c2436d1e99b42693141457cd3e6b",
      "original_frames": [
        206,
        207,
        208,
        209
      ],
      "source_clock_gaps_seconds": [
        0.03608560562133789,
        0.03686809539794922,
        0.03807425498962402
      ]
    },
    {
      "sequence": "caa66d98ac022d2eaf6da6813da7319ccc09c2436d1e99b42693141457cd3e6b/window-000309",
      "frames": 4,
      "support": {
        "status": "COMPLETE_SUPPORT_GENERATED",
        "candidate_count": 243,
        "generation": {
          "analytic_updates_computed": false,
          "bootstrap": true,
          "candidate_count": 243,
          "complete_within_declared_discrete_grammar": true,
          "context_sha256": "eb46c08896d2d52fc731920afd4204f28a1260dd8f41533d8d0e8124371609c2",
          "continuous_or_open_world_support_complete": false,
          "current_active_parents": 0,
          "delayed_evidence": false,
          "event_time_grid": [
            "2026-09-26T13:01:11.280976+00:00",
            "2026-09-26T13:01:11.280977+00:00",
            "2026-09-26T13:01:11.280978+00:00",
            "2026-09-26T13:01:11.280979+00:00"
          ],
          "grammar": "observed-time-complete-event-grammar-development@1",
          "ledger_authorized": false,
          "native_publication_authorized": false,
          "operation_counts": {
            "preserve_unresolved": 243
          },
          "posterior_accuracy_calibrated": false,
          "retracted_parents": 0,
          "source_records": [
            {
              "content_sha256": "a572fec7084ee1523884b6d0a3a2b4ecd84cde4a1919977ebc033067f58b3d11",
              "received_at": "2026-09-26T13:01:11.280976+00:00",
              "record_id": "54d5fc3d-ba62-5899-b713-d01e4d9ad879"
            },
            {
              "content_sha256": "2a230c176639c4c7854f75a29e2109e38f44a5f4d7e3b93c3a5c81f2ef13cfa9",
              "received_at": "2026-09-26T13:01:11.280977+00:00",
              "record_id": "681c0554-40e3-50cf-8b0a-1549492111d5"
            },
            {
              "content_sha256": "fc2ab43cb45b695042ad202c86fdc53ef594778eff41ebef361e84babedfb8b9",
              "received_at": "2026-09-26T13:01:11.280978+00:00",
              "record_id": "7aa7e6e3-67be-5e0d-aa97-cdfc1b5d5260"
            },
            {
              "content_sha256": "49d1ac8fd1ce8eb85d74d55914eeb3ab83041cb1001274008e31d286448174ba",
              "received_at": "2026-09-26T13:01:11.280979+00:00",
              "record_id": "284630c8-fe33-594f-bfcb-97b9971086dd"
            }
          ],
          "truncated": false
        }
      },
      "core_ledger_unchanged": true,
      "execution_traces": 0,
      "perception_restore_equal": true,
      "source_sequence": "caa66d98ac022d2eaf6da6813da7319ccc09c2436d1e99b42693141457cd3e6b",
      "original_frames": [
        309,
        310,
        311,
        312
      ],
      "source_clock_gaps_seconds": [
        0.0366363525390625,
        0.036420583724975586,
        0.035605669021606445
      ]
    },
    {
      "sequence": "d273879c89140cddbeabfe0d3fadb6d3cc8fe5483410254645e311242f945bb6/window-000000",
      "frames": 4,
      "support": {
        "status": "COMPLETE_SUPPORT_GENERATED",
        "candidate_count": 144,
        "generation": {
          "analytic_updates_computed": false,
          "bootstrap": true,
          "candidate_count": 144,
          "complete_within_declared_discrete_grammar": true,
          "context_sha256": "51a6028b9790b51734b03bc459bc322c6c8f6d9d2055bfc6c4d95c90dbb0657e",
          "continuous_or_open_world_support_complete": false,
          "current_active_parents": 0,
          "delayed_evidence": false,
          "event_time_grid": [
            "2026-09-26T13:01:11.280964+00:00",
            "2026-09-26T13:01:11.280965+00:00",
            "2026-09-26T13:01:11.280966+00:00",
            "2026-09-26T13:01:11.280967+00:00"
          ],
          "grammar": "observed-time-complete-event-grammar-development@1",
          "ledger_authorized": false,
          "native_publication_authorized": false,
          "operation_counts": {
            "preserve_unresolved": 144
          },
          "posterior_accuracy_calibrated": false,
          "retracted_parents": 0,
          "source_records": [
            {
              "content_sha256": "c87b7dfc818a1ad241f336a4492bad7e03929925831db2912e7ace1391cfe298",
              "received_at": "2026-09-26T13:01:11.280964+00:00",
              "record_id": "83103a4f-d985-5435-bb0b-fda4d885a8c0"
            },
            {
              "content_sha256": "982c3d4ab90a7b0c57339daab8cede41bcd5c520ee458b749ad0d362691f05ca",
              "received_at": "2026-09-26T13:01:11.280965+00:00",
              "record_id": "57c37325-7805-5f15-ae22-2d6396543012"
            },
            {
              "content_sha256": "ef4c4ae998e306ae99ab2a637c76aff011be39bfbf903038eac9fa8cabb3f4da",
              "received_at": "2026-09-26T13:01:11.280966+00:00",
              "record_id": "9984c218-b86d-5860-9c41-f9c747bb29ac"
            },
            {
              "content_sha256": "a6b9192ec3806470c147024126d27ed0f275b740b24888944b51decfebb3b04b",
              "received_at": "2026-09-26T13:01:11.280967+00:00",
              "record_id": "6a0fa00a-c268-517c-a617-b80925e33c69"
            }
          ],
          "truncated": false
        }
      },
      "core_ledger_unchanged": true,
      "execution_traces": 0,
      "perception_restore_equal": true,
      "source_sequence": "d273879c89140cddbeabfe0d3fadb6d3cc8fe5483410254645e311242f945bb6",
      "original_frames": [
        0,
        1,
        2,
        3
      ],
      "source_clock_gaps_seconds": [
        0.011017322540283203,
        0.009840011596679688,
        0.006601572036743164
      ]
    },
    {
      "sequence": "d273879c89140cddbeabfe0d3fadb6d3cc8fe5483410254645e311242f945bb6/window-000193",
      "frames": 4,
      "support": {
        "status": "COMPLETE_SUPPORT_GENERATED",
        "candidate_count": 128,
        "generation": {
          "analytic_updates_computed": false,
          "bootstrap": true,
          "candidate_count": 128,
          "complete_within_declared_discrete_grammar": true,
          "context_sha256": "5c75404f173c8e8fbe75f416be4be6b627ba163bda942d62673e73c1a948f0c7",
          "continuous_or_open_world_support_complete": false,
          "current_active_parents": 0,
          "delayed_evidence": false,
          "event_time_grid": [
            "2026-09-26T13:01:11.280968+00:00",
            "2026-09-26T13:01:11.280969+00:00",
            "2026-09-26T13:01:11.280970+00:00",
            "2026-09-26T13:01:11.280971+00:00"
          ],
          "grammar": "observed-time-complete-event-grammar-development@1",
          "ledger_authorized": false,
          "native_publication_authorized": false,
          "operation_counts": {
            "preserve_unresolved": 128
          },
          "posterior_accuracy_calibrated": false,
          "retracted_parents": 0,
          "source_records": [
            {
              "content_sha256": "c1a15c0ff019b26732917d6002bf04183708cca7ee922a26ec07d9ec85443a15",
              "received_at": "2026-09-26T13:01:11.280968+00:00",
              "record_id": "e2f1997c-93f3-5b73-97a8-c1b531df580c"
            },
            {
              "content_sha256": "fa63e28aedd017e16d09cc36a51ff49bf0b5e5c2063ed8c863195fb66e412977",
              "received_at": "2026-09-26T13:01:11.280969+00:00",
              "record_id": "7348b150-0c86-52a8-a283-b28c64c3cd01"
            },
            {
              "content_sha256": "cee8c382162964cdd2763e5cbd37f693af4b4fa6c69160db4998e61682f4ba34",
              "received_at": "2026-09-26T13:01:11.280970+00:00",
              "record_id": "f871ebe2-2a67-5955-af91-133aaf942290"
            },
            {
              "content_sha256": "1a06715c95f1c67ca7a0d443bb6d612ad950777aca8191d1cb2b1998041dd16b",
              "received_at": "2026-09-26T13:01:11.280971+00:00",
              "record_id": "9cfc1034-3f97-51c8-94e7-d2634760a848"
            }
          ],
          "truncated": false
        }
      },
      "core_ledger_unchanged": true,
      "execution_traces": 0,
      "perception_restore_equal": true,
      "source_sequence": "d273879c89140cddbeabfe0d3fadb6d3cc8fe5483410254645e311242f945bb6",
      "original_frames": [
        193,
        194,
        195,
        196
      ],
      "source_clock_gaps_seconds": [
        0.03950834274291992,
        0.03420448303222656,
        0.03560829162597656
      ]
    },
    {
      "sequence": "d273879c89140cddbeabfe0d3fadb6d3cc8fe5483410254645e311242f945bb6/window-000386",
      "frames": 4,
      "support": {
        "status": "COMPLETE_SUPPORT_GENERATED",
        "candidate_count": 189,
        "generation": {
          "analytic_updates_computed": false,
          "bootstrap": true,
          "candidate_count": 189,
          "complete_within_declared_discrete_grammar": true,
          "context_sha256": "296983aa26b3c839508309574a7923a514982dafe7db9ef985456a184a7f1e65",
          "continuous_or_open_world_support_complete": false,
          "current_active_parents": 0,
          "delayed_evidence": false,
          "event_time_grid": [
            "2026-09-26T13:01:11.280972+00:00",
            "2026-09-26T13:01:11.280973+00:00",
            "2026-09-26T13:01:11.280974+00:00",
            "2026-09-26T13:01:11.280975+00:00"
          ],
          "grammar": "observed-time-complete-event-grammar-development@1",
          "ledger_authorized": false,
          "native_publication_authorized": false,
          "operation_counts": {
            "preserve_unresolved": 189
          },
          "posterior_accuracy_calibrated": false,
          "retracted_parents": 0,
          "source_records": [
            {
              "content_sha256": "ef4c4660a225a3fffe915ac7148700f244504188811d26f3749aeaf7d47e3c83",
              "received_at": "2026-09-26T13:01:11.280972+00:00",
              "record_id": "fb6ace83-64cb-514e-9e09-833992517184"
            },
            {
              "content_sha256": "f8e1d3ea1a76bfad88a1eeec07dc03a98c4e46d1c007254c79accb5725438b26",
              "received_at": "2026-09-26T13:01:11.280973+00:00",
              "record_id": "1a8408cb-48ae-5611-bd71-c27205d82786"
            },
            {
              "content_sha256": "90214cac8c227ca7b083ee626cd42da16deb9087b43a5ad482d843289c237fb0",
              "received_at": "2026-09-26T13:01:11.280974+00:00",
              "record_id": "ac1a5faf-f736-563a-9ccc-f97646a61401"
            },
            {
              "content_sha256": "6b21f3d5bb84afa474a1e3c1ea9159f615d11912411ab6832ca03494e206f7b1",
              "received_at": "2026-09-26T13:01:11.280975+00:00",
              "record_id": "fd57ef09-4271-57a5-8929-7aa771d047f9"
            }
          ],
          "truncated": false
        }
      },
      "core_ledger_unchanged": true,
      "execution_traces": 0,
      "perception_restore_equal": true,
      "source_sequence": "d273879c89140cddbeabfe0d3fadb6d3cc8fe5483410254645e311242f945bb6",
      "original_frames": [
        386,
        387,
        388,
        389
      ],
      "source_clock_gaps_seconds": [
        0.03700709342956543,
        0.04036355018615723,
        0.04373884201049805
      ]
    },
    {
      "sequence": "d273879c89140cddbeabfe0d3fadb6d3cc8fe5483410254645e311242f945bb6/window-000580",
      "frames": 4,
      "support": {
        "status": "COMPLETE_SUPPORT_GENERATED",
        "candidate_count": 176,
        "generation": {
          "analytic_updates_computed": false,
          "bootstrap": true,
          "candidate_count": 176,
          "complete_within_declared_discrete_grammar": true,
          "context_sha256": "b07c0a22016ab4120f853e9a692e1a6f2cd85f71ec91b5d8f060c7893a1b69a1",
          "continuous_or_open_world_support_complete": false,
          "current_active_parents": 0,
          "delayed_evidence": false,
          "event_time_grid": [
            "2026-09-26T13:01:11.280976+00:00",
            "2026-09-26T13:01:11.280977+00:00",
            "2026-09-26T13:01:11.280978+00:00",
            "2026-09-26T13:01:11.280979+00:00"
          ],
          "grammar": "observed-time-complete-event-grammar-development@1",
          "ledger_authorized": false,
          "native_publication_authorized": false,
          "operation_counts": {
            "preserve_unresolved": 176
          },
          "posterior_accuracy_calibrated": false,
          "retracted_parents": 0,
          "source_records": [
            {
              "content_sha256": "10a4e2302d1c2780d344d959b7f97cbc8d56b8fecd4c4f2602c3f411e5598718",
              "received_at": "2026-09-26T13:01:11.280976+00:00",
              "record_id": "3627607c-cb9d-5894-91dd-13f200ee406f"
            },
            {
              "content_sha256": "49af55134516154276c9586498b027bea8072f11a3f1a8e294bacb2726e6a3c3",
              "received_at": "2026-09-26T13:01:11.280977+00:00",
              "record_id": "4e400f6c-4056-56f2-b619-c523009f3c7a"
            },
            {
              "content_sha256": "3bd2120aed44f616970d7c3a919b20d87010cc54e407f77a70651757cd0a61c5",
              "received_at": "2026-09-26T13:01:11.280978+00:00",
              "record_id": "049bfcda-030e-5cdc-b5a2-d703f068e05b"
            },
            {
              "content_sha256": "c2d8be4746cef126062eb39c8feba69813758e998e5358af443b939e47cdad35",
              "received_at": "2026-09-26T13:01:11.280979+00:00",
              "record_id": "b4e4db7f-1750-52c8-830d-ac9390f762f1"
            }
          ],
          "truncated": false
        }
      },
      "core_ledger_unchanged": true,
      "execution_traces": 0,
      "perception_restore_equal": true,
      "source_sequence": "d273879c89140cddbeabfe0d3fadb6d3cc8fe5483410254645e311242f945bb6",
      "original_frames": [
        580,
        581,
        582,
        583
      ],
      "source_clock_gaps_seconds": [
        0.034028053283691406,
        0.0499417781829834,
        0.04552888870239258
      ]
    },
    {
      "sequence": "e878bb28c13aa6dde99c6f6ae8bd86fabd73c63f9754969cb4aa11e5e9801782/window-000000",
      "frames": 4,
      "support": {
        "status": "COMPLETE_SUPPORT_GENERATED",
        "candidate_count": 272,
        "generation": {
          "analytic_updates_computed": false,
          "bootstrap": true,
          "candidate_count": 272,
          "complete_within_declared_discrete_grammar": true,
          "context_sha256": "4a6f2f494cfcf5a8f520729a4c8fedff048c7da73b17e37b9bde52a978084883",
          "continuous_or_open_world_support_complete": false,
          "current_active_parents": 0,
          "delayed_evidence": false,
          "event_time_grid": [
            "2026-09-26T13:01:11.280964+00:00",
            "2026-09-26T13:01:11.280965+00:00",
            "2026-09-26T13:01:11.280966+00:00",
            "2026-09-26T13:01:11.280967+00:00"
          ],
          "grammar": "observed-time-complete-event-grammar-development@1",
          "ledger_authorized": false,
          "native_publication_authorized": false,
          "operation_counts": {
            "preserve_unresolved": 272
          },
          "posterior_accuracy_calibrated": false,
          "retracted_parents": 0,
          "source_records": [
            {
              "content_sha256": "abcc8fc9580f10fa6dc6140bcb56129cb7427528769d9058a05b2cb6c1a40bd9",
              "received_at": "2026-09-26T13:01:11.280964+00:00",
              "record_id": "c4bdca2c-b664-5a08-9e3a-91b26601dcff"
            },
            {
              "content_sha256": "de5c17b26d536bff029f46ca275060b4e24dae1c4e3324bb0c8c8f4fc855b9fe",
              "received_at": "2026-09-26T13:01:11.280965+00:00",
              "record_id": "52efed28-468b-57dc-a3f0-aa56b8a57401"
            },
            {
              "content_sha256": "c90a1780e60a1c5ab5767f92b0c953ce74f0dfe60ee922a10404851954dee763",
              "received_at": "2026-09-26T13:01:11.280966+00:00",
              "record_id": "939badef-e257-5493-8977-303f2f990b95"
            },
            {
              "content_sha256": "667f8737b775d413678b0c3b9e8ab334db354fcf3a0bb949b62d4095b6bfe6c5",
              "received_at": "2026-09-26T13:01:11.280967+00:00",
              "record_id": "defaa7e1-a8a0-5929-91d8-8dd5aa76ee0e"
            }
          ],
          "truncated": false
        }
      },
      "core_ledger_unchanged": true,
      "execution_traces": 0,
      "perception_restore_equal": true,
      "source_sequence": "e878bb28c13aa6dde99c6f6ae8bd86fabd73c63f9754969cb4aa11e5e9801782",
      "original_frames": [
        0,
        1,
        2,
        3
      ],
      "source_clock_gaps_seconds": [
        0.036124467849731445,
        0.040375471115112305,
        0.0362246036529541
      ]
    },
    {
      "sequence": "e878bb28c13aa6dde99c6f6ae8bd86fabd73c63f9754969cb4aa11e5e9801782/window-000082",
      "frames": 4,
      "support": {
        "status": "COMPLETE_SUPPORT_GENERATED",
        "candidate_count": 324,
        "generation": {
          "analytic_updates_computed": false,
          "bootstrap": true,
          "candidate_count": 324,
          "complete_within_declared_discrete_grammar": true,
          "context_sha256": "21e8e41ff1883fb37a8838aec2b83833a1ecb61c1e4f198135e5182b9f34a04f",
          "continuous_or_open_world_support_complete": false,
          "current_active_parents": 0,
          "delayed_evidence": false,
          "event_time_grid": [
            "2026-09-26T13:01:11.280968+00:00",
            "2026-09-26T13:01:11.280969+00:00",
            "2026-09-26T13:01:11.280970+00:00",
            "2026-09-26T13:01:11.280971+00:00"
          ],
          "grammar": "observed-time-complete-event-grammar-development@1",
          "ledger_authorized": false,
          "native_publication_authorized": false,
          "operation_counts": {
            "preserve_unresolved": 324
          },
          "posterior_accuracy_calibrated": false,
          "retracted_parents": 0,
          "source_records": [
            {
              "content_sha256": "0a76c9c816942371a7b5969ed22e92cac88f9f14cd6f63dd4332a3ed820617af",
              "received_at": "2026-09-26T13:01:11.280968+00:00",
              "record_id": "e4c1d64e-5a02-50da-a1c4-d7cb87b23a7e"
            },
            {
              "content_sha256": "269bd169f03c83aea2888dc25918a91d944133f39cb70684011c22bf2a7d88d1",
              "received_at": "2026-09-26T13:01:11.280969+00:00",
              "record_id": "fcd6ecd8-2091-55b7-b259-0100e5697a18"
            },
            {
              "content_sha256": "423d1f1d9ccaaab9450ab3baf96532545fe4ded490426f9c45814c1d26317caa",
              "received_at": "2026-09-26T13:01:11.280970+00:00",
              "record_id": "74134ff4-fe46-55e2-9f50-c459fbfe4eec"
            },
            {
              "content_sha256": "fc324db868e5c6ea60df277f435408d3272939a7d54ee6774636e5b731d54a05",
              "received_at": "2026-09-26T13:01:11.280971+00:00",
              "record_id": "cb6626db-b5d4-591c-9733-40ea27b52ca3"
            }
          ],
          "truncated": false
        }
      },
      "core_ledger_unchanged": true,
      "execution_traces": 0,
      "perception_restore_equal": true,
      "source_sequence": "e878bb28c13aa6dde99c6f6ae8bd86fabd73c63f9754969cb4aa11e5e9801782",
      "original_frames": [
        82,
        83,
        84,
        85
      ],
      "source_clock_gaps_seconds": [
        0.035140037536621094,
        0.03664731979370117,
        0.036768198013305664
      ]
    },
    {
      "sequence": "e878bb28c13aa6dde99c6f6ae8bd86fabd73c63f9754969cb4aa11e5e9801782/window-000164",
      "frames": 4,
      "support": {
        "status": "COMPLETE_SUPPORT_GENERATED",
        "candidate_count": 440,
        "generation": {
          "analytic_updates_computed": false,
          "bootstrap": true,
          "candidate_count": 440,
          "complete_within_declared_discrete_grammar": true,
          "context_sha256": "8f0d8fc8ed5f76c2f013284ec8d775da54630082a49c2f38ec849ae191ff7704",
          "continuous_or_open_world_support_complete": false,
          "current_active_parents": 0,
          "delayed_evidence": false,
          "event_time_grid": [
            "2026-09-26T13:01:11.280972+00:00",
            "2026-09-26T13:01:11.280973+00:00",
            "2026-09-26T13:01:11.280974+00:00",
            "2026-09-26T13:01:11.280975+00:00"
          ],
          "grammar": "observed-time-complete-event-grammar-development@1",
          "ledger_authorized": false,
          "native_publication_authorized": false,
          "operation_counts": {
            "preserve_unresolved": 440
          },
          "posterior_accuracy_calibrated": false,
          "retracted_parents": 0,
          "source_records": [
            {
              "content_sha256": "6ba76c6bf04d3edb7b6c9f9acfb207f65037bfc4ed7a6d190f1e124fca728165",
              "received_at": "2026-09-26T13:01:11.280972+00:00",
              "record_id": "8e0d2fdd-30bb-538a-8b49-7aa9a35a835f"
            },
            {
              "content_sha256": "9995041b8406ade9e3502e262922449d63a6532442364ff7dc70edc2e1d543b1",
              "received_at": "2026-09-26T13:01:11.280973+00:00",
              "record_id": "072147b6-5082-53cd-bb91-b082ab72df1d"
            },
            {
              "content_sha256": "e9b14a9d5f733d8cd73da9dadf56b509983ef731f5491e22c8153411ca370b45",
              "received_at": "2026-09-26T13:01:11.280974+00:00",
              "record_id": "6553d360-0550-5072-b356-b83452e673fb"
            },
            {
              "content_sha256": "bcef3057c0be304e78d20445fe8abd077fed04f95b0ca999d5fd2fd8b372277c",
              "received_at": "2026-09-26T13:01:11.280975+00:00",
              "record_id": "58845954-20bd-5bac-af48-b63385331e4c"
            }
          ],
          "truncated": false
        }
      },
      "core_ledger_unchanged": true,
      "execution_traces": 0,
      "perception_restore_equal": true,
      "source_sequence": "e878bb28c13aa6dde99c6f6ae8bd86fabd73c63f9754969cb4aa11e5e9801782",
      "original_frames": [
        164,
        165,
        166,
        167
      ],
      "source_clock_gaps_seconds": [
        0.036931514739990234,
        0.0359346866607666,
        0.036666154861450195
      ]
    },
    {
      "sequence": "e878bb28c13aa6dde99c6f6ae8bd86fabd73c63f9754969cb4aa11e5e9801782/window-000247",
      "frames": 4,
      "support": {
        "status": "COMPLETE_SUPPORT_GENERATED",
        "candidate_count": 224,
        "generation": {
          "analytic_updates_computed": false,
          "bootstrap": true,
          "candidate_count": 224,
          "complete_within_declared_discrete_grammar": true,
          "context_sha256": "e084cf8852c70c0996216e93525d3b8aa8522f3945a44cf10c0ce6d6ffc2a1e5",
          "continuous_or_open_world_support_complete": false,
          "current_active_parents": 0,
          "delayed_evidence": false,
          "event_time_grid": [
            "2026-09-26T13:01:11.280976+00:00",
            "2026-09-26T13:01:11.280977+00:00",
            "2026-09-26T13:01:11.280978+00:00",
            "2026-09-26T13:01:11.280979+00:00"
          ],
          "grammar": "observed-time-complete-event-grammar-development@1",
          "ledger_authorized": false,
          "native_publication_authorized": false,
          "operation_counts": {
            "preserve_unresolved": 224
          },
          "posterior_accuracy_calibrated": false,
          "retracted_parents": 0,
          "source_records": [
            {
              "content_sha256": "5cb5b8a33ad2bc105e5d765911c69037ee891e7c4378f4def5059813db525582",
              "received_at": "2026-09-26T13:01:11.280976+00:00",
              "record_id": "2e87f404-3d27-57a5-8d6a-fd39024bf83d"
            },
            {
              "content_sha256": "0daf006cba75d059b04c0d5528f5b9759eac92ed51b2859bab106b5f693e3c32",
              "received_at": "2026-09-26T13:01:11.280977+00:00",
              "record_id": "8167783d-6941-599c-8bfa-cb69fa2e850f"
            },
            {
              "content_sha256": "40427523dad72d13317705c8c56b0125fc10f994c951bb76fbfa64250e9dd277",
              "received_at": "2026-09-26T13:01:11.280978+00:00",
              "record_id": "6e1cd89b-a884-5c60-b9fd-da92347a370c"
            },
            {
              "content_sha256": "e4a7530eb5d01ee6b59fd5d655e0b047c5d2f5cde5462f5939ac0f1e3952e330",
              "received_at": "2026-09-26T13:01:11.280979+00:00",
              "record_id": "3a027c63-daa3-500e-874e-09d12471ca0b"
            }
          ],
          "truncated": false
        }
      },
      "core_ledger_unchanged": true,
      "execution_traces": 0,
      "perception_restore_equal": true,
      "source_sequence": "e878bb28c13aa6dde99c6f6ae8bd86fabd73c63f9754969cb4aa11e5e9801782",
      "original_frames": [
        247,
        248,
        249,
        250
      ],
      "source_clock_gaps_seconds": [
        0.035280466079711914,
        0.038793087005615234,
        0.03451037406921387
      ]
    },
    {
      "sequence": "eee763a27550c54ea8f54cd854ea7775d0bed8e5a5912acff555256e780e2d54/window-000000",
      "frames": 4,
      "support": {
        "status": "COMPLETE_SUPPORT_GENERATED",
        "candidate_count": 144,
        "generation": {
          "analytic_updates_computed": false,
          "bootstrap": true,
          "candidate_count": 144,
          "complete_within_declared_discrete_grammar": true,
          "context_sha256": "ba49ace76e386e94d8a0ccfdb57e5f02a440a4373872d485c3cf205f1e61d876",
          "continuous_or_open_world_support_complete": false,
          "current_active_parents": 0,
          "delayed_evidence": false,
          "event_time_grid": [
            "2026-09-26T13:01:11.280964+00:00",
            "2026-09-26T13:01:11.280965+00:00",
            "2026-09-26T13:01:11.280966+00:00",
            "2026-09-26T13:01:11.280967+00:00"
          ],
          "grammar": "observed-time-complete-event-grammar-development@1",
          "ledger_authorized": false,
          "native_publication_authorized": false,
          "operation_counts": {
            "preserve_unresolved": 144
          },
          "posterior_accuracy_calibrated": false,
          "retracted_parents": 0,
          "source_records": [
            {
              "content_sha256": "18a539789fbd455534cc7a9df7aeddd6595a17ca9bbbc32375ba158b1205c4f7",
              "received_at": "2026-09-26T13:01:11.280964+00:00",
              "record_id": "1b6a654a-a9e4-5369-85a1-311f4554216f"
            },
            {
              "content_sha256": "338fce95171efc9221eb3798c04904055051e2c282d60b6281140f622eb8a956",
              "received_at": "2026-09-26T13:01:11.280965+00:00",
              "record_id": "9350b45f-2d05-5268-b2af-6882f12454d5"
            },
            {
              "content_sha256": "4fbee9a9bc98fdf7887ece5d4c9d0c962597cde997040315bab06e38c281f963",
              "received_at": "2026-09-26T13:01:11.280966+00:00",
              "record_id": "5d35d1e0-a976-5bd2-bb1e-197a77428076"
            },
            {
              "content_sha256": "9a2051563acc87b8b820c5a35009e7ebf652c0c85736bfb494442e4b0a7e0ee4",
              "received_at": "2026-09-26T13:01:11.280967+00:00",
              "record_id": "e15ca642-77f3-583d-aea9-2ae42a9a4915"
            }
          ],
          "truncated": false
        }
      },
      "core_ledger_unchanged": true,
      "execution_traces": 0,
      "perception_restore_equal": true,
      "source_sequence": "eee763a27550c54ea8f54cd854ea7775d0bed8e5a5912acff555256e780e2d54",
      "original_frames": [
        0,
        1,
        2,
        3
      ],
      "source_clock_gaps_seconds": [
        0.03580117225646973,
        0.03711414337158203,
        0.04130411148071289
      ]
    },
    {
      "sequence": "eee763a27550c54ea8f54cd854ea7775d0bed8e5a5912acff555256e780e2d54/window-000104",
      "frames": 4,
      "support": {
        "status": "COMPLETE_SUPPORT_GENERATED",
        "candidate_count": 240,
        "generation": {
          "analytic_updates_computed": false,
          "bootstrap": true,
          "candidate_count": 240,
          "complete_within_declared_discrete_grammar": true,
          "context_sha256": "d39adaa08fff0db0989a40ee1a8bbb9461a2c92b4d4201f575bf085e213075f8",
          "continuous_or_open_world_support_complete": false,
          "current_active_parents": 0,
          "delayed_evidence": false,
          "event_time_grid": [
            "2026-09-26T13:01:11.280968+00:00",
            "2026-09-26T13:01:11.280969+00:00",
            "2026-09-26T13:01:11.280970+00:00",
            "2026-09-26T13:01:11.280971+00:00"
          ],
          "grammar": "observed-time-complete-event-grammar-development@1",
          "ledger_authorized": false,
          "native_publication_authorized": false,
          "operation_counts": {
            "preserve_unresolved": 240
          },
          "posterior_accuracy_calibrated": false,
          "retracted_parents": 0,
          "source_records": [
            {
              "content_sha256": "473c25b6b7be798d154b28d67c24097a38441d09d7e185605dd2fa43f4243846",
              "received_at": "2026-09-26T13:01:11.280968+00:00",
              "record_id": "974baa9d-cf5d-5574-a51c-ad0585c09f92"
            },
            {
              "content_sha256": "7cd90dafda9b1893849b66c6f34f4c522ff30cda33c02b401dd7d80f3fc7710c",
              "received_at": "2026-09-26T13:01:11.280969+00:00",
              "record_id": "0faeb53e-86fe-5bc7-8b86-e23b1e8a4e0f"
            },
            {
              "content_sha256": "f3b62e3a8b732a9aa704036e70d0bedc60309fd2d3c4c2b23d524ed1d590e72f",
              "received_at": "2026-09-26T13:01:11.280970+00:00",
              "record_id": "5a929b26-edff-5d95-88f0-bf162f782578"
            },
            {
              "content_sha256": "982aa1d6e9d62ba33283fb4a95b874e3b2e6339a743119fa6373903d63c62160",
              "received_at": "2026-09-26T13:01:11.280971+00:00",
              "record_id": "d1d4a61b-45db-551a-975b-87c323e5a236"
            }
          ],
          "truncated": false
        }
      },
      "core_ledger_unchanged": true,
      "execution_traces": 0,
      "perception_restore_equal": true,
      "source_sequence": "eee763a27550c54ea8f54cd854ea7775d0bed8e5a5912acff555256e780e2d54",
      "original_frames": [
        104,
        105,
        106,
        107
      ],
      "source_clock_gaps_seconds": [
        0.036544084548950195,
        0.036455631256103516,
        0.03682565689086914
      ]
    },
    {
      "sequence": "eee763a27550c54ea8f54cd854ea7775d0bed8e5a5912acff555256e780e2d54/window-000208",
      "frames": 4,
      "support": {
        "status": "COMPLETE_SUPPORT_GENERATED",
        "candidate_count": 192,
        "generation": {
          "analytic_updates_computed": false,
          "bootstrap": true,
          "candidate_count": 192,
          "complete_within_declared_discrete_grammar": true,
          "context_sha256": "2be0e4a4c22921ba61af7fdbae7bafd51eb6f9afb09bd2a6704df553b3338c08",
          "continuous_or_open_world_support_complete": false,
          "current_active_parents": 0,
          "delayed_evidence": false,
          "event_time_grid": [
            "2026-09-26T13:01:11.280972+00:00",
            "2026-09-26T13:01:11.280973+00:00",
            "2026-09-26T13:01:11.280974+00:00",
            "2026-09-26T13:01:11.280975+00:00"
          ],
          "grammar": "observed-time-complete-event-grammar-development@1",
          "ledger_authorized": false,
          "native_publication_authorized": false,
          "operation_counts": {
            "preserve_unresolved": 192
          },
          "posterior_accuracy_calibrated": false,
          "retracted_parents": 0,
          "source_records": [
            {
              "content_sha256": "acf203c46e7a3619b211352cadf42f343dd360d1d3760a89282e752128026ade",
              "received_at": "2026-09-26T13:01:11.280972+00:00",
              "record_id": "b5468a82-7f20-5d56-9608-5c0fb53fd493"
            },
            {
              "content_sha256": "4fc54a0e9c3d50a400f43a172731356e6b86e45ef8f87f3ea80a0fd73fc6d1e7",
              "received_at": "2026-09-26T13:01:11.280973+00:00",
              "record_id": "796ff166-be99-5a58-a316-4d1a66badb59"
            },
            {
              "content_sha256": "96c2fdc0d95367109d6858fc99c6b1b3121d90cf4ee5e40972f9a7a468fa82e7",
              "received_at": "2026-09-26T13:01:11.280974+00:00",
              "record_id": "fcb9cb81-1972-5c5a-afc6-fcb49c5bb2d4"
            },
            {
              "content_sha256": "fd27e0c0c3d944c4b1352755e5d07753eb55145216705ff47946434e3e594ade",
              "received_at": "2026-09-26T13:01:11.280975+00:00",
              "record_id": "ba7e9120-4a98-51bd-a15e-c09d060bd786"
            }
          ],
          "truncated": false
        }
      },
      "core_ledger_unchanged": true,
      "execution_traces": 0,
      "perception_restore_equal": true,
      "source_sequence": "eee763a27550c54ea8f54cd854ea7775d0bed8e5a5912acff555256e780e2d54",
      "original_frames": [
        208,
        209,
        210,
        211
      ],
      "source_clock_gaps_seconds": [
        0.037293434143066406,
        0.035703182220458984,
        0.03400611877441406
      ]
    },
    {
      "sequence": "eee763a27550c54ea8f54cd854ea7775d0bed8e5a5912acff555256e780e2d54/window-000313",
      "frames": 4,
      "support": {
        "status": "COMPLETE_SUPPORT_GENERATED",
        "candidate_count": 112,
        "generation": {
          "analytic_updates_computed": false,
          "bootstrap": true,
          "candidate_count": 112,
          "complete_within_declared_discrete_grammar": true,
          "context_sha256": "c931a32647a3d1574614176dfd8fb51e3c43045307f9ac5181011caa4d0d9b95",
          "continuous_or_open_world_support_complete": false,
          "current_active_parents": 0,
          "delayed_evidence": false,
          "event_time_grid": [
            "2026-09-26T13:01:11.280976+00:00",
            "2026-09-26T13:01:11.280977+00:00",
            "2026-09-26T13:01:11.280978+00:00",
            "2026-09-26T13:01:11.280979+00:00"
          ],
          "grammar": "observed-time-complete-event-grammar-development@1",
          "ledger_authorized": false,
          "native_publication_authorized": false,
          "operation_counts": {
            "preserve_unresolved": 112
          },
          "posterior_accuracy_calibrated": false,
          "retracted_parents": 0,
          "source_records": [
            {
              "content_sha256": "a841e78f7d5e1bf972ab6445c6492663ebef60e94bdc72271e6a463379d7c68f",
              "received_at": "2026-09-26T13:01:11.280976+00:00",
              "record_id": "68925a9c-0703-5206-bd42-cc92b9a3719d"
            },
            {
              "content_sha256": "31133b8f8bebdffe867706dd6f4ebe125f76da9c48543d8078a86f4876e3dca5",
              "received_at": "2026-09-26T13:01:11.280977+00:00",
              "record_id": "bc4d159e-6b06-55cb-9a89-2fc96a0df36c"
            },
            {
              "content_sha256": "0798dac0613893065cc64c33e3d970844fee2dd4ef8906c8bb31f15235e93d85",
              "received_at": "2026-09-26T13:01:11.280978+00:00",
              "record_id": "eb0536a4-3246-5ca0-8c2b-c9f0dd2bf1f3"
            },
            {
              "content_sha256": "b7a84a05453c883569ec23e20994053f33e840b9077cd88dd13573c587ecb9ec",
              "received_at": "2026-09-26T13:01:11.280979+00:00",
              "record_id": "7e6249e9-cc6a-5311-aee2-1e26d1fd7109"
            }
          ],
          "truncated": false
        }
      },
      "core_ledger_unchanged": true,
      "execution_traces": 0,
      "perception_restore_equal": true,
      "source_sequence": "eee763a27550c54ea8f54cd854ea7775d0bed8e5a5912acff555256e780e2d54",
      "original_frames": [
        313,
        314,
        315,
        316
      ],
      "source_clock_gaps_seconds": [
        0.03650069236755371,
        0.03666377067565918,
        0.03636050224304199
      ]
    }
  ],
  "detections_per_presentation": {
    "banana": 16,
    "person": 157,
    "potted plant": 48,
    "couch": 115,
    "remote": 11,
    "clock": 10,
    "cup": 36,
    "car": 2,
    "bed": 17,
    "bottle": 44,
    "oven": 18,
    "sink": 45,
    "bowl": 19,
    "chair": 177,
    "cell phone": 14,
    "scissors": 2,
    "book": 172,
    "toothbrush": 2,
    "laptop": 14,
    "dining table": 18,
    "tv": 35,
    "backpack": 13,
    "train": 4,
    "motorcycle": 3,
    "hair drier": 1,
    "handbag": 6,
    "vase": 1,
    "refrigerator": 2
  },
  "associations_per_presentation": {
    "NEW_UNVERIFIED": 342,
    "ASSOCIATED_GEOMETRIC": 601,
    "AMBIGUOUS_NEW_BRANCH": 59
  },
  "role_unresolved_reasons": {
    "contact_and_release_not_observed": 128,
    "role_likelihood_not_calibrated": 128,
    "no_stable_ordered_role_evidence": 117,
    "fewer_than_two_person_candidates": 104
  },
  "role_alternatives": 64,
  "regional_hand_candidates": 378,
  "hand_object_measurements": 2530,
  "hand_count_semantics": "regional observations; overlapping crops can duplicate hands",
  "hand_geometry_used_as_proposal_truth": false,
  "continuous_episode_or_independent_window_claim": false,
  "author_labels_read_by_frontend": false,
  "proposal_targets_supervised": 0,
  "proposal_network_training_steps": 0,
  "natural_semantic_publications": 0,
  "memory_writes": 0,
  "executed_actions": 0
}
