{"processed_raw_observations": 60, "elapsed_seconds": 2.126363875111565}
{"processed_raw_observations": 120, "elapsed_seconds": 5.730624750023708}
{"processed_raw_observations": 180, "elapsed_seconds": 10.793290042085573}
{"processed_raw_observations": 240, "elapsed_seconds": 17.291384833166376}
{"processed_raw_observations": 300, "elapsed_seconds": 25.46510862512514}
{"processed_raw_observations": 360, "elapsed_seconds": 35.0340524581261}
{
  "source_sha": "32c0f26b7707c321eded9181c095c6d62568d3c1",
  "source_files": {
    "/private/tmp/cpswm-pc-a-real-semantic-input-20260915/tools/run_natural_vision_archive.py": "2d2953129d96337f0a6e36345fe83a20f40f7b3261dd574f0f4b704be3aa432c",
    "/private/tmp/cpswm-pc-a-real-semantic-input-20260915/src/cpswm/perception_mapping/natural_vision.py": "4014f6f1dfecb117ad4fc8fec852a356350d104d875dbb0a948111dcdd60a487"
  },
  "source_unchanged": true,
  "source_identity_scope": "entry_and_detector_files_not_whole_runtime_attestation",
  "git_dirty": true,
  "archive_manifest_sha256": "b109edd49a465ad1a65bab54539f8d8b50ae400bea83a8c10bc5eb5e887e0b03",
  "archive_source_sha": "9fe996a7f785edc9ff36182fd993f6b81eec71d8",
  "frames": 180,
  "raw_observations": 360,
  "continuous_input_invoked": true,
  "core_unchanged_verified": true,
  "bookkeeping_initialization_only": true,
  "candidate_counts": {
    "person": 147,
    "refrigerator": 2
  },
  "inference_seconds": 35.133036375045776,
  "semantic_transitions": 0,
  "physical_actions": 0,
  "status": "NATURAL_PIXEL_DETECTIONS_UNCALIBRATED",
  "new_simulator_run": false,
  "frames_sha256": "611361cd89c83bfa09e5face7e22d66bb795f9dca9a9057b74e178a824073bfe"
}
