{
  "source_sha": "9fe996a7f785edc9ff36182fd993f6b81eec71d8",
  "source_files": {
    "/private/tmp/cpswm-pc-a-real-semantic-input-20260915/tools/run_natural_vision_archive.py": "608c0518598e4e7e8879dd5fa12be2a6ee4a7eaadbb6147e2f292323f1cb0433",
    "/private/tmp/cpswm-pc-a-real-semantic-input-20260915/src/cpswm/perception_mapping/natural_vision.py": "47203e7d5d5a368621c0315152d42c4b2bc59c014d7eff0a4ea931ed6854a8ff"
  },
  "source_unchanged": true,
  "source_identity_scope": "entry_and_detector_files_not_whole_runtime_attestation",
  "git_dirty": true,
  "archive_manifest_sha256": "b109edd49a465ad1a65bab54539f8d8b50ae400bea83a8c10bc5eb5e887e0b03",
  "archive_source_sha": "9fe996a7f785edc9ff36182fd993f6b81eec71d8",
  "frames": 180,
  "raw_observations": 360,
  "continuous_input_invoked": true,
  "core_unchanged_verified": true,
  "bookkeeping_initialization_only": true,
  "candidate_counts": {
    "person": 147,
    "refrigerator": 2
  },
  "inference_seconds": 35.843639499973506,
  "semantic_transitions": 0,
  "physical_actions": 0,
  "status": "NATURAL_PIXEL_DETECTIONS_UNCALIBRATED",
  "new_simulator_run": false,
  "frames_sha256": "611361cd89c83bfa09e5face7e22d66bb795f9dca9a9057b74e178a824073bfe"
}
