Would use project environment at: .venv
Would download 50 packages
Would uninstall 1 package
Would install 50 packages
 + annotated-types==0.8.0
 + antlr4-python3-runtime==4.9.3
 + ast-serialize==0.8.0
 + cffi==2.1.1
 + cfgv==3.5.0
 + contourpy==1.3.3
 + coverage==7.15.4
 + cpswm @ file:///workspace/scratch/b158d995e8cc/cpswm_b8_snapshot
 + cryptography==47.0.0
 + cycler==0.12.1
 + distlib==0.4.3
 + filelock==3.32.3
 + fonttools==4.63.0
 + hydra-core==1.3.5
 + hypothesis==6.165.10
 + identify==2.6.19
 + joblib==1.5.3
 + kiwisolver==1.5.0
 + librt==0.15.0
 + matplotlib==3.11.1
 + mypy==2.3.1
 + mypy-extensions==1.1.0
 + narwhals==2.24.0
 + networkx==3.6.1
 + nodeenv==1.10.0
 + numpy==2.5.2
 + omegaconf==2.3.1
 - packaging==26.0
 + packaging==26.3
 + pathspec==1.1.1
 + pillow==12.3.0
 + platformdirs==4.11.3
 + pre-commit==4.6.2
 + pycparser==3.0
 + pydantic==2.13.4
 + pydantic-core==2.46.4
 + pygments==2.20.0
 + pyparsing==3.3.2
 + pytest-cov==7.1.0
 + python-dateutil==2.9.0.post0
 + python-discovery==1.5.2
 + pyyaml==6.0.3
 + ruff==0.16.3
 + scikit-learn==1.9.0
 + scipy==1.18.0
 + six==1.17.0
 + sortedcontainers==2.4.0
 + threadpoolctl==3.6.0
 + typing-extensions==4.16.0
 + typing-inspection==0.4.4
 + virtualenv==21.7.4
The environment is outdated; run `uv sync` to update the environment
