{"journal": "/private/var/folders/x2/000r8p0n6s393lj2sg8wk5f40000gn/T/pytest-of-pangwei/pytest-1763/actual_pytest_checkout0/docs/reviews/data/structure_two_unified_acceptance_runs/test_fixture_27689b84f20f4c2a9250a2d13d505f40", "status": "FAILED"}
.{"journal": "/private/var/folders/x2/000r8p0n6s393lj2sg8wk5f40000gn/T/pytest-of-pangwei/pytest-1763/actual_pytest_checkout0/docs/reviews/data/structure_two_unified_acceptance_runs/test_fixture_81497e198ce44173b0113a13a649d956", "status": "FAILED"}
.{"journal": "/private/var/folders/x2/000r8p0n6s393lj2sg8wk5f40000gn/T/pytest-of-pangwei/pytest-1763/actual_pytest_checkout0/docs/reviews/data/structure_two_unified_acceptance_runs/test_fixture_0b6fd8ceef7148469db4ad2165c2b09d", "status": "FAILED"}
.{"journal": "/private/var/folders/x2/000r8p0n6s393lj2sg8wk5f40000gn/T/pytest-of-pangwei/pytest-1763/actual_pytest_checkout0/docs/reviews/data/structure_two_unified_acceptance_runs/test_fixture_8f328d0305df4f8db547b35d45f87392", "status": "FAILED"}
.{"journal": "/private/var/folders/x2/000r8p0n6s393lj2sg8wk5f40000gn/T/pytest-of-pangwei/pytest-1763/actual_pytest_checkout0/docs/reviews/data/structure_two_unified_acceptance_runs/test_fixture_5ee30c6fefed4813bb6cdddbacc2a345", "status": "FAILED"}
.{"journal": "/private/var/folders/x2/000r8p0n6s393lj2sg8wk5f40000gn/T/pytest-of-pangwei/pytest-1763/actual_pytest_checkout0/docs/reviews/data/structure_two_unified_acceptance_runs/test_fixture_f2414d79a873438996f5df89aef1166b", "status": "FAILED"}
.{"journal": "/private/var/folders/x2/000r8p0n6s393lj2sg8wk5f40000gn/T/pytest-of-pangwei/pytest-1763/actual_pytest_checkout0/docs/reviews/data/structure_two_unified_acceptance_runs/test_fixture_76643b967dcf4cda81c410e319d62d68", "status": "FAILED"}
.{"journal": "/private/var/folders/x2/000r8p0n6s393lj2sg8wk5f40000gn/T/pytest-of-pangwei/pytest-1763/actual_pytest_checkout0/docs/reviews/data/structure_two_unified_acceptance_runs/test_fixture_280a376206164648b715efcc2ca35430", "status": "FAILED"}
.{"journal": "/private/var/folders/x2/000r8p0n6s393lj2sg8wk5f40000gn/T/pytest-of-pangwei/pytest-1763/actual_pytest_checkout0/docs/reviews/data/structure_two_unified_acceptance_runs/test_fixture_40263ce68b0b47f58ab356af87935278", "status": "STAGES_COMPLETED_NOT_AUTHORIZATION"}
F{"journal": "/private/var/folders/x2/000r8p0n6s393lj2sg8wk5f40000gn/T/pytest-of-pangwei/pytest-1763/actual_pytest_checkout0/docs/reviews/data/structure_two_unified_acceptance_runs/test_fixture_f4deac7b01424e50b3b9ecf3b2c10b93", "status": "STAGES_COMPLETED_NOT_AUTHORIZATION"}
F{"journal": "/private/var/folders/x2/000r8p0n6s393lj2sg8wk5f40000gn/T/pytest-of-pangwei/pytest-1763/actual_pytest_checkout0/docs/reviews/data/structure_two_unified_acceptance_runs/test_fixture_f4f1114bc1a34e62a825f8e2924f22b1", "status": "STAGES_COMPLETED_NOT_AUTHORIZATION"}
F{"journal": "/private/var/folders/x2/000r8p0n6s393lj2sg8wk5f40000gn/T/pytest-of-pangwei/pytest-1763/actual_pytest_checkout0/docs/reviews/data/structure_two_unified_acceptance_runs/test_fixture_09f38bc1153543a7b942df0e7a6c388e", "status": "STAGES_COMPLETED_NOT_AUTHORIZATION"}
F{"journal": "/private/var/folders/x2/000r8p0n6s393lj2sg8wk5f40000gn/T/pytest-of-pangwei/pytest-1763/actual_pytest_checkout0/docs/reviews/data/structure_two_unified_acceptance_runs/test_fixture_d850c4fbe11349f99221e9b9ad7ef10a", "status": "STAGES_COMPLETED_NOT_AUTHORIZATION"}
{"journal": "/private/var/folders/x2/000r8p0n6s393lj2sg8wk5f40000gn/T/pytest-of-pangwei/pytest-1763/actual_pytest_checkout0/docs/reviews/data/structure_two_unified_acceptance_runs/rewrite_3349671524ea470c962b4d1635722df5", "status": "FAILED"}
{"journal": "/private/var/folders/x2/000r8p0n6s393lj2sg8wk5f40000gn/T/pytest-of-pangwei/pytest-1763/actual_pytest_checkout0/docs/reviews/data/structure_two_unified_acceptance_runs/fresh_negative_f0c4e49694f54a49900f4faa1bff203e", "status": "FAILED"}
.{"journal": "/private/var/folders/x2/000r8p0n6s393lj2sg8wk5f40000gn/T/pytest-of-pangwei/pytest-1763/actual_pytest_checkout0/docs/reviews/data/structure_two_unified_acceptance_runs/test_fixture_5eabf3f5da5449ccbbe64f341d64b75b", "status": "STAGES_COMPLETED_NOT_AUTHORIZATION"}
{"journal": "/private/var/folders/x2/000r8p0n6s393lj2sg8wk5f40000gn/T/pytest-of-pangwei/pytest-1763/actual_pytest_checkout0/docs/reviews/data/structure_two_unified_acceptance_runs/rewrite_ee1d61d3b99044809d66ae15b67e5e93", "status": "FAILED"}
{"journal": "/private/var/folders/x2/000r8p0n6s393lj2sg8wk5f40000gn/T/pytest-of-pangwei/pytest-1763/actual_pytest_checkout0/docs/reviews/data/structure_two_unified_acceptance_runs/fresh_negative_90298af807ea4760a8c5753d3831a6a8", "status": "FAILED"}
.{"journal": "/private/var/folders/x2/000r8p0n6s393lj2sg8wk5f40000gn/T/pytest-of-pangwei/pytest-1763/actual_pytest_checkout0/docs/reviews/data/structure_two_unified_acceptance_runs/test_fixture_a3d592b033984557aef487dd11c30001", "status": "STAGES_COMPLETED_NOT_AUTHORIZATION"}
.{"journal": "/private/var/folders/x2/000r8p0n6s393lj2sg8wk5f40000gn/T/pytest-of-pangwei/pytest-1763/actual_pytest_checkout0/docs/reviews/data/structure_two_unified_acceptance_runs/test_fixture_9819d91443154a7b9c7a6a60b2b095d9", "status": "STAGES_COMPLETED_NOT_AUTHORIZATION"}
.{"journal": "/private/var/folders/x2/000r8p0n6s393lj2sg8wk5f40000gn/T/pytest-of-pangwei/pytest-1763/actual_pytest_checkout0/docs/reviews/data/structure_two_unified_acceptance_runs/test_fixture_5cb21fb003774d02bb2c001d0774b3e9", "status": "FAILED"}
.{"root": "/private/var/folders/x2/000r8p0n6s393lj2sg8wk5f40000gn/T/pytest-of-pangwei/pytest-1763/test_real_nested_audit_launche0/native", "argv": ["/private/var/folders/x2/000r8p0n6s393lj2sg8wk5f40000gn/T/pytest-of-pangwei/pytest-1763/test_real_nested_audit_launche0/native/.venv/bin/python", "tools/structure_two_unified_acceptance.py", "--native-audit-command", "p0_adversarial_tests"], "positive_stdout": "....                                                                     [100%]\n4 passed in 0.12s\n{\"native_test_journal\": \"/private/var/folders/x2/000r8p0n6s393lj2sg8wk5f40000gn/T/pytest-of-pangwei/pytest-1763/test_real_nested_audit_launche0/native/docs/reviews/data/structure_two_unified_acceptance_runs/native_p0_adversarial_tests_f70c03860eb64c3e8bcf0791043719be\", \"status\": \"STAGES_COMPLETED_NOT_AUTHORIZATION\"}\n", "negative_stderr": "{\"native_test_journal\": \"/private/var/folders/x2/000r8p0n6s393lj2sg8wk5f40000gn/T/pytest-of-pangwei/pytest-1763/test_real_nested_audit_launche0/native/docs/reviews/data/structure_two_unified_acceptance_runs/native_p0_adversarial_tests_353f254d6db044be8f2743bc9e3e7cb8\", \"error\": \"ACTUAL_TEST_RUNTIME_REJECTED: p0_adversarial_tests\"}\n"}
.
=================================== FAILURES ===================================
_ test_real_old_local_cache_never_completes[conftest-PycInvalidationMode.TIMESTAMP-False] _

runtime_tree = PosixPath('/private/var/folders/x2/000r8p0n6s393lj2sg8wk5f40000gn/T/pytest-of-pangwei/pytest-1763/actual_pytest_checkout0')
workers = False, mode = <PycInvalidationMode.TIMESTAMP: 1>
location = 'conftest'

    @pytest.mark.parametrize("workers", [False, True])
    @pytest.mark.parametrize(
        "mode",
        [py_compile.PycInvalidationMode.TIMESTAMP, py_compile.PycInvalidationMode.UNCHECKED_HASH],
    )
    @pytest.mark.parametrize("location", ["project", "helper", "conftest"])
    def test_real_old_local_cache_never_completes(runtime_tree, workers, mode, location):
        root = runtime_tree
        name = "dependency_" + uuid.uuid4().hex
        path = root / ("src/cpswm/" + name + ".py" if location == "project" else name + ".py")
        import_line = "from cpswm import " + name if location == "project" else "import " + name
        if location == "conftest":
            path = root / "tests/conftest.py"
            # pytest rewrites conftest by default; opt out only for this ordinary-pyc
            # attack sample. Separate real rewritten-cache tests retain rewriting.
            fresh = '"PYTEST_DONT_REWRITE"\nVALUE = 1\n'
            stale = fresh.replace("1", "9")
            code = "def test_live():\n assert True\n"
        else:
            fresh, stale = "VALUE = 1\n", "VALUE = 9\n"
            code = f"def test_live():\n {import_line}\n assert {name}.VALUE == 9\n"
        cache = seed_cache(path, fresh, stale, mode)
        cached_bytes = cache.read_bytes()
        try:
            journal, stage = prepare(root, code)
            if workers:
                stage = replace(stage, argv=(*stage.argv, "-n", "2"))
>           with pytest.raises(ValueError):
                 ^^^^^^^^^^^^^^^^^^^^^^^^^
E           Failed: DID NOT RAISE ValueError

tests/test_structure_two_runtime_cache_identity.py:58: Failed
_ test_real_old_local_cache_never_completes[conftest-PycInvalidationMode.TIMESTAMP-True] _

runtime_tree = PosixPath('/private/var/folders/x2/000r8p0n6s393lj2sg8wk5f40000gn/T/pytest-of-pangwei/pytest-1763/actual_pytest_checkout0')
workers = True, mode = <PycInvalidationMode.TIMESTAMP: 1>, location = 'conftest'

    @pytest.mark.parametrize("workers", [False, True])
    @pytest.mark.parametrize(
        "mode",
        [py_compile.PycInvalidationMode.TIMESTAMP, py_compile.PycInvalidationMode.UNCHECKED_HASH],
    )
    @pytest.mark.parametrize("location", ["project", "helper", "conftest"])
    def test_real_old_local_cache_never_completes(runtime_tree, workers, mode, location):
        root = runtime_tree
        name = "dependency_" + uuid.uuid4().hex
        path = root / ("src/cpswm/" + name + ".py" if location == "project" else name + ".py")
        import_line = "from cpswm import " + name if location == "project" else "import " + name
        if location == "conftest":
            path = root / "tests/conftest.py"
            # pytest rewrites conftest by default; opt out only for this ordinary-pyc
            # attack sample. Separate real rewritten-cache tests retain rewriting.
            fresh = '"PYTEST_DONT_REWRITE"\nVALUE = 1\n'
            stale = fresh.replace("1", "9")
            code = "def test_live():\n assert True\n"
        else:
            fresh, stale = "VALUE = 1\n", "VALUE = 9\n"
            code = f"def test_live():\n {import_line}\n assert {name}.VALUE == 9\n"
        cache = seed_cache(path, fresh, stale, mode)
        cached_bytes = cache.read_bytes()
        try:
            journal, stage = prepare(root, code)
            if workers:
                stage = replace(stage, argv=(*stage.argv, "-n", "2"))
>           with pytest.raises(ValueError):
                 ^^^^^^^^^^^^^^^^^^^^^^^^^
E           Failed: DID NOT RAISE ValueError

tests/test_structure_two_runtime_cache_identity.py:58: Failed
_ test_real_old_local_cache_never_completes[conftest-PycInvalidationMode.UNCHECKED_HASH-False] _

runtime_tree = PosixPath('/private/var/folders/x2/000r8p0n6s393lj2sg8wk5f40000gn/T/pytest-of-pangwei/pytest-1763/actual_pytest_checkout0')
workers = False, mode = <PycInvalidationMode.UNCHECKED_HASH: 3>
location = 'conftest'

    @pytest.mark.parametrize("workers", [False, True])
    @pytest.mark.parametrize(
        "mode",
        [py_compile.PycInvalidationMode.TIMESTAMP, py_compile.PycInvalidationMode.UNCHECKED_HASH],
    )
    @pytest.mark.parametrize("location", ["project", "helper", "conftest"])
    def test_real_old_local_cache_never_completes(runtime_tree, workers, mode, location):
        root = runtime_tree
        name = "dependency_" + uuid.uuid4().hex
        path = root / ("src/cpswm/" + name + ".py" if location == "project" else name + ".py")
        import_line = "from cpswm import " + name if location == "project" else "import " + name
        if location == "conftest":
            path = root / "tests/conftest.py"
            # pytest rewrites conftest by default; opt out only for this ordinary-pyc
            # attack sample. Separate real rewritten-cache tests retain rewriting.
            fresh = '"PYTEST_DONT_REWRITE"\nVALUE = 1\n'
            stale = fresh.replace("1", "9")
            code = "def test_live():\n assert True\n"
        else:
            fresh, stale = "VALUE = 1\n", "VALUE = 9\n"
            code = f"def test_live():\n {import_line}\n assert {name}.VALUE == 9\n"
        cache = seed_cache(path, fresh, stale, mode)
        cached_bytes = cache.read_bytes()
        try:
            journal, stage = prepare(root, code)
            if workers:
                stage = replace(stage, argv=(*stage.argv, "-n", "2"))
>           with pytest.raises(ValueError):
                 ^^^^^^^^^^^^^^^^^^^^^^^^^
E           Failed: DID NOT RAISE ValueError

tests/test_structure_two_runtime_cache_identity.py:58: Failed
_ test_real_old_local_cache_never_completes[conftest-PycInvalidationMode.UNCHECKED_HASH-True] _

runtime_tree = PosixPath('/private/var/folders/x2/000r8p0n6s393lj2sg8wk5f40000gn/T/pytest-of-pangwei/pytest-1763/actual_pytest_checkout0')
workers = True, mode = <PycInvalidationMode.UNCHECKED_HASH: 3>
location = 'conftest'

    @pytest.mark.parametrize("workers", [False, True])
    @pytest.mark.parametrize(
        "mode",
        [py_compile.PycInvalidationMode.TIMESTAMP, py_compile.PycInvalidationMode.UNCHECKED_HASH],
    )
    @pytest.mark.parametrize("location", ["project", "helper", "conftest"])
    def test_real_old_local_cache_never_completes(runtime_tree, workers, mode, location):
        root = runtime_tree
        name = "dependency_" + uuid.uuid4().hex
        path = root / ("src/cpswm/" + name + ".py" if location == "project" else name + ".py")
        import_line = "from cpswm import " + name if location == "project" else "import " + name
        if location == "conftest":
            path = root / "tests/conftest.py"
            # pytest rewrites conftest by default; opt out only for this ordinary-pyc
            # attack sample. Separate real rewritten-cache tests retain rewriting.
            fresh = '"PYTEST_DONT_REWRITE"\nVALUE = 1\n'
            stale = fresh.replace("1", "9")
            code = "def test_live():\n assert True\n"
        else:
            fresh, stale = "VALUE = 1\n", "VALUE = 9\n"
            code = f"def test_live():\n {import_line}\n assert {name}.VALUE == 9\n"
        cache = seed_cache(path, fresh, stale, mode)
        cached_bytes = cache.read_bytes()
        try:
            journal, stage = prepare(root, code)
            if workers:
                stage = replace(stage, argv=(*stage.argv, "-n", "2"))
>           with pytest.raises(ValueError):
                 ^^^^^^^^^^^^^^^^^^^^^^^^^
E           Failed: DID NOT RAISE ValueError

tests/test_structure_two_runtime_cache_identity.py:58: Failed
=========================== short test summary info ============================
FAILED tests/test_structure_two_runtime_cache_identity.py::test_real_old_local_cache_never_completes[conftest-PycInvalidationMode.TIMESTAMP-False]
FAILED tests/test_structure_two_runtime_cache_identity.py::test_real_old_local_cache_never_completes[conftest-PycInvalidationMode.TIMESTAMP-True]
FAILED tests/test_structure_two_runtime_cache_identity.py::test_real_old_local_cache_never_completes[conftest-PycInvalidationMode.UNCHECKED_HASH-False]
FAILED tests/test_structure_two_runtime_cache_identity.py::test_real_old_local_cache_never_completes[conftest-PycInvalidationMode.UNCHECKED_HASH-True]
4 failed, 14 passed in 29.31s
