......................{"argv": ["/private/tmp/cpswm-pc-a-w1-cache-runtime-r6/.venv/bin/python", "/private/tmp/cpswm-pc-a-w1-cache-runtime-r6/tools/structure_two_unified_acceptance.py", "--inspect-run", "/private/var/folders/x2/000r8p0n6s393lj2sg8wk5f40000gn/T/pytest-of-pangwei/pytest-1759/test_sigkill_remains_incomplet0/checkout/runs/interrupt"], "cwd": "/private/tmp/cpswm-pc-a-w1-cache-runtime-r6", "exit_code": 0, "stdout": "{\"recorded_status\": \"RUNNING\", \"status\": \"INCOMPLETE_RUN\", \"reusable_execution_proof\": false}\n", "stderr": ""}
.{"argv": ["/private/tmp/cpswm-pc-a-w1-cache-runtime-r6/.venv/bin/python", "/private/tmp/cpswm-pc-a-w1-cache-runtime-r6/tools/structure_two_unified_acceptance.py", "--run-dir", "/private/tmp/cpswm-pc-a-w1-cache-runtime-r6/docs/reviews/data/structure_two_unified_acceptance_runs/fixture_wrong_root_bd87a3da32a64c839872ae6b9231ae92", "--unified-root", "/private/var/folders/x2/000r8p0n6s393lj2sg8wk5f40000gn/T/pytest-of-pangwei/pytest-1759/test_real_cli_rejects_declared0"], "cwd": "/private/tmp/cpswm-pc-a-w1-cache-runtime-r6", "exit_code": 1, "stdout": "", "stderr": "{\"status\": \"FAILED\", \"error\": \"declared unified root differs from executing coordinator checkout\"}\n"}
.{"argv": ["/private/tmp/cpswm-pc-a-w1-cache-runtime-r6/.venv/bin/python", "/private/tmp/cpswm-pc-a-w1-cache-runtime-r6/tools/structure_two_unified_acceptance.py", "--run-dir", "/private/tmp/cpswm-pc-a-w1-cache-runtime-r6/docs/reviews/data/structure_two_unified_acceptance_runs/fixture_waiting_b68ff5dd78784efa9e8e128a9fbd08cd"], "cwd": "/private/tmp/cpswm-pc-a-w1-cache-runtime-r6", "exit_code": 0, "stdout": "{\"status\": \"WAITING_UNIFIED_SOURCE\", \"head\": \"2ef1a20354fdffd627aba8480f2dccd54ef1a729\", \"input_sha256\": \"8785369d35186f28558d0f06e3d88d72391a64f28cc20d13ea5adf6f54815078\"}\n", "stderr": ""}
.{"argv": ["/private/tmp/cpswm-pc-a-w1-cache-runtime-r6/.venv/bin/python", "/private/tmp/cpswm-pc-a-w1-cache-runtime-r6/tools/structure_two_unified_acceptance.py", "--run-dir", "/private/tmp/cpswm-pc-a-w1-cache-runtime-r6/docs/reviews/data/structure_two_unified_acceptance_runs/fixture_unsafe_env_72c392ef1e864e7e97f854f37c58e667"], "cwd": "/private/tmp/cpswm-pc-a-w1-cache-runtime-r6", "exit_code": 1, "stdout": "", "stderr": "{\"status\": \"FAILED\", \"error\": \"unsafe test/import environment: PYTEST_ADDOPTS\"}\n"}
.{"argv": ["/private/tmp/cpswm-pc-a-w1-cache-runtime-r6/.venv/bin/python", "/private/tmp/cpswm-pc-a-w1-cache-runtime-r6/tools/structure_two_unified_acceptance.py", "--run-dir", "/private/tmp/cpswm-pc-a-w1-cache-runtime-r6/docs/reviews/data/structure_two_unified_acceptance_runs/fixture_unsafe_env_e20d4ebf699d4bdd99ffb06ce356ff80"], "cwd": "/private/tmp/cpswm-pc-a-w1-cache-runtime-r6", "exit_code": 1, "stdout": "", "stderr": "{\"status\": \"FAILED\", \"error\": \"unsafe test/import environment: PYTEST_ADDOPTS\"}\n"}
.{"argv": ["/private/tmp/cpswm-pc-a-w1-cache-runtime-r6/.venv/bin/python", "/private/tmp/cpswm-pc-a-w1-cache-runtime-r6/tools/structure_two_unified_acceptance.py", "--run-dir", "/private/tmp/cpswm-pc-a-w1-cache-runtime-r6/docs/reviews/data/structure_two_unified_acceptance_runs/fixture_unsafe_env_ac4d1c9361cc482bb6565e1cef74cf57"], "cwd": "/private/tmp/cpswm-pc-a-w1-cache-runtime-r6", "exit_code": 1, "stdout": "", "stderr": "{\"status\": \"FAILED\", \"error\": \"unsafe test/import environment: PYTEST_PLUGINS\"}\n"}
.{"argv": ["/private/tmp/cpswm-pc-a-w1-cache-runtime-r6/.venv/bin/python", "/private/tmp/cpswm-pc-a-w1-cache-runtime-r6/tools/structure_two_unified_acceptance.py", "--run-dir", "/private/tmp/cpswm-pc-a-w1-cache-runtime-r6/docs/reviews/data/structure_two_unified_acceptance_runs/fixture_unsafe_env_90b9a9cab1ad4647acacd8fbc0f451e2"], "cwd": "/private/tmp/cpswm-pc-a-w1-cache-runtime-r6", "exit_code": 1, "stdout": "", "stderr": "{\"status\": \"FAILED\", \"error\": \"unexpected pytest plugin suppression\"}\n"}
.{"argv": ["/private/tmp/cpswm-pc-a-w1-cache-runtime-r6/.venv/bin/python", "/private/tmp/cpswm-pc-a-w1-cache-runtime-r6/tools/structure_two_unified_acceptance.py", "--run-dir", "/private/tmp/cpswm-pc-a-w1-cache-runtime-r6/docs/reviews/data/structure_two_unified_acceptance_runs/fixture_unsafe_env_0ce9726213fe4f0d89523c4d8e976e71"], "cwd": "/private/tmp/cpswm-pc-a-w1-cache-runtime-r6", "exit_code": 1, "stdout": "", "stderr": "{\"status\": \"FAILED\", \"error\": \"unsafe test/import environment: PYTHONOPTIMIZE\"}\n"}
.{"argv": ["/private/tmp/cpswm-pc-a-w1-cache-runtime-r6/.venv/bin/python", "/private/var/folders/x2/000r8p0n6s393lj2sg8wk5f40000gn/T/pytest-of-pangwei/pytest-1759/test_real_cli_entry_accepts_cu0/tools/structure_two_unified_acceptance.py", "--inspect-run", "/private/var/folders/x2/000r8p0n6s393lj2sg8wk5f40000gn/T/pytest-of-pangwei/pytest-1759/test_real_cli_entry_accepts_cu0/recorded"], "cwd": "/private/var/folders/x2/000r8p0n6s393lj2sg8wk5f40000gn/T/pytest-of-pangwei/pytest-1759/test_real_cli_entry_accepts_cu0", "exit_code": 0, "stdout": "{\"recorded_status\": \"STARTING\", \"status\": \"INCOMPLETE_RUN\", \"reusable_execution_proof\": false}\n", "stderr": ""}
.{"argv": ["/private/tmp/cpswm-pc-a-w1-cache-runtime-r6/.venv/bin/python", "-m", "tools.structure_two_unified_acceptance", "--inspect-run", "/private/var/folders/x2/000r8p0n6s393lj2sg8wk5f40000gn/T/pytest-of-pangwei/pytest-1759/test_real_cli_entry_accepts_cu1/recorded"], "cwd": "/private/var/folders/x2/000r8p0n6s393lj2sg8wk5f40000gn/T/pytest-of-pangwei/pytest-1759/test_real_cli_entry_accepts_cu1", "exit_code": 0, "stdout": "{\"recorded_status\": \"STARTING\", \"status\": \"INCOMPLETE_RUN\", \"reusable_execution_proof\": false}\n", "stderr": ""}
.{"argv": ["/private/tmp/cpswm-pc-a-w1-cache-runtime-r6/.venv/bin/python", "-m", "tools.structure_two_unified_acceptance", "--run-dir", "/private/var/folders/x2/000r8p0n6s393lj2sg8wk5f40000gn/T/pytest-of-pangwei/pytest-1759/test_real_cli_stale_unchecked_0/docs/reviews/data/structure_two_unified_acceptance_runs/stale"], "cwd": "/private/var/folders/x2/000r8p0n6s393lj2sg8wk5f40000gn/T/pytest-of-pangwei/pytest-1759/test_real_cli_stale_unchecked_0", "exit_code": 1, "stdout": "", "stderr": "Traceback (most recent call last):\n  File \"<frozen runpy>\", line 198, in _run_module_as_main\n  File \"<frozen runpy>\", line 88, in _run_code\n  File \"/private/var/folders/x2/000r8p0n6s393lj2sg8wk5f40000gn/T/pytest-of-pangwei/pytest-1759/test_real_cli_stale_unchecked_0/tools/structure_two_unified_acceptance.py\", line 963, in <module>\n    raise SystemExit(main())\n                     ~~~~^^\n  File \"/private/var/folders/x2/000r8p0n6s393lj2sg8wk5f40000gn/T/pytest-of-pangwei/pytest-1759/test_real_cli_stale_unchecked_0/tools/structure_two_unified_acceptance.py\", line 811, in main\n    check_entry()\n    ~~~~~~~~~~~^^\n  File \"/private/var/folders/x2/000r8p0n6s393lj2sg8wk5f40000gn/T/pytest-of-pangwei/pytest-1759/test_real_cli_stale_unchecked_0/tools/structure_two_unified_acceptance.py\", line 254, in check_entry\n    raise ValueError(\"executing coordinator entry differs from declared source\")\nValueError: executing coordinator entry differs from declared source\n"}
.....{"argv": ["/private/tmp/cpswm-pc-a-w1-cache-runtime-r6/.venv/bin/python", "-c", "\nimport importlib, json, pathlib, runpy, sys\nroot = pathlib.Path.cwd()\nrunner = root/'apps/evaluation_runner'\na = runpy.run_path(str(runner/'run_structure_two_evidence_repair.py'))\nc = runpy.run_path(str(runner/'generate_structure_two_engineering_trust_checkpoint.py'))\ne = runpy.run_path(str(runner/'run_structure_two_engineering_audit_receipt.py'))\np = runpy.run_path(str(runner/'generate_p0_checkpoint_manifest.py'))\ndef rel(value):\n    return (root/pathlib.Path(value)).resolve().relative_to(root).as_posix()\noutputs = {\n    n: rel(importlib.import_module(\n        'cpswm.system.evaluation_operations.structure_two_p5_'+n).DEFAULT_OUTPUT)\n    for n in a['EXPERIMENTS']\n}\nchecks = [\n    rel(e['DEFAULT_OUTPUT']) == rel(c['AUDIT_RECEIPT']),\n    rel(p['DEFAULT_OUTPUT']) == rel(c['P0_MANIFEST']),\n    c['AUDIT_RECEIPT'] in p['TEST_FIXTURE_EXCLUDED_PATHS'],\n    pathlib.Path(rel(c['OUTPUT'])) in p['TEST_FIXTURE_EXCLUDED_PATHS'],\n    list(a['EXPERIMENTS']) == ['three_arm_death_test', 'readout_posthoc_diagnostic',\n        'debt_replay_confirmation', 'readout_prior_factorial', 'unseen_d0_holdout'],\n]\nif not all(checks):\n    raise ValueError('native output/consumer contract mismatch')\nprint(json.dumps({\n    'root': str(root),\n    'execution_source': sys.modules['_cpswm_source_bootstrap'].guard.require(root),\n    'p5': outputs, 'history': e['COMMANDS']['p5_evidence_history'][3],\n    'p0': rel(c['P0_MANIFEST']), 'receipt': rel(c['AUDIT_RECEIPT']),\n    'checkpoint': rel(c['OUTPUT']), 'v05': rel(c['V05_AUDIT'])\n}))\n"], "cwd": "/private/var/folders/x2/000r8p0n6s393lj2sg8wk5f40000gn/T/pytest-of-pangwei/pytest-1759/test_real_native_probe_require0/native_probe_checkout", "exit_code": 0, "stdout": "{\"root\": \"/private/var/folders/x2/000r8p0n6s393lj2sg8wk5f40000gn/T/pytest-of-pangwei/pytest-1759/test_real_native_probe_require0/native_probe_checkout\", \"execution_source\": {\"policy\": \"frozen-source-and-entry-compile@2\", \"inventory_sha256\": \"858240264f7bd2d4940649d8650beb2d928c73ceb9b83cfb248938f77deec4c8\"}, \"p5\": {\"three_arm_death_test\": \"benchmarks/structure_two/evidence_entry_portability_2026_09_12/current_v0_4/structure_two_p5_three_arm_death_test_v0_4.json\", \"readout_posthoc_diagnostic\": \"benchmarks/structure_two/evidence_entry_portability_2026_09_12/current_v0_4/structure_two_p5_readout_posthoc_diagnostic_v0_4.json\", \"debt_replay_confirmation\": \"benchmarks/structure_two/evidence_entry_portability_2026_09_12/current_v0_4/structure_two_p5_debt_replay_confirmation_v0_4.json\", \"readout_prior_factorial\": \"benchmarks/structure_two/evidence_entry_portability_2026_09_12/current_v0_4/structure_two_p5_readout_prior_factorial_v0_4.json\", \"unseen_d0_holdout\": \"benchmarks/structure_two/evidence_entry_portability_2026_09_12/current_v0_4/structure_two_p5_unseen_d0_holdout_v0_4.json\"}, \"history\": \"benchmarks/structure_two/evidence_entry_portability_2026_09_12/historical_source_audit_v0_3.json\", \"p0\": \"benchmarks/p0_checkpoint/content_manifest_v0_3.json\", \"receipt\": \"benchmarks/structure_two/engineering_trust_checkpoint_2026_09_12_v0_3/engineering_audit_receipt.json\", \"checkpoint\": \"benchmarks/structure_two/engineering_trust_checkpoint_2026_09_12_v0_3/engineering_checkpoint.json\", \"v05\": \"benchmarks/structure_two/structure_two_world_source_bundle_v0_5_compatibility_audit.json\"}\n", "stderr": ""}
{"argv": ["/private/tmp/cpswm-pc-a-w1-cache-runtime-r6/.venv/bin/python", "-c", "\nimport importlib, json, pathlib, runpy, sys\nroot = pathlib.Path.cwd()\nrunner = root/'apps/evaluation_runner'\na = runpy.run_path(str(runner/'run_structure_two_evidence_repair.py'))\nc = runpy.run_path(str(runner/'generate_structure_two_engineering_trust_checkpoint.py'))\ne = runpy.run_path(str(runner/'run_structure_two_engineering_audit_receipt.py'))\np = runpy.run_path(str(runner/'generate_p0_checkpoint_manifest.py'))\ndef rel(value):\n    return (root/pathlib.Path(value)).resolve().relative_to(root).as_posix()\noutputs = {\n    n: rel(importlib.import_module(\n        'cpswm.system.evaluation_operations.structure_two_p5_'+n).DEFAULT_OUTPUT)\n    for n in a['EXPERIMENTS']\n}\nchecks = [\n    rel(e['DEFAULT_OUTPUT']) == rel(c['AUDIT_RECEIPT']),\n    rel(p['DEFAULT_OUTPUT']) == rel(c['P0_MANIFEST']),\n    c['AUDIT_RECEIPT'] in p['TEST_FIXTURE_EXCLUDED_PATHS'],\n    pathlib.Path(rel(c['OUTPUT'])) in p['TEST_FIXTURE_EXCLUDED_PATHS'],\n    list(a['EXPERIMENTS']) == ['three_arm_death_test', 'readout_posthoc_diagnostic',\n        'debt_replay_confirmation', 'readout_prior_factorial', 'unseen_d0_holdout'],\n]\nif not all(checks):\n    raise ValueError('native output/consumer contract mismatch')\nprint(json.dumps({\n    'root': str(root),\n    'execution_source': sys.modules['_cpswm_source_bootstrap'].guard.require(root),\n    'p5': outputs, 'history': e['COMMANDS']['p5_evidence_history'][3],\n    'p0': rel(c['P0_MANIFEST']), 'receipt': rel(c['AUDIT_RECEIPT']),\n    'checkpoint': rel(c['OUTPUT']), 'v05': rel(c['V05_AUDIT'])\n}))\n"], "cwd": "/private/var/folders/x2/000r8p0n6s393lj2sg8wk5f40000gn/T/pytest-of-pangwei/pytest-1759/test_real_native_probe_require0/native_probe_checkout", "exit_code": 1, "stdout": "", "stderr": "Traceback (most recent call last):\n  File \"<string>\", line 25, in <module>\n    raise ValueError('native output/consumer contract mismatch')\nValueError: native output/consumer contract mismatch\n"}
...{"journal": "/private/var/folders/x2/000r8p0n6s393lj2sg8wk5f40000gn/T/pytest-of-pangwei/pytest-1759/actual_pytest_checkout0/docs/reviews/data/structure_two_unified_acceptance_runs/test_fixture_b5fddae354ba41b09ab54aebcc6f71b1", "status": "STAGES_COMPLETED_NOT_AUTHORIZATION"}
.{"journal": "/private/var/folders/x2/000r8p0n6s393lj2sg8wk5f40000gn/T/pytest-of-pangwei/pytest-1759/actual_pytest_checkout0/docs/reviews/data/structure_two_unified_acceptance_runs/test_fixture_ce350114ff8e4057b6361b2aa452b4ca", "status": "STAGES_COMPLETED_NOT_AUTHORIZATION"}
.{"journal": "/private/var/folders/x2/000r8p0n6s393lj2sg8wk5f40000gn/T/pytest-of-pangwei/pytest-1759/actual_pytest_checkout0/docs/reviews/data/structure_two_unified_acceptance_runs/test_fixture_24830b1088314cf08aeefde088a53210", "status": "FAILED"}
.{"journal": "/private/var/folders/x2/000r8p0n6s393lj2sg8wk5f40000gn/T/pytest-of-pangwei/pytest-1759/actual_pytest_checkout0/docs/reviews/data/structure_two_unified_acceptance_runs/test_fixture_e86792dfdf7742f5a1d41d593e75d037", "status": "FAILED"}
.{"journal": "/private/var/folders/x2/000r8p0n6s393lj2sg8wk5f40000gn/T/pytest-of-pangwei/pytest-1759/actual_pytest_checkout0/docs/reviews/data/structure_two_unified_acceptance_runs/test_fixture_8a6f4f7dbc624465b335f1c2ab4e1ea6", "status": "FAILED"}
.{"journal": "/private/var/folders/x2/000r8p0n6s393lj2sg8wk5f40000gn/T/pytest-of-pangwei/pytest-1759/actual_pytest_checkout0/docs/reviews/data/structure_two_unified_acceptance_runs/test_fixture_ef8e829d004c4ba5b90651a2f933ed51", "status": "FAILED"}
.{"journal": "/private/var/folders/x2/000r8p0n6s393lj2sg8wk5f40000gn/T/pytest-of-pangwei/pytest-1759/actual_pytest_checkout0/docs/reviews/data/structure_two_unified_acceptance_runs/test_fixture_c3e700e760db48c4af1fd5de146ec2f1", "status": "FAILED"}
.{"journal": "/private/var/folders/x2/000r8p0n6s393lj2sg8wk5f40000gn/T/pytest-of-pangwei/pytest-1759/actual_pytest_checkout0/docs/reviews/data/structure_two_unified_acceptance_runs/test_fixture_3e244449ffde4e49905a2d4b18e30766", "status": "FAILED"}
.{"journal": "/private/var/folders/x2/000r8p0n6s393lj2sg8wk5f40000gn/T/pytest-of-pangwei/pytest-1759/actual_pytest_checkout0/docs/reviews/data/structure_two_unified_acceptance_runs/test_fixture_f229746ae228498d9cf3e68cf4ccee8b", "status": "FAILED"}
.{"journal": "/private/var/folders/x2/000r8p0n6s393lj2sg8wk5f40000gn/T/pytest-of-pangwei/pytest-1759/actual_pytest_checkout0/docs/reviews/data/structure_two_unified_acceptance_runs/test_fixture_978c0e79e5b2405888d0fdc35b95d81e", "status": "FAILED"}
.{"journal": "/private/var/folders/x2/000r8p0n6s393lj2sg8wk5f40000gn/T/pytest-of-pangwei/pytest-1759/actual_pytest_checkout0/docs/reviews/data/structure_two_unified_acceptance_runs/test_fixture_bb4724df73c048fa9633d8d4125859a9", "status": "FAILED"}
.{"journal": "/private/var/folders/x2/000r8p0n6s393lj2sg8wk5f40000gn/T/pytest-of-pangwei/pytest-1759/actual_pytest_checkout0/docs/reviews/data/structure_two_unified_acceptance_runs/test_fixture_76b6e58c335945a89592e1eae1e96008", "status": "FAILED"}
.{"journal": "/private/var/folders/x2/000r8p0n6s393lj2sg8wk5f40000gn/T/pytest-of-pangwei/pytest-1759/actual_pytest_checkout0/docs/reviews/data/structure_two_unified_acceptance_runs/test_fixture_fac6051ee2764c1a88f9b1fe35c529b4", "status": "FAILED"}
{"journal": "/private/var/folders/x2/000r8p0n6s393lj2sg8wk5f40000gn/T/pytest-of-pangwei/pytest-1759/actual_pytest_checkout0/docs/reviews/data/structure_two_unified_acceptance_runs/test_fixture_8f588af4bb18423ba9638e46226d4d3d", "status": "STAGES_COMPLETED_NOT_AUTHORIZATION"}
.{"journal": "/private/var/folders/x2/000r8p0n6s393lj2sg8wk5f40000gn/T/pytest-of-pangwei/pytest-1759/actual_pytest_checkout0/docs/reviews/data/structure_two_unified_acceptance_runs/test_fixture_1c41fdc9d2eb45b8b9e2d077bab5f1aa", "status": "STAGES_COMPLETED_NOT_AUTHORIZATION"}
{"journal": "/private/var/folders/x2/000r8p0n6s393lj2sg8wk5f40000gn/T/pytest-of-pangwei/pytest-1759/actual_pytest_checkout0/docs/reviews/data/structure_two_unified_acceptance_runs/test_fixture_9599d2b011564bc9995853196616e42a", "status": "FAILED"}
.{"journal": "/private/var/folders/x2/000r8p0n6s393lj2sg8wk5f40000gn/T/pytest-of-pangwei/pytest-1759/actual_pytest_checkout0/docs/reviews/data/structure_two_unified_acceptance_runs/plan_71bc17804a7447ba9c5e6c6508b86a20", "status": "FAILED"}
.{"journal": "/private/var/folders/x2/000r8p0n6s393lj2sg8wk5f40000gn/T/pytest-of-pangwei/pytest-1759/actual_pytest_checkout0/docs/reviews/data/structure_two_unified_acceptance_runs/olda64f8f08e36242779e8e8a5174a56acd", "status": "FAILED"}
.{"journal": "/private/var/folders/x2/000r8p0n6s393lj2sg8wk5f40000gn/T/pytest-of-pangwei/pytest-1759/actual_pytest_checkout0/docs/reviews/data/structure_two_unified_acceptance_runs/foreign_resealed456b2672a99c4339b16388eacc4a884a", "status": "FAILED"}
..{"journal": "/private/var/folders/x2/000r8p0n6s393lj2sg8wk5f40000gn/T/pytest-of-pangwei/pytest-1759/actual_pytest_checkout0/docs/reviews/data/structure_two_unified_acceptance_runs/test_fixture_2f705f8eed974b328d8b35b2c58649dd", "status": "FAILED"}
.{"journal": "/private/var/folders/x2/000r8p0n6s393lj2sg8wk5f40000gn/T/pytest-of-pangwei/pytest-1759/actual_pytest_checkout0/docs/reviews/data/structure_two_unified_acceptance_runs/test_fixture_bbe2e7c21558493e9b747294c7ffa7c8", "status": "FAILED"}
F{"journal": "/private/var/folders/x2/000r8p0n6s393lj2sg8wk5f40000gn/T/pytest-of-pangwei/pytest-1759/actual_pytest_checkout0/docs/reviews/data/structure_two_unified_acceptance_runs/test_fixture_e61cd04c80da4a6191f308ffa1780383", "status": "FAILED"}
.{"journal": "/private/var/folders/x2/000r8p0n6s393lj2sg8wk5f40000gn/T/pytest-of-pangwei/pytest-1759/actual_pytest_checkout0/docs/reviews/data/structure_two_unified_acceptance_runs/test_fixture_942292a4439c4d1e9e3342e5b255a9df", "status": "FAILED"}
.{"journal": "/private/var/folders/x2/000r8p0n6s393lj2sg8wk5f40000gn/T/pytest-of-pangwei/pytest-1759/actual_pytest_checkout0/docs/reviews/data/structure_two_unified_acceptance_runs/failed_producer_f6631fa608dc415d8305c9a04b34d598", "status": "FAILED"}
.{"journal": "/private/var/folders/x2/000r8p0n6s393lj2sg8wk5f40000gn/T/pytest-of-pangwei/pytest-1759/actual_pytest_checkout0/docs/reviews/data/structure_two_unified_acceptance_runs/test_fixture_fce95f0f83e943fc97ff809b78f7484e", "status": "FAILED"}
.{"journal": "/private/var/folders/x2/000r8p0n6s393lj2sg8wk5f40000gn/T/pytest-of-pangwei/pytest-1759/actual_pytest_checkout0/docs/reviews/data/structure_two_unified_acceptance_runs/test_fixture_616bda9c3c7c49f2b546aced457aba62", "status": "STAGES_COMPLETED_NOT_AUTHORIZATION"}
.
=================================== FAILURES ===================================
________ test_actual_process_refuses_hidden_pytest_environment[-k live] ________

root = PosixPath('/private/var/folders/x2/000r8p0n6s393lj2sg8wk5f40000gn/T/pytest-of-pangwei/pytest-1759/actual_pytest_checkout0')
journal = <_unified_acceptance_regression.Journal object at 0x108276e70>
stages = (Stage(name='matrix', argv=('/private/var/folders/x2/000r8p0n6s393lj2sg8wk5f40000gn/T/pytest-of-pangwei/pytest-1759/ac..., new_outputs=(), test_nodes=('tests/test_fixture_bbe2e7c21558493e9b747294c7ffa7c8.py',), native_plugin_policy=False),)
frozen = {'head': 'b8bb0d9df850de17efc7f08f20072fa0dd8753d9', 'files': {'.gitignore': '4409b253ac33acb862192f9cad8583ed3fe0bac9...363c42d1f88a66f4d583bc10295f2062a', ...}, 'sha256': '3f594f5201000a3078fa6af4db1b832aee92d3f4ba9fe6cbffebcd932267b0eb'}
excluded = ()
environment = {'prefix': '/private/var/folders/x2/000r8p0n6s393lj2sg8wk5f40000gn/T/pytest-of-pangwei/pytest-1759/actual_pytest_check...otated-types', '0.8.0'], ['antlr4-python3-runtime', '4.9.3'], ['ast_serialize', '0.8.0'], ['cffi', '2.1.1'], ...], ...}
before_stage = None

    def run_stages(root, journal, stages, frozen, excluded, *, environment=None, before_stage=None):
        """Shared execution engine. No loaded journal can skip a stage or grant success."""
        journal.value.update(
            status="RUNNING", source_before=frozen, required_stages=[s.name for s in stages]
        )
        journal.save()
        locked = []
        completed = set()
        try:
            for stage in stages:
                if not set(stage.requires).issubset(completed):
                    raise ValueError("REQUIRED_PRODUCER_NOT_COMPLETED: " + stage.name)
                frozen_paths = {p for paths, _ in locked for p in paths}
                if not set(stage.required_artifacts).issubset(frozen_paths):
                    raise ValueError("REQUIRED_VERIFIED_ARTIFACT_ABSENT: " + stage.name)
                for name in stage.new_outputs:
                    path = root / name
                    if path.exists() or path.is_symlink():
                        raise ValueError("generation requires new output: " + name)
                require_artifacts(root, locked)
                require_snapshot(root, frozen, excluded)
                if environment is not None and execution_environment(root) != environment:
                    raise ValueError("execution environment changed before stage")
                if before_stage is not None:
                    before_stage(stage.name)
                if not stage.name.replace("_", "").isalnum():
                    raise ValueError("unsafe stage name")
                row = {
                    "name": stage.name,
                    "argv": list(stage.argv),
                    "cwd": str(root),
                    "status": "RUNNING",
                    "environment_overrides": dict(stage.environment),
                    "started_unix": time.time(),
                }
                journal.value["stages"].append(row)
                journal.save()
                output = journal.path / (stage.name + ".stdout.log")
                error = journal.path / (stage.name + ".stderr.log")
                proc = None
                runtime = None
                if stage.test_nodes:
                    runtime = prepare_test_runtime(root, journal, stage, frozen, environment)
                elif stage.junit and environment is not None:
                    raise ValueError("native test matrix requires actual runtime observations")
                try:
                    with output.open("xb") as stdout, error.open("xb") as stderr:
                        proc = subprocess.Popen(
                            stage.argv,
                            cwd=root,
                            stdout=stdout,
                            stderr=stderr,
                            start_new_session=True,
                            env={**os.environ, **dict(stage.environment)},
                        )
                        row["pid"] = proc.pid
                        journal.save()
                        if runtime is not None:
                            while proc.poll() is None:
                                rejections = list(runtime[0].glob("*.reject.json"))
                                if rejections:
                                    row["runtime_rejections"] = [
                                        json.loads(p.read_text()) for p in rejections
                                    ]
>                                   raise ValueError("ACTUAL_TEST_RUNTIME_REJECTED: " + stage.name)
E                                   ValueError: ACTUAL_TEST_RUNTIME_REJECTED: matrix

tools/structure_two_unified_acceptance.py:581: ValueError

During handling of the above exception, another exception occurred:

runtime_tree = PosixPath('/private/var/folders/x2/000r8p0n6s393lj2sg8wk5f40000gn/T/pytest-of-pangwei/pytest-1759/actual_pytest_checkout0')
monkeypatch = <_pytest.monkeypatch.MonkeyPatch object at 0x108550e90>
value = '-k live'

    @pytest.mark.parametrize("value", ["-k live", "--deselect=notpresent", "-p no:cacheprovider"])
    def test_actual_process_refuses_hidden_pytest_environment(runtime_tree, monkeypatch, value):
        monkeypatch.setenv("PYTEST_ADDOPTS", value)
        journal, stage = prepare(runtime_tree, "def test_live():\n assert True\n")
        with pytest.raises(ValueError, match=r"STAGE_FAILED|ACTUAL_TEST_RUNTIME_REJECTED"):
>           execute(runtime_tree, journal, stage)

tests/test_structure_two_unified_dependencies.py:285: 
_ _ _ _ _ _ _ _ _ _ _ _ _ _ _ _ _ _ _ _ _ _ _ _ _ _ _ _ _ _ _ _ _ _ _ _ _ _ _ _ 
tests/test_structure_two_unified_dependencies.py:70: in execute
    coordinator.run_stages(
tools/structure_two_unified_acceptance.py:586: in run_stages
    stop_process(proc)
_ _ _ _ _ _ _ _ _ _ _ _ _ _ _ _ _ _ _ _ _ _ _ _ _ _ _ _ _ _ _ _ _ _ _ _ _ _ _ _ 

proc = <Popen: returncode: None args: ('/private/var/folders/x2/000r8p0n6s393lj2sg8...>

    def stop_process(proc):
        # An ignored-TERM descendant can outlive an already-exited leader.
        try:
>           os.killpg(proc.pid, signal.SIGTERM)
E           PermissionError: [Errno 1] Operation not permitted

tools/structure_two_unified_acceptance.py:312: PermissionError
=========================== short test summary info ============================
FAILED tests/test_structure_two_unified_dependencies.py::test_actual_process_refuses_hidden_pytest_environment[-k live]
1 failed, 64 passed in 68.17s (0:01:08)
