{"journal": "/private/var/folders/x2/000r8p0n6s393lj2sg8wk5f40000gn/T/pytest-of-pangwei/pytest-1787/actual_pytest_checkout0/docs/reviews/data/structure_two_unified_acceptance_runs/test_fixture_033214b88d1c44618758429a5b4a8d1e", "status": "FAILED"}
.{"journal": "/private/var/folders/x2/000r8p0n6s393lj2sg8wk5f40000gn/T/pytest-of-pangwei/pytest-1787/actual_pytest_checkout0/docs/reviews/data/structure_two_unified_acceptance_runs/test_fixture_1b1f5724148844ce8acec8cea5932aca", "status": "FAILED"}
.{"journal": "/private/var/folders/x2/000r8p0n6s393lj2sg8wk5f40000gn/T/pytest-of-pangwei/pytest-1787/actual_pytest_checkout0/docs/reviews/data/structure_two_unified_acceptance_runs/test_fixture_0e75aa1e530b49d98ab241061df5ca15", "status": "FAILED"}
.{"journal": "/private/var/folders/x2/000r8p0n6s393lj2sg8wk5f40000gn/T/pytest-of-pangwei/pytest-1787/actual_pytest_checkout0/docs/reviews/data/structure_two_unified_acceptance_runs/test_fixture_0c2ccd83f55e493089b0e79160341d96", "status": "FAILED"}
.{"journal": "/private/var/folders/x2/000r8p0n6s393lj2sg8wk5f40000gn/T/pytest-of-pangwei/pytest-1787/actual_pytest_checkout0/docs/reviews/data/structure_two_unified_acceptance_runs/test_fixture_daf423d5d65247e2a09cce7c2b735e48", "status": "FAILED"}
.{"journal": "/private/var/folders/x2/000r8p0n6s393lj2sg8wk5f40000gn/T/pytest-of-pangwei/pytest-1787/actual_pytest_checkout0/docs/reviews/data/structure_two_unified_acceptance_runs/test_fixture_c2ded1fa78974fb6b63e0f54f50ad7e9", "status": "FAILED"}
.{"journal": "/private/var/folders/x2/000r8p0n6s393lj2sg8wk5f40000gn/T/pytest-of-pangwei/pytest-1787/actual_pytest_checkout0/docs/reviews/data/structure_two_unified_acceptance_runs/test_fixture_f24a7bc4fa1d4837986c58f35500000a", "status": "FAILED"}
F{"journal": "/private/var/folders/x2/000r8p0n6s393lj2sg8wk5f40000gn/T/pytest-of-pangwei/pytest-1787/actual_pytest_checkout0/docs/reviews/data/structure_two_unified_acceptance_runs/test_fixture_52aef3be9d2349a0a23510158019be42", "status": "FAILED"}
.{"journal": "/private/var/folders/x2/000r8p0n6s393lj2sg8wk5f40000gn/T/pytest-of-pangwei/pytest-1787/actual_pytest_checkout0/docs/reviews/data/structure_two_unified_acceptance_runs/test_fixture_31e33f6b6fb64feba488b34267ca9c2d", "status": "STAGES_COMPLETED_NOT_AUTHORIZATION"}
{"journal": "/private/var/folders/x2/000r8p0n6s393lj2sg8wk5f40000gn/T/pytest-of-pangwei/pytest-1787/actual_pytest_checkout0/docs/reviews/data/structure_two_unified_acceptance_runs/rewrite_ffe26cbc251d4cee9fd728f913f72011", "status": "FAILED"}
{"journal": "/private/var/folders/x2/000r8p0n6s393lj2sg8wk5f40000gn/T/pytest-of-pangwei/pytest-1787/actual_pytest_checkout0/docs/reviews/data/structure_two_unified_acceptance_runs/fresh_negative_e1531aff32e643f0b54e732aa57ccc9d", "status": "FAILED"}
.{"journal": "/private/var/folders/x2/000r8p0n6s393lj2sg8wk5f40000gn/T/pytest-of-pangwei/pytest-1787/actual_pytest_checkout0/docs/reviews/data/structure_two_unified_acceptance_runs/test_fixture_5019d3c5288f4cb6a99737293c4426a5", "status": "STAGES_COMPLETED_NOT_AUTHORIZATION"}
{"journal": "/private/var/folders/x2/000r8p0n6s393lj2sg8wk5f40000gn/T/pytest-of-pangwei/pytest-1787/actual_pytest_checkout0/docs/reviews/data/structure_two_unified_acceptance_runs/rewrite_1af7adb1270f46868787c07e1c8b9433", "status": "FAILED"}
{"journal": "/private/var/folders/x2/000r8p0n6s393lj2sg8wk5f40000gn/T/pytest-of-pangwei/pytest-1787/actual_pytest_checkout0/docs/reviews/data/structure_two_unified_acceptance_runs/fresh_negative_9f8120a2b7ee4d8b8977e0689d5bd758", "status": "FAILED"}
.{"journal": "/private/var/folders/x2/000r8p0n6s393lj2sg8wk5f40000gn/T/pytest-of-pangwei/pytest-1787/actual_pytest_checkout0/docs/reviews/data/structure_two_unified_acceptance_runs/test_fixture_ae1cab0e86c64d678ac2439cfef3a3c6", "status": "STAGES_COMPLETED_NOT_AUTHORIZATION"}
.{"journal": "/private/var/folders/x2/000r8p0n6s393lj2sg8wk5f40000gn/T/pytest-of-pangwei/pytest-1787/actual_pytest_checkout0/docs/reviews/data/structure_two_unified_acceptance_runs/test_fixture_79aad72d01d046a09810e192cc4ed93c", "status": "STAGES_COMPLETED_NOT_AUTHORIZATION"}
.{"journal": "/private/var/folders/x2/000r8p0n6s393lj2sg8wk5f40000gn/T/pytest-of-pangwei/pytest-1787/actual_pytest_checkout0/docs/reviews/data/structure_two_unified_acceptance_runs/test_fixture_b6eb160605834f4a9544bdfbc2e95bc7", "status": "FAILED"}
.{"root": "/private/var/folders/x2/000r8p0n6s393lj2sg8wk5f40000gn/T/pytest-of-pangwei/pytest-1787/test_real_nested_audit_launche0/native", "argv": ["/private/var/folders/x2/000r8p0n6s393lj2sg8wk5f40000gn/T/pytest-of-pangwei/pytest-1787/test_real_nested_audit_launche0/native/.venv/bin/python", "tools/structure_two_unified_acceptance.py", "--native-audit-command", "p0_adversarial_tests"], "positive_stdout": "....                                                                     [100%]\n4 passed in 0.08s\n{\"native_test_journal\": \"/private/var/folders/x2/000r8p0n6s393lj2sg8wk5f40000gn/T/pytest-of-pangwei/pytest-1787/test_real_nested_audit_launche0/native/docs/reviews/data/structure_two_unified_acceptance_runs/native_p0_adversarial_tests_0e63ab6f18dc45c9a29216220554b6ab\", \"status\": \"STAGES_COMPLETED_NOT_AUTHORIZATION\"}\n", "negative_stderr": "{\"native_test_journal\": \"/private/var/folders/x2/000r8p0n6s393lj2sg8wk5f40000gn/T/pytest-of-pangwei/pytest-1787/test_real_nested_audit_launche0/native/docs/reviews/data/structure_two_unified_acceptance_runs/native_p0_adversarial_tests_fe52a7aa14fe46aeb59c638c2fcc7203\", \"error\": \"STAGE_FAILED: p0_adversarial_tests exit 4\"}\n"}
.{"root": "/private/var/folders/x2/000r8p0n6s393lj2sg8wk5f40000gn/T/pytest-of-pangwei/pytest-1787/test_real_nested_audit_launche1/native", "argv": ["/private/var/folders/x2/000r8p0n6s393lj2sg8wk5f40000gn/T/pytest-of-pangwei/pytest-1787/test_real_nested_audit_launche1/native/.venv/bin/python", "tools/structure_two_unified_acceptance.py", "--native-audit-command", "core_pytest"], "positive_stdout": "bringing up nodes...\nbringing up nodes...\n\n....                                                                     [100%]\n4 passed in 0.20s\n{\"native_test_journal\": \"/private/var/folders/x2/000r8p0n6s393lj2sg8wk5f40000gn/T/pytest-of-pangwei/pytest-1787/test_real_nested_audit_launche1/native/docs/reviews/data/structure_two_unified_acceptance_runs/native_core_pytest_cf9973a4bdbb4f7584ffb04d90a1feee\", \"status\": \"STAGES_COMPLETED_NOT_AUTHORIZATION\"}\n", "negative_stderr": "{\"native_test_journal\": \"/private/var/folders/x2/000r8p0n6s393lj2sg8wk5f40000gn/T/pytest-of-pangwei/pytest-1787/test_real_nested_audit_launche1/native/docs/reviews/data/structure_two_unified_acceptance_runs/native_core_pytest_6b93a95057f841368d2a78796422788d\", \"error\": \"ACTUAL_TEST_RUNTIME_REJECTED: core_pytest\"}\n"}
.{"journal": "/private/var/folders/x2/000r8p0n6s393lj2sg8wk5f40000gn/T/pytest-of-pangwei/pytest-1787/actual_pytest_checkout0/docs/reviews/data/structure_two_unified_acceptance_runs/test_fixture_cca664b0dc2745229a8e9e4b309b93aa", "status": "STAGES_COMPLETED_NOT_AUTHORIZATION"}
{"journal": "/private/var/folders/x2/000r8p0n6s393lj2sg8wk5f40000gn/T/pytest-of-pangwei/pytest-1787/actual_pytest_checkout0/docs/reviews/data/structure_two_unified_acceptance_runs/conftest_86ca5dda015b46ac91b67e1613768739", "status": "FAILED"}
.{"journal": "/private/var/folders/x2/000r8p0n6s393lj2sg8wk5f40000gn/T/pytest-of-pangwei/pytest-1787/actual_pytest_checkout0/docs/reviews/data/structure_two_unified_acceptance_runs/test_fixture_331bd604b0664d9a9abf6907560845c7", "status": "STAGES_COMPLETED_NOT_AUTHORIZATION"}
{"journal": "/private/var/folders/x2/000r8p0n6s393lj2sg8wk5f40000gn/T/pytest-of-pangwei/pytest-1787/actual_pytest_checkout0/docs/reviews/data/structure_two_unified_acceptance_runs/conftest_06a9e880fccb4aafb69a41028002939e", "status": "FAILED"}
.{"journal": "/private/var/folders/x2/000r8p0n6s393lj2sg8wk5f40000gn/T/pytest-of-pangwei/pytest-1787/actual_pytest_checkout0/docs/reviews/data/structure_two_unified_acceptance_runs/test_fixture_6b19693bdb664f9f8f457c223fac485f", "status": "STAGES_COMPLETED_NOT_AUTHORIZATION"}
{"journal": "/private/var/folders/x2/000r8p0n6s393lj2sg8wk5f40000gn/T/pytest-of-pangwei/pytest-1787/actual_pytest_checkout0/docs/reviews/data/structure_two_unified_acceptance_runs/foreign_code_path_958790304c7140f786da92e173b305cd", "status": "FAILED"}
.......................{"argv": ["/private/tmp/cpswm-pc-a-w1-cache-runtime-r6/.venv/bin/python", "/private/tmp/cpswm-pc-a-w1-cache-runtime-r6/tools/structure_two_unified_acceptance.py", "--inspect-run", "/private/var/folders/x2/000r8p0n6s393lj2sg8wk5f40000gn/T/pytest-of-pangwei/pytest-1787/test_sigkill_remains_incomplet0/checkout/runs/interrupt"], "cwd": "/private/tmp/cpswm-pc-a-w1-cache-runtime-r6", "exit_code": 0, "stdout": "{\"recorded_status\": \"RUNNING\", \"status\": \"INCOMPLETE_RUN\", \"reusable_execution_proof\": false}\n", "stderr": ""}
.{"argv": ["/private/tmp/cpswm-pc-a-w1-cache-runtime-r6/.venv/bin/python", "/private/tmp/cpswm-pc-a-w1-cache-runtime-r6/tools/structure_two_unified_acceptance.py", "--run-dir", "/private/tmp/cpswm-pc-a-w1-cache-runtime-r6/docs/reviews/data/structure_two_unified_acceptance_runs/fixture_wrong_root_3d7d632b32274a4583c212e0b6011069", "--unified-root", "/private/var/folders/x2/000r8p0n6s393lj2sg8wk5f40000gn/T/pytest-of-pangwei/pytest-1787/test_real_cli_rejects_declared0"], "cwd": "/private/tmp/cpswm-pc-a-w1-cache-runtime-r6", "exit_code": 1, "stdout": "", "stderr": "{\"status\": \"FAILED\", \"error\": \"declared unified root differs from executing coordinator checkout\"}\n"}
.{"argv": ["/private/tmp/cpswm-pc-a-w1-cache-runtime-r6/.venv/bin/python", "/private/tmp/cpswm-pc-a-w1-cache-runtime-r6/tools/structure_two_unified_acceptance.py", "--run-dir", "/private/tmp/cpswm-pc-a-w1-cache-runtime-r6/docs/reviews/data/structure_two_unified_acceptance_runs/fixture_waiting_d6be90351ed74779ab7dc7af67c73ff3"], "cwd": "/private/tmp/cpswm-pc-a-w1-cache-runtime-r6", "exit_code": 0, "stdout": "{\"status\": \"WAITING_UNIFIED_SOURCE\", \"head\": \"2ef1a20354fdffd627aba8480f2dccd54ef1a729\", \"input_sha256\": \"f0c72eb6cf6838d9728322075265f7a93d2f63a233964134c44cd5713a9b7fcd\"}\n", "stderr": ""}
.{"argv": ["/private/tmp/cpswm-pc-a-w1-cache-runtime-r6/.venv/bin/python", "/private/tmp/cpswm-pc-a-w1-cache-runtime-r6/tools/structure_two_unified_acceptance.py", "--run-dir", "/private/tmp/cpswm-pc-a-w1-cache-runtime-r6/docs/reviews/data/structure_two_unified_acceptance_runs/fixture_unsafe_env_f2db95ecaaa345c4b44e61fe404e2332"], "cwd": "/private/tmp/cpswm-pc-a-w1-cache-runtime-r6", "exit_code": 1, "stdout": "", "stderr": "{\"status\": \"FAILED\", \"error\": \"unsafe test/import environment: PYTEST_ADDOPTS\"}\n"}
.{"argv": ["/private/tmp/cpswm-pc-a-w1-cache-runtime-r6/.venv/bin/python", "/private/tmp/cpswm-pc-a-w1-cache-runtime-r6/tools/structure_two_unified_acceptance.py", "--run-dir", "/private/tmp/cpswm-pc-a-w1-cache-runtime-r6/docs/reviews/data/structure_two_unified_acceptance_runs/fixture_unsafe_env_28cdc8545606416ba865e87731013a46"], "cwd": "/private/tmp/cpswm-pc-a-w1-cache-runtime-r6", "exit_code": 1, "stdout": "", "stderr": "{\"status\": \"FAILED\", \"error\": \"unsafe test/import environment: PYTEST_ADDOPTS\"}\n"}
.{"argv": ["/private/tmp/cpswm-pc-a-w1-cache-runtime-r6/.venv/bin/python", "/private/tmp/cpswm-pc-a-w1-cache-runtime-r6/tools/structure_two_unified_acceptance.py", "--run-dir", "/private/tmp/cpswm-pc-a-w1-cache-runtime-r6/docs/reviews/data/structure_two_unified_acceptance_runs/fixture_unsafe_env_ceeda455ce3c4c929bdadb3735454f4a"], "cwd": "/private/tmp/cpswm-pc-a-w1-cache-runtime-r6", "exit_code": 1, "stdout": "", "stderr": "{\"status\": \"FAILED\", \"error\": \"unsafe test/import environment: PYTEST_PLUGINS\"}\n"}
.{"argv": ["/private/tmp/cpswm-pc-a-w1-cache-runtime-r6/.venv/bin/python", "/private/tmp/cpswm-pc-a-w1-cache-runtime-r6/tools/structure_two_unified_acceptance.py", "--run-dir", "/private/tmp/cpswm-pc-a-w1-cache-runtime-r6/docs/reviews/data/structure_two_unified_acceptance_runs/fixture_unsafe_env_c19c0b0defa4486aa0ea9bd41c9f88b4"], "cwd": "/private/tmp/cpswm-pc-a-w1-cache-runtime-r6", "exit_code": 1, "stdout": "", "stderr": "{\"status\": \"FAILED\", \"error\": \"unexpected pytest plugin suppression\"}\n"}
.{"argv": ["/private/tmp/cpswm-pc-a-w1-cache-runtime-r6/.venv/bin/python", "/private/tmp/cpswm-pc-a-w1-cache-runtime-r6/tools/structure_two_unified_acceptance.py", "--run-dir", "/private/tmp/cpswm-pc-a-w1-cache-runtime-r6/docs/reviews/data/structure_two_unified_acceptance_runs/fixture_unsafe_env_8b3831e5c9ef49acb0591aa6c784cf26"], "cwd": "/private/tmp/cpswm-pc-a-w1-cache-runtime-r6", "exit_code": 1, "stdout": "", "stderr": "{\"status\": \"FAILED\", \"error\": \"unsafe test/import environment: PYTHONOPTIMIZE\"}\n"}
.{"argv": ["/private/tmp/cpswm-pc-a-w1-cache-runtime-r6/.venv/bin/python", "/private/var/folders/x2/000r8p0n6s393lj2sg8wk5f40000gn/T/pytest-of-pangwei/pytest-1787/test_real_cli_entry_accepts_cu0/tools/structure_two_unified_acceptance.py", "--inspect-run", "/private/var/folders/x2/000r8p0n6s393lj2sg8wk5f40000gn/T/pytest-of-pangwei/pytest-1787/test_real_cli_entry_accepts_cu0/recorded"], "cwd": "/private/var/folders/x2/000r8p0n6s393lj2sg8wk5f40000gn/T/pytest-of-pangwei/pytest-1787/test_real_cli_entry_accepts_cu0", "exit_code": 0, "stdout": "{\"recorded_status\": \"STARTING\", \"status\": \"INCOMPLETE_RUN\", \"reusable_execution_proof\": false}\n", "stderr": ""}
.{"argv": ["/private/tmp/cpswm-pc-a-w1-cache-runtime-r6/.venv/bin/python", "-m", "tools.structure_two_unified_acceptance", "--inspect-run", "/private/var/folders/x2/000r8p0n6s393lj2sg8wk5f40000gn/T/pytest-of-pangwei/pytest-1787/test_real_cli_entry_accepts_cu1/recorded"], "cwd": "/private/var/folders/x2/000r8p0n6s393lj2sg8wk5f40000gn/T/pytest-of-pangwei/pytest-1787/test_real_cli_entry_accepts_cu1", "exit_code": 0, "stdout": "{\"recorded_status\": \"STARTING\", \"status\": \"INCOMPLETE_RUN\", \"reusable_execution_proof\": false}\n", "stderr": ""}
.{"argv": ["/private/tmp/cpswm-pc-a-w1-cache-runtime-r6/.venv/bin/python", "-m", "tools.structure_two_unified_acceptance", "--run-dir", "/private/var/folders/x2/000r8p0n6s393lj2sg8wk5f40000gn/T/pytest-of-pangwei/pytest-1787/test_real_cli_stale_unchecked_0/docs/reviews/data/structure_two_unified_acceptance_runs/stale"], "cwd": "/private/var/folders/x2/000r8p0n6s393lj2sg8wk5f40000gn/T/pytest-of-pangwei/pytest-1787/test_real_cli_stale_unchecked_0", "exit_code": 1, "stdout": "", "stderr": "Traceback (most recent call last):\n  File \"<frozen runpy>\", line 198, in _run_module_as_main\n  File \"<frozen runpy>\", line 88, in _run_code\n  File \"/private/var/folders/x2/000r8p0n6s393lj2sg8wk5f40000gn/T/pytest-of-pangwei/pytest-1787/test_real_cli_stale_unchecked_0/tools/structure_two_unified_acceptance.py\", line 970, in <module>\n    raise SystemExit(main())\n                     ~~~~^^\n  File \"/private/var/folders/x2/000r8p0n6s393lj2sg8wk5f40000gn/T/pytest-of-pangwei/pytest-1787/test_real_cli_stale_unchecked_0/tools/structure_two_unified_acceptance.py\", line 818, in main\n    check_entry()\n    ~~~~~~~~~~~^^\n  File \"/private/var/folders/x2/000r8p0n6s393lj2sg8wk5f40000gn/T/pytest-of-pangwei/pytest-1787/test_real_cli_stale_unchecked_0/tools/structure_two_unified_acceptance.py\", line 254, in check_entry\n    raise ValueError(\"executing coordinator entry differs from declared source\")\nValueError: executing coordinator entry differs from declared source\n"}
.....{"argv": ["/private/tmp/cpswm-pc-a-w1-cache-runtime-r6/.venv/bin/python", "-c", "\nimport importlib, json, pathlib, runpy, sys\nroot = pathlib.Path.cwd()\nrunner = root/'apps/evaluation_runner'\na = runpy.run_path(str(runner/'run_structure_two_evidence_repair.py'))\nc = runpy.run_path(str(runner/'generate_structure_two_engineering_trust_checkpoint.py'))\ne = runpy.run_path(str(runner/'run_structure_two_engineering_audit_receipt.py'))\np = runpy.run_path(str(runner/'generate_p0_checkpoint_manifest.py'))\ndef rel(value):\n    return (root/pathlib.Path(value)).resolve().relative_to(root).as_posix()\noutputs = {\n    n: rel(importlib.import_module(\n        'cpswm.system.evaluation_operations.structure_two_p5_'+n).DEFAULT_OUTPUT)\n    for n in a['EXPERIMENTS']\n}\nchecks = [\n    rel(e['DEFAULT_OUTPUT']) == rel(c['AUDIT_RECEIPT']),\n    rel(p['DEFAULT_OUTPUT']) == rel(c['P0_MANIFEST']),\n    c['AUDIT_RECEIPT'] in p['TEST_FIXTURE_EXCLUDED_PATHS'],\n    pathlib.Path(rel(c['OUTPUT'])) in p['TEST_FIXTURE_EXCLUDED_PATHS'],\n    list(a['EXPERIMENTS']) == ['three_arm_death_test', 'readout_posthoc_diagnostic',\n        'debt_replay_confirmation', 'readout_prior_factorial', 'unseen_d0_holdout'],\n]\nif not all(checks):\n    raise ValueError('native output/consumer contract mismatch')\nprint(json.dumps({\n    'root': str(root),\n    'execution_source': sys.modules['_cpswm_source_bootstrap'].guard.require(root),\n    'p5': outputs, 'history': e['COMMANDS']['p5_evidence_history'][3],\n    'p0': rel(c['P0_MANIFEST']), 'receipt': rel(c['AUDIT_RECEIPT']),\n    'checkpoint': rel(c['OUTPUT']), 'v05': rel(c['V05_AUDIT'])\n}))\n"], "cwd": "/private/var/folders/x2/000r8p0n6s393lj2sg8wk5f40000gn/T/pytest-of-pangwei/pytest-1787/test_real_native_probe_require0/native_probe_checkout", "exit_code": 0, "stdout": "{\"root\": \"/private/var/folders/x2/000r8p0n6s393lj2sg8wk5f40000gn/T/pytest-of-pangwei/pytest-1787/test_real_native_probe_require0/native_probe_checkout\", \"execution_source\": {\"policy\": \"frozen-source-and-entry-compile@2\", \"inventory_sha256\": \"858240264f7bd2d4940649d8650beb2d928c73ceb9b83cfb248938f77deec4c8\"}, \"p5\": {\"three_arm_death_test\": \"benchmarks/structure_two/evidence_entry_portability_2026_09_12/current_v0_4/structure_two_p5_three_arm_death_test_v0_4.json\", \"readout_posthoc_diagnostic\": \"benchmarks/structure_two/evidence_entry_portability_2026_09_12/current_v0_4/structure_two_p5_readout_posthoc_diagnostic_v0_4.json\", \"debt_replay_confirmation\": \"benchmarks/structure_two/evidence_entry_portability_2026_09_12/current_v0_4/structure_two_p5_debt_replay_confirmation_v0_4.json\", \"readout_prior_factorial\": \"benchmarks/structure_two/evidence_entry_portability_2026_09_12/current_v0_4/structure_two_p5_readout_prior_factorial_v0_4.json\", \"unseen_d0_holdout\": \"benchmarks/structure_two/evidence_entry_portability_2026_09_12/current_v0_4/structure_two_p5_unseen_d0_holdout_v0_4.json\"}, \"history\": \"benchmarks/structure_two/evidence_entry_portability_2026_09_12/historical_source_audit_v0_3.json\", \"p0\": \"benchmarks/p0_checkpoint/content_manifest_v0_3.json\", \"receipt\": \"benchmarks/structure_two/engineering_trust_checkpoint_2026_09_12_v0_3/engineering_audit_receipt.json\", \"checkpoint\": \"benchmarks/structure_two/engineering_trust_checkpoint_2026_09_12_v0_3/engineering_checkpoint.json\", \"v05\": \"benchmarks/structure_two/structure_two_world_source_bundle_v0_5_compatibility_audit.json\"}\n", "stderr": ""}
{"argv": ["/private/tmp/cpswm-pc-a-w1-cache-runtime-r6/.venv/bin/python", "-c", "\nimport importlib, json, pathlib, runpy, sys\nroot = pathlib.Path.cwd()\nrunner = root/'apps/evaluation_runner'\na = runpy.run_path(str(runner/'run_structure_two_evidence_repair.py'))\nc = runpy.run_path(str(runner/'generate_structure_two_engineering_trust_checkpoint.py'))\ne = runpy.run_path(str(runner/'run_structure_two_engineering_audit_receipt.py'))\np = runpy.run_path(str(runner/'generate_p0_checkpoint_manifest.py'))\ndef rel(value):\n    return (root/pathlib.Path(value)).resolve().relative_to(root).as_posix()\noutputs = {\n    n: rel(importlib.import_module(\n        'cpswm.system.evaluation_operations.structure_two_p5_'+n).DEFAULT_OUTPUT)\n    for n in a['EXPERIMENTS']\n}\nchecks = [\n    rel(e['DEFAULT_OUTPUT']) == rel(c['AUDIT_RECEIPT']),\n    rel(p['DEFAULT_OUTPUT']) == rel(c['P0_MANIFEST']),\n    c['AUDIT_RECEIPT'] in p['TEST_FIXTURE_EXCLUDED_PATHS'],\n    pathlib.Path(rel(c['OUTPUT'])) in p['TEST_FIXTURE_EXCLUDED_PATHS'],\n    list(a['EXPERIMENTS']) == ['three_arm_death_test', 'readout_posthoc_diagnostic',\n        'debt_replay_confirmation', 'readout_prior_factorial', 'unseen_d0_holdout'],\n]\nif not all(checks):\n    raise ValueError('native output/consumer contract mismatch')\nprint(json.dumps({\n    'root': str(root),\n    'execution_source': sys.modules['_cpswm_source_bootstrap'].guard.require(root),\n    'p5': outputs, 'history': e['COMMANDS']['p5_evidence_history'][3],\n    'p0': rel(c['P0_MANIFEST']), 'receipt': rel(c['AUDIT_RECEIPT']),\n    'checkpoint': rel(c['OUTPUT']), 'v05': rel(c['V05_AUDIT'])\n}))\n"], "cwd": "/private/var/folders/x2/000r8p0n6s393lj2sg8wk5f40000gn/T/pytest-of-pangwei/pytest-1787/test_real_native_probe_require0/native_probe_checkout", "exit_code": 1, "stdout": "", "stderr": "Traceback (most recent call last):\n  File \"<string>\", line 25, in <module>\n    raise ValueError('native output/consumer contract mismatch')\nValueError: native output/consumer contract mismatch\n"}
...{"journal": "/private/var/folders/x2/000r8p0n6s393lj2sg8wk5f40000gn/T/pytest-of-pangwei/pytest-1787/actual_pytest_checkout1/docs/reviews/data/structure_two_unified_acceptance_runs/test_fixture_6cd0d95d80524df0bd115b8ef4bbb35e", "status": "STAGES_COMPLETED_NOT_AUTHORIZATION"}
.{"journal": "/private/var/folders/x2/000r8p0n6s393lj2sg8wk5f40000gn/T/pytest-of-pangwei/pytest-1787/actual_pytest_checkout1/docs/reviews/data/structure_two_unified_acceptance_runs/test_fixture_3c6edf013ef04726b45c74fc4f6c1652", "status": "STAGES_COMPLETED_NOT_AUTHORIZATION"}
.{"journal": "/private/var/folders/x2/000r8p0n6s393lj2sg8wk5f40000gn/T/pytest-of-pangwei/pytest-1787/actual_pytest_checkout1/docs/reviews/data/structure_two_unified_acceptance_runs/test_fixture_519c366d1ca64eb0ad44efb2760abe7b", "status": "FAILED"}
.{"journal": "/private/var/folders/x2/000r8p0n6s393lj2sg8wk5f40000gn/T/pytest-of-pangwei/pytest-1787/actual_pytest_checkout1/docs/reviews/data/structure_two_unified_acceptance_runs/test_fixture_c1561b7a48d4489e9a679eaeeec1cafb", "status": "FAILED"}
.{"journal": "/private/var/folders/x2/000r8p0n6s393lj2sg8wk5f40000gn/T/pytest-of-pangwei/pytest-1787/actual_pytest_checkout1/docs/reviews/data/structure_two_unified_acceptance_runs/test_fixture_b946ca3688d941d089f2040742d4b0c0", "status": "FAILED"}
.{"journal": "/private/var/folders/x2/000r8p0n6s393lj2sg8wk5f40000gn/T/pytest-of-pangwei/pytest-1787/actual_pytest_checkout1/docs/reviews/data/structure_two_unified_acceptance_runs/test_fixture_9fa038c9e0254865b3fe36627b83f8f5", "status": "FAILED"}
.{"journal": "/private/var/folders/x2/000r8p0n6s393lj2sg8wk5f40000gn/T/pytest-of-pangwei/pytest-1787/actual_pytest_checkout1/docs/reviews/data/structure_two_unified_acceptance_runs/test_fixture_509f33b8fac94fc6899a45341b7fc5fd", "status": "FAILED"}
.{"journal": "/private/var/folders/x2/000r8p0n6s393lj2sg8wk5f40000gn/T/pytest-of-pangwei/pytest-1787/actual_pytest_checkout1/docs/reviews/data/structure_two_unified_acceptance_runs/test_fixture_eaa3496039cd404880b153455b4ca3b8", "status": "FAILED"}
.{"journal": "/private/var/folders/x2/000r8p0n6s393lj2sg8wk5f40000gn/T/pytest-of-pangwei/pytest-1787/actual_pytest_checkout1/docs/reviews/data/structure_two_unified_acceptance_runs/test_fixture_dc764b7c132a414eb6fce4c459087673", "status": "FAILED"}
.{"journal": "/private/var/folders/x2/000r8p0n6s393lj2sg8wk5f40000gn/T/pytest-of-pangwei/pytest-1787/actual_pytest_checkout1/docs/reviews/data/structure_two_unified_acceptance_runs/test_fixture_2e841297365b41c1a52d92022eecf3b9", "status": "FAILED"}
.{"journal": "/private/var/folders/x2/000r8p0n6s393lj2sg8wk5f40000gn/T/pytest-of-pangwei/pytest-1787/actual_pytest_checkout1/docs/reviews/data/structure_two_unified_acceptance_runs/test_fixture_edd96368fef347259b5e6a790eb13cb3", "status": "FAILED"}
.{"journal": "/private/var/folders/x2/000r8p0n6s393lj2sg8wk5f40000gn/T/pytest-of-pangwei/pytest-1787/actual_pytest_checkout1/docs/reviews/data/structure_two_unified_acceptance_runs/test_fixture_b2229e8dc46f43efaf0341a209ecc1db", "status": "FAILED"}
.{"journal": "/private/var/folders/x2/000r8p0n6s393lj2sg8wk5f40000gn/T/pytest-of-pangwei/pytest-1787/actual_pytest_checkout1/docs/reviews/data/structure_two_unified_acceptance_runs/test_fixture_f67966fe45fe4b85ac6b412c7cce4b11", "status": "FAILED"}
{"journal": "/private/var/folders/x2/000r8p0n6s393lj2sg8wk5f40000gn/T/pytest-of-pangwei/pytest-1787/actual_pytest_checkout1/docs/reviews/data/structure_two_unified_acceptance_runs/test_fixture_29bd689f5c1e42a4a297eb39a77ee1bb", "status": "STAGES_COMPLETED_NOT_AUTHORIZATION"}
.{"journal": "/private/var/folders/x2/000r8p0n6s393lj2sg8wk5f40000gn/T/pytest-of-pangwei/pytest-1787/actual_pytest_checkout1/docs/reviews/data/structure_two_unified_acceptance_runs/test_fixture_47367df45ede44cd9461cd30391edc60", "status": "STAGES_COMPLETED_NOT_AUTHORIZATION"}
{"journal": "/private/var/folders/x2/000r8p0n6s393lj2sg8wk5f40000gn/T/pytest-of-pangwei/pytest-1787/actual_pytest_checkout1/docs/reviews/data/structure_two_unified_acceptance_runs/test_fixture_1c4fd3f8cbe14a62a07dedb1009c4bbd", "status": "FAILED"}
.{"journal": "/private/var/folders/x2/000r8p0n6s393lj2sg8wk5f40000gn/T/pytest-of-pangwei/pytest-1787/actual_pytest_checkout1/docs/reviews/data/structure_two_unified_acceptance_runs/plan_aaad11bfa925450ba16676c68955c390", "status": "FAILED"}
.{"journal": "/private/var/folders/x2/000r8p0n6s393lj2sg8wk5f40000gn/T/pytest-of-pangwei/pytest-1787/actual_pytest_checkout1/docs/reviews/data/structure_two_unified_acceptance_runs/old58c83e150d3d4f78bdb5704311d7947b", "status": "FAILED"}
.{"journal": "/private/var/folders/x2/000r8p0n6s393lj2sg8wk5f40000gn/T/pytest-of-pangwei/pytest-1787/actual_pytest_checkout1/docs/reviews/data/structure_two_unified_acceptance_runs/foreign_resealedab681f5909ca4fdeaac3fc49ce86ded0", "status": "FAILED"}
..{"journal": "/private/var/folders/x2/000r8p0n6s393lj2sg8wk5f40000gn/T/pytest-of-pangwei/pytest-1787/actual_pytest_checkout1/docs/reviews/data/structure_two_unified_acceptance_runs/test_fixture_ff165c05075848ddae0e24f2650d67ac", "status": "FAILED"}
.{"journal": "/private/var/folders/x2/000r8p0n6s393lj2sg8wk5f40000gn/T/pytest-of-pangwei/pytest-1787/actual_pytest_checkout1/docs/reviews/data/structure_two_unified_acceptance_runs/test_fixture_550a7f8604a546ab99e4610752dbd1db", "status": "FAILED"}
.{"journal": "/private/var/folders/x2/000r8p0n6s393lj2sg8wk5f40000gn/T/pytest-of-pangwei/pytest-1787/actual_pytest_checkout1/docs/reviews/data/structure_two_unified_acceptance_runs/test_fixture_ce3942eed3584f62a107c70a938471a1", "status": "FAILED"}
.{"journal": "/private/var/folders/x2/000r8p0n6s393lj2sg8wk5f40000gn/T/pytest-of-pangwei/pytest-1787/actual_pytest_checkout1/docs/reviews/data/structure_two_unified_acceptance_runs/test_fixture_018539ce1a654dd088eb077039c3df6e", "status": "FAILED"}
.{"journal": "/private/var/folders/x2/000r8p0n6s393lj2sg8wk5f40000gn/T/pytest-of-pangwei/pytest-1787/actual_pytest_checkout1/docs/reviews/data/structure_two_unified_acceptance_runs/failed_producer_26bb5b6610684d0ebc7ea4676828b839", "status": "FAILED"}
.{"journal": "/private/var/folders/x2/000r8p0n6s393lj2sg8wk5f40000gn/T/pytest-of-pangwei/pytest-1787/actual_pytest_checkout1/docs/reviews/data/structure_two_unified_acceptance_runs/test_fixture_73d82fad46404404a55bbc95f8d3bc4c", "status": "FAILED"}
.{"journal": "/private/var/folders/x2/000r8p0n6s393lj2sg8wk5f40000gn/T/pytest-of-pangwei/pytest-1787/actual_pytest_checkout1/docs/reviews/data/structure_two_unified_acceptance_runs/test_fixture_7148d3505e884c048df93c70c0e4bfe9", "status": "STAGES_COMPLETED_NOT_AUTHORIZATION"}
..
=================================== FAILURES ===================================
_ test_real_old_local_cache_never_completes[helper-PycInvalidationMode.UNCHECKED_HASH-False] _

root = PosixPath('/private/var/folders/x2/000r8p0n6s393lj2sg8wk5f40000gn/T/pytest-of-pangwei/pytest-1787/actual_pytest_checkout0')
journal = <_unified_acceptance_regression.Journal object at 0x10a7fae00>
stages = (Stage(name='matrix', argv=('/private/var/folders/x2/000r8p0n6s393lj2sg8wk5f40000gn/T/pytest-of-pangwei/pytest-1787/ac..., new_outputs=(), test_nodes=('tests/test_fixture_f24a7bc4fa1d4837986c58f35500000a.py',), native_plugin_policy=False),)
frozen = {'head': 'af064afccecea59fece1aba5bd056a1654f50612', 'files': {'.gitignore': '4409b253ac33acb862192f9cad8583ed3fe0bac9...5a48f2ccbf68a66b3374d6ab9cef9fc65', ...}, 'sha256': '3b567161c2dff8a263d0507201c7d20b9eb0b9be903e731095fba807faa725d6'}
excluded = ()
environment = {'prefix': '/private/var/folders/x2/000r8p0n6s393lj2sg8wk5f40000gn/T/pytest-of-pangwei/pytest-1787/actual_pytest_check...otated-types', '0.8.0'], ['antlr4-python3-runtime', '4.9.3'], ['ast_serialize', '0.8.0'], ['cffi', '2.1.1'], ...], ...}
before_stage = None

    def run_stages(root, journal, stages, frozen, excluded, *, environment=None, before_stage=None):
        """Shared execution engine. No loaded journal can skip a stage or grant success."""
        journal.value.update(
            status="RUNNING", source_before=frozen, required_stages=[s.name for s in stages]
        )
        journal.save()
        locked = []
        completed = set()
        try:
            for stage in stages:
                if not set(stage.requires).issubset(completed):
                    raise ValueError("REQUIRED_PRODUCER_NOT_COMPLETED: " + stage.name)
                frozen_paths = {p for paths, _ in locked for p in paths}
                if not set(stage.required_artifacts).issubset(frozen_paths):
                    raise ValueError("REQUIRED_VERIFIED_ARTIFACT_ABSENT: " + stage.name)
                for name in stage.new_outputs:
                    path = root / name
                    if path.exists() or path.is_symlink():
                        raise ValueError("generation requires new output: " + name)
                require_artifacts(root, locked)
                require_snapshot(root, frozen, excluded)
                if environment is not None and execution_environment(root) != environment:
                    raise ValueError("execution environment changed before stage")
                if before_stage is not None:
                    before_stage(stage.name)
                if not stage.name.replace("_", "").isalnum():
                    raise ValueError("unsafe stage name")
                row = {
                    "name": stage.name,
                    "argv": list(stage.argv),
                    "cwd": str(root),
                    "status": "RUNNING",
                    "environment_overrides": dict(stage.environment),
                    "started_unix": time.time(),
                }
                journal.value["stages"].append(row)
                journal.save()
                output = journal.path / (stage.name + ".stdout.log")
                error = journal.path / (stage.name + ".stderr.log")
                proc = None
                runtime = None
                if stage.test_nodes:
                    runtime = prepare_test_runtime(root, journal, stage, frozen, environment)
                elif stage.junit and environment is not None:
                    raise ValueError("native test matrix requires actual runtime observations")
                try:
                    with output.open("xb") as stdout, error.open("xb") as stderr:
                        proc = subprocess.Popen(
                            stage.argv,
                            cwd=root,
                            stdout=stdout,
                            stderr=stderr,
                            start_new_session=True,
                            env={**os.environ, **dict(stage.environment)},
                        )
                        row["pid"] = proc.pid
                        journal.save()
                        if runtime is not None:
                            while proc.poll() is None:
                                rejections = list(runtime[0].glob("*.reject.json"))
                                if rejections:
                                    row["runtime_rejections"] = [
                                        json.loads(p.read_text()) for p in rejections
                                    ]
>                                   raise ValueError("ACTUAL_TEST_RUNTIME_REJECTED: " + stage.name)
E                                   ValueError: ACTUAL_TEST_RUNTIME_REJECTED: matrix

tools/structure_two_unified_acceptance.py:579: ValueError

During handling of the above exception, another exception occurred:

runtime_tree = PosixPath('/private/var/folders/x2/000r8p0n6s393lj2sg8wk5f40000gn/T/pytest-of-pangwei/pytest-1787/actual_pytest_checkout0')
workers = False, mode = <PycInvalidationMode.UNCHECKED_HASH: 3>
location = 'helper'

    @pytest.mark.parametrize("workers", [False, True])
    @pytest.mark.parametrize(
        "mode",
        [py_compile.PycInvalidationMode.TIMESTAMP, py_compile.PycInvalidationMode.UNCHECKED_HASH],
    )
    @pytest.mark.parametrize("location", ["project", "helper"])
    def test_real_old_local_cache_never_completes(runtime_tree, workers, mode, location):
        root = runtime_tree
        name = "dependency_" + uuid.uuid4().hex
        path = root / ("src/cpswm/" + name + ".py" if location == "project" else name + ".py")
        import_line = "from cpswm import " + name if location == "project" else "import " + name
        fresh, stale = "VALUE = 1\n", "VALUE = 9\n"
        code = f"def test_live():\n {import_line}\n assert {name}.VALUE == 9\n"
        cache = seed_cache(path, fresh, stale, mode)
        cached_bytes = cache.read_bytes()
        journal, stage = prepare(root, code)
        if workers:
            stage = replace(stage, argv=(*stage.argv, "-n", "2"))
        with pytest.raises(ValueError):
>           execute(root, journal, stage)

tests/test_structure_two_runtime_cache_identity.py:51: 
_ _ _ _ _ _ _ _ _ _ _ _ _ _ _ _ _ _ _ _ _ _ _ _ _ _ _ _ _ _ _ _ _ _ _ _ _ _ _ _ 
tests/test_structure_two_unified_dependencies.py:70: in execute
    coordinator.run_stages(
tools/structure_two_unified_acceptance.py:584: in run_stages
    stop_process(proc)
_ _ _ _ _ _ _ _ _ _ _ _ _ _ _ _ _ _ _ _ _ _ _ _ _ _ _ _ _ _ _ _ _ _ _ _ _ _ _ _ 

proc = <Popen: returncode: None args: ('/private/var/folders/x2/000r8p0n6s393lj2sg8...>

    def stop_process(proc):
        # An ignored-TERM descendant can outlive an already-exited leader.
        try:
>           os.killpg(proc.pid, signal.SIGTERM)
E           PermissionError: [Errno 1] Operation not permitted

tools/structure_two_unified_acceptance.py:312: PermissionError
=========================== short test summary info ============================
FAILED tests/test_structure_two_runtime_cache_identity.py::test_real_old_local_cache_never_completes[helper-PycInvalidationMode.UNCHECKED_HASH-False]
1 failed, 83 passed in 55.68s
