{
  "development_only": true,
  "verification": "DESCRIPTIVE_INTERFACE_PROBE",
  "episode_id": "fa475ba4-8719-6c45-f18d-a9d2f4cbc9b5",
  "rows": [
    {
      "step_id": "d8d8129f-7aeb-51f9-8427-1ba65856c2a8",
      "step_index": 0,
      "transition_after": "7c3a9c58-c7ee-887b-42d3-95f54155ec01",
      "ciav_detected": "7c3a9c58-c7ee-887b-42d3-95f54155ec01",
      "closure": "full_p5:same_location_fast_verification",
      "state_counts": {
        "_fast_action_events": 1,
        "_committed_events": 0,
        "_observed_events": 1
      },
      "habit": {
        "afc41c40-ee36-d29e-8322-5085cc49d1a0": 0.03125000000000001,
        "7c3a9c58-c7ee-887b-42d3-95f54155ec01": 0.90625,
        "ef8bf6f6-a3f5-a389-53de-79bcd7801722": 0.03125000000000001,
        "47c8a4fd-a7ee-c57f-a195-6b4692cc0caa": 0.03125000000000001
      },
      "fast": {
        "afc41c40-ee36-d29e-8322-5085cc49d1a0": 0.0,
        "7c3a9c58-c7ee-887b-42d3-95f54155ec01": 1.0,
        "ef8bf6f6-a3f5-a389-53de-79bcd7801722": 0.0,
        "47c8a4fd-a7ee-c57f-a195-6b4692cc0caa": 0.0
      },
      "surviving": {
        "afc41c40-ee36-d29e-8322-5085cc49d1a0": 0.25,
        "7c3a9c58-c7ee-887b-42d3-95f54155ec01": 0.25,
        "ef8bf6f6-a3f5-a389-53de-79bcd7801722": 0.25,
        "47c8a4fd-a7ee-c57f-a195-6b4692cc0caa": 0.25
      },
      "regime": {
        "afc41c40-ee36-d29e-8322-5085cc49d1a0": 0.25,
        "7c3a9c58-c7ee-887b-42d3-95f54155ec01": 0.25,
        "ef8bf6f6-a3f5-a389-53de-79bcd7801722": 0.25,
        "47c8a4fd-a7ee-c57f-a195-6b4692cc0caa": 0.25
      }
    },
    {
      "step_id": "d886b08e-0609-57ed-b781-4fce719293d4",
      "step_index": 1,
      "transition_after": "ef8bf6f6-a3f5-a389-53de-79bcd7801722",
      "ciav_detected": "ef8bf6f6-a3f5-a389-53de-79bcd7801722",
      "closure": "full_p5:same_location_fast_verification",
      "state_counts": {
        "_fast_action_events": 2,
        "_committed_events": 0,
        "_observed_events": 2
      },
      "habit": {
        "afc41c40-ee36-d29e-8322-5085cc49d1a0": 0.03125000000000001,
        "7c3a9c58-c7ee-887b-42d3-95f54155ec01": 0.90625,
        "ef8bf6f6-a3f5-a389-53de-79bcd7801722": 0.03125000000000001,
        "47c8a4fd-a7ee-c57f-a195-6b4692cc0caa": 0.03125000000000001
      },
      "fast": {
        "afc41c40-ee36-d29e-8322-5085cc49d1a0": 0.0,
        "7c3a9c58-c7ee-887b-42d3-95f54155ec01": 1.0,
        "ef8bf6f6-a3f5-a389-53de-79bcd7801722": 0.0,
        "47c8a4fd-a7ee-c57f-a195-6b4692cc0caa": 0.0
      },
      "surviving": {
        "afc41c40-ee36-d29e-8322-5085cc49d1a0": 0.25,
        "7c3a9c58-c7ee-887b-42d3-95f54155ec01": 0.25,
        "ef8bf6f6-a3f5-a389-53de-79bcd7801722": 0.25,
        "47c8a4fd-a7ee-c57f-a195-6b4692cc0caa": 0.25
      },
      "regime": {
        "afc41c40-ee36-d29e-8322-5085cc49d1a0": 0.25,
        "7c3a9c58-c7ee-887b-42d3-95f54155ec01": 0.25,
        "ef8bf6f6-a3f5-a389-53de-79bcd7801722": 0.25,
        "47c8a4fd-a7ee-c57f-a195-6b4692cc0caa": 0.25
      }
    },
    {
      "step_id": "899e295f-8c8c-5af9-a412-5b678ff600fb",
      "step_index": 2,
      "transition_after": "7c3a9c58-c7ee-887b-42d3-95f54155ec01",
      "ciav_detected": "7c3a9c58-c7ee-887b-42d3-95f54155ec01",
      "closure": "full_p5:same_location_fast_verification",
      "state_counts": {
        "_fast_action_events": 3,
        "_committed_events": 0,
        "_observed_events": 3
      },
      "habit": {
        "afc41c40-ee36-d29e-8322-5085cc49d1a0": 0.03125000000000001,
        "7c3a9c58-c7ee-887b-42d3-95f54155ec01": 0.90625,
        "ef8bf6f6-a3f5-a389-53de-79bcd7801722": 0.03125000000000001,
        "47c8a4fd-a7ee-c57f-a195-6b4692cc0caa": 0.03125000000000001
      },
      "fast": {
        "afc41c40-ee36-d29e-8322-5085cc49d1a0": 0.0,
        "7c3a9c58-c7ee-887b-42d3-95f54155ec01": 1.0,
        "ef8bf6f6-a3f5-a389-53de-79bcd7801722": 0.0,
        "47c8a4fd-a7ee-c57f-a195-6b4692cc0caa": 0.0
      },
      "surviving": {
        "afc41c40-ee36-d29e-8322-5085cc49d1a0": 0.25,
        "7c3a9c58-c7ee-887b-42d3-95f54155ec01": 0.25,
        "ef8bf6f6-a3f5-a389-53de-79bcd7801722": 0.25,
        "47c8a4fd-a7ee-c57f-a195-6b4692cc0caa": 0.25
      },
      "regime": {
        "afc41c40-ee36-d29e-8322-5085cc49d1a0": 0.25,
        "7c3a9c58-c7ee-887b-42d3-95f54155ec01": 0.25,
        "ef8bf6f6-a3f5-a389-53de-79bcd7801722": 0.25,
        "47c8a4fd-a7ee-c57f-a195-6b4692cc0caa": 0.25
      }
    },
    {
      "step_id": "fe5a8491-f7c1-5e2a-962f-d98924c51bf8",
      "step_index": 3,
      "transition_after": "7c3a9c58-c7ee-887b-42d3-95f54155ec01",
      "ciav_detected": "7c3a9c58-c7ee-887b-42d3-95f54155ec01",
      "closure": "full_p5:same_location_fast_verification",
      "state_counts": {
        "_fast_action_events": 4,
        "_committed_events": 0,
        "_observed_events": 4
      },
      "habit": {
        "afc41c40-ee36-d29e-8322-5085cc49d1a0": 0.03125000000000001,
        "7c3a9c58-c7ee-887b-42d3-95f54155ec01": 0.90625,
        "ef8bf6f6-a3f5-a389-53de-79bcd7801722": 0.03125000000000001,
        "47c8a4fd-a7ee-c57f-a195-6b4692cc0caa": 0.03125000000000001
      },
      "fast": {
        "afc41c40-ee36-d29e-8322-5085cc49d1a0": 0.0,
        "7c3a9c58-c7ee-887b-42d3-95f54155ec01": 1.0,
        "ef8bf6f6-a3f5-a389-53de-79bcd7801722": 0.0,
        "47c8a4fd-a7ee-c57f-a195-6b4692cc0caa": 0.0
      },
      "surviving": {
        "afc41c40-ee36-d29e-8322-5085cc49d1a0": 0.25,
        "7c3a9c58-c7ee-887b-42d3-95f54155ec01": 0.25,
        "ef8bf6f6-a3f5-a389-53de-79bcd7801722": 0.25,
        "47c8a4fd-a7ee-c57f-a195-6b4692cc0caa": 0.25
      },
      "regime": {
        "afc41c40-ee36-d29e-8322-5085cc49d1a0": 0.25,
        "7c3a9c58-c7ee-887b-42d3-95f54155ec01": 0.25,
        "ef8bf6f6-a3f5-a389-53de-79bcd7801722": 0.25,
        "47c8a4fd-a7ee-c57f-a195-6b4692cc0caa": 0.25
      }
    },
    {
      "step_id": "bfc40abe-42f8-50a4-8c6a-7455ab97f148",
      "step_index": 4,
      "transition_after": "7c3a9c58-c7ee-887b-42d3-95f54155ec01",
      "ciav_detected": "7c3a9c58-c7ee-887b-42d3-95f54155ec01",
      "closure": "full_p5:same_location_fast_verification",
      "state_counts": {
        "_fast_action_events": 5,
        "_committed_events": 0,
        "_observed_events": 5
      },
      "habit": {
        "afc41c40-ee36-d29e-8322-5085cc49d1a0": 0.03125000000000001,
        "7c3a9c58-c7ee-887b-42d3-95f54155ec01": 0.90625,
        "ef8bf6f6-a3f5-a389-53de-79bcd7801722": 0.03125000000000001,
        "47c8a4fd-a7ee-c57f-a195-6b4692cc0caa": 0.03125000000000001
      },
      "fast": {
        "afc41c40-ee36-d29e-8322-5085cc49d1a0": 0.0,
        "7c3a9c58-c7ee-887b-42d3-95f54155ec01": 1.0,
        "ef8bf6f6-a3f5-a389-53de-79bcd7801722": 0.0,
        "47c8a4fd-a7ee-c57f-a195-6b4692cc0caa": 0.0
      },
      "surviving": {
        "afc41c40-ee36-d29e-8322-5085cc49d1a0": 0.25,
        "7c3a9c58-c7ee-887b-42d3-95f54155ec01": 0.25,
        "ef8bf6f6-a3f5-a389-53de-79bcd7801722": 0.25,
        "47c8a4fd-a7ee-c57f-a195-6b4692cc0caa": 0.25
      },
      "regime": {
        "afc41c40-ee36-d29e-8322-5085cc49d1a0": 0.25,
        "7c3a9c58-c7ee-887b-42d3-95f54155ec01": 0.25,
        "ef8bf6f6-a3f5-a389-53de-79bcd7801722": 0.25,
        "47c8a4fd-a7ee-c57f-a195-6b4692cc0caa": 0.25
      }
    },
    {
      "step_id": "5e71037f-7a5f-58f6-8f5f-e515625fb233",
      "step_index": 5,
      "transition_after": "7c3a9c58-c7ee-887b-42d3-95f54155ec01",
      "ciav_detected": "7c3a9c58-c7ee-887b-42d3-95f54155ec01",
      "closure": "full_p5:same_location_fast_verification",
      "state_counts": {
        "_fast_action_events": 6,
        "_committed_events": 0,
        "_observed_events": 6
      },
      "habit": {
        "afc41c40-ee36-d29e-8322-5085cc49d1a0": 0.03125000000000001,
        "7c3a9c58-c7ee-887b-42d3-95f54155ec01": 0.90625,
        "ef8bf6f6-a3f5-a389-53de-79bcd7801722": 0.03125000000000001,
        "47c8a4fd-a7ee-c57f-a195-6b4692cc0caa": 0.03125000000000001
      },
      "fast": {
        "afc41c40-ee36-d29e-8322-5085cc49d1a0": 0.0,
        "7c3a9c58-c7ee-887b-42d3-95f54155ec01": 1.0,
        "ef8bf6f6-a3f5-a389-53de-79bcd7801722": 0.0,
        "47c8a4fd-a7ee-c57f-a195-6b4692cc0caa": 0.0
      },
      "surviving": {
        "afc41c40-ee36-d29e-8322-5085cc49d1a0": 0.25,
        "7c3a9c58-c7ee-887b-42d3-95f54155ec01": 0.25,
        "ef8bf6f6-a3f5-a389-53de-79bcd7801722": 0.25,
        "47c8a4fd-a7ee-c57f-a195-6b4692cc0caa": 0.25
      },
      "regime": {
        "afc41c40-ee36-d29e-8322-5085cc49d1a0": 0.25,
        "7c3a9c58-c7ee-887b-42d3-95f54155ec01": 0.25,
        "ef8bf6f6-a3f5-a389-53de-79bcd7801722": 0.25,
        "47c8a4fd-a7ee-c57f-a195-6b4692cc0caa": 0.25
      }
    },
    {
      "step_id": "8c108509-085e-54a9-8932-c54a4963e5bb",
      "step_index": 6,
      "transition_after": "7c3a9c58-c7ee-887b-42d3-95f54155ec01",
      "ciav_detected": "7c3a9c58-c7ee-887b-42d3-95f54155ec01",
      "closure": "full_p5:same_location_fast_verification",
      "state_counts": {
        "_fast_action_events": 7,
        "_committed_events": 0,
        "_observed_events": 7
      },
      "habit": {
        "afc41c40-ee36-d29e-8322-5085cc49d1a0": 0.03125000000000001,
        "7c3a9c58-c7ee-887b-42d3-95f54155ec01": 0.90625,
        "ef8bf6f6-a3f5-a389-53de-79bcd7801722": 0.03125000000000001,
        "47c8a4fd-a7ee-c57f-a195-6b4692cc0caa": 0.03125000000000001
      },
      "fast": {
        "afc41c40-ee36-d29e-8322-5085cc49d1a0": 0.0,
        "7c3a9c58-c7ee-887b-42d3-95f54155ec01": 1.0,
        "ef8bf6f6-a3f5-a389-53de-79bcd7801722": 0.0,
        "47c8a4fd-a7ee-c57f-a195-6b4692cc0caa": 0.0
      },
      "surviving": {
        "afc41c40-ee36-d29e-8322-5085cc49d1a0": 0.25,
        "7c3a9c58-c7ee-887b-42d3-95f54155ec01": 0.25,
        "ef8bf6f6-a3f5-a389-53de-79bcd7801722": 0.25,
        "47c8a4fd-a7ee-c57f-a195-6b4692cc0caa": 0.25
      },
      "regime": {
        "afc41c40-ee36-d29e-8322-5085cc49d1a0": 0.25,
        "7c3a9c58-c7ee-887b-42d3-95f54155ec01": 0.25,
        "ef8bf6f6-a3f5-a389-53de-79bcd7801722": 0.25,
        "47c8a4fd-a7ee-c57f-a195-6b4692cc0caa": 0.25
      }
    },
    {
      "step_id": "10c0cf16-f079-5009-95dc-3305244d149f",
      "step_index": 7,
      "transition_after": "ef8bf6f6-a3f5-a389-53de-79bcd7801722",
      "ciav_detected": "ef8bf6f6-a3f5-a389-53de-79bcd7801722",
      "closure": "full_p5:same_location_fast_verification",
      "state_counts": {
        "_fast_action_events": 8,
        "_committed_events": 0,
        "_observed_events": 8
      },
      "habit": {
        "afc41c40-ee36-d29e-8322-5085cc49d1a0": 0.03125000000000001,
        "7c3a9c58-c7ee-887b-42d3-95f54155ec01": 0.90625,
        "ef8bf6f6-a3f5-a389-53de-79bcd7801722": 0.03125000000000001,
        "47c8a4fd-a7ee-c57f-a195-6b4692cc0caa": 0.03125000000000001
      },
      "fast": {
        "afc41c40-ee36-d29e-8322-5085cc49d1a0": 0.0,
        "7c3a9c58-c7ee-887b-42d3-95f54155ec01": 1.0,
        "ef8bf6f6-a3f5-a389-53de-79bcd7801722": 0.0,
        "47c8a4fd-a7ee-c57f-a195-6b4692cc0caa": 0.0
      },
      "surviving": {
        "afc41c40-ee36-d29e-8322-5085cc49d1a0": 0.25,
        "7c3a9c58-c7ee-887b-42d3-95f54155ec01": 0.25,
        "ef8bf6f6-a3f5-a389-53de-79bcd7801722": 0.25,
        "47c8a4fd-a7ee-c57f-a195-6b4692cc0caa": 0.25
      },
      "regime": {
        "afc41c40-ee36-d29e-8322-5085cc49d1a0": 0.25,
        "7c3a9c58-c7ee-887b-42d3-95f54155ec01": 0.25,
        "ef8bf6f6-a3f5-a389-53de-79bcd7801722": 0.25,
        "47c8a4fd-a7ee-c57f-a195-6b4692cc0caa": 0.25
      }
    },
    {
      "step_id": "438ce876-9e81-5c00-8413-e33658da2763",
      "step_index": 8,
      "transition_after": null,
      "ciav_detected": "None",
      "closure": "negative_ciav_opceu_explicit_no_new_transition",
      "state_counts": {
        "_fast_action_events": 8,
        "_committed_events": 0,
        "_observed_events": 8
      },
      "habit": {
        "afc41c40-ee36-d29e-8322-5085cc49d1a0": 0.03125000000000001,
        "7c3a9c58-c7ee-887b-42d3-95f54155ec01": 0.90625,
        "ef8bf6f6-a3f5-a389-53de-79bcd7801722": 0.03125000000000001,
        "47c8a4fd-a7ee-c57f-a195-6b4692cc0caa": 0.03125000000000001
      },
      "fast": {
        "afc41c40-ee36-d29e-8322-5085cc49d1a0": 0.0,
        "7c3a9c58-c7ee-887b-42d3-95f54155ec01": 1.0,
        "ef8bf6f6-a3f5-a389-53de-79bcd7801722": 0.0,
        "47c8a4fd-a7ee-c57f-a195-6b4692cc0caa": 0.0
      },
      "surviving": {
        "afc41c40-ee36-d29e-8322-5085cc49d1a0": 0.25,
        "7c3a9c58-c7ee-887b-42d3-95f54155ec01": 0.25,
        "ef8bf6f6-a3f5-a389-53de-79bcd7801722": 0.25,
        "47c8a4fd-a7ee-c57f-a195-6b4692cc0caa": 0.25
      },
      "regime": {
        "afc41c40-ee36-d29e-8322-5085cc49d1a0": 0.25,
        "7c3a9c58-c7ee-887b-42d3-95f54155ec01": 0.25,
        "ef8bf6f6-a3f5-a389-53de-79bcd7801722": 0.25,
        "47c8a4fd-a7ee-c57f-a195-6b4692cc0caa": 0.25
      }
    },
    {
      "step_id": "27f1e679-6f4f-50a8-8873-af2b05aee153",
      "step_index": 9,
      "transition_after": "ef8bf6f6-a3f5-a389-53de-79bcd7801722",
      "ciav_detected": "ef8bf6f6-a3f5-a389-53de-79bcd7801722",
      "closure": "full_p5:same_location_fast_verification",
      "state_counts": {
        "_fast_action_events": 9,
        "_committed_events": 0,
        "_observed_events": 9
      },
      "habit": {
        "afc41c40-ee36-d29e-8322-5085cc49d1a0": 0.03125000000000001,
        "7c3a9c58-c7ee-887b-42d3-95f54155ec01": 0.90625,
        "ef8bf6f6-a3f5-a389-53de-79bcd7801722": 0.03125000000000001,
        "47c8a4fd-a7ee-c57f-a195-6b4692cc0caa": 0.03125000000000001
      },
      "fast": {
        "afc41c40-ee36-d29e-8322-5085cc49d1a0": 0.0,
        "7c3a9c58-c7ee-887b-42d3-95f54155ec01": 1.0,
        "ef8bf6f6-a3f5-a389-53de-79bcd7801722": 0.0,
        "47c8a4fd-a7ee-c57f-a195-6b4692cc0caa": 0.0
      },
      "surviving": {
        "afc41c40-ee36-d29e-8322-5085cc49d1a0": 0.25,
        "7c3a9c58-c7ee-887b-42d3-95f54155ec01": 0.25,
        "ef8bf6f6-a3f5-a389-53de-79bcd7801722": 0.25,
        "47c8a4fd-a7ee-c57f-a195-6b4692cc0caa": 0.25
      },
      "regime": {
        "afc41c40-ee36-d29e-8322-5085cc49d1a0": 0.25,
        "7c3a9c58-c7ee-887b-42d3-95f54155ec01": 0.25,
        "ef8bf6f6-a3f5-a389-53de-79bcd7801722": 0.25,
        "47c8a4fd-a7ee-c57f-a195-6b4692cc0caa": 0.25
      }
    },
    {
      "step_id": "ad6c1b7f-6ce5-584c-b87e-34cc8a486eb5",
      "step_index": 10,
      "transition_after": "ef8bf6f6-a3f5-a389-53de-79bcd7801722",
      "ciav_detected": "ef8bf6f6-a3f5-a389-53de-79bcd7801722",
      "closure": "full_p5:same_location_fast_verification",
      "state_counts": {
        "_fast_action_events": 10,
        "_committed_events": 0,
        "_observed_events": 10
      },
      "habit": {
        "afc41c40-ee36-d29e-8322-5085cc49d1a0": 0.03125000000000001,
        "7c3a9c58-c7ee-887b-42d3-95f54155ec01": 0.90625,
        "ef8bf6f6-a3f5-a389-53de-79bcd7801722": 0.03125000000000001,
        "47c8a4fd-a7ee-c57f-a195-6b4692cc0caa": 0.03125000000000001
      },
      "fast": {
        "afc41c40-ee36-d29e-8322-5085cc49d1a0": 0.0,
        "7c3a9c58-c7ee-887b-42d3-95f54155ec01": 1.0,
        "ef8bf6f6-a3f5-a389-53de-79bcd7801722": 0.0,
        "47c8a4fd-a7ee-c57f-a195-6b4692cc0caa": 0.0
      },
      "surviving": {
        "afc41c40-ee36-d29e-8322-5085cc49d1a0": 0.25,
        "7c3a9c58-c7ee-887b-42d3-95f54155ec01": 0.25,
        "ef8bf6f6-a3f5-a389-53de-79bcd7801722": 0.25,
        "47c8a4fd-a7ee-c57f-a195-6b4692cc0caa": 0.25
      },
      "regime": {
        "afc41c40-ee36-d29e-8322-5085cc49d1a0": 0.25,
        "7c3a9c58-c7ee-887b-42d3-95f54155ec01": 0.25,
        "ef8bf6f6-a3f5-a389-53de-79bcd7801722": 0.25,
        "47c8a4fd-a7ee-c57f-a195-6b4692cc0caa": 0.25
      }
    },
    {
      "step_id": "ad731532-931b-51fb-955d-1acf79c4c422",
      "step_index": 11,
      "transition_after": null,
      "ciav_detected": "None",
      "closure": "negative_ciav_opceu_explicit_no_new_transition",
      "state_counts": {
        "_fast_action_events": 10,
        "_committed_events": 0,
        "_observed_events": 10
      },
      "habit": {
        "afc41c40-ee36-d29e-8322-5085cc49d1a0": 0.03125000000000001,
        "7c3a9c58-c7ee-887b-42d3-95f54155ec01": 0.90625,
        "ef8bf6f6-a3f5-a389-53de-79bcd7801722": 0.03125000000000001,
        "47c8a4fd-a7ee-c57f-a195-6b4692cc0caa": 0.03125000000000001
      },
      "fast": {
        "afc41c40-ee36-d29e-8322-5085cc49d1a0": 0.0,
        "7c3a9c58-c7ee-887b-42d3-95f54155ec01": 1.0,
        "ef8bf6f6-a3f5-a389-53de-79bcd7801722": 0.0,
        "47c8a4fd-a7ee-c57f-a195-6b4692cc0caa": 0.0
      },
      "surviving": {
        "afc41c40-ee36-d29e-8322-5085cc49d1a0": 0.25,
        "7c3a9c58-c7ee-887b-42d3-95f54155ec01": 0.25,
        "ef8bf6f6-a3f5-a389-53de-79bcd7801722": 0.25,
        "47c8a4fd-a7ee-c57f-a195-6b4692cc0caa": 0.25
      },
      "regime": {
        "afc41c40-ee36-d29e-8322-5085cc49d1a0": 0.25,
        "7c3a9c58-c7ee-887b-42d3-95f54155ec01": 0.25,
        "ef8bf6f6-a3f5-a389-53de-79bcd7801722": 0.25,
        "47c8a4fd-a7ee-c57f-a195-6b4692cc0caa": 0.25
      }
    },
    {
      "step_id": "b82bdf62-bafd-58cf-93b3-807cf67e7983",
      "step_index": 12,
      "transition_after": "ef8bf6f6-a3f5-a389-53de-79bcd7801722",
      "ciav_detected": "ef8bf6f6-a3f5-a389-53de-79bcd7801722",
      "closure": "full_p5:same_location_fast_verification",
      "state_counts": {
        "_fast_action_events": 11,
        "_committed_events": 0,
        "_observed_events": 11
      },
      "habit": {
        "afc41c40-ee36-d29e-8322-5085cc49d1a0": 0.03125000000000001,
        "7c3a9c58-c7ee-887b-42d3-95f54155ec01": 0.90625,
        "ef8bf6f6-a3f5-a389-53de-79bcd7801722": 0.03125000000000001,
        "47c8a4fd-a7ee-c57f-a195-6b4692cc0caa": 0.03125000000000001
      },
      "fast": {
        "afc41c40-ee36-d29e-8322-5085cc49d1a0": 0.0,
        "7c3a9c58-c7ee-887b-42d3-95f54155ec01": 1.0,
        "ef8bf6f6-a3f5-a389-53de-79bcd7801722": 0.0,
        "47c8a4fd-a7ee-c57f-a195-6b4692cc0caa": 0.0
      },
      "surviving": {
        "afc41c40-ee36-d29e-8322-5085cc49d1a0": 0.25,
        "7c3a9c58-c7ee-887b-42d3-95f54155ec01": 0.25,
        "ef8bf6f6-a3f5-a389-53de-79bcd7801722": 0.25,
        "47c8a4fd-a7ee-c57f-a195-6b4692cc0caa": 0.25
      },
      "regime": {
        "afc41c40-ee36-d29e-8322-5085cc49d1a0": 0.25,
        "7c3a9c58-c7ee-887b-42d3-95f54155ec01": 0.25,
        "ef8bf6f6-a3f5-a389-53de-79bcd7801722": 0.25,
        "47c8a4fd-a7ee-c57f-a195-6b4692cc0caa": 0.25
      }
    },
    {
      "step_id": "852fb637-7d0c-5184-9bbe-60318b7e093a",
      "step_index": 13,
      "transition_after": "ef8bf6f6-a3f5-a389-53de-79bcd7801722",
      "ciav_detected": "ef8bf6f6-a3f5-a389-53de-79bcd7801722",
      "closure": "full_p5:same_location_fast_verification",
      "state_counts": {
        "_fast_action_events": 12,
        "_committed_events": 0,
        "_observed_events": 12
      },
      "habit": {
        "afc41c40-ee36-d29e-8322-5085cc49d1a0": 0.03125000000000001,
        "7c3a9c58-c7ee-887b-42d3-95f54155ec01": 0.90625,
        "ef8bf6f6-a3f5-a389-53de-79bcd7801722": 0.03125000000000001,
        "47c8a4fd-a7ee-c57f-a195-6b4692cc0caa": 0.03125000000000001
      },
      "fast": {
        "afc41c40-ee36-d29e-8322-5085cc49d1a0": 0.0,
        "7c3a9c58-c7ee-887b-42d3-95f54155ec01": 1.0,
        "ef8bf6f6-a3f5-a389-53de-79bcd7801722": 0.0,
        "47c8a4fd-a7ee-c57f-a195-6b4692cc0caa": 0.0
      },
      "surviving": {
        "afc41c40-ee36-d29e-8322-5085cc49d1a0": 0.25,
        "7c3a9c58-c7ee-887b-42d3-95f54155ec01": 0.25,
        "ef8bf6f6-a3f5-a389-53de-79bcd7801722": 0.25,
        "47c8a4fd-a7ee-c57f-a195-6b4692cc0caa": 0.25
      },
      "regime": {
        "afc41c40-ee36-d29e-8322-5085cc49d1a0": 0.25,
        "7c3a9c58-c7ee-887b-42d3-95f54155ec01": 0.25,
        "ef8bf6f6-a3f5-a389-53de-79bcd7801722": 0.25,
        "47c8a4fd-a7ee-c57f-a195-6b4692cc0caa": 0.25
      }
    },
    {
      "step_id": "b5429d8c-0962-5329-9fa6-542d4f46a6f3",
      "step_index": 14,
      "transition_after": "ef8bf6f6-a3f5-a389-53de-79bcd7801722",
      "ciav_detected": "ef8bf6f6-a3f5-a389-53de-79bcd7801722",
      "closure": "full_p5:same_location_fast_verification",
      "state_counts": {
        "_fast_action_events": 13,
        "_committed_events": 0,
        "_observed_events": 13
      },
      "habit": {
        "afc41c40-ee36-d29e-8322-5085cc49d1a0": 0.03125000000000001,
        "7c3a9c58-c7ee-887b-42d3-95f54155ec01": 0.90625,
        "ef8bf6f6-a3f5-a389-53de-79bcd7801722": 0.03125000000000001,
        "47c8a4fd-a7ee-c57f-a195-6b4692cc0caa": 0.03125000000000001
      },
      "fast": {
        "afc41c40-ee36-d29e-8322-5085cc49d1a0": 0.0,
        "7c3a9c58-c7ee-887b-42d3-95f54155ec01": 1.0,
        "ef8bf6f6-a3f5-a389-53de-79bcd7801722": 0.0,
        "47c8a4fd-a7ee-c57f-a195-6b4692cc0caa": 0.0
      },
      "surviving": {
        "afc41c40-ee36-d29e-8322-5085cc49d1a0": 0.25,
        "7c3a9c58-c7ee-887b-42d3-95f54155ec01": 0.25,
        "ef8bf6f6-a3f5-a389-53de-79bcd7801722": 0.25,
        "47c8a4fd-a7ee-c57f-a195-6b4692cc0caa": 0.25
      },
      "regime": {
        "afc41c40-ee36-d29e-8322-5085cc49d1a0": 0.25,
        "7c3a9c58-c7ee-887b-42d3-95f54155ec01": 0.25,
        "ef8bf6f6-a3f5-a389-53de-79bcd7801722": 0.25,
        "47c8a4fd-a7ee-c57f-a195-6b4692cc0caa": 0.25
      }
    },
    {
      "step_id": "b0ae3983-6b0c-5aaf-82b6-34331ca8cd08",
      "step_index": 15,
      "transition_after": null,
      "ciav_detected": "None",
      "closure": "negative_ciav_opceu_explicit_no_new_transition",
      "state_counts": {
        "_fast_action_events": 13,
        "_committed_events": 0,
        "_observed_events": 13
      },
      "habit": {
        "afc41c40-ee36-d29e-8322-5085cc49d1a0": 0.03125000000000001,
        "7c3a9c58-c7ee-887b-42d3-95f54155ec01": 0.90625,
        "ef8bf6f6-a3f5-a389-53de-79bcd7801722": 0.03125000000000001,
        "47c8a4fd-a7ee-c57f-a195-6b4692cc0caa": 0.03125000000000001
      },
      "fast": {
        "afc41c40-ee36-d29e-8322-5085cc49d1a0": 0.0,
        "7c3a9c58-c7ee-887b-42d3-95f54155ec01": 1.0,
        "ef8bf6f6-a3f5-a389-53de-79bcd7801722": 0.0,
        "47c8a4fd-a7ee-c57f-a195-6b4692cc0caa": 0.0
      },
      "surviving": {
        "afc41c40-ee36-d29e-8322-5085cc49d1a0": 0.25,
        "7c3a9c58-c7ee-887b-42d3-95f54155ec01": 0.25,
        "ef8bf6f6-a3f5-a389-53de-79bcd7801722": 0.25,
        "47c8a4fd-a7ee-c57f-a195-6b4692cc0caa": 0.25
      },
      "regime": {
        "afc41c40-ee36-d29e-8322-5085cc49d1a0": 0.25,
        "7c3a9c58-c7ee-887b-42d3-95f54155ec01": 0.25,
        "ef8bf6f6-a3f5-a389-53de-79bcd7801722": 0.25,
        "47c8a4fd-a7ee-c57f-a195-6b4692cc0caa": 0.25
      }
    },
    {
      "step_id": "41f8fbfa-9c4c-56f8-bc0b-94614159863e",
      "step_index": 16,
      "transition_after": "7c3a9c58-c7ee-887b-42d3-95f54155ec01",
      "ciav_detected": "7c3a9c58-c7ee-887b-42d3-95f54155ec01",
      "closure": "full_p5:same_location_fast_verification",
      "state_counts": {
        "_fast_action_events": 14,
        "_committed_events": 0,
        "_observed_events": 14
      },
      "habit": {
        "afc41c40-ee36-d29e-8322-5085cc49d1a0": 0.03125000000000001,
        "7c3a9c58-c7ee-887b-42d3-95f54155ec01": 0.90625,
        "ef8bf6f6-a3f5-a389-53de-79bcd7801722": 0.03125000000000001,
        "47c8a4fd-a7ee-c57f-a195-6b4692cc0caa": 0.03125000000000001
      },
      "fast": {
        "afc41c40-ee36-d29e-8322-5085cc49d1a0": 0.0,
        "7c3a9c58-c7ee-887b-42d3-95f54155ec01": 1.0,
        "ef8bf6f6-a3f5-a389-53de-79bcd7801722": 0.0,
        "47c8a4fd-a7ee-c57f-a195-6b4692cc0caa": 0.0
      },
      "surviving": {
        "afc41c40-ee36-d29e-8322-5085cc49d1a0": 0.25,
        "7c3a9c58-c7ee-887b-42d3-95f54155ec01": 0.25,
        "ef8bf6f6-a3f5-a389-53de-79bcd7801722": 0.25,
        "47c8a4fd-a7ee-c57f-a195-6b4692cc0caa": 0.25
      },
      "regime": {
        "afc41c40-ee36-d29e-8322-5085cc49d1a0": 0.25,
        "7c3a9c58-c7ee-887b-42d3-95f54155ec01": 0.25,
        "ef8bf6f6-a3f5-a389-53de-79bcd7801722": 0.25,
        "47c8a4fd-a7ee-c57f-a195-6b4692cc0caa": 0.25
      }
    },
    {
      "step_id": "8cbad54f-08d1-506e-9932-da020b5bba90",
      "step_index": 17,
      "transition_after": null,
      "ciav_detected": "None",
      "closure": "negative_ciav_opceu_explicit_no_new_transition",
      "state_counts": {
        "_fast_action_events": 14,
        "_committed_events": 0,
        "_observed_events": 14
      },
      "habit": {
        "afc41c40-ee36-d29e-8322-5085cc49d1a0": 0.03125000000000001,
        "7c3a9c58-c7ee-887b-42d3-95f54155ec01": 0.90625,
        "ef8bf6f6-a3f5-a389-53de-79bcd7801722": 0.03125000000000001,
        "47c8a4fd-a7ee-c57f-a195-6b4692cc0caa": 0.03125000000000001
      },
      "fast": {
        "afc41c40-ee36-d29e-8322-5085cc49d1a0": 0.0,
        "7c3a9c58-c7ee-887b-42d3-95f54155ec01": 1.0,
        "ef8bf6f6-a3f5-a389-53de-79bcd7801722": 0.0,
        "47c8a4fd-a7ee-c57f-a195-6b4692cc0caa": 0.0
      },
      "surviving": {
        "afc41c40-ee36-d29e-8322-5085cc49d1a0": 0.25,
        "7c3a9c58-c7ee-887b-42d3-95f54155ec01": 0.25,
        "ef8bf6f6-a3f5-a389-53de-79bcd7801722": 0.25,
        "47c8a4fd-a7ee-c57f-a195-6b4692cc0caa": 0.25
      },
      "regime": {
        "afc41c40-ee36-d29e-8322-5085cc49d1a0": 0.25,
        "7c3a9c58-c7ee-887b-42d3-95f54155ec01": 0.25,
        "ef8bf6f6-a3f5-a389-53de-79bcd7801722": 0.25,
        "47c8a4fd-a7ee-c57f-a195-6b4692cc0caa": 0.25
      }
    },
    {
      "step_id": "0ee50fbb-45e1-5668-a2fe-edc8aed7af03",
      "step_index": 18,
      "transition_after": "47c8a4fd-a7ee-c57f-a195-6b4692cc0caa",
      "ciav_detected": "47c8a4fd-a7ee-c57f-a195-6b4692cc0caa",
      "closure": "full_p5:same_location_fast_verification",
      "state_counts": {
        "_fast_action_events": 15,
        "_committed_events": 0,
        "_observed_events": 15
      },
      "habit": {
        "afc41c40-ee36-d29e-8322-5085cc49d1a0": 0.03125000000000001,
        "7c3a9c58-c7ee-887b-42d3-95f54155ec01": 0.03125000000000001,
        "ef8bf6f6-a3f5-a389-53de-79bcd7801722": 0.03125000000000001,
        "47c8a4fd-a7ee-c57f-a195-6b4692cc0caa": 0.90625
      },
      "fast": {
        "afc41c40-ee36-d29e-8322-5085cc49d1a0": 0.0,
        "7c3a9c58-c7ee-887b-42d3-95f54155ec01": 0.0,
        "ef8bf6f6-a3f5-a389-53de-79bcd7801722": 0.0,
        "47c8a4fd-a7ee-c57f-a195-6b4692cc0caa": 1.0
      },
      "surviving": {
        "afc41c40-ee36-d29e-8322-5085cc49d1a0": 0.25,
        "7c3a9c58-c7ee-887b-42d3-95f54155ec01": 0.25,
        "ef8bf6f6-a3f5-a389-53de-79bcd7801722": 0.25,
        "47c8a4fd-a7ee-c57f-a195-6b4692cc0caa": 0.25
      },
      "regime": {
        "afc41c40-ee36-d29e-8322-5085cc49d1a0": 0.25,
        "7c3a9c58-c7ee-887b-42d3-95f54155ec01": 0.25,
        "ef8bf6f6-a3f5-a389-53de-79bcd7801722": 0.25,
        "47c8a4fd-a7ee-c57f-a195-6b4692cc0caa": 0.25
      }
    },
    {
      "step_id": "1e6607f1-70f4-5608-a469-e0f072f7002c",
      "step_index": 19,
      "transition_after": "47c8a4fd-a7ee-c57f-a195-6b4692cc0caa",
      "ciav_detected": "47c8a4fd-a7ee-c57f-a195-6b4692cc0caa",
      "closure": "full_p5:same_location_fast_verification",
      "state_counts": {
        "_fast_action_events": 16,
        "_committed_events": 0,
        "_observed_events": 16
      },
      "habit": {
        "afc41c40-ee36-d29e-8322-5085cc49d1a0": 0.03125000000000001,
        "7c3a9c58-c7ee-887b-42d3-95f54155ec01": 0.03125000000000001,
        "ef8bf6f6-a3f5-a389-53de-79bcd7801722": 0.03125000000000001,
        "47c8a4fd-a7ee-c57f-a195-6b4692cc0caa": 0.90625
      },
      "fast": {
        "afc41c40-ee36-d29e-8322-5085cc49d1a0": 0.0,
        "7c3a9c58-c7ee-887b-42d3-95f54155ec01": 0.0,
        "ef8bf6f6-a3f5-a389-53de-79bcd7801722": 0.0,
        "47c8a4fd-a7ee-c57f-a195-6b4692cc0caa": 1.0
      },
      "surviving": {
        "afc41c40-ee36-d29e-8322-5085cc49d1a0": 0.25,
        "7c3a9c58-c7ee-887b-42d3-95f54155ec01": 0.25,
        "ef8bf6f6-a3f5-a389-53de-79bcd7801722": 0.25,
        "47c8a4fd-a7ee-c57f-a195-6b4692cc0caa": 0.25
      },
      "regime": {
        "afc41c40-ee36-d29e-8322-5085cc49d1a0": 0.25,
        "7c3a9c58-c7ee-887b-42d3-95f54155ec01": 0.25,
        "ef8bf6f6-a3f5-a389-53de-79bcd7801722": 0.25,
        "47c8a4fd-a7ee-c57f-a195-6b4692cc0caa": 0.25
      }
    },
    {
      "step_id": "ff527ec3-a9a9-5d80-86c3-1ffeb917ce63",
      "step_index": 20,
      "transition_after": "47c8a4fd-a7ee-c57f-a195-6b4692cc0caa",
      "ciav_detected": "47c8a4fd-a7ee-c57f-a195-6b4692cc0caa",
      "closure": "full_p5:same_location_fast_verification",
      "state_counts": {
        "_fast_action_events": 17,
        "_committed_events": 0,
        "_observed_events": 17
      },
      "habit": {
        "afc41c40-ee36-d29e-8322-5085cc49d1a0": 0.03125000000000001,
        "7c3a9c58-c7ee-887b-42d3-95f54155ec01": 0.03125000000000001,
        "ef8bf6f6-a3f5-a389-53de-79bcd7801722": 0.03125000000000001,
        "47c8a4fd-a7ee-c57f-a195-6b4692cc0caa": 0.90625
      },
      "fast": {
        "afc41c40-ee36-d29e-8322-5085cc49d1a0": 0.0,
        "7c3a9c58-c7ee-887b-42d3-95f54155ec01": 0.0,
        "ef8bf6f6-a3f5-a389-53de-79bcd7801722": 0.0,
        "47c8a4fd-a7ee-c57f-a195-6b4692cc0caa": 1.0
      },
      "surviving": {
        "afc41c40-ee36-d29e-8322-5085cc49d1a0": 0.25,
        "7c3a9c58-c7ee-887b-42d3-95f54155ec01": 0.25,
        "ef8bf6f6-a3f5-a389-53de-79bcd7801722": 0.25,
        "47c8a4fd-a7ee-c57f-a195-6b4692cc0caa": 0.25
      },
      "regime": {
        "afc41c40-ee36-d29e-8322-5085cc49d1a0": 0.25,
        "7c3a9c58-c7ee-887b-42d3-95f54155ec01": 0.25,
        "ef8bf6f6-a3f5-a389-53de-79bcd7801722": 0.25,
        "47c8a4fd-a7ee-c57f-a195-6b4692cc0caa": 0.25
      }
    },
    {
      "step_id": "c06d118b-20c3-546c-8444-0655f89c3c7b",
      "step_index": 21,
      "transition_after": null,
      "ciav_detected": "None",
      "closure": "negative_ciav_opceu_explicit_no_new_transition",
      "state_counts": {
        "_fast_action_events": 17,
        "_committed_events": 0,
        "_observed_events": 17
      },
      "habit": {
        "afc41c40-ee36-d29e-8322-5085cc49d1a0": 0.03125000000000001,
        "7c3a9c58-c7ee-887b-42d3-95f54155ec01": 0.03125000000000001,
        "ef8bf6f6-a3f5-a389-53de-79bcd7801722": 0.03125000000000001,
        "47c8a4fd-a7ee-c57f-a195-6b4692cc0caa": 0.90625
      },
      "fast": {
        "afc41c40-ee36-d29e-8322-5085cc49d1a0": 0.0,
        "7c3a9c58-c7ee-887b-42d3-95f54155ec01": 0.0,
        "ef8bf6f6-a3f5-a389-53de-79bcd7801722": 0.0,
        "47c8a4fd-a7ee-c57f-a195-6b4692cc0caa": 1.0
      },
      "surviving": {
        "afc41c40-ee36-d29e-8322-5085cc49d1a0": 0.25,
        "7c3a9c58-c7ee-887b-42d3-95f54155ec01": 0.25,
        "ef8bf6f6-a3f5-a389-53de-79bcd7801722": 0.25,
        "47c8a4fd-a7ee-c57f-a195-6b4692cc0caa": 0.25
      },
      "regime": {
        "afc41c40-ee36-d29e-8322-5085cc49d1a0": 0.25,
        "7c3a9c58-c7ee-887b-42d3-95f54155ec01": 0.25,
        "ef8bf6f6-a3f5-a389-53de-79bcd7801722": 0.25,
        "47c8a4fd-a7ee-c57f-a195-6b4692cc0caa": 0.25
      }
    },
    {
      "step_id": "c6f50bf5-bb0e-5c68-b84f-fc646f04dc34",
      "step_index": 22,
      "transition_after": null,
      "ciav_detected": "None",
      "closure": "negative_ciav_opceu_explicit_no_new_transition",
      "state_counts": {
        "_fast_action_events": 17,
        "_committed_events": 0,
        "_observed_events": 17
      },
      "habit": {
        "afc41c40-ee36-d29e-8322-5085cc49d1a0": 0.03125000000000001,
        "7c3a9c58-c7ee-887b-42d3-95f54155ec01": 0.03125000000000001,
        "ef8bf6f6-a3f5-a389-53de-79bcd7801722": 0.03125000000000001,
        "47c8a4fd-a7ee-c57f-a195-6b4692cc0caa": 0.90625
      },
      "fast": {
        "afc41c40-ee36-d29e-8322-5085cc49d1a0": 0.0,
        "7c3a9c58-c7ee-887b-42d3-95f54155ec01": 0.0,
        "ef8bf6f6-a3f5-a389-53de-79bcd7801722": 0.0,
        "47c8a4fd-a7ee-c57f-a195-6b4692cc0caa": 1.0
      },
      "surviving": {
        "afc41c40-ee36-d29e-8322-5085cc49d1a0": 0.25,
        "7c3a9c58-c7ee-887b-42d3-95f54155ec01": 0.25,
        "ef8bf6f6-a3f5-a389-53de-79bcd7801722": 0.25,
        "47c8a4fd-a7ee-c57f-a195-6b4692cc0caa": 0.25
      },
      "regime": {
        "afc41c40-ee36-d29e-8322-5085cc49d1a0": 0.25,
        "7c3a9c58-c7ee-887b-42d3-95f54155ec01": 0.25,
        "ef8bf6f6-a3f5-a389-53de-79bcd7801722": 0.25,
        "47c8a4fd-a7ee-c57f-a195-6b4692cc0caa": 0.25
      }
    },
    {
      "step_id": "93db8d8c-ce6e-5668-8cbd-fff2b8c579be",
      "step_index": 23,
      "transition_after": null,
      "ciav_detected": "None",
      "closure": "negative_ciav_opceu_explicit_no_new_transition",
      "state_counts": {
        "_fast_action_events": 17,
        "_committed_events": 0,
        "_observed_events": 17
      },
      "habit": {
        "afc41c40-ee36-d29e-8322-5085cc49d1a0": 0.03125000000000001,
        "7c3a9c58-c7ee-887b-42d3-95f54155ec01": 0.03125000000000001,
        "ef8bf6f6-a3f5-a389-53de-79bcd7801722": 0.03125000000000001,
        "47c8a4fd-a7ee-c57f-a195-6b4692cc0caa": 0.90625
      },
      "fast": {
        "afc41c40-ee36-d29e-8322-5085cc49d1a0": 0.0,
        "7c3a9c58-c7ee-887b-42d3-95f54155ec01": 0.0,
        "ef8bf6f6-a3f5-a389-53de-79bcd7801722": 0.0,
        "47c8a4fd-a7ee-c57f-a195-6b4692cc0caa": 1.0
      },
      "surviving": {
        "afc41c40-ee36-d29e-8322-5085cc49d1a0": 0.25,
        "7c3a9c58-c7ee-887b-42d3-95f54155ec01": 0.25,
        "ef8bf6f6-a3f5-a389-53de-79bcd7801722": 0.25,
        "47c8a4fd-a7ee-c57f-a195-6b4692cc0caa": 0.25
      },
      "regime": {
        "afc41c40-ee36-d29e-8322-5085cc49d1a0": 0.25,
        "7c3a9c58-c7ee-887b-42d3-95f54155ec01": 0.25,
        "ef8bf6f6-a3f5-a389-53de-79bcd7801722": 0.25,
        "47c8a4fd-a7ee-c57f-a195-6b4692cc0caa": 0.25
      }
    },
    {
      "step_id": "4b4507b0-57d4-54a7-8ecb-b52cfd8409fe",
      "step_index": 24,
      "transition_after": null,
      "ciav_detected": "None",
      "closure": "negative_ciav_opceu_explicit_no_new_transition",
      "state_counts": {
        "_fast_action_events": 17,
        "_committed_events": 0,
        "_observed_events": 17
      },
      "habit": {
        "afc41c40-ee36-d29e-8322-5085cc49d1a0": 0.03125000000000001,
        "7c3a9c58-c7ee-887b-42d3-95f54155ec01": 0.03125000000000001,
        "ef8bf6f6-a3f5-a389-53de-79bcd7801722": 0.03125000000000001,
        "47c8a4fd-a7ee-c57f-a195-6b4692cc0caa": 0.90625
      },
      "fast": {
        "afc41c40-ee36-d29e-8322-5085cc49d1a0": 0.0,
        "7c3a9c58-c7ee-887b-42d3-95f54155ec01": 0.0,
        "ef8bf6f6-a3f5-a389-53de-79bcd7801722": 0.0,
        "47c8a4fd-a7ee-c57f-a195-6b4692cc0caa": 1.0
      },
      "surviving": {
        "afc41c40-ee36-d29e-8322-5085cc49d1a0": 0.25,
        "7c3a9c58-c7ee-887b-42d3-95f54155ec01": 0.25,
        "ef8bf6f6-a3f5-a389-53de-79bcd7801722": 0.25,
        "47c8a4fd-a7ee-c57f-a195-6b4692cc0caa": 0.25
      },
      "regime": {
        "afc41c40-ee36-d29e-8322-5085cc49d1a0": 0.25,
        "7c3a9c58-c7ee-887b-42d3-95f54155ec01": 0.25,
        "ef8bf6f6-a3f5-a389-53de-79bcd7801722": 0.25,
        "47c8a4fd-a7ee-c57f-a195-6b4692cc0caa": 0.25
      }
    },
    {
      "step_id": "ac4fa073-b43d-5bde-86e9-9db3b07681d4",
      "step_index": 25,
      "transition_after": "47c8a4fd-a7ee-c57f-a195-6b4692cc0caa",
      "ciav_detected": "47c8a4fd-a7ee-c57f-a195-6b4692cc0caa",
      "closure": "full_p5:same_location_fast_verification",
      "state_counts": {
        "_fast_action_events": 18,
        "_committed_events": 0,
        "_observed_events": 18
      },
      "habit": {
        "afc41c40-ee36-d29e-8322-5085cc49d1a0": 0.03125000000000001,
        "7c3a9c58-c7ee-887b-42d3-95f54155ec01": 0.03125000000000001,
        "ef8bf6f6-a3f5-a389-53de-79bcd7801722": 0.03125000000000001,
        "47c8a4fd-a7ee-c57f-a195-6b4692cc0caa": 0.90625
      },
      "fast": {
        "afc41c40-ee36-d29e-8322-5085cc49d1a0": 0.0,
        "7c3a9c58-c7ee-887b-42d3-95f54155ec01": 0.0,
        "ef8bf6f6-a3f5-a389-53de-79bcd7801722": 0.0,
        "47c8a4fd-a7ee-c57f-a195-6b4692cc0caa": 1.0
      },
      "surviving": {
        "afc41c40-ee36-d29e-8322-5085cc49d1a0": 0.25,
        "7c3a9c58-c7ee-887b-42d3-95f54155ec01": 0.25,
        "ef8bf6f6-a3f5-a389-53de-79bcd7801722": 0.25,
        "47c8a4fd-a7ee-c57f-a195-6b4692cc0caa": 0.25
      },
      "regime": {
        "afc41c40-ee36-d29e-8322-5085cc49d1a0": 0.25,
        "7c3a9c58-c7ee-887b-42d3-95f54155ec01": 0.25,
        "ef8bf6f6-a3f5-a389-53de-79bcd7801722": 0.25,
        "47c8a4fd-a7ee-c57f-a195-6b4692cc0caa": 0.25
      }
    },
    {
      "step_id": "058f6274-26e8-5d2e-8d56-996013423e3e",
      "step_index": 26,
      "transition_after": null,
      "ciav_detected": "None",
      "closure": "negative_ciav_opceu_explicit_no_new_transition",
      "state_counts": {
        "_fast_action_events": 18,
        "_committed_events": 0,
        "_observed_events": 18
      },
      "habit": {
        "afc41c40-ee36-d29e-8322-5085cc49d1a0": 0.03125000000000001,
        "7c3a9c58-c7ee-887b-42d3-95f54155ec01": 0.03125000000000001,
        "ef8bf6f6-a3f5-a389-53de-79bcd7801722": 0.03125000000000001,
        "47c8a4fd-a7ee-c57f-a195-6b4692cc0caa": 0.90625
      },
      "fast": {
        "afc41c40-ee36-d29e-8322-5085cc49d1a0": 0.0,
        "7c3a9c58-c7ee-887b-42d3-95f54155ec01": 0.0,
        "ef8bf6f6-a3f5-a389-53de-79bcd7801722": 0.0,
        "47c8a4fd-a7ee-c57f-a195-6b4692cc0caa": 1.0
      },
      "surviving": {
        "afc41c40-ee36-d29e-8322-5085cc49d1a0": 0.25,
        "7c3a9c58-c7ee-887b-42d3-95f54155ec01": 0.25,
        "ef8bf6f6-a3f5-a389-53de-79bcd7801722": 0.25,
        "47c8a4fd-a7ee-c57f-a195-6b4692cc0caa": 0.25
      },
      "regime": {
        "afc41c40-ee36-d29e-8322-5085cc49d1a0": 0.25,
        "7c3a9c58-c7ee-887b-42d3-95f54155ec01": 0.25,
        "ef8bf6f6-a3f5-a389-53de-79bcd7801722": 0.25,
        "47c8a4fd-a7ee-c57f-a195-6b4692cc0caa": 0.25
      }
    },
    {
      "step_id": "317c858c-ea43-54d8-bbd8-9a1c958c26db",
      "step_index": 27,
      "transition_after": "7c3a9c58-c7ee-887b-42d3-95f54155ec01",
      "ciav_detected": "7c3a9c58-c7ee-887b-42d3-95f54155ec01",
      "closure": "full_p5:same_location_fast_verification",
      "state_counts": {
        "_fast_action_events": 19,
        "_committed_events": 0,
        "_observed_events": 19
      },
      "habit": {
        "afc41c40-ee36-d29e-8322-5085cc49d1a0": 0.03125000000000001,
        "7c3a9c58-c7ee-887b-42d3-95f54155ec01": 0.90625,
        "ef8bf6f6-a3f5-a389-53de-79bcd7801722": 0.03125000000000001,
        "47c8a4fd-a7ee-c57f-a195-6b4692cc0caa": 0.03125000000000001
      },
      "fast": {
        "afc41c40-ee36-d29e-8322-5085cc49d1a0": 0.0,
        "7c3a9c58-c7ee-887b-42d3-95f54155ec01": 1.0,
        "ef8bf6f6-a3f5-a389-53de-79bcd7801722": 0.0,
        "47c8a4fd-a7ee-c57f-a195-6b4692cc0caa": 0.0
      },
      "surviving": {
        "afc41c40-ee36-d29e-8322-5085cc49d1a0": 0.25,
        "7c3a9c58-c7ee-887b-42d3-95f54155ec01": 0.25,
        "ef8bf6f6-a3f5-a389-53de-79bcd7801722": 0.25,
        "47c8a4fd-a7ee-c57f-a195-6b4692cc0caa": 0.25
      },
      "regime": {
        "afc41c40-ee36-d29e-8322-5085cc49d1a0": 0.25,
        "7c3a9c58-c7ee-887b-42d3-95f54155ec01": 0.25,
        "ef8bf6f6-a3f5-a389-53de-79bcd7801722": 0.25,
        "47c8a4fd-a7ee-c57f-a195-6b4692cc0caa": 0.25
      }
    },
    {
      "step_id": "7d8f1235-3bfe-552e-9f04-ef5d92b8aa48",
      "step_index": 28,
      "transition_after": "7c3a9c58-c7ee-887b-42d3-95f54155ec01",
      "ciav_detected": "7c3a9c58-c7ee-887b-42d3-95f54155ec01",
      "closure": "full_p5:same_location_fast_verification",
      "state_counts": {
        "_fast_action_events": 20,
        "_committed_events": 0,
        "_observed_events": 20
      },
      "habit": {
        "afc41c40-ee36-d29e-8322-5085cc49d1a0": 0.03125000000000001,
        "7c3a9c58-c7ee-887b-42d3-95f54155ec01": 0.90625,
        "ef8bf6f6-a3f5-a389-53de-79bcd7801722": 0.03125000000000001,
        "47c8a4fd-a7ee-c57f-a195-6b4692cc0caa": 0.03125000000000001
      },
      "fast": {
        "afc41c40-ee36-d29e-8322-5085cc49d1a0": 0.0,
        "7c3a9c58-c7ee-887b-42d3-95f54155ec01": 1.0,
        "ef8bf6f6-a3f5-a389-53de-79bcd7801722": 0.0,
        "47c8a4fd-a7ee-c57f-a195-6b4692cc0caa": 0.0
      },
      "surviving": {
        "afc41c40-ee36-d29e-8322-5085cc49d1a0": 0.25,
        "7c3a9c58-c7ee-887b-42d3-95f54155ec01": 0.25,
        "ef8bf6f6-a3f5-a389-53de-79bcd7801722": 0.25,
        "47c8a4fd-a7ee-c57f-a195-6b4692cc0caa": 0.25
      },
      "regime": {
        "afc41c40-ee36-d29e-8322-5085cc49d1a0": 0.25,
        "7c3a9c58-c7ee-887b-42d3-95f54155ec01": 0.25,
        "ef8bf6f6-a3f5-a389-53de-79bcd7801722": 0.25,
        "47c8a4fd-a7ee-c57f-a195-6b4692cc0caa": 0.25
      }
    },
    {
      "step_id": "ebba8551-b107-5c13-9d36-e500d11e31ff",
      "step_index": 29,
      "transition_after": "7c3a9c58-c7ee-887b-42d3-95f54155ec01",
      "ciav_detected": "7c3a9c58-c7ee-887b-42d3-95f54155ec01",
      "closure": "full_p5:same_location_fast_verification",
      "state_counts": {
        "_fast_action_events": 21,
        "_committed_events": 0,
        "_observed_events": 21
      },
      "habit": {
        "afc41c40-ee36-d29e-8322-5085cc49d1a0": 0.03125000000000001,
        "7c3a9c58-c7ee-887b-42d3-95f54155ec01": 0.90625,
        "ef8bf6f6-a3f5-a389-53de-79bcd7801722": 0.03125000000000001,
        "47c8a4fd-a7ee-c57f-a195-6b4692cc0caa": 0.03125000000000001
      },
      "fast": {
        "afc41c40-ee36-d29e-8322-5085cc49d1a0": 0.0,
        "7c3a9c58-c7ee-887b-42d3-95f54155ec01": 1.0,
        "ef8bf6f6-a3f5-a389-53de-79bcd7801722": 0.0,
        "47c8a4fd-a7ee-c57f-a195-6b4692cc0caa": 0.0
      },
      "surviving": {
        "afc41c40-ee36-d29e-8322-5085cc49d1a0": 0.25,
        "7c3a9c58-c7ee-887b-42d3-95f54155ec01": 0.25,
        "ef8bf6f6-a3f5-a389-53de-79bcd7801722": 0.25,
        "47c8a4fd-a7ee-c57f-a195-6b4692cc0caa": 0.25
      },
      "regime": {
        "afc41c40-ee36-d29e-8322-5085cc49d1a0": 0.25,
        "7c3a9c58-c7ee-887b-42d3-95f54155ec01": 0.25,
        "ef8bf6f6-a3f5-a389-53de-79bcd7801722": 0.25,
        "47c8a4fd-a7ee-c57f-a195-6b4692cc0caa": 0.25
      }
    },
    {
      "step_id": "9abd75c1-4ccd-5aa8-91c5-19ef705a1abc",
      "step_index": 30,
      "transition_after": "7c3a9c58-c7ee-887b-42d3-95f54155ec01",
      "ciav_detected": "7c3a9c58-c7ee-887b-42d3-95f54155ec01",
      "closure": "full_p5:same_location_fast_verification",
      "state_counts": {
        "_fast_action_events": 22,
        "_committed_events": 0,
        "_observed_events": 22
      },
      "habit": {
        "afc41c40-ee36-d29e-8322-5085cc49d1a0": 0.03125000000000001,
        "7c3a9c58-c7ee-887b-42d3-95f54155ec01": 0.90625,
        "ef8bf6f6-a3f5-a389-53de-79bcd7801722": 0.03125000000000001,
        "47c8a4fd-a7ee-c57f-a195-6b4692cc0caa": 0.03125000000000001
      },
      "fast": {
        "afc41c40-ee36-d29e-8322-5085cc49d1a0": 0.0,
        "7c3a9c58-c7ee-887b-42d3-95f54155ec01": 1.0,
        "ef8bf6f6-a3f5-a389-53de-79bcd7801722": 0.0,
        "47c8a4fd-a7ee-c57f-a195-6b4692cc0caa": 0.0
      },
      "surviving": {
        "afc41c40-ee36-d29e-8322-5085cc49d1a0": 0.25,
        "7c3a9c58-c7ee-887b-42d3-95f54155ec01": 0.25,
        "ef8bf6f6-a3f5-a389-53de-79bcd7801722": 0.25,
        "47c8a4fd-a7ee-c57f-a195-6b4692cc0caa": 0.25
      },
      "regime": {
        "afc41c40-ee36-d29e-8322-5085cc49d1a0": 0.25,
        "7c3a9c58-c7ee-887b-42d3-95f54155ec01": 0.25,
        "ef8bf6f6-a3f5-a389-53de-79bcd7801722": 0.25,
        "47c8a4fd-a7ee-c57f-a195-6b4692cc0caa": 0.25
      }
    },
    {
      "step_id": "9002768c-16d6-5625-8868-2ace1b82a6c6",
      "step_index": 31,
      "transition_after": null,
      "ciav_detected": "None",
      "closure": "negative_ciav_opceu_explicit_no_new_transition",
      "state_counts": {
        "_fast_action_events": 22,
        "_committed_events": 0,
        "_observed_events": 22
      },
      "habit": {
        "afc41c40-ee36-d29e-8322-5085cc49d1a0": 0.03125000000000001,
        "7c3a9c58-c7ee-887b-42d3-95f54155ec01": 0.90625,
        "ef8bf6f6-a3f5-a389-53de-79bcd7801722": 0.03125000000000001,
        "47c8a4fd-a7ee-c57f-a195-6b4692cc0caa": 0.03125000000000001
      },
      "fast": {
        "afc41c40-ee36-d29e-8322-5085cc49d1a0": 0.0,
        "7c3a9c58-c7ee-887b-42d3-95f54155ec01": 1.0,
        "ef8bf6f6-a3f5-a389-53de-79bcd7801722": 0.0,
        "47c8a4fd-a7ee-c57f-a195-6b4692cc0caa": 0.0
      },
      "surviving": {
        "afc41c40-ee36-d29e-8322-5085cc49d1a0": 0.25,
        "7c3a9c58-c7ee-887b-42d3-95f54155ec01": 0.25,
        "ef8bf6f6-a3f5-a389-53de-79bcd7801722": 0.25,
        "47c8a4fd-a7ee-c57f-a195-6b4692cc0caa": 0.25
      },
      "regime": {
        "afc41c40-ee36-d29e-8322-5085cc49d1a0": 0.25,
        "7c3a9c58-c7ee-887b-42d3-95f54155ec01": 0.25,
        "ef8bf6f6-a3f5-a389-53de-79bcd7801722": 0.25,
        "47c8a4fd-a7ee-c57f-a195-6b4692cc0caa": 0.25
      }
    }
  ]
}
