F..
=================================== FAILURES ===================================
__________ test_loaded_production_functions_equal_fresh_frozen_source __________

    def test_loaded_production_functions_equal_fresh_frozen_source():
        checked = 0
        for module in (prototype_spine, structure_two_particle_workspace, structure_two_semantic_identity):
            path = Path(module.__file__).resolve()
            assert path.is_relative_to(ROOT / 'src')
            compiled = compile(path.read_bytes(), str(path), 'exec', dont_inherit=True)
            codes = {}
            def walk(code):
                codes.setdefault(code.co_qualname, []).append(code)
                for child in code.co_consts:
                    if isinstance(child, types.CodeType): walk(child)
            walk(compiled)
            for obj in vars(module).values():
                values = vars(obj).values() if inspect.isclass(obj) and obj.__module__ == module.__name__ else (obj,)
                for value in values:
                    if isinstance(value, (staticmethod, classmethod)): value = value.__func__
                    if isinstance(value, property): value = value.fget
                    while inspect.isfunction(value) and value.__module__ == module.__name__:
>                       assert value.__code__ in codes[value.__code__.co_qualname]
                                                 ^^^^^^^^^^^^^^^^^^^^^^^^^^^^^^^^^
E                       KeyError: '__create_fn__.<locals>.__hash__'

../cpswm-continuous-b-review/test_receiver.py:30: KeyError
=========================== short test summary info ============================
FAILED ../cpswm-continuous-b-review/test_receiver.py::test_loaded_production_functions_equal_fresh_frozen_source
1 failed, 2 passed in 2.22s
