ACTUAL_SOURCE /private/tmp/cpswm-hfd-alignment-before-20260926/src/cpswm/data_preflight/hfd_observation_alignment.py
FF                                                                       [100%]
=================================== FAILURES ===================================
________ test_outcome_sort_order_cannot_encode_answers_in_import_times _________

tmp_path = PosixPath('/private/var/folders/x2/000r8p0n6s393lj2sg8wk5f40000gn/T/pytest-of-pangwei/pytest-2156/test_outcome_sort_order_cannot0')
monkeypatch = <_pytest.monkeypatch.MonkeyPatch object at 0x10d0ab360>

    def test_outcome_sort_order_cannot_encode_answers_in_import_times(tmp_path, monkeypatch):
        args, _ = fixture(tmp_path, monkeypatch)
        manifest = json.loads((args["intake"] / "manifest.json").read_bytes())
        files, _ = module.alignment_artifacts(args["intake"], manifest, imported_at=NOW)
        changed = copy.deepcopy(manifest)
        for row in changed["report"]["trials"]:
            row["outcome"] = 3 - row["outcome"]
        other, _ = module.alignment_artifacts(args["intake"], changed, imported_at=NOW)
    
        # Compare the clocks separately, so a random metadata UUID cannot hide
        # a real outcome-order channel in a before-fix reproduction.
        def clock_values(items):
            return {
                k: (json.loads(v)["capture_time"], json.loads(v)["arrival_time"])
                for k, v in items.items()
                if k.endswith(".envelope.json")
            }
    
>       assert clock_values(files) == clock_values(other)
E       AssertionError: assert {'runtime/e8a...00003Z'), ...} == {'runtime/698...00003Z'), ...}
E         
E         Differing items:
E         {'runtime/e8a0ccb7824a2fe73dfbc0016a72b2ea6e3274fd9664b3c9f2f88193d5b7cd63/000001.envelope.json': ('2026-09-26T12:30:00.000001Z', '2026-09-26T12:30:00.000001Z')} != {'runtime/e8a0ccb7824a2fe73dfbc0016a72b2ea6e3274fd9664b3c9f2f88193d5b7cd63/000001.envelope.json': ('2026-09-26T12:30:00.000004Z', '2026-09-26T12:30:00.000004Z')}
E         {'runtime/e8a0ccb7824a2fe73dfbc0016a72b2ea6e3274fd9664b3c9f2f88193d5b7cd63/000000.envelope.json': ('2026-09-26T12:30:00Z', '2026-09-26T12:30:00Z')} != {'runtime/e8a0ccb7824a2fe73dfbc0016a72b2ea6e3274fd9664b3c9f2f88193d5b7cd63/000000.e...
E         
E         ...Full output truncated (6 lines hidden), use '-vv' to show

../cpswm-pc-a-hfd-observation-alignment-20260926/docs/reviews/pc_a/hfd_observation_alignment_2026-09-26/audit_alignment_second.py:110: AssertionError
_ test_duplicate_sensor_source_does_not_create_two_labelled_training_examples __

tmp_path = PosixPath('/private/var/folders/x2/000r8p0n6s393lj2sg8wk5f40000gn/T/pytest-of-pangwei/pytest-2156/test_duplicate_sensor_source_d0')
monkeypatch = <_pytest.monkeypatch.MonkeyPatch object at 0x11c5043e0>

    def test_duplicate_sensor_source_does_not_create_two_labelled_training_examples(
        tmp_path, monkeypatch
    ):
        archive, metadata, intake = fixture_archive(tmp_path, monkeypatch)
        intake_module.inspect_full_training(archive, metadata, intake)
        output = tmp_path / "alias"
>       with pytest.raises(ValueError, match="duplicate sensor source"):
             ^^^^^^^^^^^^^^^^^^^^^^^^^^^^^^^^^^^^^^^^^^^^^^^^^^^^^^^^^^
E       Failed: DID NOT RAISE ValueError

../cpswm-pc-a-hfd-observation-alignment-20260926/docs/reviews/pc_a/hfd_observation_alignment_2026-09-26/audit_alignment_second.py:128: Failed
=============================== warnings summary ===============================
../cpswm-pc-a-hfd-observation-alignment-20260926/.venv/lib/python3.13/site-packages/_pytest/cacheprovider.py:469
  /private/tmp/cpswm-pc-a-hfd-observation-alignment-20260926/.venv/lib/python3.13/site-packages/_pytest/cacheprovider.py:469: PytestCacheWarning: could not create cache path /dev/.pytest_cache/v/cache/nodeids: [Errno 1] Operation not permitted: '/dev/pytest-cache-files-lk72vivo'
    config.cache.set("cache/nodeids", sorted(self.cached_nodeids))

../cpswm-pc-a-hfd-observation-alignment-20260926/.venv/lib/python3.13/site-packages/_pytest/cacheprovider.py:423
  /private/tmp/cpswm-pc-a-hfd-observation-alignment-20260926/.venv/lib/python3.13/site-packages/_pytest/cacheprovider.py:423: PytestCacheWarning: could not create cache path /dev/.pytest_cache/v/cache/lastfailed: [Errno 1] Operation not permitted: '/dev/pytest-cache-files-qq_xw9di'
    config.cache.set("cache/lastfailed", self.lastfailed)

-- Docs: https://docs.pytest.org/en/stable/how-to/capture-warnings.html
=========================== short test summary info ============================
FAILED ../../../dev::test_outcome_sort_order_cannot_encode_answers_in_import_times
FAILED ../../../dev::test_duplicate_sensor_source_does_not_create_two_labelled_training_examples
2 failed, 12 deselected, 2 warnings in 0.32s
