{
  "configured": {
    "semantic_record_id": "99fd672c-a65e-60d7-e862-3ee0c3ea9f11",
    "candidate": {
      "method": "CONTROLLED_FIXED_PUBLIC_BOX",
      "id": "00000000-0000-0000-0000-000000000386",
      "box": [
        0.0,
        0.0,
        4.0,
        4.0
      ]
    },
    "seed_uv": [
      0,
      0
    ],
    "enabled": true
  },
  "selected": "7601f15f-8689-57e1-a1b4-31412a7c9ef0",
  "sources": [
    {
      "after": "4f70bb24-2341-b21f-85d6-10cda7876102",
      "before": "28aba198-40fe-ea13-071e-c892386faaba",
      "revision": "cae8d090-55f2-5ed6-aecf-8106a56fef30",
      "time": "2026-01-01 08:10:00+00:00"
    },
    {
      "after": "94f25b99-e66e-5188-b7fe-ec4e9c18438b",
      "before": "4f70bb24-2341-b21f-85d6-10cda7876102",
      "revision": "cc0421c3-3a28-54e6-95f0-2c9716cb80b0",
      "time": "2026-01-01 08:11:00+00:00"
    },
    {
      "after": "99fd672c-a65e-60d7-e862-3ee0c3ea9f11",
      "before": "9febb8d8-4836-fd2b-aa01-c5b8f73505cc",
      "revision": "ebdd8b83-f013-5728-bbfa-2ffb2140776d",
      "time": "2026-01-02 08:10:00+00:00"
    },
    {
      "after": "7601f15f-8689-57e1-a1b4-31412a7c9ef0",
      "before": "99fd672c-a65e-60d7-e862-3ee0c3ea9f11",
      "revision": "5f8b03e1-a3e9-5d9a-a1a7-9df368a58cc7",
      "time": "2026-01-02 08:11:00+00:00"
    },
    {
      "after": "9fa4c1a9-599b-a97e-3241-83dcdab198ec",
      "before": "ce027149-c54a-3b94-fd99-4223ecfa1c92",
      "revision": "75aba253-9999-572e-b3ff-e2f75f4c4ccf",
      "time": "2026-01-03 08:10:00+00:00"
    },
    {
      "after": "2afed51a-e14e-5af9-a091-424181b90392",
      "before": "9fa4c1a9-599b-a97e-3241-83dcdab198ec",
      "revision": "e89ed605-3c47-5da4-aac8-2b365b587c3b",
      "time": "2026-01-03 08:11:00+00:00"
    }
  ],
  "committed": [
    {
      "record": "94f25b99-e66e-5188-b7fe-ec4e9c18438b",
      "revision": "cc0421c3-3a28-54e6-95f0-2c9716cb80b0",
      "time": "2026-01-01 08:11:00+00:00",
      "belief": "19eabdb8-2336-4bd0-ba62-9e0c7e82779f"
    }
  ],
  "observed": [
    {
      "record": "4f70bb24-2341-b21f-85d6-10cda7876102",
      "revision": "cae8d090-55f2-5ed6-aecf-8106a56fef30",
      "time": "2026-01-01 08:10:00+00:00",
      "belief": "None",
      "bindings": "()"
    },
    {
      "record": "94f25b99-e66e-5188-b7fe-ec4e9c18438b",
      "revision": "cc0421c3-3a28-54e6-95f0-2c9716cb80b0",
      "time": "2026-01-01 08:11:00+00:00",
      "belief": "None",
      "bindings": "(_PublishedRevisionBinding(location_id=UUID('9c497f2d-ab07-50f8-be91-f3a05a57ddf7'), snapshot_id=UUID('19eabdb8-2336-4bd0-ba62-9e0c7e82779f'), map_version=1, observation_count=2),)"
    },
    {
      "record": "99fd672c-a65e-60d7-e862-3ee0c3ea9f11",
      "revision": "ebdd8b83-f013-5728-bbfa-2ffb2140776d",
      "time": "2026-01-02 08:10:00+00:00",
      "belief": "None",
      "bindings": "()"
    },
    {
      "record": "7601f15f-8689-57e1-a1b4-31412a7c9ef0",
      "revision": "5f8b03e1-a3e9-5d9a-a1a7-9df368a58cc7",
      "time": "2026-01-02 08:11:00+00:00",
      "belief": "None",
      "bindings": "()"
    },
    {
      "record": "9fa4c1a9-599b-a97e-3241-83dcdab198ec",
      "revision": "75aba253-9999-572e-b3ff-e2f75f4c4ccf",
      "time": "2026-01-03 08:10:00+00:00",
      "belief": "None",
      "bindings": "()"
    },
    {
      "record": "2afed51a-e14e-5af9-a091-424181b90392",
      "revision": "e89ed605-3c47-5da4-aac8-2b365b587c3b",
      "time": "2026-01-03 08:11:00+00:00",
      "belief": "None",
      "bindings": "()"
    }
  ]
}
