Timeout (0:00:15)!
Thread 0x00000001f44e58c0 (most recent call first):
  File "<frozen importlib._bootstrap_external>", line 1131 in get_data
  File "<frozen importlib._bootstrap_external>", line 1032 in get_code
  File "<frozen importlib._bootstrap_external>", line 936 in exec_module
  File "<frozen importlib._bootstrap>", line 690 in _load_unlocked
  File "<frozen importlib._bootstrap>", line 1147 in _find_and_load_unlocked
  File "<frozen importlib._bootstrap>", line 1176 in _find_and_load
  File "/Users/pangwei/Documents/ai/continual-personalized-semantic-world-model/.venv-ai2thor/lib/python3.11/site-packages/urllib3/util/request.py", line 10 in <module>
  File "<frozen importlib._bootstrap>", line 241 in _call_with_frames_removed
  File "<frozen importlib._bootstrap_external>", line 940 in exec_module
  File "<frozen importlib._bootstrap>", line 690 in _load_unlocked
  File "<frozen importlib._bootstrap>", line 1147 in _find_and_load_unlocked
  File "<frozen importlib._bootstrap>", line 1176 in _find_and_load
  File "/Users/pangwei/Documents/ai/continual-personalized-semantic-world-model/.venv-ai2thor/lib/python3.11/site-packages/urllib3/util/__init__.py", line 5 in <module>
  File "<frozen importlib._bootstrap>", line 241 in _call_with_frames_removed
  File "<frozen importlib._bootstrap_external>", line 940 in exec_module
  File "<frozen importlib._bootstrap>", line 690 in _load_unlocked
  File "<frozen importlib._bootstrap>", line 1147 in _find_and_load_unlocked
  File "<frozen importlib._bootstrap>", line 1176 in _find_and_load
  File "<frozen importlib._bootstrap>", line 241 in _call_with_frames_removed
  File "<frozen importlib._bootstrap>", line 1126 in _find_and_load_unlocked
  File "<frozen importlib._bootstrap>", line 1176 in _find_and_load
  File "/Users/pangwei/Documents/ai/continual-personalized-semantic-world-model/.venv-ai2thor/lib/python3.11/site-packages/urllib3/_base_connection.py", line 5 in <module>
  File "<frozen importlib._bootstrap>", line 241 in _call_with_frames_removed
  File "<frozen importlib._bootstrap_external>", line 940 in exec_module
  File "<frozen importlib._bootstrap>", line 690 in _load_unlocked
  File "<frozen importlib._bootstrap>", line 1147 in _find_and_load_unlocked
  File "<frozen importlib._bootstrap>", line 1176 in _find_and_load
  File "/Users/pangwei/Documents/ai/continual-personalized-semantic-world-model/.venv-ai2thor/lib/python3.11/site-packages/urllib3/__init__.py", line 15 in <module>
  File "<frozen importlib._bootstrap>", line 241 in _call_with_frames_removed
  File "<frozen importlib._bootstrap_external>", line 940 in exec_module
  File "<frozen importlib._bootstrap>", line 690 in _load_unlocked
  File "<frozen importlib._bootstrap>", line 1147 in _find_and_load_unlocked
  File "<frozen importlib._bootstrap>", line 1176 in _find_and_load
  File "/Users/pangwei/Documents/ai/continual-personalized-semantic-world-model/.venv-ai2thor/lib/python3.11/site-packages/botocore/compat.py", line 32 in <module>
  File "<frozen importlib._bootstrap>", line 241 in _call_with_frames_removed
  File "<frozen importlib._bootstrap_external>", line 940 in exec_module
  File "<frozen importlib._bootstrap>", line 690 in _load_unlocked
  File "<frozen importlib._bootstrap>", line 1147 in _find_and_load_unlocked
  File "<frozen importlib._bootstrap>", line 1176 in _find_and_load
  File "/Users/pangwei/Documents/ai/continual-personalized-semantic-world-model/.venv-ai2thor/lib/python3.11/site-packages/botocore/docs/bcdoc/restdoc.py", line 17 in <module>
  File "<frozen importlib._bootstrap>", line 241 in _call_with_frames_removed
  File "<frozen importlib._bootstrap_external>", line 940 in exec_module
  File "<frozen importlib._bootstrap>", line 690 in _load_unlocked
  File "<frozen importlib._bootstrap>", line 1147 in _find_and_load_unlocked
  File "<frozen importlib._bootstrap>", line 1176 in _find_and_load
  File "/Users/pangwei/Documents/ai/continual-personalized-semantic-world-model/.venv-ai2thor/lib/python3.11/site-packages/botocore/docs/service.py", line 13 in <module>
  File "<frozen importlib._bootstrap>", line 241 in _call_with_frames_removed
  File "<frozen importlib._bootstrap_external>", line 940 in exec_module
  File "<frozen importlib._bootstrap>", line 690 in _load_unlocked
  File "<frozen importlib._bootstrap>", line 1147 in _find_and_load_unlocked
  File "<frozen importlib._bootstrap>", line 1176 in _find_and_load
  File "/Users/pangwei/Documents/ai/continual-personalized-semantic-world-model/.venv-ai2thor/lib/python3.11/site-packages/botocore/docs/__init__.py", line 15 in <module>
  File "<frozen importlib._bootstrap>", line 241 in _call_with_frames_removed
  File "<frozen importlib._bootstrap_external>", line 940 in exec_module
  File "<frozen importlib._bootstrap>", line 690 in _load_unlocked
  File "<frozen importlib._bootstrap>", line 1147 in _find_and_load_unlocked
  File "<frozen importlib._bootstrap>", line 1176 in _find_and_load
  File "<frozen importlib._bootstrap>", line 241 in _call_with_frames_removed
  File "<frozen importlib._bootstrap>", line 1126 in _find_and_load_unlocked
  File "<frozen importlib._bootstrap>", line 1176 in _find_and_load
  File "/Users/pangwei/Documents/ai/continual-personalized-semantic-world-model/.venv-ai2thor/lib/python3.11/site-packages/botocore/waiter.py", line 20 in <module>
  File "<frozen importlib._bootstrap>", line 241 in _call_with_frames_removed
  File "<frozen importlib._bootstrap_external>", line 940 in exec_module
  File "<frozen importlib._bootstrap>", line 690 in _load_unlocked
  File "<frozen importlib._bootstrap>", line 1147 in _find_and_load_unlocked
  File "<frozen importlib._bootstrap>", line 1176 in _find_and_load
  File "<frozen importlib._bootstrap>", line 241 in _call_with_frames_removed
  File "<frozen importlib._bootstrap>", line 1232 in _handle_fromlist
  File "/Users/pangwei/Documents/ai/continual-personalized-semantic-world-model/.venv-ai2thor/lib/python3.11/site-packages/botocore/client.py", line 15 in <module>
  File "<frozen importlib._bootstrap>", line 241 in _call_with_frames_removed
  File "<frozen importlib._bootstrap_external>", line 940 in exec_module
  File "<frozen importlib._bootstrap>", line 690 in _load_unlocked
  File "<frozen importlib._bootstrap>", line 1147 in _find_and_load_unlocked
  File "<frozen importlib._bootstrap>", line 1176 in _find_and_load
  File "/Users/pangwei/Documents/ai/continual-personalized-semantic-world-model/.venv-ai2thor/lib/python3.11/site-packages/botocore/session.py", line 26 in <module>
  File "<frozen importlib._bootstrap>", line 241 in _call_with_frames_removed
  File "<frozen importlib._bootstrap_external>", line 940 in exec_module
  File "<frozen importlib._bootstrap>", line 690 in _load_unlocked
  File "<frozen importlib._bootstrap>", line 1147 in _find_and_load_unlocked
  File "<frozen importlib._bootstrap>", line 1176 in _find_and_load
  File "/Users/pangwei/Documents/ai/continual-personalized-semantic-world-model/.venv-ai2thor/lib/python3.11/site-packages/aws_requests_auth/boto_utils.py", line 7 in <module>
  File "<frozen importlib._bootstrap>", line 241 in _call_with_frames_removed
  File "<frozen importlib._bootstrap_external>", line 940 in exec_module
  File "<frozen importlib._bootstrap>", line 690 in _load_unlocked
  File "<frozen importlib._bootstrap>", line 1147 in _find_and_load_unlocked
  File "<frozen importlib._bootstrap>", line 1176 in _find_and_load
  File "/Users/pangwei/Documents/ai/continual-personalized-semantic-world-model/.venv-ai2thor/lib/python3.11/site-packages/ai2thor/build.py", line 1 in <module>
  File "<frozen importlib._bootstrap>", line 241 in _call_with_frames_removed
  File "<frozen importlib._bootstrap_external>", line 940 in exec_module
  File "<frozen importlib._bootstrap>", line 690 in _load_unlocked
  File "<frozen importlib._bootstrap>", line 1147 in _find_and_load_unlocked
  File "<frozen importlib._bootstrap>", line 1176 in _find_and_load
  File "/Users/pangwei/Documents/ai/continual-personalized-semantic-world-model/.venv-ai2thor/lib/python3.11/site-packages/ai2thor/controller.py", line 34 in <module>
  File "<frozen importlib._bootstrap>", line 241 in _call_with_frames_removed
  File "<frozen importlib._bootstrap_external>", line 940 in exec_module
  File "<frozen importlib._bootstrap>", line 690 in _load_unlocked
  File "<frozen importlib._bootstrap>", line 1147 in _find_and_load_unlocked
  File "<frozen importlib._bootstrap>", line 1176 in _find_and_load
  File "<string>", line 1 in <module>
controller_import_seconds 122.17299500014633
