{
  "format": "hfd-original-frame-alignment@1",
  "policy": "first_lexical_trial_per_author_direction_outcome;four_uniform_original_indices@1",
  "intake_manifest_sha256": "e4362769c9f44f02b5a6e055897ef487322b832101a79018034f2d9d8fbe6502",
  "imported_at": "2026-09-26T12:16:18.677671+00:00",
  "selection_uses_author_outcomes_for_development_stratification": true,
  "enrolled_trials": 337,
  "accepted_trials": 337,
  "accepted_source_frames": 141462,
  "quarantined_trials": [],
  "selected_trials": [
    {
      "trial": "trial0005",
      "task": "human to robot handover",
      "outcome": 0,
      "source_frames": 249,
      "selected_original_indices": [
        0,
        82,
        165,
        248
      ]
    },
    {
      "trial": "trial0008",
      "task": "human to robot handover",
      "outcome": 1,
      "source_frames": 503,
      "selected_original_indices": [
        0,
        167,
        334,
        502
      ]
    },
    {
      "trial": "trial0015",
      "task": "human to robot handover",
      "outcome": 2,
      "source_frames": 251,
      "selected_original_indices": [
        0,
        83,
        166,
        250
      ]
    },
    {
      "trial": "trial0000",
      "task": "human to robot handover",
      "outcome": 3,
      "source_frames": 313,
      "selected_original_indices": [
        0,
        104,
        208,
        312
      ]
    },
    {
      "trial": "trial0003",
      "task": "robot to human handover",
      "outcome": 0,
      "source_frames": 482,
      "selected_original_indices": [
        0,
        160,
        320,
        481
      ]
    },
    {
      "trial": "trial0002",
      "task": "robot to human handover",
      "outcome": 1,
      "source_frames": 584,
      "selected_original_indices": [
        0,
        194,
        388,
        583
      ]
    },
    {
      "trial": "trial0042",
      "task": "robot to human handover",
      "outcome": 2,
      "source_frames": 317,
      "selected_original_indices": [
        0,
        105,
        210,
        316
      ]
    },
    {
      "trial": "trial0009",
      "task": "robot to human handover",
      "outcome": 3,
      "source_frames": 297,
      "selected_original_indices": [
        0,
        98,
        197,
        296
      ]
    }
  ],
  "selected_frames": 32,
  "sampled_accuracy_or_population_estimate": false,
  "retrospective_sampling_not_online_policy": true,
  "runtime_event_clock": "import_order_not_physical_event_duration",
  "pixel_annotation_overlay_audit": "NOT_ESTABLISHED_BY_THIS_ADAPTER",
  "complete_proposal_targets": 0,
  "full_proposal_training_ready": false,
  "independent_contact_identity_pose_calibration": false,
  "native_publication_authorized": false
}
