{
  "runtime_manifest_sha256": "dd390ce5b0b05035ea42aaed4531817629d2598a4b4a94d70f5dcfd0724cdcc5",
  "input_frames": 32,
  "sequences": [
    {
      "sequence": "6b4616fe82a5cf3e037fc1d45127b2d99311e6e6ff38e70d8d5c6d4428642b58",
      "frames": 4,
      "support": {
        "status": "COMPLETE_SUPPORT_GENERATED",
        "candidate_count": 1365,
        "generation": {
          "analytic_updates_computed": false,
          "bootstrap": true,
          "candidate_count": 1365,
          "complete_within_declared_discrete_grammar": true,
          "context_sha256": "17ed8fe896b76c59a2b0816565cfb05db01677a6be56ff3f3fbe0d0f3e80e503",
          "continuous_or_open_world_support_complete": false,
          "current_active_parents": 0,
          "delayed_evidence": false,
          "event_time_grid": [
            "2026-09-26T12:16:18.677671+00:00",
            "2026-09-26T12:16:18.677672+00:00",
            "2026-09-26T12:16:18.677673+00:00",
            "2026-09-26T12:16:18.677674+00:00"
          ],
          "grammar": "observed-time-complete-event-grammar-development@1",
          "ledger_authorized": false,
          "native_publication_authorized": false,
          "operation_counts": {
            "preserve_unresolved": 1365
          },
          "posterior_accuracy_calibrated": false,
          "retracted_parents": 0,
          "source_records": [
            {
              "content_sha256": "c7763c330e19f3950f56dfbf13ed3f1cd77196b567b8920495a2d092a8a8f5bd",
              "received_at": "2026-09-26T12:16:18.677671+00:00",
              "record_id": "b4d7b788-c3c2-5b8b-8ee2-a1d576f920bc"
            },
            {
              "content_sha256": "13b6a6bcd52c9af395acb29b55b1bc8547174b4fa932d0ffa03ad1607152bcdd",
              "received_at": "2026-09-26T12:16:18.677672+00:00",
              "record_id": "29b353d7-21f3-5bdc-8343-ef42c9cbad69"
            },
            {
              "content_sha256": "0021b158837f835fc5fb802955b6a3ce2181ee158ef77e450275cbd5607e6682",
              "received_at": "2026-09-26T12:16:18.677673+00:00",
              "record_id": "ce3f6c90-e4c4-58c5-a432-653fea70a263"
            },
            {
              "content_sha256": "2eb6e59c459659a3aac3f63c202f264bd3340954316d8037ff5ff7ced998a7e4",
              "received_at": "2026-09-26T12:16:18.677674+00:00",
              "record_id": "c20c3e88-500d-5061-9215-1cdfcd2b2489"
            }
          ],
          "truncated": false
        }
      },
      "core_ledger_unchanged": true,
      "execution_traces": 0
    },
    {
      "sequence": "6d2bba5f7e94dfc49a2e1450d45c8ae0509995dc6500066a3d3803d9f00b11f1",
      "frames": 4,
      "support": {
        "status": "COMPLETE_SUPPORT_GENERATED",
        "candidate_count": 2365,
        "generation": {
          "analytic_updates_computed": false,
          "bootstrap": true,
          "candidate_count": 2365,
          "complete_within_declared_discrete_grammar": true,
          "context_sha256": "d532d8c0f31758544ef3dd3c0ccabd26b16c863a01b384d9ca127f777f99da35",
          "continuous_or_open_world_support_complete": false,
          "current_active_parents": 0,
          "delayed_evidence": false,
          "event_time_grid": [
            "2026-09-26T12:16:18.677671+00:00",
            "2026-09-26T12:16:18.677672+00:00",
            "2026-09-26T12:16:18.677673+00:00",
            "2026-09-26T12:16:18.677674+00:00"
          ],
          "grammar": "observed-time-complete-event-grammar-development@1",
          "ledger_authorized": false,
          "native_publication_authorized": false,
          "operation_counts": {
            "preserve_unresolved": 2365
          },
          "posterior_accuracy_calibrated": false,
          "retracted_parents": 0,
          "source_records": [
            {
              "content_sha256": "c2da6a55ad61b85f33a575b7724c8f19d75f8c39c0ac0ace2ef375b62de024d8",
              "received_at": "2026-09-26T12:16:18.677671+00:00",
              "record_id": "d8a62782-ce68-5534-bd02-320f7f7df654"
            },
            {
              "content_sha256": "d7cbc29eee2e0865d167955c02c9d3772d939e0f3b793eb0b945c61e06323a3f",
              "received_at": "2026-09-26T12:16:18.677672+00:00",
              "record_id": "cbdfea8d-183a-5e12-b318-a37ee46a217b"
            },
            {
              "content_sha256": "9fe91bbf3a450803a79d03c9a681beebee9f6224a5c3f4c13f942cf5e300e4da",
              "received_at": "2026-09-26T12:16:18.677673+00:00",
              "record_id": "8649faaf-d288-5451-8a37-bfb342bba955"
            },
            {
              "content_sha256": "af63f65d97f91ff9a183a39583caf5065d0b30531793b4e1fdae92cff359abcc",
              "received_at": "2026-09-26T12:16:18.677674+00:00",
              "record_id": "63c20c4f-94ee-5486-8495-9b6703e1ccb0"
            }
          ],
          "truncated": false
        }
      },
      "core_ledger_unchanged": true,
      "execution_traces": 0
    },
    {
      "sequence": "9f75bafb357a863e4740e6c1f430b26c9f55cb5aac03731dd33e4b1e38916179",
      "frames": 4,
      "support": {
        "status": "COMPLETE_SUPPORT_GENERATED",
        "candidate_count": 1224,
        "generation": {
          "analytic_updates_computed": false,
          "bootstrap": true,
          "candidate_count": 1224,
          "complete_within_declared_discrete_grammar": true,
          "context_sha256": "3d0bf2d1496033aebc0c924b8c73158a26b403cb904e0a247f8867ef701010ca",
          "continuous_or_open_world_support_complete": false,
          "current_active_parents": 0,
          "delayed_evidence": false,
          "event_time_grid": [
            "2026-09-26T12:16:18.677671+00:00",
            "2026-09-26T12:16:18.677672+00:00",
            "2026-09-26T12:16:18.677673+00:00",
            "2026-09-26T12:16:18.677674+00:00"
          ],
          "grammar": "observed-time-complete-event-grammar-development@1",
          "ledger_authorized": false,
          "native_publication_authorized": false,
          "operation_counts": {
            "preserve_unresolved": 1224
          },
          "posterior_accuracy_calibrated": false,
          "retracted_parents": 0,
          "source_records": [
            {
              "content_sha256": "1dcfd6ab005128ae0d1262ca74f3fd289d4ebd767e16e2a958004640aa6185f9",
              "received_at": "2026-09-26T12:16:18.677671+00:00",
              "record_id": "68658314-379c-574d-95b1-81f82578a2a4"
            },
            {
              "content_sha256": "9a80bd3e60fd8ed5d4ed56b49aa7c19706a1cdcc1a8d5108c1b4470611abe8bf",
              "received_at": "2026-09-26T12:16:18.677672+00:00",
              "record_id": "c4dbac29-98d4-5b32-b771-2b463411762c"
            },
            {
              "content_sha256": "349f42e830f7b487de949a327a7d5081ac1732d293223a69cd77a234108c8979",
              "received_at": "2026-09-26T12:16:18.677673+00:00",
              "record_id": "e536dc69-41c4-54a2-86c3-b5900f77e93b"
            },
            {
              "content_sha256": "2bc5623a56a4244e229dad0785ce31b026ca37857e14112c8a2924224f0c832a",
              "received_at": "2026-09-26T12:16:18.677674+00:00",
              "record_id": "151ad299-0757-5a88-8bfa-3d893418d993"
            }
          ],
          "truncated": false
        }
      },
      "core_ledger_unchanged": true,
      "execution_traces": 0
    },
    {
      "sequence": "a9b8e18f232ef20eed82c7edcb3b8c1151e1be77d1e2869e8397ed32a3b3ca7f",
      "frames": 4,
      "support": {
        "status": "COMPLETE_SUPPORT_GENERATED",
        "candidate_count": 1870,
        "generation": {
          "analytic_updates_computed": false,
          "bootstrap": true,
          "candidate_count": 1870,
          "complete_within_declared_discrete_grammar": true,
          "context_sha256": "a9acc7393053fdf9f7e2bb571d99f03d1ca98102e74724cd1fb7337b87f09215",
          "continuous_or_open_world_support_complete": false,
          "current_active_parents": 0,
          "delayed_evidence": false,
          "event_time_grid": [
            "2026-09-26T12:16:18.677671+00:00",
            "2026-09-26T12:16:18.677672+00:00",
            "2026-09-26T12:16:18.677673+00:00",
            "2026-09-26T12:16:18.677674+00:00"
          ],
          "grammar": "observed-time-complete-event-grammar-development@1",
          "ledger_authorized": false,
          "native_publication_authorized": false,
          "operation_counts": {
            "preserve_unresolved": 1870
          },
          "posterior_accuracy_calibrated": false,
          "retracted_parents": 0,
          "source_records": [
            {
              "content_sha256": "9244ef2b8258ae8f3c38aca0db8f288c4eb701588555e6fad9dbbff8e394041a",
              "received_at": "2026-09-26T12:16:18.677671+00:00",
              "record_id": "71ea5d13-7c9a-5885-8474-5bd3cebee2ba"
            },
            {
              "content_sha256": "d1db4df0501bbfbf5780f8fd5592303209433176b9608d10bc1c802937df6409",
              "received_at": "2026-09-26T12:16:18.677672+00:00",
              "record_id": "1513dc83-8590-5ba3-a4a6-1a7824b5bb10"
            },
            {
              "content_sha256": "ec5c694f47f9b6a17985cbd55bffc1a49cc7c375cff890d4798b8c2c996731ca",
              "received_at": "2026-09-26T12:16:18.677673+00:00",
              "record_id": "afc96a26-cb30-5763-8dc2-443513f47d93"
            },
            {
              "content_sha256": "ed42ece80f75561ae978f893cd4719a6769f6935346a6016c2fecc87339f90db",
              "received_at": "2026-09-26T12:16:18.677674+00:00",
              "record_id": "e814d0da-07a7-5353-aa0a-2d0e72ceb724"
            }
          ],
          "truncated": false
        }
      },
      "core_ledger_unchanged": true,
      "execution_traces": 0
    },
    {
      "sequence": "caa66d98ac022d2eaf6da6813da7319ccc09c2436d1e99b42693141457cd3e6b",
      "frames": 4,
      "support": {
        "status": "COMPLETE_SUPPORT_GENERATED",
        "candidate_count": 1210,
        "generation": {
          "analytic_updates_computed": false,
          "bootstrap": true,
          "candidate_count": 1210,
          "complete_within_declared_discrete_grammar": true,
          "context_sha256": "94db2637766582d089a09f6d383fba7c3b23cf278648759456d5e63469f0b342",
          "continuous_or_open_world_support_complete": false,
          "current_active_parents": 0,
          "delayed_evidence": false,
          "event_time_grid": [
            "2026-09-26T12:16:18.677671+00:00",
            "2026-09-26T12:16:18.677672+00:00",
            "2026-09-26T12:16:18.677673+00:00",
            "2026-09-26T12:16:18.677674+00:00"
          ],
          "grammar": "observed-time-complete-event-grammar-development@1",
          "ledger_authorized": false,
          "native_publication_authorized": false,
          "operation_counts": {
            "preserve_unresolved": 1210
          },
          "posterior_accuracy_calibrated": false,
          "retracted_parents": 0,
          "source_records": [
            {
              "content_sha256": "131aeb36bf5de305f9d798e23c7fb9736d190473709644a608d470e91bb6d0cc",
              "received_at": "2026-09-26T12:16:18.677671+00:00",
              "record_id": "8a81f3dc-5c64-5401-a34c-8f6bb864569c"
            },
            {
              "content_sha256": "5a3ba413ebbdc26199ba59047e9918dc75265c4f199dbe7be4044713a3cb12af",
              "received_at": "2026-09-26T12:16:18.677672+00:00",
              "record_id": "128f943f-813f-5ec8-ae95-8fffcffddb61"
            },
            {
              "content_sha256": "775f91a1d88d28acc52f01c94662c2c380d5d1bd1237e8b83e40c6324cd0f29a",
              "received_at": "2026-09-26T12:16:18.677673+00:00",
              "record_id": "72aa633a-635f-5b8c-8810-8ecb5716199a"
            },
            {
              "content_sha256": "27201b0df514fa01f8ff980ac0773c20f343c15e3e20accf12f4d1a2f5d35859",
              "received_at": "2026-09-26T12:16:18.677674+00:00",
              "record_id": "284630c8-fe33-594f-bfcb-97b9971086dd"
            }
          ],
          "truncated": false
        }
      },
      "core_ledger_unchanged": true,
      "execution_traces": 0
    },
    {
      "sequence": "d273879c89140cddbeabfe0d3fadb6d3cc8fe5483410254645e311242f945bb6",
      "frames": 4,
      "support": {
        "status": "COMPLETE_SUPPORT_GENERATED",
        "candidate_count": 1296,
        "generation": {
          "analytic_updates_computed": false,
          "bootstrap": true,
          "candidate_count": 1296,
          "complete_within_declared_discrete_grammar": true,
          "context_sha256": "1f3e110190941adfb788d3d3b34a0774683aa263ee707093bd9f75718371013e",
          "continuous_or_open_world_support_complete": false,
          "current_active_parents": 0,
          "delayed_evidence": false,
          "event_time_grid": [
            "2026-09-26T12:16:18.677671+00:00",
            "2026-09-26T12:16:18.677672+00:00",
            "2026-09-26T12:16:18.677673+00:00",
            "2026-09-26T12:16:18.677674+00:00"
          ],
          "grammar": "observed-time-complete-event-grammar-development@1",
          "ledger_authorized": false,
          "native_publication_authorized": false,
          "operation_counts": {
            "preserve_unresolved": 1296
          },
          "posterior_accuracy_calibrated": false,
          "retracted_parents": 0,
          "source_records": [
            {
              "content_sha256": "0f75313d5268f80e69f7fe83dd7d77ad64355aa2d7f20b56d8e13679fc36a966",
              "received_at": "2026-09-26T12:16:18.677671+00:00",
              "record_id": "83103a4f-d985-5435-bb0b-fda4d885a8c0"
            },
            {
              "content_sha256": "babef6f6cec054027e75a60aabc2a73ba0c050ce6ae1ee9fe88444c9227ccb89",
              "received_at": "2026-09-26T12:16:18.677672+00:00",
              "record_id": "7348b150-0c86-52a8-a283-b28c64c3cd01"
            },
            {
              "content_sha256": "a254f49fd2519de406f165de20b8999e506974e8ac72871b62d40184ab2a2054",
              "received_at": "2026-09-26T12:16:18.677673+00:00",
              "record_id": "ac1a5faf-f736-563a-9ccc-f97646a61401"
            },
            {
              "content_sha256": "70ddfbbc016f063a5c74c90211019a5262a7e0ede14c5aa8a5d57c788ce66247",
              "received_at": "2026-09-26T12:16:18.677674+00:00",
              "record_id": "b4e4db7f-1750-52c8-830d-ac9390f762f1"
            }
          ],
          "truncated": false
        }
      },
      "core_ledger_unchanged": true,
      "execution_traces": 0
    },
    {
      "sequence": "e878bb28c13aa6dde99c6f6ae8bd86fabd73c63f9754969cb4aa11e5e9801782",
      "frames": 4,
      "support": {
        "status": "COMPLETE_SUPPORT_GENERATED",
        "candidate_count": 3822,
        "generation": {
          "analytic_updates_computed": false,
          "bootstrap": true,
          "candidate_count": 3822,
          "complete_within_declared_discrete_grammar": true,
          "context_sha256": "05fd7806a0f3277adcce47730dd007c4a36dbab43e45389cafaf66195f784f7b",
          "continuous_or_open_world_support_complete": false,
          "current_active_parents": 0,
          "delayed_evidence": false,
          "event_time_grid": [
            "2026-09-26T12:16:18.677671+00:00",
            "2026-09-26T12:16:18.677672+00:00",
            "2026-09-26T12:16:18.677673+00:00",
            "2026-09-26T12:16:18.677674+00:00"
          ],
          "grammar": "observed-time-complete-event-grammar-development@1",
          "ledger_authorized": false,
          "native_publication_authorized": false,
          "operation_counts": {
            "preserve_unresolved": 3822
          },
          "posterior_accuracy_calibrated": false,
          "retracted_parents": 0,
          "source_records": [
            {
              "content_sha256": "75f1d10b82f8910e2277e81666f486f6083c21d7a811ec9f48969400372c41bc",
              "received_at": "2026-09-26T12:16:18.677671+00:00",
              "record_id": "c4bdca2c-b664-5a08-9e3a-91b26601dcff"
            },
            {
              "content_sha256": "037c2c8f5121ffe539d15c3aac2a511a4b438c544cc881a52728ae1da8056b89",
              "received_at": "2026-09-26T12:16:18.677672+00:00",
              "record_id": "fcd6ecd8-2091-55b7-b259-0100e5697a18"
            },
            {
              "content_sha256": "1c8bfbc97cabcb87f8a0d7a45d910af6147e528371fda612a062ffe94d6544c2",
              "received_at": "2026-09-26T12:16:18.677673+00:00",
              "record_id": "6553d360-0550-5072-b356-b83452e673fb"
            },
            {
              "content_sha256": "9c17c0b0af0432b0e7989e56e65ac06fa84263ee81a7373433fef6cba0c7c819",
              "received_at": "2026-09-26T12:16:18.677674+00:00",
              "record_id": "3a027c63-daa3-500e-874e-09d12471ca0b"
            }
          ],
          "truncated": false
        }
      },
      "core_ledger_unchanged": true,
      "execution_traces": 0
    },
    {
      "sequence": "eee763a27550c54ea8f54cd854ea7775d0bed8e5a5912acff555256e780e2d54",
      "frames": 4,
      "support": {
        "status": "COMPLETE_SUPPORT_GENERATED",
        "candidate_count": 1485,
        "generation": {
          "analytic_updates_computed": false,
          "bootstrap": true,
          "candidate_count": 1485,
          "complete_within_declared_discrete_grammar": true,
          "context_sha256": "9993210dca234a42f19cb8650a4ace679acb1ba786bc654e4638cd48f26c9065",
          "continuous_or_open_world_support_complete": false,
          "current_active_parents": 0,
          "delayed_evidence": false,
          "event_time_grid": [
            "2026-09-26T12:16:18.677671+00:00",
            "2026-09-26T12:16:18.677672+00:00",
            "2026-09-26T12:16:18.677673+00:00",
            "2026-09-26T12:16:18.677674+00:00"
          ],
          "grammar": "observed-time-complete-event-grammar-development@1",
          "ledger_authorized": false,
          "native_publication_authorized": false,
          "operation_counts": {
            "preserve_unresolved": 1485
          },
          "posterior_accuracy_calibrated": false,
          "retracted_parents": 0,
          "source_records": [
            {
              "content_sha256": "352f62a62846f4c5ee651a14609f3d1678efd89fd922752664de693556d7b642",
              "received_at": "2026-09-26T12:16:18.677671+00:00",
              "record_id": "1b6a654a-a9e4-5369-85a1-311f4554216f"
            },
            {
              "content_sha256": "291b0c9cf32c1199743e1d36a844dfc848c2f0419a40f69a292155cedb599b70",
              "received_at": "2026-09-26T12:16:18.677672+00:00",
              "record_id": "0faeb53e-86fe-5bc7-8b86-e23b1e8a4e0f"
            },
            {
              "content_sha256": "e46869c435217f74be6651a06033aecc75465532055ecd8a5457ad00474f17f8",
              "received_at": "2026-09-26T12:16:18.677673+00:00",
              "record_id": "fcb9cb81-1972-5c5a-afc6-fcb49c5bb2d4"
            },
            {
              "content_sha256": "73ff4058672e8273c42f5399840aa84c3b0aadfaeb473ce507e1883091923226",
              "received_at": "2026-09-26T12:16:18.677674+00:00",
              "record_id": "7e6249e9-cc6a-5311-aee2-1e26d1fd7109"
            }
          ],
          "truncated": false
        }
      },
      "core_ledger_unchanged": true,
      "execution_traces": 0
    }
  ],
  "candidates": {
    "banana": 4,
    "person": 38,
    "potted plant": 12,
    "couch": 27,
    "bed": 3,
    "bottle": 11,
    "oven": 5,
    "sink": 11,
    "bowl": 4,
    "chair": 45,
    "cup": 9,
    "scissors": 1,
    "toothbrush": 1,
    "cell phone": 3,
    "clock": 1,
    "book": 41,
    "laptop": 4,
    "dining table": 5,
    "backpack": 4,
    "train": 3,
    "motorcycle": 1,
    "remote": 4,
    "handbag": 1,
    "tv": 8,
    "car": 1,
    "refrigerator": 1
  },
  "associations": {
    "NEW_UNVERIFIED": 248
  },
  "role_alternatives": 0,
  "author_labels_read_by_frontend": false,
  "proposal_targets_supervised": 0,
  "proposal_network_training_steps": 0,
  "natural_semantic_publications": 0,
  "memory_writes": 0,
  "executed_actions": 0
}
