.......F..........................                                       [100%]
=================================== FAILURES ===================================
_ test_accepted_two_person_predictions_reach_candidates_without_memory_or_action _

tmp_path = PosixPath('/private/var/folders/x2/000r8p0n6s393lj2sg8wk5f40000gn/T/pytest-of-pangwei/pytest-2167/test_accepted_two_person_predi0')
monkeypatch = <_pytest.monkeypatch.MonkeyPatch object at 0x119c7a3f0>

    def test_accepted_two_person_predictions_reach_candidates_without_memory_or_action(
        tmp_path, monkeypatch
    ):
        args, _ = dense_fixture(tmp_path, monkeypatch)
        frontend = frontend_module()
        monkeypatch.setattr(frontend, "FasterNaturalAppearanceDetector", TwoPeopleDetector)
        monkeypatch.setattr(frontend, "NaturalHandDetector", FixtureHands)
        result = frontend.run(
            args["output"] / "runtime",
            runtime_pin(args["output"]),
            tmp_path / "weights",
            tmp_path / "hands",
            tmp_path / "out",
        )
        assert result["role_alternatives"] > 0
>       for row in result["records"]:
                   ^^^^^^^^^^^^^^^^^
E       KeyError: 'records'

docs/reviews/pc_a/person_ambiguity_2026-09-26/audit_person_second.py:122: KeyError
----------------------------- Captured stdout call -----------------------------
{"window": "71af615c2c0af94af7c8e844facae6e67c6e32ada31b6953c475415b69a2a2c7/window-000000", "frames": 4, "candidate_status": "COMPLETE_SUPPORT_GENERATED"}
{"window": "71af615c2c0af94af7c8e844facae6e67c6e32ada31b6953c475415b69a2a2c7/window-000005", "frames": 4, "candidate_status": "COMPLETE_SUPPORT_GENERATED"}
{"window": "71af615c2c0af94af7c8e844facae6e67c6e32ada31b6953c475415b69a2a2c7/window-000010", "frames": 4, "candidate_status": "COMPLETE_SUPPORT_GENERATED"}
{"window": "71af615c2c0af94af7c8e844facae6e67c6e32ada31b6953c475415b69a2a2c7/window-000016", "frames": 4, "candidate_status": "COMPLETE_SUPPORT_GENERATED"}
{"window": "826c1fdf072964d94a1c207a80d4110c8fff620e2254ae2a05502e729cf1d0e1/window-000000", "frames": 4, "candidate_status": "COMPLETE_SUPPORT_GENERATED"}
{"window": "826c1fdf072964d94a1c207a80d4110c8fff620e2254ae2a05502e729cf1d0e1/window-000005", "frames": 4, "candidate_status": "COMPLETE_SUPPORT_GENERATED"}
{"window": "826c1fdf072964d94a1c207a80d4110c8fff620e2254ae2a05502e729cf1d0e1/window-000010", "frames": 4, "candidate_status": "COMPLETE_SUPPORT_GENERATED"}
{"window": "826c1fdf072964d94a1c207a80d4110c8fff620e2254ae2a05502e729cf1d0e1/window-000016", "frames": 4, "candidate_status": "COMPLETE_SUPPORT_GENERATED"}
=========================== short test summary info ============================
FAILED docs/reviews/pc_a/person_ambiguity_2026-09-26/audit_person_second.py::test_accepted_two_person_predictions_reach_candidates_without_memory_or_action
1 failed, 33 passed in 4.36s
