......F                                                                  [100%]
=================================== FAILURES ===================================
___ test_overflow_and_detached_output_mutation_do_not_advance_rng_or_history ___

session = (<cpswm.data_preflight.runtime_candidate_session.RuntimeCandidateSession object at 0x10d363f00>, PosixPath('/private/v...and_detached_out0/typed_factor_graph_transformer'), '7fc09556ebb8d13dc71057926140199de026b64e2e9aec70aea2b58d5fc12a17')

    def test_overflow_and_detached_output_mutation_do_not_advance_rng_or_history(session):
        value, path, pin = session
        before = value.snapshot()
        with pytest.raises(ValueError, match="no truncation"):
            value.process(request_id="failed", context=context([pixel(0), pixel(1)]),
                bootstrap_ledger_lineage_ref=LEDGER, max_candidates=1)
        assert value.snapshot() == before
        result = value.process(request_id="first", context=context([pixel(0)]), bootstrap_ledger_lineage_ref=LEDGER)
>       result.support.context.actor_support = ("unknown_actor", "injected-person")
        ^^^^^^^^^^^^^^^^^^^^^^^^^^^^^^^^^^^^

docs/reviews/pc_a/runtime_candidates_2026-09-26/audit_round1.py:59: 
_ _ _ _ _ _ _ _ _ _ _ _ _ _ _ _ _ _ _ _ _ _ _ _ _ _ _ _ _ _ _ _ _ _ _ _ _ _ _ _ 
.venv/lib/python3.13/site-packages/pydantic/main.py:1048: in __setattr__
    elif (setattr_handler := self._setattr_handler(name, value)) is not None:
                             ^^^^^^^^^^^^^^^^^^^^^^^^^^^^^^^^^^
.venv/lib/python3.13/site-packages/pydantic/main.py:1084: in _setattr_handler
    _check_frozen(cls, name, value)
_ _ _ _ _ _ _ _ _ _ _ _ _ _ _ _ _ _ _ _ _ _ _ _ _ _ _ _ _ _ _ _ _ _ _ _ _ _ _ _ 

model_cls = <class 'cpswm.data_preflight.proposal_samples.ProposalContext'>
name = 'actor_support', value = ('unknown_actor', 'injected-person')

    def _check_frozen(model_cls: type[BaseModel], name: str, value: Any) -> None:
        if model_cls.model_config.get('frozen'):
            error_type = 'frozen_instance'
        elif getattr(model_cls.__pydantic_fields__.get(name), 'frozen', False):
            error_type = 'frozen_field'
        else:
            return
    
>       raise ValidationError.from_exception_data(
            model_cls.__name__, [{'type': error_type, 'loc': (name,), 'input': value}]
        )
E       pydantic_core._pydantic_core.ValidationError: 1 validation error for ProposalContext
E       actor_support
E         Instance is frozen [type=frozen_instance, input_value=('unknown_actor', 'injected-person'), input_type=tuple]
E           For further information visit https://errors.pydantic.dev/2.13/v/frozen_instance

.venv/lib/python3.13/site-packages/pydantic/main.py:90: ValidationError
=========================== short test summary info ============================
FAILED docs/reviews/pc_a/runtime_candidates_2026-09-26/audit_round1.py::test_overflow_and_detached_output_mutation_do_not_advance_rng_or_history
1 failed, 6 passed in 1.59s
