{
  "scope": "AUTHOR_SUPERVISION_PACKAGE_FOR_REVIEW_NOT_TRAINING_AUTHORIZATION",
  "frames": 540,
  "sequences": [
    "subject_5/20231027_112303",
    "subject_5/20231027_113202",
    "subject_5/20231027_113535"
  ],
  "subjects": [
    "subject_5"
  ],
  "object_pose_rows": 2160,
  "visible_object_pose_rows": 2160,
  "maximum_cross_file_pose_error": 1.0655709892226639e-07,
  "split": "all spent development; no new train/validation/confirmation assignment",
  "proposal_operation_labels": {
    "branch": 0,
    "revise": 0,
    "retract": 0,
    "reactivate": 0,
    "rejuvenate": 0,
    "preserve_unresolved": 0
  },
  "independently_reviewed": false,
  "full_proposal_training_ready": false,
  "measurement_noise_calibrated": false,
  "natural_semantic_transitions": 0,
  "blockers": [
    "full_H_R_I_C_Z_r_V_compatible_targets",
    "independent_review",
    "native_six_operation_lineage",
    "predicted_pose_and_noise_calibration",
    "separate_unspent_validation_and_confirmation"
  ],
  "specification_sha256": "58a0d258c5cef2bd70f00c896bed7e44fcf4ac97e3ec45170514a35a3f991775",
  "files": {
    "model_inputs.jsonl": "4c8e9979b547fcfa3052099c9b7d6c3c65a5c10d5b6893c5ca9f71b926ddbddb",
    "evaluator_pose_labels.jsonl": "18c564b497f164ae36c4eb3cfa8daf764023be4a5a3f33784faf6e74a8722703"
  }
}
