.FFFFFFF                                                                 [100%]
=================================== FAILURES ===================================
____________ test_round2_release_clock_must_be_finite_integer[nan] _____________
tests/test_pc_a_proposal_two_round_audit.py:128: in test_round2_release_clock_must_be_finite_integer
    with pytest.raises(ValueError):
         ^^^^^^^^^^^^^^^^^^^^^^^^^
E   Failed: DID NOT RAISE ValueError
____________ test_round2_release_clock_must_be_finite_integer[inf] _____________
tests/test_pc_a_proposal_two_round_audit.py:128: in test_round2_release_clock_must_be_finite_integer
    with pytest.raises(ValueError):
         ^^^^^^^^^^^^^^^^^^^^^^^^^
E   Failed: DID NOT RAISE ValueError
____________ test_round2_release_clock_must_be_finite_integer[0.5] _____________
tests/test_pc_a_proposal_two_round_audit.py:128: in test_round2_release_clock_must_be_finite_integer
    with pytest.raises(ValueError):
         ^^^^^^^^^^^^^^^^^^^^^^^^^
E   Failed: DID NOT RAISE ValueError
__________ test_round2_duplicate_capture_cannot_represent_two_events ___________
tests/test_pc_a_proposal_two_round_audit.py:136: in test_round2_duplicate_capture_cannot_represent_two_events
    with pytest.raises(ValueError):
         ^^^^^^^^^^^^^^^^^^^^^^^^^
E   Failed: DID NOT RAISE ValueError
______________ test_round2_numeric_pose_alias_rejected_before_sdk ______________
tests/test_pc_a_proposal_two_round_audit.py:144: in test_round2_numeric_pose_alias_rejected_before_sdk
    with pytest.raises(ValueError, match="alias"):
         ^^^^^^^^^^^^^^^^^^^^^^^^^^^^^^^^^^^^^^^^
E   Failed: DID NOT RAISE ValueError
_________ test_round2_schedule_detached_from_mutable_caller_container __________
tests/test_pc_a_proposal_two_round_audit.py:165: in test_round2_schedule_detached_from_mutable_caller_container
    assert "foreign_actor" not in json.dumps(execution)
E   assert 'foreign_actor' not in '[{"actor_ro...ied": true}]'
E     
E     'foreign_actor' is contained here:
E     ?           ^^
E       "actor": "foreign_actor", "kind": "no_move", "location": "a"}], "event_id": "component:13:0", "geometry_verified": true}, {"actor_role_execution_verified": false, "actual_after": {"one": {"x": 0.0, "y": 0.0, "z": 0.0}, "two": {"x": 2.0, "y": 0.0, "z": 1.0}}, "actual_before": {"one": {"x": 0.0, "y": 0.0, "z": 0.0}, "two": {"x": 1.0, "y": 0.0, "z": 1.0}}, "actual_steps": [2], "chain_plan": [{"actor": "actor_1", "kind": "pick_up", "location": "b"}, {"actor": "actor_1", "kind": "carry", "location": "b"}, {"actor": "actor_1", "kind": "pla...
E     
E     ...Full output truncated (2 lines hidden), use '-vv' to show
__________ test_round2_nan_release_queue_cannot_silently_drop_capture __________
tests/test_pc_a_proposal_two_round_audit.py:171: in test_round2_nan_release_queue_cannot_silently_drop_capture
    with pytest.raises(ValueError):
         ^^^^^^^^^^^^^^^^^^^^^^^^^
E   Failed: DID NOT RAISE ValueError
=========================== short test summary info ============================
FAILED tests/test_pc_a_proposal_two_round_audit.py::test_round2_release_clock_must_be_finite_integer[nan]
FAILED tests/test_pc_a_proposal_two_round_audit.py::test_round2_release_clock_must_be_finite_integer[inf]
FAILED tests/test_pc_a_proposal_two_round_audit.py::test_round2_release_clock_must_be_finite_integer[0.5]
FAILED tests/test_pc_a_proposal_two_round_audit.py::test_round2_duplicate_capture_cannot_represent_two_events
FAILED tests/test_pc_a_proposal_two_round_audit.py::test_round2_numeric_pose_alias_rejected_before_sdk
FAILED tests/test_pc_a_proposal_two_round_audit.py::test_round2_schedule_detached_from_mutable_caller_container
FAILED tests/test_pc_a_proposal_two_round_audit.py::test_round2_nan_release_queue_cannot_silently_drop_capture
7 failed, 1 passed, 7 deselected in 0.46s
