{
  "track": "CONTROLLED_SEMANTIC_CONDITIONAL_AND_TRANSPORT_FIXTURES",
  "seed": 171,
  "old_joint_calls": 12,
  "old_native_records": 24,
  "invalidated_revisions": [
    "387fc4d7-d5d7-5843-a2a0-3969c798d367"
  ],
  "before_replay_rejections": {
    "produce": "joint posterior requires full particle revision replay",
    "readout": "posterior source is stale, revoked, or outside runtime dependencies"
  },
  "retained_semantic_revisions": 23,
  "recomputed_joint_sources": 23,
  "retained_source_closure_exact": true,
  "replay_seconds": 45.662962041795254,
  "ledger_unchanged_by_replay_and_camera": true,
  "semantic_snapshot_unchanged_by_replay": true,
  "knowledge_cutoff_before": "2026-01-13T08:11:00+00:00",
  "feedback_arrival": "2026-01-13T10:10:00+00:00",
  "replay_cutoff": "2026-01-13T10:10:00+00:00",
  "current_native_records": 46,
  "current_atoms": 2,
  "atom_history_lengths": [
    23,
    23
  ],
  "conditional_history_lengths": [
    23,
    23
  ],
  "pose_dimensions": [
    6,
    6
  ],
  "conditional_states_changed": [
    true,
    true
  ],
  "old_generation_preserved_sha256": "203d39e2c0e74fd96f83f508a5e29fcc145756e7bfb8c78e3d09029d502742e6",
  "exact_restored_view": true,
  "controlled_camera_command": "RotateLeft",
  "controlled_transport_dispatches": 1,
  "actual_simulator_dispatches": 0,
  "natural_semantic_transitions": 0,
  "empirical_calibration_established": false,
  "learned_six_operation_kernel_bound": false,
  "full_prepared_joint_replay_bound": true,
  "independent_auditors": 0,
  "source_unchanged": true,
  "ledger_sha256": "2a8018ee7e7fc0120a74cd580593d5bc639ab54f16d5e69a655d3ff91533fa1f"
}
