{
  "direct_rollback": {
    "status": "CORRECT not admitted by CCRR; transaction rolled back",
    "complete_observable_unchanged": true,
    "operator_instances_unchanged": true,
    "old_still_committed": true,
    "new_absent": true
  },
  "prepared": [
    {
      "case": "control",
      "source": "/private/tmp/s2-review5-w3.o33e1p/src/cpswm/system/prototype_spine.py",
      "status": "RETURNED",
      "weights": [
        0.631578947368421,
        0.2105263157894737
      ],
      "probabilities": {
        "44b33099-dee8-2a8b-cc46-e34a555d6659": 0.3609022556390977,
        "23a2ff08-fd31-2108-19c8-56bbe1bdd947": 0.09022556390977443,
        "a5a97d44-a72a-f6e7-3ef1-72fba6bb29d3": 0.09022556390977443,
        "b4634a80-b40c-5fe8-e981-d10b5cfd9d0d": 0.09022556390977443
      },
      "unresolved": 0.368421052631579,
      "total": 1.0,
      "outside_support": [],
      "claimed_posterior_source": "None",
      "current_snapshot": "4335d940-e4a0-43a9-b536-4b6b6b630393",
      "ledger_unchanged": true,
      "default_action_unchanged": true
    },
    {
      "case": "foreign_location",
      "source": "/private/tmp/s2-review5-w3.o33e1p/src/cpswm/system/prototype_spine.py",
      "status": "RETURNED",
      "weights": [
        0.631578947368421,
        0.2105263157894737
      ],
      "probabilities": {
        "00000000-0000-0000-0000-000000015f90": 0.3609022556390977,
        "00000000-0000-0000-0000-000000015f91": 0.09022556390977443,
        "00000000-0000-0000-0000-000000015f92": 0.09022556390977443,
        "00000000-0000-0000-0000-000000015f93": 0.09022556390977443
      },
      "unresolved": 0.368421052631579,
      "total": 1.0,
      "outside_support": [
        "00000000-0000-0000-0000-000000015f90",
        "00000000-0000-0000-0000-000000015f91",
        "00000000-0000-0000-0000-000000015f92",
        "00000000-0000-0000-0000-000000015f93"
      ],
      "claimed_posterior_source": "None",
      "current_snapshot": "589a6689-86d6-4af9-95e0-56ee669105d0",
      "ledger_unchanged": true,
      "default_action_unchanged": true
    },
    {
      "case": "alpha_overflow",
      "source": "/private/tmp/s2-review5-w3.o33e1p/src/cpswm/system/prototype_spine.py",
      "status": "RETURNED",
      "weights": [
        0.631578947368421,
        0.2105263157894737
      ],
      "probabilities": {
        "44b33099-dee8-2a8b-cc46-e34a555d6659": 0.0,
        "23a2ff08-fd31-2108-19c8-56bbe1bdd947": 0.0,
        "a5a97d44-a72a-f6e7-3ef1-72fba6bb29d3": 0.0,
        "b4634a80-b40c-5fe8-e981-d10b5cfd9d0d": 0.0
      },
      "unresolved": 0.368421052631579,
      "total": 0.368421052631579,
      "outside_support": [],
      "claimed_posterior_source": "None",
      "current_snapshot": "883baffe-ced3-4073-b3e2-231f497368c0",
      "ledger_unchanged": true,
      "default_action_unchanged": true
    },
    {
      "case": "foreign_posterior",
      "source": "/private/tmp/s2-review5-w3.o33e1p/src/cpswm/system/prototype_spine.py",
      "status": "RETURNED",
      "weights": [
        0.9999735174089849,
        1.5132909151570956e-05
      ],
      "probabilities": {
        "44b33099-dee8-2a8b-cc46-e34a555d6659": 0.57141343851942,
        "23a2ff08-fd31-2108-19c8-56bbe1bdd947": 0.142853359629855,
        "a5a97d44-a72a-f6e7-3ef1-72fba6bb29d3": 0.142853359629855,
        "b4634a80-b40c-5fe8-e981-d10b5cfd9d0d": 0.142853359629855
      },
      "unresolved": 2.648259101524916e-05,
      "total": 1.0000000000000002,
      "outside_support": [],
      "claimed_posterior_source": "bed6c55f-10bc-48f5-aef1-a15c3bd41acd",
      "current_snapshot": "328a1435-7fe4-4374-995a-a835ab3ca244",
      "ledger_unchanged": true,
      "default_action_unchanged": true
    },
    {
      "case": "weight_overflow",
      "source": "/private/tmp/s2-review5-w3.o33e1p/src/cpswm/system/prototype_spine.py",
      "status": "RETURNED",
      "weights": [
        0.0,
        0.5714285714285714
      ],
      "probabilities": {
        "44b33099-dee8-2a8b-cc46-e34a555d6659": 0.0,
        "23a2ff08-fd31-2108-19c8-56bbe1bdd947": 0.0,
        "a5a97d44-a72a-f6e7-3ef1-72fba6bb29d3": 0.0,
        "b4634a80-b40c-5fe8-e981-d10b5cfd9d0d": 0.0
      },
      "unresolved": 1.0,
      "total": 1.0,
      "outside_support": [],
      "claimed_posterior_source": "None",
      "current_snapshot": "7c3537c1-61fb-46ea-9783-c4764c8c1d6d",
      "ledger_unchanged": true,
      "default_action_unchanged": true
    }
  ]
}
