{
  "source_sha": "e9e7f472568edc73862c424596dc9f92dc1729a8",
  "source_files": {
    "/private/tmp/cpswm-pc-a-natural-vision-20260914/tools/run_natural_vision_archive.py": "3d35a19db5e6edc3f9d846d6122aec1dac6e48f6fbd74cc6cabfafcd76a9d646",
    "/private/tmp/cpswm-pc-a-natural-vision-20260914/src/cpswm/perception_mapping/natural_vision.py": "b9fbc71bdd2254c4789784600e033ce6e2cedb55fc8e69c4ce2bd591b116d47e"
  },
  "git_dirty": false,
  "archive_manifest_sha256": "686af169913acdbab0615a3385690885dd9ca7395b2e98314b354d2af6b7ef0b",
  "archive_source_sha": "fixture-source",
  "frames": 1,
  "candidate_counts": {},
  "inference_seconds": 0.0707317921333015,
  "semantic_transitions": 0,
  "physical_actions": 0,
  "status": "NATURAL_PIXEL_DETECTIONS_UNCALIBRATED",
  "new_simulator_run": false,
  "frames_sha256": "0468befe676f8ce207575a8a8a8d22d57a7813861368b5139d31502a35b05016"
}
WRONG_SOURCE_SHA e9e7f472568edc73862c424596dc9f92dc1729a8 9d50afb79fdba2e854edddb2f5ec1179e071604c
DUPLICATE_CAPTURE_OVERWRITE bbbbbbbbbbbbbbbbbbbbbbbbbbbbbbbbbbbbbbbbbbbbbbbbbbbbbbbbbbbbbbbb
ACTUAL_MODEL_VERSIONS 2.13.0 0.28.0
