extracted allocentric_RGBD_videos_mp4/20231002/023/camera1/color.mp4 35406377
extracted allocentric_RGBD_videos_mp4/20231002/023/camera1/config.json 1682
extracted allocentric_RGBD_videos_mp4/20231002/023/camera1/intrinsic.json 320
extracted allocentric_RGBD_videos_mp4/20231002/023/camera1/timestamp.txt 5199
Traceback (most recent call last):
  File "/Users/pangwei/.local/share/uv/python/cpython-3.13.5-macos-aarch64-none/lib/python3.13/urllib/request.py", line 1319, in do_open
    h.request(req.get_method(), req.selector, req.data, headers,
    ~~~~~~~~~^^^^^^^^^^^^^^^^^^^^^^^^^^^^^^^^^^^^^^^^^^^^^^^^^^^
              encode_chunked=req.has_header('Transfer-encoding'))
              ^^^^^^^^^^^^^^^^^^^^^^^^^^^^^^^^^^^^^^^^^^^^^^^^^^^
  File "/Users/pangwei/.local/share/uv/python/cpython-3.13.5-macos-aarch64-none/lib/python3.13/http/client.py", line 1338, in request
    self._send_request(method, url, body, headers, encode_chunked)
    ~~~~~~~~~~~~~~~~~~^^^^^^^^^^^^^^^^^^^^^^^^^^^^^^^^^^^^^^^^^^^^
  File "/Users/pangwei/.local/share/uv/python/cpython-3.13.5-macos-aarch64-none/lib/python3.13/http/client.py", line 1384, in _send_request
    self.endheaders(body, encode_chunked=encode_chunked)
    ~~~~~~~~~~~~~~~^^^^^^^^^^^^^^^^^^^^^^^^^^^^^^^^^^^^^
  File "/Users/pangwei/.local/share/uv/python/cpython-3.13.5-macos-aarch64-none/lib/python3.13/http/client.py", line 1333, in endheaders
    self._send_output(message_body, encode_chunked=encode_chunked)
    ~~~~~~~~~~~~~~~~~^^^^^^^^^^^^^^^^^^^^^^^^^^^^^^^^^^^^^^^^^^^^^
  File "/Users/pangwei/.local/share/uv/python/cpython-3.13.5-macos-aarch64-none/lib/python3.13/http/client.py", line 1093, in _send_output
    self.send(msg)
    ~~~~~~~~~^^^^^
  File "/Users/pangwei/.local/share/uv/python/cpython-3.13.5-macos-aarch64-none/lib/python3.13/http/client.py", line 1037, in send
    self.connect()
    ~~~~~~~~~~~~^^
  File "/Users/pangwei/.local/share/uv/python/cpython-3.13.5-macos-aarch64-none/lib/python3.13/http/client.py", line 1479, in connect
    self.sock = self._context.wrap_socket(self.sock,
                ~~~~~~~~~~~~~~~~~~~~~~~~~^^^^^^^^^^^
                                          server_hostname=server_hostname)
                                          ^^^^^^^^^^^^^^^^^^^^^^^^^^^^^^^^
  File "/Users/pangwei/.local/share/uv/python/cpython-3.13.5-macos-aarch64-none/lib/python3.13/ssl.py", line 455, in wrap_socket
    return self.sslsocket_class._create(
           ~~~~~~~~~~~~~~~~~~~~~~~~~~~~^
        sock=sock,
        ^^^^^^^^^^
    ...<5 lines>...
        session=session
        ^^^^^^^^^^^^^^^
    )
    ^
  File "/Users/pangwei/.local/share/uv/python/cpython-3.13.5-macos-aarch64-none/lib/python3.13/ssl.py", line 1076, in _create
    self.do_handshake()
    ~~~~~~~~~~~~~~~~~^^
  File "/Users/pangwei/.local/share/uv/python/cpython-3.13.5-macos-aarch64-none/lib/python3.13/ssl.py", line 1372, in do_handshake
    self._sslobj.do_handshake()
    ~~~~~~~~~~~~~~~~~~~~~~~~~^^
ssl.SSLEOFError: [SSL: UNEXPECTED_EOF_WHILE_READING] EOF occurred in violation of protocol (_ssl.c:1028)

During handling of the above exception, another exception occurred:

Traceback (most recent call last):
  File "/private/tmp/cpswm-pc-a-public-interaction-20260920/tools/fetch_core4d_development_subset.py", line 238, in <module>
    main()
    ~~~~^^
  File "/private/tmp/cpswm-pc-a-public-interaction-20260920/tools/fetch_core4d_development_subset.py", line 205, in main
    data = archive.read(info)
  File "/Users/pangwei/.local/share/uv/python/cpython-3.13.5-macos-aarch64-none/lib/python3.13/zipfile/__init__.py", line 1603, in read
    return fp.read()
           ~~~~~~~^^
  File "/Users/pangwei/.local/share/uv/python/cpython-3.13.5-macos-aarch64-none/lib/python3.13/zipfile/__init__.py", line 1001, in read
    buf += self._read1(self.MAX_N)
           ~~~~~~~~~~~^^^^^^^^^^^^
  File "/Users/pangwei/.local/share/uv/python/cpython-3.13.5-macos-aarch64-none/lib/python3.13/zipfile/__init__.py", line 1083, in _read1
    data += self._read2(n - len(data))
            ~~~~~~~~~~~^^^^^^^^^^^^^^^
  File "/Users/pangwei/.local/share/uv/python/cpython-3.13.5-macos-aarch64-none/lib/python3.13/zipfile/__init__.py", line 1115, in _read2
    data = self._fileobj.read(n)
  File "/Users/pangwei/.local/share/uv/python/cpython-3.13.5-macos-aarch64-none/lib/python3.13/zipfile/__init__.py", line 834, in read
    data = self._file.read(n)
  File "/private/tmp/cpswm-pc-a-public-interaction-20260920/tools/fetch_core4d_development_subset.py", line 99, in read
    data = self.fetch(part, start, stop)
  File "/private/tmp/cpswm-pc-a-public-interaction-20260920/tools/fetch_core4d_development_subset.py", line 53, in _fetch
    with urllib.request.urlopen(request, timeout=40) as response:
         ~~~~~~~~~~~~~~~~~~~~~~^^^^^^^^^^^^^^^^^^^^^
  File "/Users/pangwei/.local/share/uv/python/cpython-3.13.5-macos-aarch64-none/lib/python3.13/urllib/request.py", line 189, in urlopen
    return opener.open(url, data, timeout)
           ~~~~~~~~~~~^^^^^^^^^^^^^^^^^^^^
  File "/Users/pangwei/.local/share/uv/python/cpython-3.13.5-macos-aarch64-none/lib/python3.13/urllib/request.py", line 489, in open
    response = self._open(req, data)
  File "/Users/pangwei/.local/share/uv/python/cpython-3.13.5-macos-aarch64-none/lib/python3.13/urllib/request.py", line 506, in _open
    result = self._call_chain(self.handle_open, protocol, protocol +
                              '_open', req)
  File "/Users/pangwei/.local/share/uv/python/cpython-3.13.5-macos-aarch64-none/lib/python3.13/urllib/request.py", line 466, in _call_chain
    result = func(*args)
  File "/Users/pangwei/.local/share/uv/python/cpython-3.13.5-macos-aarch64-none/lib/python3.13/urllib/request.py", line 1367, in https_open
    return self.do_open(http.client.HTTPSConnection, req,
           ~~~~~~~~~~~~^^^^^^^^^^^^^^^^^^^^^^^^^^^^^^^^^^
                        context=self._context)
                        ^^^^^^^^^^^^^^^^^^^^^^
  File "/Users/pangwei/.local/share/uv/python/cpython-3.13.5-macos-aarch64-none/lib/python3.13/urllib/request.py", line 1322, in do_open
    raise URLError(err)
urllib.error.URLError: <urlopen error [SSL: UNEXPECTED_EOF_WHILE_READING] EOF occurred in violation of protocol (_ssl.c:1028)>
