extracted allocentric_RGBD_videos_mp4/20231002/023/camera1/color.mp4 35406377
extracted allocentric_RGBD_videos_mp4/20231002/023/camera1/config.json 1682
extracted allocentric_RGBD_videos_mp4/20231002/023/camera1/intrinsic.json 320
extracted allocentric_RGBD_videos_mp4/20231002/023/camera1/timestamp.txt 5199
extracted allocentric_RGBD_videos_mp4/20231002/024/camera1/color.mp4 33961551
extracted allocentric_RGBD_videos_mp4/20231002/024/camera1/config.json 1682
extracted allocentric_RGBD_videos_mp4/20231002/024/camera1/intrinsic.json 320
extracted allocentric_RGBD_videos_mp4/20231002/024/camera1/timestamp.txt 5879
{
  "repository": "leolyliu/CORE4D",
  "revision": "81bb2bb876a4a54ac94e67c788d7c31364f1c43e",
  "transport": "https://hf-mirror.com",
  "parts": [
    {
      "path": "CORE4D_Real/allocentric_RGB_videos/allocentric_RGB_videos_00",
      "size": 10737418240,
      "lfs_sha256": "395768e4cfb3c309d762b11a6c7e858d320b49dfa4a202aabeac7be211bbe74f",
      "url": "https://hf-mirror.com/datasets/leolyliu/CORE4D/resolve/81bb2bb876a4a54ac94e67c788d7c31364f1c43e/CORE4D_Real/allocentric_RGB_videos/allocentric_RGB_videos_00"
    },
    {
      "path": "CORE4D_Real/allocentric_RGB_videos/allocentric_RGB_videos_01",
      "size": 10737418240,
      "lfs_sha256": "872144a46627101b97dc8ab9e2337ed3856eec2b9ae5bbd572165a7ddc0f6252",
      "url": "https://hf-mirror.com/datasets/leolyliu/CORE4D/resolve/81bb2bb876a4a54ac94e67c788d7c31364f1c43e/CORE4D_Real/allocentric_RGB_videos/allocentric_RGB_videos_01"
    },
    {
      "path": "CORE4D_Real/allocentric_RGB_videos/allocentric_RGB_videos_02",
      "size": 10737418240,
      "lfs_sha256": "5d3aafa014abc80346a2396be4745009b91ba02ce723b30039a829fd78d57f3c",
      "url": "https://hf-mirror.com/datasets/leolyliu/CORE4D/resolve/81bb2bb876a4a54ac94e67c788d7c31364f1c43e/CORE4D_Real/allocentric_RGB_videos/allocentric_RGB_videos_02"
    },
    {
      "path": "CORE4D_Real/allocentric_RGB_videos/allocentric_RGB_videos_03",
      "size": 10737418240,
      "lfs_sha256": "e50b6d26759cbfda9aff137c6517cfb60d00bbfbdf2daeff25acc802d0691b5e",
      "url": "https://hf-mirror.com/datasets/leolyliu/CORE4D/resolve/81bb2bb876a4a54ac94e67c788d7c31364f1c43e/CORE4D_Real/allocentric_RGB_videos/allocentric_RGB_videos_03"
    },
    {
      "path": "CORE4D_Real/allocentric_RGB_videos/allocentric_RGB_videos_04",
      "size": 10737418240,
      "lfs_sha256": "26bcc38794e0580a4f3b3256a6bdb00c2bccadab742d484ffbdc0aaae6e86d43",
      "url": "https://hf-mirror.com/datasets/leolyliu/CORE4D/resolve/81bb2bb876a4a54ac94e67c788d7c31364f1c43e/CORE4D_Real/allocentric_RGB_videos/allocentric_RGB_videos_04"
    },
    {
      "path": "CORE4D_Real/allocentric_RGB_videos/allocentric_RGB_videos_05",
      "size": 10737418240,
      "lfs_sha256": "da6748fe936548a9fa83afb8acac0f916ce2452526b1bf803673b86d0b8030f5",
      "url": "https://hf-mirror.com/datasets/leolyliu/CORE4D/resolve/81bb2bb876a4a54ac94e67c788d7c31364f1c43e/CORE4D_Real/allocentric_RGB_videos/allocentric_RGB_videos_05"
    },
    {
      "path": "CORE4D_Real/allocentric_RGB_videos/allocentric_RGB_videos_06",
      "size": 10737418240,
      "lfs_sha256": "856f7356a145c3be58ab276c5179c1a36a29320973da1da33833a60005f0a29c",
      "url": "https://hf-mirror.com/datasets/leolyliu/CORE4D/resolve/81bb2bb876a4a54ac94e67c788d7c31364f1c43e/CORE4D_Real/allocentric_RGB_videos/allocentric_RGB_videos_06"
    },
    {
      "path": "CORE4D_Real/allocentric_RGB_videos/allocentric_RGB_videos_07",
      "size": 10737418240,
      "lfs_sha256": "7a588bc9c83c106969394e86d4e598abf3d0bd32168d5ff0df39c1754076a9fe",
      "url": "https://hf-mirror.com/datasets/leolyliu/CORE4D/resolve/81bb2bb876a4a54ac94e67c788d7c31364f1c43e/CORE4D_Real/allocentric_RGB_videos/allocentric_RGB_videos_07"
    },
    {
      "path": "CORE4D_Real/allocentric_RGB_videos/allocentric_RGB_videos_08",
      "size": 10737418240,
      "lfs_sha256": "9495ff2ce4770739357d8e83c02947f37f92f1327de57804514631a74c5ab258",
      "url": "https://hf-mirror.com/datasets/leolyliu/CORE4D/resolve/81bb2bb876a4a54ac94e67c788d7c31364f1c43e/CORE4D_Real/allocentric_RGB_videos/allocentric_RGB_videos_08"
    },
    {
      "path": "CORE4D_Real/allocentric_RGB_videos/allocentric_RGB_videos_09",
      "size": 7231099662,
      "lfs_sha256": "de3f9927c450ca54a2d45de68320dd87151c17a4f50f88dcd497cc159e021042",
      "url": "https://hf-mirror.com/datasets/leolyliu/CORE4D/resolve/81bb2bb876a4a54ac94e67c788d7c31364f1c43e/CORE4D_Real/allocentric_RGB_videos/allocentric_RGB_videos_09"
    }
  ],
  "receipts": [
    {
      "sequence": "20231002/023",
      "member": "allocentric_RGBD_videos_mp4/20231002/023/camera1/color.mp4",
      "bytes": 35406377,
      "sha256": "74b0abaaaa278101f4db19179b168ca38a67bccc7edbc7863c7c73ca885fd79c",
      "zip_crc32": 1578806998
    },
    {
      "sequence": "20231002/023",
      "member": "allocentric_RGBD_videos_mp4/20231002/023/camera1/config.json",
      "bytes": 1682,
      "sha256": "d6681f7e80c79c0f4beb2b85637b7092c358bfceb06c55d8d9dca65d7504bef4",
      "zip_crc32": 3408850743
    },
    {
      "sequence": "20231002/023",
      "member": "allocentric_RGBD_videos_mp4/20231002/023/camera1/intrinsic.json",
      "bytes": 320,
      "sha256": "f133fbe73391982d8ac70e6fa51afa0f14ea9e5cfe0add40b525ec90079307de",
      "zip_crc32": 3610145090
    },
    {
      "sequence": "20231002/023",
      "member": "allocentric_RGBD_videos_mp4/20231002/023/camera1/timestamp.txt",
      "bytes": 5199,
      "sha256": "529e034648bf70aa91760ea88a2d828d7a70ce68fce8021b30f31640200a4519",
      "zip_crc32": 1800663638
    },
    {
      "sequence": "20231002/024",
      "member": "allocentric_RGBD_videos_mp4/20231002/024/camera1/color.mp4",
      "bytes": 33961551,
      "sha256": "6ef090d63a86d0e3086dd33a21fb7ea49cbf3d8b23858320791c2d3196d63f5e",
      "zip_crc32": 3656741184
    },
    {
      "sequence": "20231002/024",
      "member": "allocentric_RGBD_videos_mp4/20231002/024/camera1/config.json",
      "bytes": 1682,
      "sha256": "aff6022fddeb2542ce08448569ddaedf99cd4036e3985104e05aa64b7b1b01d2",
      "zip_crc32": 4008484063
    },
    {
      "sequence": "20231002/024",
      "member": "allocentric_RGBD_videos_mp4/20231002/024/camera1/intrinsic.json",
      "bytes": 320,
      "sha256": "cc19de6a8322c2e4ab273c209a50221012fa13924f0d75e111728e180f01688c",
      "zip_crc32": 3056627714
    },
    {
      "sequence": "20231002/024",
      "member": "allocentric_RGBD_videos_mp4/20231002/024/camera1/timestamp.txt",
      "bytes": 5879,
      "sha256": "a5a9b3aba98a4f140284e13c0a0cb311c4da8576382d49ced03eb8a4e4002bbe",
      "zip_crc32": 2951272753
    }
  ],
  "new_range_bytes": 31457280,
  "full_archive_sha_verified": false,
  "semantic_transitions": 0,
  "scope": "raw public two-person development subset with separate sequence-level supervision"
}
