bringing up nodes...
bringing up nodes...

.FF.                                                                     [100%]
=================================== FAILURES ===================================
_ test_complete_false_model_cannot_replace_checkpoint_producer_under_same_claimed_hash _
[gw1] darwin -- Python 3.13.5 /private/tmp/cpswm-pc-a-joint-full-replay-20260926/.venv/bin/python

corrected_checkpoint = (PosixPath('/private/var/folders/x2/000r8p0n6s393lj2sg8wk5f40000gn/T/pytest-of-pangwei/pytest-2115/popen-gw1/joint-rep...uild.<locals>.context_builder at 0x109c29b20>, <test_native_joint_production.JointFixture object at 0x108133b60>, ...))
tmp_path = PosixPath('/private/var/folders/x2/000r8p0n6s393lj2sg8wk5f40000gn/T/pytest-of-pangwei/pytest-2115/popen-gw1/test_complete_false_model_cann0')

    def test_complete_false_model_cannot_replace_checkpoint_producer_under_same_claimed_hash(
        corrected_checkpoint, tmp_path
    ):
        stream, store, _ = restore_copy(corrected_checkpoint, tmp_path / "false-model.db")
        try:
            before = native_content_sha256(vars(stream._system.core._particle_workspace))
            try:
                substituted = ContinuousEvidenceInput.resume(
                    store,
                    producer=OracleProducer(),
                    context_builder=corrected_checkpoint[1][4],
                    joint_producer=FalseMeasurementFixture(),
                )
            except ValueError as error:
                assert "implementation" in str(error) or "dependency" in str(error)
                assert native_content_sha256(vars(stream._system.core._particle_workspace)) == before
                assert not stream._observation_commands
                return
            # Exercise the complete positive forgery through real native publication;
            # reject-only tests would miss that its receipts and states are self-consistent.
            ledger = deepcopy(substituted._system.core._hybrid_loop.ledger.export_state())
            substituted.replay_joint_posterior()
            view = substituted.current_joint_decision_view()
            assert all(min(a.statistics.alpha) > 100.0 for a in view.atoms)
            assert substituted._system.core._hybrid_loop.ledger.export_state() == ledger
>           pytest.fail(
                "complete false replacement model published under original claimed artifact hash"
            )
E           Failed: complete false replacement model published under original claimed artifact hash

docs/reviews/pc_a/joint_full_replay_2026-09-26/audit_round2.py:234: Failed
___ test_second_real_withdrawal_rebuilds_all_three_blocks_from_initial_model ___
[gw0] darwin -- Python 3.13.5 /private/tmp/cpswm-pc-a-joint-full-replay-20260926/.venv/bin/python

corrected_checkpoint = (PosixPath('/private/var/folders/x2/000r8p0n6s393lj2sg8wk5f40000gn/T/pytest-of-pangwei/pytest-2115/popen-gw0/joint-rep...uild.<locals>.context_builder at 0x10abdd8a0>, <test_native_joint_production.JointFixture object at 0x1090cfb60>, ...))
tmp_path = PosixPath('/private/var/folders/x2/000r8p0n6s393lj2sg8wk5f40000gn/T/pytest-of-pangwei/pytest-2115/popen-gw0/test_second_real_withdrawal_re0')

    def test_second_real_withdrawal_rebuilds_all_three_blocks_from_initial_model(
        corrected_checkpoint, tmp_path
    ):
        stream, store, producer = restore_copy(corrected_checkpoint, tmp_path / "twice.db")
        try:
            stream.replay_joint_posterior()
            first = stream.current_joint_decision_view()
            from test_continuous_camera_collection import Camera, Model
    
            from cpswm.system.continuous_camera_collection import collect_posterior_step
    
            when = stream._last_arrival + timedelta(seconds=1)
            model = Model(stream)
            problem = model.problem(first, stream.visible_prefix(cutoff=when), decision_time=when)
            _, old_command = stream.prepare_posterior_observation(problem, decision_time=when)
            assert old_command is not None
            core = stream._system.core
            # A new, live source, not an artificial invalidation bit.
            rid, event = next(iter(core._committed_events.items()))
            probe = corrected_checkpoint[1][0]
            probe.system = stream._system
            bundle = build_execution_feedback_bundle(
                probe,
                revision_id=rid,
                location_id=event.location_id,
                belief_snapshot_id=event.belief_snapshot_id,
                when=event.evidence.event_time,
                opportunity_id=event.evidence.observation_opportunity_id,
                outcome_distribution=NEGATIVE_SEARCH_OUTCOME,
                present_likelihood=NEGATIVE_PRESENT_LIKELIHOOD,
                absent_likelihood=NEGATIVE_ABSENT_LIKELIHOOD,
            )
            apply_feedback(stream, [bundle], stream._last_arrival + timedelta(seconds=2))
            assert rid not in core._observed_events and core._particle_workspace.invalidated_revisions
            ledger = core._hybrid_loop.ledger.export_state()
            stream.replay_joint_posterior()
            second = stream.current_joint_decision_view()
            assert second.runtime_id != first.runtime_id
            assert len(core._particle_replay_generations) == 2
            assert core._hybrid_loop.ledger.export_state() == ledger
            count = len(core._observed_events)
            assert producer.calls == count
            assert count == len(first.atoms[0].statistics.evidence_cluster_ids) - 1
            x = np.array([1.0, 0.5])
            pose = np.array([0.1, 0.2, 0.3, 0.0, 0.0, 0.0])
            for index, atom in enumerate(second.atoms):
                stats = atom.statistics
                expected_alpha = np.ones(len(stats.locations))
                expected_alpha[index] += 0.2 * count
>               np.testing.assert_allclose(stats.alpha, expected_alpha, atol=1e-12)
E               AssertionError: 
E               Not equal to tolerance rtol=1e-07, atol=1e-12
E               
E               Mismatched elements: 2 / 4 (50%)
E               Mismatch at indices:
E                [0]: 1.0 (ACTUAL), 5.4 (DESIRED)
E                [1]: 5.400000000000002 (ACTUAL), 1.0 (DESIRED)
E               Max absolute difference among violations: 4.4
E               Max relative difference among violations: 4.4
E                ACTUAL: array([1. , 5.4, 1. , 1. ])
E                DESIRED: array([5.4, 1. , 1. , 1. ])

docs/reviews/pc_a/joint_full_replay_2026-09-26/audit_round2.py:82: AssertionError
=========================== short test summary info ============================
FAILED docs/reviews/pc_a/joint_full_replay_2026-09-26/audit_round2.py::test_complete_false_model_cannot_replace_checkpoint_producer_under_same_claimed_hash
FAILED docs/reviews/pc_a/joint_full_replay_2026-09-26/audit_round2.py::test_second_real_withdrawal_rebuilds_all_three_blocks_from_initial_model
2 failed, 2 passed in 315.32s (0:05:15)
