src/cpswm/data_preflight/instance_affinity.py:183: error: Returning Any from function declared to return "ndarray[tuple[Any, ...], dtype[Any]]"  [no-any-return]
src/cpswm/data_preflight/instance_affinity.py:374: error: Returning Any from function declared to return "dict[str, Any]"  [no-any-return]
src/cpswm/data_preflight/soft_surface_position.py:52: error: Function is missing a type annotation  [no-untyped-def]
src/cpswm/data_preflight/soft_surface_position.py:57: error: Function is missing a type annotation  [no-untyped-def]
src/cpswm/data_preflight/soft_surface_position.py:61: error: Function is missing a type annotation  [no-untyped-def]
src/cpswm/data_preflight/soft_surface_position.py:68: error: Function is missing a type annotation  [no-untyped-def]
src/cpswm/data_preflight/soft_surface_position.py:80: error: Call to untyped function "_require" in typed context  [no-untyped-call]
src/cpswm/data_preflight/soft_surface_position.py:84: error: Call to untyped function "_digest" in typed context  [no-untyped-call]
src/cpswm/data_preflight/soft_surface_position.py:85: error: Call to untyped function "_digest" in typed context  [no-untyped-call]
src/cpswm/data_preflight/soft_surface_position.py:88: error: Call to untyped function "_uuid" in typed context  [no-untyped-call]
src/cpswm/data_preflight/soft_surface_position.py:92: error: Call to untyped function "_digest" in typed context  [no-untyped-call]
src/cpswm/data_preflight/soft_surface_position.py:95: error: Call to untyped function "_require" in typed context  [no-untyped-call]
src/cpswm/data_preflight/soft_surface_position.py:99: error: Call to untyped function "_require" in typed context  [no-untyped-call]
src/cpswm/data_preflight/soft_surface_position.py:103: error: Need type annotation for "grids" (hint: "grids: dict[<type>, <type>] = ...")  [var-annotated]
src/cpswm/data_preflight/soft_surface_position.py:103: error: Need type annotation for "all_pairs" (hint: "all_pairs: set[<type>] = ...")  [var-annotated]
src/cpswm/data_preflight/soft_surface_position.py:106: error: Call to untyped function "_require" in typed context  [no-untyped-call]
src/cpswm/data_preflight/soft_surface_position.py:111: error: Call to untyped function "_uuid" in typed context  [no-untyped-call]
src/cpswm/data_preflight/soft_surface_position.py:115: error: Call to untyped function "_require" in typed context  [no-untyped-call]
src/cpswm/data_preflight/soft_surface_position.py:120: error: Call to untyped function "_require" in typed context  [no-untyped-call]
src/cpswm/data_preflight/soft_surface_position.py:175: error: Need type annotation for "representatives" (hint: "representatives: dict[<type>, <type>] = ...")  [var-annotated]
src/cpswm/data_preflight/soft_surface_position.py:179: error: Incompatible types in assignment (expression has type "None", target has type "list[float]")  [assignment]
src/cpswm/data_preflight/soft_surface_position.py:189: error: Incompatible types in assignment (expression has type "float | None", variable has type "float")  [assignment]
src/cpswm/data_preflight/soft_surface_position.py:190: error: Call to untyped function "_require" in typed context  [no-untyped-call]
src/cpswm/data_preflight/soft_surface_position.py:196: error: Call to untyped function "_require" in typed context  [no-untyped-call]
src/cpswm/data_preflight/soft_surface_position.py:206: error: Call to untyped function "_require" in typed context  [no-untyped-call]
src/cpswm/data_preflight/soft_surface_position.py:207: error: Dict entry 0 has incompatible type "str": "list[float]"; expected "str": "None"  [dict-item]
src/cpswm/data_preflight/soft_surface_position.py:207: error: Dict entry 1 has incompatible type "str": "list[float]"; expected "str": "None"  [dict-item]
src/cpswm/data_preflight/soft_surface_position.py:207: error: Dict entry 2 has incompatible type "str": "float"; expected "str": "None"  [dict-item]
src/cpswm/data_preflight/instance_affinity_controls.py:146: error: Returning Any from function declared to return "dict[str, Any]"  [no-any-return]
src/cpswm/system/structure_two_particle_workspace.py:366: error: Call to untyped function "raw_context_digest" in typed context  [no-untyped-call]
src/cpswm/system/structure_two_particle_workspace.py:585: error: Argument 1 to "dumps" has incompatible type "tuple[object, ...]"; expected "_Marshallable"  [arg-type]
src/cpswm/system/structure_two_particle_workspace.py:610: error: Argument 1 to "dumps" has incompatible type "tuple[object, ...]"; expected "_Marshallable"  [arg-type]
src/cpswm/perception_mapping/position_observation_model.py:140: error: Need type annotation for "frame_bindings" (hint: "frame_bindings: dict[<type>, <type>] = ...")  [var-annotated]
src/cpswm/perception_mapping/position_observation_model.py:140: error: Need type annotation for "object_bindings" (hint: "object_bindings: dict[<type>, <type>] = ...")  [var-annotated]
src/cpswm/perception_mapping/position_observation_model.py:344: error: Returning Any from function declared to return "dict[str, Any]"  [no-any-return]
src/cpswm/system/native_joint_replay.py:51: error: Call to untyped function "raw_context_digest" in typed context  [no-untyped-call]
src/cpswm/system/prototype_spine.py:217: error: Argument 1 to "dumps" has incompatible type "tuple[object, ...]"; expected "_Marshallable"  [arg-type]
src/cpswm/system/prototype_spine.py:2921: error: Call to untyped function "reconstruct" in typed context  [no-untyped-call]
src/cpswm/system/prototype_spine.py:2951: error: Call to untyped function "raw_context_digest" in typed context  [no-untyped-call]
src/cpswm/system/prototype_spine.py:4211: error: No overload variant of "dict" matches argument type "object"  [call-overload]
src/cpswm/system/prototype_spine.py:4211: note: Possible overload variants:
src/cpswm/system/prototype_spine.py:4211: note:     def [_KT, _VT] dict() -> dict[_KT, _VT]
src/cpswm/system/prototype_spine.py:4211: note:     def [_KT, _VT] dict(**kwargs: _VT) -> dict[str, _VT]
src/cpswm/system/prototype_spine.py:4211: note:     def [_KT, _VT] dict(SupportsKeysAndGetItem[_KT, _VT], /) -> dict[_KT, _VT]
src/cpswm/system/prototype_spine.py:4211: note:     def [_KT, _VT] dict(SupportsKeysAndGetItem[str, _VT], /, **kwargs: _VT) -> dict[str, _VT]
src/cpswm/system/prototype_spine.py:4211: note:     def [_KT, _VT] dict(Iterable[tuple[_KT, _VT]], /) -> dict[_KT, _VT]
src/cpswm/system/prototype_spine.py:4211: note:     def [_KT, _VT] dict(Iterable[tuple[str, _VT]], /, **kwargs: _VT) -> dict[str, _VT]
src/cpswm/system/prototype_spine.py:4211: note:     def [_KT, _VT] dict(Iterable[list[str]], /) -> dict[str, str]
src/cpswm/system/prototype_spine.py:4211: note:     def [_KT, _VT] dict(Iterable[list[bytes]], /) -> dict[bytes, bytes]
src/cpswm/system/native_raw_verification.py:26: error: Function is missing a return type annotation  [no-untyped-def]
src/cpswm/system/native_raw_verification.py:30: error: Function is missing a type annotation  [no-untyped-def]
src/cpswm/system/native_raw_verification.py:67: error: Function is missing a type annotation  [no-untyped-def]
src/cpswm/system/native_raw_verification.py:94: error: Call to untyped function "ControlledPositionProducer" in typed context  [no-untyped-call]
src/cpswm/system/native_raw_verification.py:103: error: Function is missing a type annotation  [no-untyped-def]
src/cpswm/system/native_raw_verification.py:123: error: Function is missing a type annotation  [no-untyped-def]
src/cpswm/system/native_raw_verification.py:135: error: Call to untyped function "raw_context_digest" in typed context  [no-untyped-call]
src/cpswm/system/native_raw_verification.py:146: error: Call to untyped function "reconstruct" in typed context  [no-untyped-call]
src/cpswm/system/controlled_position_producer.py:49: error: Function is missing a type annotation  [no-untyped-def]
src/cpswm/system/controlled_position_producer.py:54: error: Function is missing a type annotation  [no-untyped-def]
src/cpswm/system/controlled_position_producer.py:58: error: Function is missing a type annotation  [no-untyped-def]
src/cpswm/system/controlled_position_producer.py:64: error: Argument 1 to "dumps" has incompatible type "tuple[object, ...]"; expected "_Marshallable"  [arg-type]
src/cpswm/system/controlled_position_producer.py:67: error: Function is missing a type annotation  [no-untyped-def]
src/cpswm/system/controlled_position_producer.py:69: error: Call to untyped function "_require" in typed context  [no-untyped-call]
src/cpswm/system/controlled_position_producer.py:92: error: Function is missing a return type annotation  [no-untyped-def]
src/cpswm/system/controlled_position_producer.py:99: error: Call to untyped function "_helper_code_sha256" in typed context  [no-untyped-call]
src/cpswm/system/controlled_position_producer.py:114: error: Call to untyped function "_helper_code_sha256" in typed context  [no-untyped-call]
src/cpswm/system/controlled_position_producer.py:117: error: Argument 1 to "Path" has incompatible type "str | None"; expected "str | PathLike[str]"  [arg-type]
src/cpswm/system/controlled_position_producer.py:153: error: Function is missing a type annotation  [no-untyped-def]
src/cpswm/system/controlled_position_producer.py:167: error: Call to untyped function "implementation_binding" in typed context  [no-untyped-call]
src/cpswm/system/controlled_position_producer.py:169: error: Call to untyped function "_require" in typed context  [no-untyped-call]
src/cpswm/system/controlled_position_producer.py:172: error: Call to untyped function "_uuid" in typed context  [no-untyped-call]
src/cpswm/system/controlled_position_producer.py:177: error: Call to untyped function "_require" in typed context  [no-untyped-call]
src/cpswm/system/controlled_position_producer.py:183: error: Call to untyped function "_uuid" in typed context  [no-untyped-call]
src/cpswm/system/controlled_position_producer.py:186: error: Call to untyped function "_uuid" in typed context  [no-untyped-call]
src/cpswm/system/controlled_position_producer.py:187: error: Call to untyped function "_uuid" in typed context  [no-untyped-call]
src/cpswm/system/controlled_position_producer.py:195: error: Call to untyped function "_require" in typed context  [no-untyped-call]
src/cpswm/system/controlled_position_producer.py:203: error: Call to untyped function "_uuid" in typed context  [no-untyped-call]
src/cpswm/system/controlled_position_producer.py:209: error: Call to untyped function "_content_binding" in typed context  [no-untyped-call]
src/cpswm/system/controlled_position_producer.py:214: error: Function is missing a return type annotation  [no-untyped-def]
src/cpswm/system/controlled_position_producer.py:215: error: Call to untyped function "implementation_binding" in typed context  [no-untyped-call]
src/cpswm/system/controlled_position_producer.py:216: error: Call to untyped function "_require" in typed context  [no-untyped-call]
src/cpswm/system/controlled_position_producer.py:230: error: Call to untyped function "_helper_code_sha256" in typed context  [no-untyped-call]
src/cpswm/system/controlled_position_producer.py:239: error: Function is missing a return type annotation  [no-untyped-def]
src/cpswm/system/controlled_position_producer.py:240: error: Call to untyped function "_content_binding" in typed context  [no-untyped-call]
src/cpswm/system/controlled_position_producer.py:245: error: Function is missing a return type annotation  [no-untyped-def]
src/cpswm/system/controlled_position_producer.py:248: error: Function is missing a return type annotation  [no-untyped-def]
src/cpswm/system/controlled_position_producer.py:258: error: Function is missing a type annotation  [no-untyped-def]
src/cpswm/system/controlled_position_producer.py:259: error: Call to untyped function "_require" in typed context  [no-untyped-call]
src/cpswm/system/controlled_position_producer.py:266: error: Call to untyped function "_measurement_key" in typed context  [no-untyped-call]
src/cpswm/system/controlled_position_producer.py:275: error: Function is missing a type annotation  [no-untyped-def]
src/cpswm/system/controlled_position_producer.py:280: error: Call to untyped function "_require" in typed context  [no-untyped-call]
src/cpswm/system/controlled_position_producer.py:281: error: Call to untyped function "_require" in typed context  [no-untyped-call]
src/cpswm/system/controlled_position_producer.py:285: error: Call to untyped function "_require" in typed context  [no-untyped-call]
src/cpswm/system/controlled_position_producer.py:285: error: Call to untyped function "packet_binding" in typed context  [no-untyped-call]
src/cpswm/system/controlled_position_producer.py:288: error: Call to untyped function "_require" in typed context  [no-untyped-call]
src/cpswm/system/controlled_position_producer.py:295: error: Call to untyped function "readout_frame" in typed context  [no-untyped-call]
src/cpswm/system/controlled_position_producer.py:310: error: Call to untyped function "_require" in typed context  [no-untyped-call]
src/cpswm/system/controlled_position_producer.py:331: error: Function is missing a type annotation  [no-untyped-def]
src/cpswm/system/controlled_position_producer.py:346: error: Function is missing a type annotation  [no-untyped-def]
src/cpswm/system/controlled_position_producer.py:356: error: Function is missing a type annotation  [no-untyped-def]
src/cpswm/system/controlled_position_producer.py:362: error: Call to untyped function "_require" in typed context  [no-untyped-call]
src/cpswm/system/controlled_position_producer.py:364: error: Call to untyped function "_selected" in typed context  [no-untyped-call]
src/cpswm/system/controlled_position_producer.py:367: error: Call to untyped function "_require" in typed context  [no-untyped-call]
src/cpswm/system/controlled_position_producer.py:369: error: Call to untyped function "_measurement_key" in typed context  [no-untyped-call]
src/cpswm/system/controlled_position_producer.py:370: error: Call to untyped function "produce" in typed context  [no-untyped-call]
src/cpswm/system/controlled_position_producer.py:372: error: Function is missing a type annotation  [no-untyped-def]
src/cpswm/system/controlled_position_producer.py:378: error: Call to untyped function "_selected" in typed context  [no-untyped-call]
src/cpswm/system/controlled_position_producer.py:380: error: Call to untyped function "_require" in typed context  [no-untyped-call]
src/cpswm/system/controlled_position_producer.py:381: error: Call to untyped function "_public" in typed context  [no-untyped-call]
src/cpswm/system/controlled_position_producer.py:387: error: Call to untyped function "_require" in typed context  [no-untyped-call]
src/cpswm/system/controlled_position_producer.py:390: error: Call to untyped function "_require" in typed context  [no-untyped-call]
src/cpswm/system/controlled_position_producer.py:429: error: Call to untyped function "_require" in typed context  [no-untyped-call]
src/cpswm/system/controlled_position_producer.py:437: error: Call to untyped function "_require" in typed context  [no-untyped-call]
src/cpswm/system/controlled_position_producer.py:451: error: Call to untyped function "_neutral" in typed context  [no-untyped-call]
src/cpswm/system/controlled_position_producer.py:537: error: Call to untyped function "_measurement_key" in typed context  [no-untyped-call]
src/cpswm/system/structure_two_continuous_input.py:281: error: Call to untyped function "create" of "RawCandidateAuthority" in typed context  [no-untyped-call]
src/cpswm/system/structure_two_continuous_input.py:282: error: Call to untyped function "profile_for" in typed context  [no-untyped-call]
src/cpswm/system/structure_two_continuous_input.py:869: error: Call to untyped function "profile_for" in typed context  [no-untyped-call]
src/cpswm/system/structure_two_continuous_input.py:875: error: Call to untyped function "raw_context_digest" in typed context  [no-untyped-call]
src/cpswm/system/native_neural_production.py:438: error: Call to untyped function "verify_raw_base" in typed context  [no-untyped-call]
src/cpswm/system/owned_position_delivery.py:81: error: Function is missing a type annotation  [no-untyped-def]
src/cpswm/system/owned_position_delivery.py:86: error: Function is missing a type annotation  [no-untyped-def]
src/cpswm/system/owned_position_delivery.py:91: error: Call to untyped function "_same_typed" in typed context  [no-untyped-call]
src/cpswm/system/owned_position_delivery.py:93: error: Call to untyped function "_same_typed" in typed context  [no-untyped-call]
src/cpswm/system/owned_position_delivery.py:96: error: Call to untyped function "_same_typed" in typed context  [no-untyped-call]
src/cpswm/system/owned_position_delivery.py:99: error: Call to untyped function "_same_typed" in typed context  [no-untyped-call]
src/cpswm/system/owned_position_delivery.py:112: error: Call to untyped function "_require" in typed context  [no-untyped-call]
src/cpswm/system/owned_position_delivery.py:113: error: Call to untyped function "_require" in typed context  [no-untyped-call]
src/cpswm/system/owned_position_delivery.py:117: error: Call to untyped function "_require" in typed context  [no-untyped-call]
src/cpswm/system/owned_position_delivery.py:122: error: Call to untyped function "_require" in typed context  [no-untyped-call]
src/cpswm/system/owned_position_delivery.py:125: error: Call to untyped function "_require" in typed context  [no-untyped-call]
src/cpswm/system/owned_position_delivery.py:134: error: Call to untyped function "_require" in typed context  [no-untyped-call]
src/cpswm/system/owned_position_delivery.py:147: error: Call to untyped function "_require" in typed context  [no-untyped-call]
src/cpswm/system/owned_position_delivery.py:150: error: Call to untyped function "_require" in typed context  [no-untyped-call]
src/cpswm/system/owned_position_delivery.py:159: error: Call to untyped function "_require" in typed context  [no-untyped-call]
src/cpswm/system/owned_position_delivery.py:161: error: Item "None" of "CameraOutcomeDecoder | None" has no attribute "sources"  [union-attr]
src/cpswm/system/owned_position_delivery.py:166: error: Call to untyped function "_require" in typed context  [no-untyped-call]
src/cpswm/system/owned_position_delivery.py:173: error: Item "str" of "str | ObservationDelivery" has no attribute "received_at"  [union-attr]
src/cpswm/system/owned_position_delivery.py:174: error: Call to untyped function "_require" in typed context  [no-untyped-call]
src/cpswm/system/owned_position_delivery.py:176: error: Item "str" of "str | ObservationDelivery" has no attribute "received_at"  [union-attr]
src/cpswm/system/owned_position_delivery.py:179: error: Call to untyped function "_require" in typed context  [no-untyped-call]
src/cpswm/system/owned_position_delivery.py:189: error: Call to untyped function "_require" in typed context  [no-untyped-call]
src/cpswm/system/owned_position_delivery.py:195: error: Item "str" of "str | ObservationDelivery" has no attribute "observations"  [union-attr]
src/cpswm/system/owned_position_delivery.py:196: error: Call to untyped function "_require" in typed context  [no-untyped-call]
src/cpswm/system/owned_position_delivery.py:209: error: Call to untyped function "_require" in typed context  [no-untyped-call]
src/cpswm/system/owned_position_delivery.py:212: error: Call to untyped function "_same_typed" in typed context  [no-untyped-call]
src/cpswm/system/owned_position_delivery.py:219: error: Item "str" of "str | ObservationDelivery" has no attribute "received_at"  [union-attr]
src/cpswm/system/owned_position_delivery.py:233: error: Item "str" of "str | ObservationDelivery" has no attribute "observations"  [union-attr]
src/cpswm/system/owned_position_delivery.py:233: error: Item "str" of "str | ObservationDelivery" has no attribute "received_at"  [union-attr]
src/cpswm/system/owned_position_delivery.py:234: error: Call to untyped function "_require" in typed context  [no-untyped-call]
src/cpswm/system/owned_position_delivery.py:238: error: Call to untyped function "_require" in typed context  [no-untyped-call]
src/cpswm/system/owned_position_delivery.py:244: error: Call to untyped function "_require" in typed context  [no-untyped-call]
src/cpswm/system/owned_position_delivery.py:247: error: Call to untyped function "_require" in typed context  [no-untyped-call]
src/cpswm/system/owned_position_delivery.py:254: error: Call to untyped function "_require" in typed context  [no-untyped-call]
src/cpswm/system/owned_position_delivery.py:255: error: Item "None" of "NativePreviousWeightEvidence | None" has no attribute "normalized_logs"  [union-attr]
src/cpswm/system/owned_position_delivery.py:263: error: Item "str" of "str | ObservationDelivery" has no attribute "action_id"  [union-attr]
src/cpswm/system/owned_position_delivery.py:264: error: Item "str" of "str | ObservationDelivery" has no attribute "success"  [union-attr]
src/cpswm/system/owned_position_delivery.py:265: error: Item "str" of "str | ObservationDelivery" has no attribute "error"  [union-attr]
src/cpswm/system/owned_position_delivery.py:266: error: Item "str" of "str | ObservationDelivery" has no attribute "received_at"  [union-attr]
src/cpswm/system/owned_position_delivery.py:271: error: Item "str" of "str | ObservationDelivery" has no attribute "received_at"  [union-attr]
src/cpswm/system/owned_position_delivery.py:286: error: Argument 22 to "CurrentOwnedRGBDDescriptor" has incompatible type "str | None"; expected "str"  [arg-type]
src/cpswm/system/owned_position_delivery.py:299: error: Call to untyped function "_require" in typed context  [no-untyped-call]
src/cpswm/system/owned_position_delivery.py:301: error: Call to untyped function "_require" in typed context  [no-untyped-call]
src/cpswm/system/owned_position_delivery.py:301: error: Call to untyped function "_same_typed" in typed context  [no-untyped-call]
Found 155 errors in 12 files (checked 389 source files)
