{
  "action_authorized": false,
  "author_code_revision": "8566507382add7dd037a83e7233950e0ad1ea78e",
  "binary_labeled_relations": 754,
  "contact_states": {
    "author_contact_with_segment": 680,
    "author_inconclusive": 30,
    "author_no_contact": 74,
    "author_none-of-the-above": 25
  },
  "coordinates_repaired": false,
  "cross_frame_instance_identity_assumed": false,
  "dataset": "VISOR",
  "dense_interpolation_used": false,
  "entities": 2876,
  "exact_contact_release_gold": false,
  "excluded_from_binary_loss_but_retained": 55,
  "frame_order_policy": "sort by VISOR frame ordinal; source records need not be ordered",
  "frames": 485,
  "frames_without_annotated_hand": 23,
  "full_proposal_training_ready": false,
  "hand_relations": 809,
  "independent_local_human_reviewers": 0,
  "known_author_corrections_affecting_pilot": 0,
  "ledger_authorized": false,
  "license_readme": "CC-BY-NC-4.0; cite VISOR 2022 and EPIC-KITCHENS-100",
  "native_operation_labels": [],
  "native_publication_authorized": false,
  "new_optimizer_steps": 0,
  "partition": "author_train_development",
  "person_identity_gold": false,
  "raw_masks_with_outside_image_coordinates": 4,
  "rgb_only_lane_contains_targets": false,
  "runtime_pose_noise_calibrated": false,
  "source_kind": "author_sparse_human_annotation",
  "target_scope": "single_frame_author_contact_component_only",
  "time_policy": "sparse source frame ordinals only; no fps, timestamps or release interpolation",
  "unknown_policy": "none-of-the-above and inconclusive stay distinct; no binary target",
  "video": "P01_01"
}
