F                                                                        [100%]
=================================== FAILURES ===================================
____________ test_p0_checkpoint_v0_3_is_current_and_self_consistent ____________

    def test_p0_checkpoint_v0_3_is_current_and_self_consistent() -> None:
        expected = build_manifest()
        path = ROOT / "benchmarks/p0_checkpoint/content_manifest_v0_3.json"
        stored = json.loads(path.read_text(encoding="utf-8"))
>       assert stored == expected
E       AssertionError: assert {'generated_f...est@0.3', ...} == {'schema_vers...EJECT'}}, ...}
E         
E         Omitting 4 identical items, use -vv to show
E         Differing items:
E         {'scopes': {'code': {'content_sha256': '0ec3f0fa6241467cb158f3015f0d9a46cf978fbff2c79188b048d68f083e20e8', 'file_count.../d1/dataset/manifest.json', 'sha256': '1a0bf0c2ff7d61c942491564189726d35a24f4894e0160f9e6368d302c556f5b'}, ...]}, ...}} != {'scopes': {'code': {'content_sha256': 'b0dfecac6c6305c3fe9f2158527e9fd933baae19506390154a81dc35bbce5041', 'file_count.../d1/dataset/manifest.json', 'sha256': '1a0bf0c2ff7d61c942491564189726d35a24f4894e0160f9e6368d302c556f5b'}, ...]}, ...}}
E         {'manifest_sha256': '19d2f16b7dbc...
E         
E         ...Full output truncated (2 lines hidden), use '-vv' to show

tests/test_p0_checkpoint_manifest.py:83: AssertionError
=========================== short test summary info ============================
FAILED tests/test_p0_checkpoint_manifest.py::test_p0_checkpoint_v0_3_is_current_and_self_consistent
1 failed in 0.60s
