{"pattern": "00", "method": "typed_factor_graph_transformer", "status": "COMPLETE"}
{"pattern": "00", "method": "slot_conditioned_perceiver", "status": "COMPLETE"}
{"pattern": "00", "method": "autoregressive_typed_graph_policy", "status": "COMPLETE"}
{"pattern": "00", "method": "no_feedback", "status": "COMPLETE"}
{"pattern": "00", "method": "scan_left_first", "status": "COMPLETE"}
{"pattern": "00", "method": "scan_right_first", "status": "COMPLETE"}
{"pattern": "01", "method": "typed_factor_graph_transformer", "status": "COMPLETE"}
{"pattern": "01", "method": "slot_conditioned_perceiver", "status": "COMPLETE"}
{"pattern": "01", "method": "autoregressive_typed_graph_policy", "status": "COMPLETE"}
{"pattern": "01", "method": "no_feedback", "status": "COMPLETE"}
{"pattern": "01", "method": "scan_left_first", "status": "COMPLETE"}
{"pattern": "01", "method": "scan_right_first", "status": "COMPLETE"}
{"pattern": "10", "method": "typed_factor_graph_transformer", "status": "COMPLETE"}
{"pattern": "10", "method": "slot_conditioned_perceiver", "status": "COMPLETE"}
{"pattern": "10", "method": "autoregressive_typed_graph_policy", "status": "COMPLETE"}
{"pattern": "10", "method": "no_feedback", "status": "COMPLETE"}
{"pattern": "10", "method": "scan_left_first", "status": "COMPLETE"}
{"pattern": "10", "method": "scan_right_first", "status": "COMPLETE"}
{"pattern": "11", "method": "typed_factor_graph_transformer", "status": "COMPLETE"}
{"pattern": "11", "method": "slot_conditioned_perceiver", "status": "COMPLETE"}
{"pattern": "11", "method": "autoregressive_typed_graph_policy", "status": "COMPLETE"}
{"pattern": "11", "method": "no_feedback", "status": "COMPLETE"}
{"pattern": "11", "method": "scan_left_first", "status": "COMPLETE"}
{"pattern": "11", "method": "scan_right_first", "status": "COMPLETE"}
