........................................................................ [ 15%]
........................................................................ [ 30%]
........................................................................ [ 46%]
........................................................................ [ 61%]
........................................................................ [ 77%]
........................................................................ [ 92%]
..................................                                       [100%]
=============================== warnings summary ===============================
tests/test_structure_two_w3_native_particles.py::test_public_prepared_boundary_rejects_without_mutation[snapshot]
tests/test_structure_two_w3_native_particles.py::test_public_prepared_boundary_rejects_without_mutation[instance]
tests/test_structure_two_w3_native_particles.py::test_public_prepared_boundary_rejects_without_mutation[parent]
tests/test_structure_two_w3_native_particles.py::test_public_prepared_boundary_rejects_without_mutation[statistics]
tests/test_structure_two_w3_native_particles.py::test_public_prepared_boundary_rejects_without_mutation[ledger]
tests/test_structure_two_w3_native_particles.py::test_public_prepared_boundary_rejects_without_mutation[neural]
tests/test_structure_two_w3_native_particles.py::test_public_prepared_boundary_rejects_without_mutation[nan]
tests/test_structure_two_w3_native_particles.py::test_public_prepared_boundary_rejects_without_mutation[self_parent]
  /private/tmp/cpswm-pc-a-joint-revision-runtime-20260926/.venv/lib/python3.13/site-packages/pydantic/main.py:475: UserWarning: Pydantic serializer warnings:
    PydanticSerializationUnexpectedValue(Expected `OrderedActorRole` - serialized value may not be as expected [field_name='ordered_actor_roles', input_value={'role': 'pickup_actor', 'actor_key': 'owner'}, input_type=dict])
    PydanticSerializationUnexpectedValue(Expected `OrderedActorRole` - serialized value may not be as expected [field_name='ordered_actor_roles', input_value={'role': 'carrier', 'actor_key': 'owner'}, input_type=dict])
    PydanticSerializationUnexpectedValue(Expected `OrderedActorRole` - serialized value may not be as expected [field_name='ordered_actor_roles', input_value={'role': 'placer', 'actor_key': 'owner'}, input_type=dict])
    return self.__pydantic_serializer__.to_python(

tests/test_structure_two_w3_native_particles.py::test_public_prepared_boundary_rejects_without_mutation[reactivate]
  /private/tmp/cpswm-pc-a-joint-revision-runtime-20260926/.venv/lib/python3.13/site-packages/pydantic/main.py:475: UserWarning: Pydantic serializer warnings:
    PydanticSerializationUnexpectedValue(Expected `enum` - serialized value may not be as expected [field_name='operation', input_value='reactivate', input_type=str])
    PydanticSerializationUnexpectedValue(Expected `OrderedActorRole` - serialized value may not be as expected [field_name='ordered_actor_roles', input_value={'role': 'pickup_actor', 'actor_key': 'owner'}, input_type=dict])
    PydanticSerializationUnexpectedValue(Expected `OrderedActorRole` - serialized value may not be as expected [field_name='ordered_actor_roles', input_value={'role': 'carrier', 'actor_key': 'owner'}, input_type=dict])
    PydanticSerializationUnexpectedValue(Expected `OrderedActorRole` - serialized value may not be as expected [field_name='ordered_actor_roles', input_value={'role': 'placer', 'actor_key': 'owner'}, input_type=dict])
    return self.__pydantic_serializer__.to_python(

tests/test_structure_two_w3_native_particles.py::test_public_prepared_boundary_rejects_without_mutation[rejuvenate]
  /private/tmp/cpswm-pc-a-joint-revision-runtime-20260926/.venv/lib/python3.13/site-packages/pydantic/main.py:475: UserWarning: Pydantic serializer warnings:
    PydanticSerializationUnexpectedValue(Expected `enum` - serialized value may not be as expected [field_name='operation', input_value='rejuvenate', input_type=str])
    PydanticSerializationUnexpectedValue(Expected `OrderedActorRole` - serialized value may not be as expected [field_name='ordered_actor_roles', input_value={'role': 'pickup_actor', 'actor_key': 'owner'}, input_type=dict])
    PydanticSerializationUnexpectedValue(Expected `OrderedActorRole` - serialized value may not be as expected [field_name='ordered_actor_roles', input_value={'role': 'carrier', 'actor_key': 'owner'}, input_type=dict])
    PydanticSerializationUnexpectedValue(Expected `OrderedActorRole` - serialized value may not be as expected [field_name='ordered_actor_roles', input_value={'role': 'placer', 'actor_key': 'owner'}, input_type=dict])
    return self.__pydantic_serializer__.to_python(

tests/test_runtime_candidates.py::test_invalid_sources_or_partial_support_cannot_be_published[binding]
  /private/tmp/cpswm-pc-a-joint-revision-runtime-20260926/.venv/lib/python3.13/site-packages/pydantic/main.py:475: UserWarning: Pydantic serializer warnings:
    PydanticSerializationUnexpectedValue(Expected `VisibleRecords` - serialized value may not be as expected [field_name='visible', input_value={'opportunities': (), 'de...ive_media_time': 0.0},)}, input_type=dict])
    PydanticSerializationUnexpectedValue(Expected `LocationBinding` - serialized value may not be as expected [field_name='location_support', input_value={'location_key': 'unknown...cation_entity_id': None}, input_type=dict])
    PydanticSerializationUnexpectedValue(Expected `PixelIdentityBinding` - serialized value may not be as expected [field_name='pixel_identity_bindings', input_value={'key': 'forged-person', ...atus': 'NEW_UNVERIFIED'}, input_type=dict])
    PydanticSerializationUnexpectedValue(Expected `PixelIdentityBinding` - serialized value may not be as expected [field_name='pixel_identity_bindings', input_value={'key': 'perceptual-track...atus': 'NEW_UNVERIFIED'}, input_type=dict])
    return self.__pydantic_serializer__.to_python(

-- Docs: https://docs.pytest.org/en/stable/how-to/capture-warnings.html
466 passed, 11 warnings in 72.46s (0:01:12)
