........................................................................ [ 18%]
........................................................................ [ 37%]
........................................................................ [ 56%]
........................................................................ [ 75%]
........................................................................ [ 93%]
.......................                                                  [100%]
=============================== warnings summary ===============================
tests/test_structure_two_w3_native_particles.py::test_public_prepared_boundary_rejects_without_mutation[snapshot]
tests/test_structure_two_w3_native_particles.py::test_public_prepared_boundary_rejects_without_mutation[instance]
tests/test_structure_two_w3_native_particles.py::test_public_prepared_boundary_rejects_without_mutation[parent]
tests/test_structure_two_w3_native_particles.py::test_public_prepared_boundary_rejects_without_mutation[statistics]
tests/test_structure_two_w3_native_particles.py::test_public_prepared_boundary_rejects_without_mutation[ledger]
tests/test_structure_two_w3_native_particles.py::test_public_prepared_boundary_rejects_without_mutation[neural]
tests/test_structure_two_w3_native_particles.py::test_public_prepared_boundary_rejects_without_mutation[nan]
tests/test_structure_two_w3_native_particles.py::test_public_prepared_boundary_rejects_without_mutation[self_parent]
  /private/tmp/cpswm-pc-a-joint-training-loop-20260925/.venv/lib/python3.13/site-packages/pydantic/main.py:475: UserWarning: Pydantic serializer warnings:
    PydanticSerializationUnexpectedValue(Expected `OrderedActorRole` - serialized value may not be as expected [field_name='ordered_actor_roles', input_value={'role': 'pickup_actor', 'actor_key': 'owner'}, input_type=dict])
    PydanticSerializationUnexpectedValue(Expected `OrderedActorRole` - serialized value may not be as expected [field_name='ordered_actor_roles', input_value={'role': 'carrier', 'actor_key': 'owner'}, input_type=dict])
    PydanticSerializationUnexpectedValue(Expected `OrderedActorRole` - serialized value may not be as expected [field_name='ordered_actor_roles', input_value={'role': 'placer', 'actor_key': 'owner'}, input_type=dict])
    return self.__pydantic_serializer__.to_python(

tests/test_structure_two_w3_native_particles.py::test_public_prepared_boundary_rejects_without_mutation[reactivate]
  /private/tmp/cpswm-pc-a-joint-training-loop-20260925/.venv/lib/python3.13/site-packages/pydantic/main.py:475: UserWarning: Pydantic serializer warnings:
    PydanticSerializationUnexpectedValue(Expected `enum` - serialized value may not be as expected [field_name='operation', input_value='reactivate', input_type=str])
    PydanticSerializationUnexpectedValue(Expected `OrderedActorRole` - serialized value may not be as expected [field_name='ordered_actor_roles', input_value={'role': 'pickup_actor', 'actor_key': 'owner'}, input_type=dict])
    PydanticSerializationUnexpectedValue(Expected `OrderedActorRole` - serialized value may not be as expected [field_name='ordered_actor_roles', input_value={'role': 'carrier', 'actor_key': 'owner'}, input_type=dict])
    PydanticSerializationUnexpectedValue(Expected `OrderedActorRole` - serialized value may not be as expected [field_name='ordered_actor_roles', input_value={'role': 'placer', 'actor_key': 'owner'}, input_type=dict])
    return self.__pydantic_serializer__.to_python(

tests/test_structure_two_w3_native_particles.py::test_public_prepared_boundary_rejects_without_mutation[rejuvenate]
  /private/tmp/cpswm-pc-a-joint-training-loop-20260925/.venv/lib/python3.13/site-packages/pydantic/main.py:475: UserWarning: Pydantic serializer warnings:
    PydanticSerializationUnexpectedValue(Expected `enum` - serialized value may not be as expected [field_name='operation', input_value='rejuvenate', input_type=str])
    PydanticSerializationUnexpectedValue(Expected `OrderedActorRole` - serialized value may not be as expected [field_name='ordered_actor_roles', input_value={'role': 'pickup_actor', 'actor_key': 'owner'}, input_type=dict])
    PydanticSerializationUnexpectedValue(Expected `OrderedActorRole` - serialized value may not be as expected [field_name='ordered_actor_roles', input_value={'role': 'carrier', 'actor_key': 'owner'}, input_type=dict])
    PydanticSerializationUnexpectedValue(Expected `OrderedActorRole` - serialized value may not be as expected [field_name='ordered_actor_roles', input_value={'role': 'placer', 'actor_key': 'owner'}, input_type=dict])
    return self.__pydantic_serializer__.to_python(

-- Docs: https://docs.pytest.org/en/stable/how-to/capture-warnings.html
383 passed, 10 warnings in 60.69s (0:01:00)
