{
  "correct": {
    "input_boundary": "public production compatibility; not direct P5",
    "before": {
      "distributions": {
        "full": {
          "afc41c40-ee36-d29e-8322-5085cc49d1a0": 1.0,
          "7c3a9c58-c7ee-887b-42d3-95f54155ec01": 0.0,
          "ef8bf6f6-a3f5-a389-53de-79bcd7801722": 0.0,
          "47c8a4fd-a7ee-c57f-a195-6b4692cc0caa": 0.0
        },
        "fast": {
          "afc41c40-ee36-d29e-8322-5085cc49d1a0": 1.0,
          "7c3a9c58-c7ee-887b-42d3-95f54155ec01": 0.0,
          "ef8bf6f6-a3f5-a389-53de-79bcd7801722": 0.0,
          "47c8a4fd-a7ee-c57f-a195-6b4692cc0caa": 0.0
        },
        "long": {
          "afc41c40-ee36-d29e-8322-5085cc49d1a0": 1.0,
          "7c3a9c58-c7ee-887b-42d3-95f54155ec01": 0.0,
          "ef8bf6f6-a3f5-a389-53de-79bcd7801722": 0.0,
          "47c8a4fd-a7ee-c57f-a195-6b4692cc0caa": 0.0
        }
      },
      "committed": 14,
      "contributions": [
        {
          "location": "afc41c40-ee36-d29e-8322-5085cc49d1a0",
          "owner_mass": 0.7944623655913977,
          "statistical_weight": 1.2981411202473816
        },
        {
          "location": "afc41c40-ee36-d29e-8322-5085cc49d1a0",
          "owner_mass": 0.7944623655913977,
          "statistical_weight": 1.2981411202473816
        },
        {
          "location": "afc41c40-ee36-d29e-8322-5085cc49d1a0",
          "owner_mass": 0.7944623655913977,
          "statistical_weight": 1.2981411202473816
        },
        {
          "location": "afc41c40-ee36-d29e-8322-5085cc49d1a0",
          "owner_mass": 0.7944623655913977,
          "statistical_weight": 1.2981411202473816
        },
        {
          "location": "afc41c40-ee36-d29e-8322-5085cc49d1a0",
          "owner_mass": 0.7944623655913977,
          "statistical_weight": 1.2981411202473816
        },
        {
          "location": "afc41c40-ee36-d29e-8322-5085cc49d1a0",
          "owner_mass": 0.7944623655913977,
          "statistical_weight": 1.2981411202473816
        },
        {
          "location": "afc41c40-ee36-d29e-8322-5085cc49d1a0",
          "owner_mass": 0.7944623655913977,
          "statistical_weight": 1.2981411202473816
        },
        {
          "location": "afc41c40-ee36-d29e-8322-5085cc49d1a0",
          "owner_mass": 0.7944623655913977,
          "statistical_weight": 1.2981411202473816
        },
        {
          "location": "afc41c40-ee36-d29e-8322-5085cc49d1a0",
          "owner_mass": 0.7944623655913977,
          "statistical_weight": 1.2981411202473816
        },
        {
          "location": "afc41c40-ee36-d29e-8322-5085cc49d1a0",
          "owner_mass": 0.7944623655913977,
          "statistical_weight": 1.2981411202473816
        },
        {
          "location": "afc41c40-ee36-d29e-8322-5085cc49d1a0",
          "owner_mass": 0.7944623655913977,
          "statistical_weight": 1.2981411202473816
        },
        {
          "location": "afc41c40-ee36-d29e-8322-5085cc49d1a0",
          "owner_mass": 0.7944623655913977,
          "statistical_weight": 1.2981411202473816
        },
        {
          "location": "afc41c40-ee36-d29e-8322-5085cc49d1a0",
          "owner_mass": 0.7944623655913977,
          "statistical_weight": 1.2981411202473816
        },
        {
          "location": "afc41c40-ee36-d29e-8322-5085cc49d1a0",
          "owner_mass": 0.7944623655913977,
          "statistical_weight": 1.2981411202473816
        }
      ],
      "observed_owner_masses": [
        0.7944623655913977,
        0.7944623655913977,
        0.7944623655913977,
        0.7944623655913977,
        0.7944623655913977,
        0.7944623655913977,
        0.7944623655913977,
        0.7944623655913977,
        0.7944623655913977,
        0.7944623655913977,
        0.7944623655913977,
        0.7944623655913977,
        0.7944623655913977,
        0.7944623655913977
      ],
      "fast_events": 14,
      "observations": 14,
      "active_regime": "stable",
      "hybrid_alpha": {
        "afc41c40-ee36-d29e-8322-5085cc49d1a0": 18.17397568346334,
        "7c3a9c58-c7ee-887b-42d3-95f54155ec01": 0.0,
        "ef8bf6f6-a3f5-a389-53de-79bcd7801722": 0.0,
        "47c8a4fd-a7ee-c57f-a195-6b4692cc0caa": 0.0
      }
    },
    "nonempty_target": true,
    "status": "REJECTED",
    "error_type": "ValueError",
    "error": "CORRECT not admitted by CCRR; transaction rolled back",
    "after": {
      "distributions": {
        "full": {
          "afc41c40-ee36-d29e-8322-5085cc49d1a0": 1.0,
          "7c3a9c58-c7ee-887b-42d3-95f54155ec01": 0.0,
          "ef8bf6f6-a3f5-a389-53de-79bcd7801722": 0.0,
          "47c8a4fd-a7ee-c57f-a195-6b4692cc0caa": 0.0
        },
        "fast": {
          "afc41c40-ee36-d29e-8322-5085cc49d1a0": 1.0,
          "7c3a9c58-c7ee-887b-42d3-95f54155ec01": 0.0,
          "ef8bf6f6-a3f5-a389-53de-79bcd7801722": 0.0,
          "47c8a4fd-a7ee-c57f-a195-6b4692cc0caa": 0.0
        },
        "long": {
          "afc41c40-ee36-d29e-8322-5085cc49d1a0": 1.0,
          "7c3a9c58-c7ee-887b-42d3-95f54155ec01": 0.0,
          "ef8bf6f6-a3f5-a389-53de-79bcd7801722": 0.0,
          "47c8a4fd-a7ee-c57f-a195-6b4692cc0caa": 0.0
        }
      },
      "committed": 14,
      "contributions": [
        {
          "location": "afc41c40-ee36-d29e-8322-5085cc49d1a0",
          "owner_mass": 0.7944623655913977,
          "statistical_weight": 1.2981411202473816
        },
        {
          "location": "afc41c40-ee36-d29e-8322-5085cc49d1a0",
          "owner_mass": 0.7944623655913977,
          "statistical_weight": 1.2981411202473816
        },
        {
          "location": "afc41c40-ee36-d29e-8322-5085cc49d1a0",
          "owner_mass": 0.7944623655913977,
          "statistical_weight": 1.2981411202473816
        },
        {
          "location": "afc41c40-ee36-d29e-8322-5085cc49d1a0",
          "owner_mass": 0.7944623655913977,
          "statistical_weight": 1.2981411202473816
        },
        {
          "location": "afc41c40-ee36-d29e-8322-5085cc49d1a0",
          "owner_mass": 0.7944623655913977,
          "statistical_weight": 1.2981411202473816
        },
        {
          "location": "afc41c40-ee36-d29e-8322-5085cc49d1a0",
          "owner_mass": 0.7944623655913977,
          "statistical_weight": 1.2981411202473816
        },
        {
          "location": "afc41c40-ee36-d29e-8322-5085cc49d1a0",
          "owner_mass": 0.7944623655913977,
          "statistical_weight": 1.2981411202473816
        },
        {
          "location": "afc41c40-ee36-d29e-8322-5085cc49d1a0",
          "owner_mass": 0.7944623655913977,
          "statistical_weight": 1.2981411202473816
        },
        {
          "location": "afc41c40-ee36-d29e-8322-5085cc49d1a0",
          "owner_mass": 0.7944623655913977,
          "statistical_weight": 1.2981411202473816
        },
        {
          "location": "afc41c40-ee36-d29e-8322-5085cc49d1a0",
          "owner_mass": 0.7944623655913977,
          "statistical_weight": 1.2981411202473816
        },
        {
          "location": "afc41c40-ee36-d29e-8322-5085cc49d1a0",
          "owner_mass": 0.7944623655913977,
          "statistical_weight": 1.2981411202473816
        },
        {
          "location": "afc41c40-ee36-d29e-8322-5085cc49d1a0",
          "owner_mass": 0.7944623655913977,
          "statistical_weight": 1.2981411202473816
        },
        {
          "location": "afc41c40-ee36-d29e-8322-5085cc49d1a0",
          "owner_mass": 0.7944623655913977,
          "statistical_weight": 1.2981411202473816
        },
        {
          "location": "afc41c40-ee36-d29e-8322-5085cc49d1a0",
          "owner_mass": 0.7944623655913977,
          "statistical_weight": 1.2981411202473816
        }
      ],
      "observed_owner_masses": [
        0.7944623655913977,
        0.7944623655913977,
        0.7944623655913977,
        0.7944623655913977,
        0.7944623655913977,
        0.7944623655913977,
        0.7944623655913977,
        0.7944623655913977,
        0.7944623655913977,
        0.7944623655913977,
        0.7944623655913977,
        0.7944623655913977,
        0.7944623655913977,
        0.7944623655913977
      ],
      "fast_events": 14,
      "observations": 14,
      "active_regime": "stable",
      "hybrid_alpha": {
        "afc41c40-ee36-d29e-8322-5085cc49d1a0": 18.17397568346334,
        "7c3a9c58-c7ee-887b-42d3-95f54155ec01": 0.0,
        "ef8bf6f6-a3f5-a389-53de-79bcd7801722": 0.0,
        "47c8a4fd-a7ee-c57f-a195-6b4692cc0caa": 0.0
      }
    },
    "semantic_unchanged": true
  },
  "retract": {
    "input_boundary": "public production compatibility; not direct P5",
    "before": {
      "distributions": {
        "full": {
          "afc41c40-ee36-d29e-8322-5085cc49d1a0": 1.0,
          "7c3a9c58-c7ee-887b-42d3-95f54155ec01": 0.0,
          "ef8bf6f6-a3f5-a389-53de-79bcd7801722": 0.0,
          "47c8a4fd-a7ee-c57f-a195-6b4692cc0caa": 0.0
        },
        "fast": {
          "afc41c40-ee36-d29e-8322-5085cc49d1a0": 1.0,
          "7c3a9c58-c7ee-887b-42d3-95f54155ec01": 0.0,
          "ef8bf6f6-a3f5-a389-53de-79bcd7801722": 0.0,
          "47c8a4fd-a7ee-c57f-a195-6b4692cc0caa": 0.0
        },
        "long": {
          "afc41c40-ee36-d29e-8322-5085cc49d1a0": 1.0,
          "7c3a9c58-c7ee-887b-42d3-95f54155ec01": 0.0,
          "ef8bf6f6-a3f5-a389-53de-79bcd7801722": 0.0,
          "47c8a4fd-a7ee-c57f-a195-6b4692cc0caa": 0.0
        }
      },
      "committed": 14,
      "contributions": [
        {
          "location": "afc41c40-ee36-d29e-8322-5085cc49d1a0",
          "owner_mass": 0.7944623655913977,
          "statistical_weight": 1.2981411202473816
        },
        {
          "location": "afc41c40-ee36-d29e-8322-5085cc49d1a0",
          "owner_mass": 0.7944623655913977,
          "statistical_weight": 1.2981411202473816
        },
        {
          "location": "afc41c40-ee36-d29e-8322-5085cc49d1a0",
          "owner_mass": 0.7944623655913977,
          "statistical_weight": 1.2981411202473816
        },
        {
          "location": "afc41c40-ee36-d29e-8322-5085cc49d1a0",
          "owner_mass": 0.7944623655913977,
          "statistical_weight": 1.2981411202473816
        },
        {
          "location": "afc41c40-ee36-d29e-8322-5085cc49d1a0",
          "owner_mass": 0.7944623655913977,
          "statistical_weight": 1.2981411202473816
        },
        {
          "location": "afc41c40-ee36-d29e-8322-5085cc49d1a0",
          "owner_mass": 0.7944623655913977,
          "statistical_weight": 1.2981411202473816
        },
        {
          "location": "afc41c40-ee36-d29e-8322-5085cc49d1a0",
          "owner_mass": 0.7944623655913977,
          "statistical_weight": 1.2981411202473816
        },
        {
          "location": "afc41c40-ee36-d29e-8322-5085cc49d1a0",
          "owner_mass": 0.7944623655913977,
          "statistical_weight": 1.2981411202473816
        },
        {
          "location": "afc41c40-ee36-d29e-8322-5085cc49d1a0",
          "owner_mass": 0.7944623655913977,
          "statistical_weight": 1.2981411202473816
        },
        {
          "location": "afc41c40-ee36-d29e-8322-5085cc49d1a0",
          "owner_mass": 0.7944623655913977,
          "statistical_weight": 1.2981411202473816
        },
        {
          "location": "afc41c40-ee36-d29e-8322-5085cc49d1a0",
          "owner_mass": 0.7944623655913977,
          "statistical_weight": 1.2981411202473816
        },
        {
          "location": "afc41c40-ee36-d29e-8322-5085cc49d1a0",
          "owner_mass": 0.7944623655913977,
          "statistical_weight": 1.2981411202473816
        },
        {
          "location": "afc41c40-ee36-d29e-8322-5085cc49d1a0",
          "owner_mass": 0.7944623655913977,
          "statistical_weight": 1.2981411202473816
        },
        {
          "location": "afc41c40-ee36-d29e-8322-5085cc49d1a0",
          "owner_mass": 0.7944623655913977,
          "statistical_weight": 1.2981411202473816
        }
      ],
      "observed_owner_masses": [
        0.7944623655913977,
        0.7944623655913977,
        0.7944623655913977,
        0.7944623655913977,
        0.7944623655913977,
        0.7944623655913977,
        0.7944623655913977,
        0.7944623655913977,
        0.7944623655913977,
        0.7944623655913977,
        0.7944623655913977,
        0.7944623655913977,
        0.7944623655913977,
        0.7944623655913977
      ],
      "fast_events": 14,
      "observations": 14,
      "active_regime": "stable",
      "hybrid_alpha": {
        "afc41c40-ee36-d29e-8322-5085cc49d1a0": 18.17397568346334,
        "7c3a9c58-c7ee-887b-42d3-95f54155ec01": 0.0,
        "ef8bf6f6-a3f5-a389-53de-79bcd7801722": 0.0,
        "47c8a4fd-a7ee-c57f-a195-6b4692cc0caa": 0.0
      }
    },
    "nonempty_target": true,
    "status": "RETURNED",
    "operations": [
      "retract"
    ],
    "old_committed": false,
    "new_committed": false,
    "new_quarantined": false,
    "repeat": {
      "rejected": "KeyError",
      "error": "'superseded revision is not a committed prototype event'"
    },
    "repeat_semantic_unchanged": true,
    "after": {
      "distributions": {
        "full": {
          "afc41c40-ee36-d29e-8322-5085cc49d1a0": 1.0,
          "7c3a9c58-c7ee-887b-42d3-95f54155ec01": 0.0,
          "ef8bf6f6-a3f5-a389-53de-79bcd7801722": 0.0,
          "47c8a4fd-a7ee-c57f-a195-6b4692cc0caa": 0.0
        },
        "fast": {
          "afc41c40-ee36-d29e-8322-5085cc49d1a0": 1.0,
          "7c3a9c58-c7ee-887b-42d3-95f54155ec01": 0.0,
          "ef8bf6f6-a3f5-a389-53de-79bcd7801722": 0.0,
          "47c8a4fd-a7ee-c57f-a195-6b4692cc0caa": 0.0
        },
        "long": {
          "afc41c40-ee36-d29e-8322-5085cc49d1a0": 1.0,
          "7c3a9c58-c7ee-887b-42d3-95f54155ec01": 0.0,
          "ef8bf6f6-a3f5-a389-53de-79bcd7801722": 0.0,
          "47c8a4fd-a7ee-c57f-a195-6b4692cc0caa": 0.0
        }
      },
      "committed": 13,
      "contributions": [
        {
          "location": "afc41c40-ee36-d29e-8322-5085cc49d1a0",
          "owner_mass": 0.7944623655913977,
          "statistical_weight": 1.2981411202473816
        },
        {
          "location": "afc41c40-ee36-d29e-8322-5085cc49d1a0",
          "owner_mass": 0.7944623655913977,
          "statistical_weight": 1.2981411202473816
        },
        {
          "location": "afc41c40-ee36-d29e-8322-5085cc49d1a0",
          "owner_mass": 0.7944623655913977,
          "statistical_weight": 1.2981411202473816
        },
        {
          "location": "afc41c40-ee36-d29e-8322-5085cc49d1a0",
          "owner_mass": 0.7944623655913977,
          "statistical_weight": 1.2981411202473816
        },
        {
          "location": "afc41c40-ee36-d29e-8322-5085cc49d1a0",
          "owner_mass": 0.7944623655913977,
          "statistical_weight": 1.2981411202473816
        },
        {
          "location": "afc41c40-ee36-d29e-8322-5085cc49d1a0",
          "owner_mass": 0.7944623655913977,
          "statistical_weight": 1.2981411202473816
        },
        {
          "location": "afc41c40-ee36-d29e-8322-5085cc49d1a0",
          "owner_mass": 0.7944623655913977,
          "statistical_weight": 1.2981411202473816
        },
        {
          "location": "afc41c40-ee36-d29e-8322-5085cc49d1a0",
          "owner_mass": 0.7944623655913977,
          "statistical_weight": 1.2981411202473816
        },
        {
          "location": "afc41c40-ee36-d29e-8322-5085cc49d1a0",
          "owner_mass": 0.7944623655913977,
          "statistical_weight": 1.2981411202473816
        },
        {
          "location": "afc41c40-ee36-d29e-8322-5085cc49d1a0",
          "owner_mass": 0.7944623655913977,
          "statistical_weight": 1.2981411202473816
        },
        {
          "location": "afc41c40-ee36-d29e-8322-5085cc49d1a0",
          "owner_mass": 0.7944623655913977,
          "statistical_weight": 1.2981411202473816
        },
        {
          "location": "afc41c40-ee36-d29e-8322-5085cc49d1a0",
          "owner_mass": 0.7944623655913977,
          "statistical_weight": 1.2981411202473816
        },
        {
          "location": "afc41c40-ee36-d29e-8322-5085cc49d1a0",
          "owner_mass": 0.7944623655913977,
          "statistical_weight": 1.2981411202473816
        }
      ],
      "observed_owner_masses": [
        0.7944623655913977,
        0.7944623655913977,
        0.7944623655913977,
        0.7944623655913977,
        0.7944623655913977,
        0.7944623655913977,
        0.7944623655913977,
        0.7944623655913977,
        0.7944623655913977,
        0.7944623655913977,
        0.7944623655913977,
        0.7944623655913977,
        0.7944623655913977
      ],
      "fast_events": 13,
      "observations": 13,
      "active_regime": "stable",
      "hybrid_alpha": {
        "afc41c40-ee36-d29e-8322-5085cc49d1a0": 16.875834563215957,
        "7c3a9c58-c7ee-887b-42d3-95f54155ec01": 0.0,
        "ef8bf6f6-a3f5-a389-53de-79bcd7801722": 0.0,
        "47c8a4fd-a7ee-c57f-a195-6b4692cc0caa": 0.0
      }
    },
    "semantic_unchanged": false
  },
  "duplicate": {
    "input_boundary": "public production compatibility; not direct P5",
    "before": {
      "distributions": {
        "full": {
          "afc41c40-ee36-d29e-8322-5085cc49d1a0": 1.0,
          "7c3a9c58-c7ee-887b-42d3-95f54155ec01": 0.0,
          "ef8bf6f6-a3f5-a389-53de-79bcd7801722": 0.0,
          "47c8a4fd-a7ee-c57f-a195-6b4692cc0caa": 0.0
        },
        "fast": {
          "afc41c40-ee36-d29e-8322-5085cc49d1a0": 1.0,
          "7c3a9c58-c7ee-887b-42d3-95f54155ec01": 0.0,
          "ef8bf6f6-a3f5-a389-53de-79bcd7801722": 0.0,
          "47c8a4fd-a7ee-c57f-a195-6b4692cc0caa": 0.0
        },
        "long": {
          "afc41c40-ee36-d29e-8322-5085cc49d1a0": 1.0,
          "7c3a9c58-c7ee-887b-42d3-95f54155ec01": 0.0,
          "ef8bf6f6-a3f5-a389-53de-79bcd7801722": 0.0,
          "47c8a4fd-a7ee-c57f-a195-6b4692cc0caa": 0.0
        }
      },
      "committed": 14,
      "contributions": [
        {
          "location": "afc41c40-ee36-d29e-8322-5085cc49d1a0",
          "owner_mass": 0.7944623655913977,
          "statistical_weight": 1.2981411202473816
        },
        {
          "location": "afc41c40-ee36-d29e-8322-5085cc49d1a0",
          "owner_mass": 0.7944623655913977,
          "statistical_weight": 1.2981411202473816
        },
        {
          "location": "afc41c40-ee36-d29e-8322-5085cc49d1a0",
          "owner_mass": 0.7944623655913977,
          "statistical_weight": 1.2981411202473816
        },
        {
          "location": "afc41c40-ee36-d29e-8322-5085cc49d1a0",
          "owner_mass": 0.7944623655913977,
          "statistical_weight": 1.2981411202473816
        },
        {
          "location": "afc41c40-ee36-d29e-8322-5085cc49d1a0",
          "owner_mass": 0.7944623655913977,
          "statistical_weight": 1.2981411202473816
        },
        {
          "location": "afc41c40-ee36-d29e-8322-5085cc49d1a0",
          "owner_mass": 0.7944623655913977,
          "statistical_weight": 1.2981411202473816
        },
        {
          "location": "afc41c40-ee36-d29e-8322-5085cc49d1a0",
          "owner_mass": 0.7944623655913977,
          "statistical_weight": 1.2981411202473816
        },
        {
          "location": "afc41c40-ee36-d29e-8322-5085cc49d1a0",
          "owner_mass": 0.7944623655913977,
          "statistical_weight": 1.2981411202473816
        },
        {
          "location": "afc41c40-ee36-d29e-8322-5085cc49d1a0",
          "owner_mass": 0.7944623655913977,
          "statistical_weight": 1.2981411202473816
        },
        {
          "location": "afc41c40-ee36-d29e-8322-5085cc49d1a0",
          "owner_mass": 0.7944623655913977,
          "statistical_weight": 1.2981411202473816
        },
        {
          "location": "afc41c40-ee36-d29e-8322-5085cc49d1a0",
          "owner_mass": 0.7944623655913977,
          "statistical_weight": 1.2981411202473816
        },
        {
          "location": "afc41c40-ee36-d29e-8322-5085cc49d1a0",
          "owner_mass": 0.7944623655913977,
          "statistical_weight": 1.2981411202473816
        },
        {
          "location": "afc41c40-ee36-d29e-8322-5085cc49d1a0",
          "owner_mass": 0.7944623655913977,
          "statistical_weight": 1.2981411202473816
        },
        {
          "location": "afc41c40-ee36-d29e-8322-5085cc49d1a0",
          "owner_mass": 0.7944623655913977,
          "statistical_weight": 1.2981411202473816
        }
      ],
      "observed_owner_masses": [
        0.7944623655913977,
        0.7944623655913977,
        0.7944623655913977,
        0.7944623655913977,
        0.7944623655913977,
        0.7944623655913977,
        0.7944623655913977,
        0.7944623655913977,
        0.7944623655913977,
        0.7944623655913977,
        0.7944623655913977,
        0.7944623655913977,
        0.7944623655913977,
        0.7944623655913977
      ],
      "fast_events": 14,
      "observations": 14,
      "active_regime": "stable",
      "hybrid_alpha": {
        "afc41c40-ee36-d29e-8322-5085cc49d1a0": 18.17397568346334,
        "7c3a9c58-c7ee-887b-42d3-95f54155ec01": 0.0,
        "ef8bf6f6-a3f5-a389-53de-79bcd7801722": 0.0,
        "47c8a4fd-a7ee-c57f-a195-6b4692cc0caa": 0.0
      }
    },
    "nonempty_target": true,
    "status": "REJECTED",
    "error_type": "ValueError",
    "error": "automatic regime observations must be strictly chronological",
    "after": {
      "distributions": {
        "full": {
          "afc41c40-ee36-d29e-8322-5085cc49d1a0": 1.0,
          "7c3a9c58-c7ee-887b-42d3-95f54155ec01": 0.0,
          "ef8bf6f6-a3f5-a389-53de-79bcd7801722": 0.0,
          "47c8a4fd-a7ee-c57f-a195-6b4692cc0caa": 0.0
        },
        "fast": {
          "afc41c40-ee36-d29e-8322-5085cc49d1a0": 1.0,
          "7c3a9c58-c7ee-887b-42d3-95f54155ec01": 0.0,
          "ef8bf6f6-a3f5-a389-53de-79bcd7801722": 0.0,
          "47c8a4fd-a7ee-c57f-a195-6b4692cc0caa": 0.0
        },
        "long": {
          "afc41c40-ee36-d29e-8322-5085cc49d1a0": 1.0,
          "7c3a9c58-c7ee-887b-42d3-95f54155ec01": 0.0,
          "ef8bf6f6-a3f5-a389-53de-79bcd7801722": 0.0,
          "47c8a4fd-a7ee-c57f-a195-6b4692cc0caa": 0.0
        }
      },
      "committed": 14,
      "contributions": [
        {
          "location": "afc41c40-ee36-d29e-8322-5085cc49d1a0",
          "owner_mass": 0.7944623655913977,
          "statistical_weight": 1.2981411202473816
        },
        {
          "location": "afc41c40-ee36-d29e-8322-5085cc49d1a0",
          "owner_mass": 0.7944623655913977,
          "statistical_weight": 1.2981411202473816
        },
        {
          "location": "afc41c40-ee36-d29e-8322-5085cc49d1a0",
          "owner_mass": 0.7944623655913977,
          "statistical_weight": 1.2981411202473816
        },
        {
          "location": "afc41c40-ee36-d29e-8322-5085cc49d1a0",
          "owner_mass": 0.7944623655913977,
          "statistical_weight": 1.2981411202473816
        },
        {
          "location": "afc41c40-ee36-d29e-8322-5085cc49d1a0",
          "owner_mass": 0.7944623655913977,
          "statistical_weight": 1.2981411202473816
        },
        {
          "location": "afc41c40-ee36-d29e-8322-5085cc49d1a0",
          "owner_mass": 0.7944623655913977,
          "statistical_weight": 1.2981411202473816
        },
        {
          "location": "afc41c40-ee36-d29e-8322-5085cc49d1a0",
          "owner_mass": 0.7944623655913977,
          "statistical_weight": 1.2981411202473816
        },
        {
          "location": "afc41c40-ee36-d29e-8322-5085cc49d1a0",
          "owner_mass": 0.7944623655913977,
          "statistical_weight": 1.2981411202473816
        },
        {
          "location": "afc41c40-ee36-d29e-8322-5085cc49d1a0",
          "owner_mass": 0.7944623655913977,
          "statistical_weight": 1.2981411202473816
        },
        {
          "location": "afc41c40-ee36-d29e-8322-5085cc49d1a0",
          "owner_mass": 0.7944623655913977,
          "statistical_weight": 1.2981411202473816
        },
        {
          "location": "afc41c40-ee36-d29e-8322-5085cc49d1a0",
          "owner_mass": 0.7944623655913977,
          "statistical_weight": 1.2981411202473816
        },
        {
          "location": "afc41c40-ee36-d29e-8322-5085cc49d1a0",
          "owner_mass": 0.7944623655913977,
          "statistical_weight": 1.2981411202473816
        },
        {
          "location": "afc41c40-ee36-d29e-8322-5085cc49d1a0",
          "owner_mass": 0.7944623655913977,
          "statistical_weight": 1.2981411202473816
        },
        {
          "location": "afc41c40-ee36-d29e-8322-5085cc49d1a0",
          "owner_mass": 0.7944623655913977,
          "statistical_weight": 1.2981411202473816
        }
      ],
      "observed_owner_masses": [
        0.7944623655913977,
        0.7944623655913977,
        0.7944623655913977,
        0.7944623655913977,
        0.7944623655913977,
        0.7944623655913977,
        0.7944623655913977,
        0.7944623655913977,
        0.7944623655913977,
        0.7944623655913977,
        0.7944623655913977,
        0.7944623655913977,
        0.7944623655913977,
        0.7944623655913977
      ],
      "fast_events": 14,
      "observations": 14,
      "active_regime": "stable",
      "hybrid_alpha": {
        "afc41c40-ee36-d29e-8322-5085cc49d1a0": 18.17397568346334,
        "7c3a9c58-c7ee-887b-42d3-95f54155ec01": 0.0,
        "ef8bf6f6-a3f5-a389-53de-79bcd7801722": 0.0,
        "47c8a4fd-a7ee-c57f-a195-6b4692cc0caa": 0.0
      }
    },
    "semantic_unchanged": true
  },
  "out_of_order": {
    "input_boundary": "public production compatibility; not direct P5",
    "before": {
      "distributions": {
        "full": {
          "afc41c40-ee36-d29e-8322-5085cc49d1a0": 1.0,
          "7c3a9c58-c7ee-887b-42d3-95f54155ec01": 0.0,
          "ef8bf6f6-a3f5-a389-53de-79bcd7801722": 0.0,
          "47c8a4fd-a7ee-c57f-a195-6b4692cc0caa": 0.0
        },
        "fast": {
          "afc41c40-ee36-d29e-8322-5085cc49d1a0": 1.0,
          "7c3a9c58-c7ee-887b-42d3-95f54155ec01": 0.0,
          "ef8bf6f6-a3f5-a389-53de-79bcd7801722": 0.0,
          "47c8a4fd-a7ee-c57f-a195-6b4692cc0caa": 0.0
        },
        "long": {
          "afc41c40-ee36-d29e-8322-5085cc49d1a0": 1.0,
          "7c3a9c58-c7ee-887b-42d3-95f54155ec01": 0.0,
          "ef8bf6f6-a3f5-a389-53de-79bcd7801722": 0.0,
          "47c8a4fd-a7ee-c57f-a195-6b4692cc0caa": 0.0
        }
      },
      "committed": 14,
      "contributions": [
        {
          "location": "afc41c40-ee36-d29e-8322-5085cc49d1a0",
          "owner_mass": 0.7944623655913977,
          "statistical_weight": 1.2981411202473816
        },
        {
          "location": "afc41c40-ee36-d29e-8322-5085cc49d1a0",
          "owner_mass": 0.7944623655913977,
          "statistical_weight": 1.2981411202473816
        },
        {
          "location": "afc41c40-ee36-d29e-8322-5085cc49d1a0",
          "owner_mass": 0.7944623655913977,
          "statistical_weight": 1.2981411202473816
        },
        {
          "location": "afc41c40-ee36-d29e-8322-5085cc49d1a0",
          "owner_mass": 0.7944623655913977,
          "statistical_weight": 1.2981411202473816
        },
        {
          "location": "afc41c40-ee36-d29e-8322-5085cc49d1a0",
          "owner_mass": 0.7944623655913977,
          "statistical_weight": 1.2981411202473816
        },
        {
          "location": "afc41c40-ee36-d29e-8322-5085cc49d1a0",
          "owner_mass": 0.7944623655913977,
          "statistical_weight": 1.2981411202473816
        },
        {
          "location": "afc41c40-ee36-d29e-8322-5085cc49d1a0",
          "owner_mass": 0.7944623655913977,
          "statistical_weight": 1.2981411202473816
        },
        {
          "location": "afc41c40-ee36-d29e-8322-5085cc49d1a0",
          "owner_mass": 0.7944623655913977,
          "statistical_weight": 1.2981411202473816
        },
        {
          "location": "afc41c40-ee36-d29e-8322-5085cc49d1a0",
          "owner_mass": 0.7944623655913977,
          "statistical_weight": 1.2981411202473816
        },
        {
          "location": "afc41c40-ee36-d29e-8322-5085cc49d1a0",
          "owner_mass": 0.7944623655913977,
          "statistical_weight": 1.2981411202473816
        },
        {
          "location": "afc41c40-ee36-d29e-8322-5085cc49d1a0",
          "owner_mass": 0.7944623655913977,
          "statistical_weight": 1.2981411202473816
        },
        {
          "location": "afc41c40-ee36-d29e-8322-5085cc49d1a0",
          "owner_mass": 0.7944623655913977,
          "statistical_weight": 1.2981411202473816
        },
        {
          "location": "afc41c40-ee36-d29e-8322-5085cc49d1a0",
          "owner_mass": 0.7944623655913977,
          "statistical_weight": 1.2981411202473816
        },
        {
          "location": "afc41c40-ee36-d29e-8322-5085cc49d1a0",
          "owner_mass": 0.7944623655913977,
          "statistical_weight": 1.2981411202473816
        }
      ],
      "observed_owner_masses": [
        0.7944623655913977,
        0.7944623655913977,
        0.7944623655913977,
        0.7944623655913977,
        0.7944623655913977,
        0.7944623655913977,
        0.7944623655913977,
        0.7944623655913977,
        0.7944623655913977,
        0.7944623655913977,
        0.7944623655913977,
        0.7944623655913977,
        0.7944623655913977,
        0.7944623655913977
      ],
      "fast_events": 14,
      "observations": 14,
      "active_regime": "stable",
      "hybrid_alpha": {
        "afc41c40-ee36-d29e-8322-5085cc49d1a0": 18.17397568346334,
        "7c3a9c58-c7ee-887b-42d3-95f54155ec01": 0.0,
        "ef8bf6f6-a3f5-a389-53de-79bcd7801722": 0.0,
        "47c8a4fd-a7ee-c57f-a195-6b4692cc0caa": 0.0
      }
    },
    "nonempty_target": true,
    "status": "REJECTED",
    "error_type": "ValueError",
    "error": "automatic regime observations must be strictly chronological",
    "after": {
      "distributions": {
        "full": {
          "afc41c40-ee36-d29e-8322-5085cc49d1a0": 1.0,
          "7c3a9c58-c7ee-887b-42d3-95f54155ec01": 0.0,
          "ef8bf6f6-a3f5-a389-53de-79bcd7801722": 0.0,
          "47c8a4fd-a7ee-c57f-a195-6b4692cc0caa": 0.0
        },
        "fast": {
          "afc41c40-ee36-d29e-8322-5085cc49d1a0": 1.0,
          "7c3a9c58-c7ee-887b-42d3-95f54155ec01": 0.0,
          "ef8bf6f6-a3f5-a389-53de-79bcd7801722": 0.0,
          "47c8a4fd-a7ee-c57f-a195-6b4692cc0caa": 0.0
        },
        "long": {
          "afc41c40-ee36-d29e-8322-5085cc49d1a0": 1.0,
          "7c3a9c58-c7ee-887b-42d3-95f54155ec01": 0.0,
          "ef8bf6f6-a3f5-a389-53de-79bcd7801722": 0.0,
          "47c8a4fd-a7ee-c57f-a195-6b4692cc0caa": 0.0
        }
      },
      "committed": 14,
      "contributions": [
        {
          "location": "afc41c40-ee36-d29e-8322-5085cc49d1a0",
          "owner_mass": 0.7944623655913977,
          "statistical_weight": 1.2981411202473816
        },
        {
          "location": "afc41c40-ee36-d29e-8322-5085cc49d1a0",
          "owner_mass": 0.7944623655913977,
          "statistical_weight": 1.2981411202473816
        },
        {
          "location": "afc41c40-ee36-d29e-8322-5085cc49d1a0",
          "owner_mass": 0.7944623655913977,
          "statistical_weight": 1.2981411202473816
        },
        {
          "location": "afc41c40-ee36-d29e-8322-5085cc49d1a0",
          "owner_mass": 0.7944623655913977,
          "statistical_weight": 1.2981411202473816
        },
        {
          "location": "afc41c40-ee36-d29e-8322-5085cc49d1a0",
          "owner_mass": 0.7944623655913977,
          "statistical_weight": 1.2981411202473816
        },
        {
          "location": "afc41c40-ee36-d29e-8322-5085cc49d1a0",
          "owner_mass": 0.7944623655913977,
          "statistical_weight": 1.2981411202473816
        },
        {
          "location": "afc41c40-ee36-d29e-8322-5085cc49d1a0",
          "owner_mass": 0.7944623655913977,
          "statistical_weight": 1.2981411202473816
        },
        {
          "location": "afc41c40-ee36-d29e-8322-5085cc49d1a0",
          "owner_mass": 0.7944623655913977,
          "statistical_weight": 1.2981411202473816
        },
        {
          "location": "afc41c40-ee36-d29e-8322-5085cc49d1a0",
          "owner_mass": 0.7944623655913977,
          "statistical_weight": 1.2981411202473816
        },
        {
          "location": "afc41c40-ee36-d29e-8322-5085cc49d1a0",
          "owner_mass": 0.7944623655913977,
          "statistical_weight": 1.2981411202473816
        },
        {
          "location": "afc41c40-ee36-d29e-8322-5085cc49d1a0",
          "owner_mass": 0.7944623655913977,
          "statistical_weight": 1.2981411202473816
        },
        {
          "location": "afc41c40-ee36-d29e-8322-5085cc49d1a0",
          "owner_mass": 0.7944623655913977,
          "statistical_weight": 1.2981411202473816
        },
        {
          "location": "afc41c40-ee36-d29e-8322-5085cc49d1a0",
          "owner_mass": 0.7944623655913977,
          "statistical_weight": 1.2981411202473816
        },
        {
          "location": "afc41c40-ee36-d29e-8322-5085cc49d1a0",
          "owner_mass": 0.7944623655913977,
          "statistical_weight": 1.2981411202473816
        }
      ],
      "observed_owner_masses": [
        0.7944623655913977,
        0.7944623655913977,
        0.7944623655913977,
        0.7944623655913977,
        0.7944623655913977,
        0.7944623655913977,
        0.7944623655913977,
        0.7944623655913977,
        0.7944623655913977,
        0.7944623655913977,
        0.7944623655913977,
        0.7944623655913977,
        0.7944623655913977,
        0.7944623655913977
      ],
      "fast_events": 14,
      "observations": 14,
      "active_regime": "stable",
      "hybrid_alpha": {
        "afc41c40-ee36-d29e-8322-5085cc49d1a0": 18.17397568346334,
        "7c3a9c58-c7ee-887b-42d3-95f54155ec01": 0.0,
        "ef8bf6f6-a3f5-a389-53de-79bcd7801722": 0.0,
        "47c8a4fd-a7ee-c57f-a195-6b4692cc0caa": 0.0
      }
    },
    "semantic_unchanged": true
  },
  "default_loop_config": {
    "minimum_baseline_observations": 3,
    "confirmation_window": 2,
    "habit_change_probability_threshold": 0.5,
    "transient_disturbance_probability_threshold": 0.5,
    "owner_evidence_threshold": 0.5,
    "feedback_failure_strength": 0.25,
    "feedback_success_strength": 0.25,
    "feedback_decision_margin": 0.15,
    "forgetting_factor": 1.0,
    "context_confirmation_max_distance": 0.25,
    "dirichlet_surprise_weight": 0.1,
    "rls_residual_weight": 0.1,
    "bocpd_hazard_probability": 0.05,
    "ccrr_similarity_threshold": 0.6,
    "ccrr_attribution_margin": 0.15,
    "cause_factorized_bocpd_enabled": true,
    "ccrr_enabled": true,
    "regime_reactivation_enabled": true,
    "derived_reactivation_policy": "require_fresh_feedback"
  },
  "default_readout": {
    "readout": "dual_timescale_reversible",
    "owner_mass_floor": 0.5,
    "recency_half_life": 1.0,
    "hybrid_alpha_weight": 0.0,
    "regime_local_weight": 0.1,
    "surviving_revision_weight": 0.2,
    "fast_action_weight": 0.7,
    "fast_owner_mass_floor": 0.5,
    "fast_confirmation_observations": 1,
    "unconfirmed_fast_discount": 1.0,
    "pending_correction_discount": 1.0,
    "active_regime_only": false
  }
}
