{
  "track": "CONTROLLED_SEMANTIC_CONDITIONAL_AND_TRANSPORT_FIXTURES",
  "seed": 171,
  "old_joint_calls": 12,
  "old_native_records": 24,
  "invalidated_revisions": [
    "516ed388-26a9-5f37-9ce4-256d71dc6a52"
  ],
  "before_replay_rejections": {
    "produce": "joint posterior requires full particle revision replay",
    "readout": "posterior source is stale, revoked, or outside runtime dependencies"
  },
  "retained_semantic_revisions": 23,
  "recomputed_joint_sources": 11,
  "retained_joint_source_count": 11,
  "unconsumed_intermediate_sources_not_added": 12,
  "retained_source_closure_exact": true,
  "replay_seconds": 19.39765749964863,
  "ledger_unchanged_by_replay_and_camera": true,
  "semantic_snapshot_unchanged_by_replay": true,
  "knowledge_cutoff_before": "2026-01-13T08:11:00+00:00",
  "feedback_arrival": "2026-01-13T10:10:00+00:00",
  "replay_cutoff": "2026-01-13T10:10:00+00:00",
  "current_native_records": 22,
  "current_atoms": 2,
  "atom_history_lengths": [
    11,
    11
  ],
  "conditional_history_lengths": [
    11,
    11
  ],
  "pose_dimensions": [
    6,
    6
  ],
  "conditional_states_changed": [
    true,
    true
  ],
  "old_generation_preserved_sha256": "b912accb6896fe1a3b25e1cbc22b1ca1cdea9ced9b3cc56f023a801fdd8d135f",
  "exact_restored_view": true,
  "controlled_camera_command": "RotateLeft",
  "controlled_transport_dispatches": 1,
  "actual_simulator_dispatches": 0,
  "natural_semantic_transitions": 0,
  "empirical_calibration_established": false,
  "learned_six_operation_kernel_bound": false,
  "full_prepared_joint_replay_bound": true,
  "independent_auditors": 0,
  "source_unchanged": true,
  "ledger_sha256": "6aa5f942f3d875b51cce08804e582a2877fbc70bea505eee4563195682e1c458"
}
